{
    "flavors": null, 
    "rating": 0.0, 
    "totalTimeInSeconds": 0, 
    "ingredients": [
        "ground cinnamon", 
        "butter", 
        "sweetened condensed milk", 
        "sugar", 
        "bread dough"
    ], 
    "smallImageUrls": [
        "http://i.yummly.com/Monkey-Muffins-The-Pioneer-Woman-Cooks-_-Ree-Drummond-41294-1581.s.jpg", 
        "http://i.yummly.com/Monkey-Muffins-The-Pioneer-Woman-Cooks-_-Ree-Drummond-41294-1268.s.jpg", 
        "http://i.yummly.com/Monkey-Muffins-The-Pioneer-Woman-Cooks-_-Ree-Drummond-41294-151.s.jpg"
    ], 
    "sourceDisplayName": "The Pioneer Woman", 
    "recipeName": "Monkey Muffins", 
    "attributes": {
        "course": [
            "Breads"
        ]
    }, 
    "id": "Monkey-Muffins-The-Pioneer-Woman-Cooks-_-Ree-Drummond-41294"
}{
    "flavors": {
        "sweet": 0.0, 
        "sour": 0.0, 
        "salty": 0.0, 
        "piquant": 0.0, 
        "bitter": 0.0, 
        "meaty": 0.16666666666666666
    }, 
    "rating": 0.0, 
    "totalTimeInSeconds": 2100.0, 
    "ingredients": [
        "eggs", 
        "sugar", 
        "coarse sugar", 
        "cooking spray", 
        "flour", 
        "vanilla", 
        "vegetable oil", 
        "salt", 
        "buttermilk", 
        "blueberry", 
        "baking powder"
    ], 
    "smallImageUrls": [
        "http://i.yummly.com/Buttermilk-Blueberry-Muffins-The-Shiksa-in-the-Kitchen-57964-25856.s.png"
    ], 
    "sourceDisplayName": "The Shiksa in the Kitchen", 
    "recipeName": "Buttermilk Blueberry Muffins", 
    "attributes": {
        "course": [
            "Breads", 
            "Breakfast and Brunch"
        ], 
        "cuisine": [
            "American"
        ]
    }, 
    "id": "Buttermilk-Blueberry-Muffins-The-Shiksa-in-the-Kitchen-57964"
}{
    "flavors": {
        "sweet": 1.0, 
        "sour": 0.6666666666666666, 
        "salty": 0.16666666666666666, 
        "piquant": 0.0, 
        "bitter": 0.16666666666666666, 
        "meaty": 0.5
    }, 
    "rating": 0.0, 
    "totalTimeInSeconds": 0, 
    "ingredients": [
        "vanilla extract", 
        "batter", 
        "lemon juice", 
        "granulated sugar", 
        "unsalted butter", 
        "milk", 
        "baking powder", 
        "baking soda", 
        "large eggs", 
        "grated nutmeg", 
        "all-purpose flour", 
        "salt"
    ], 
    "smallImageUrls": [
        "http://i.yummly.com/Doughnut-Muffins-Once-Upon-A-Chef-199945-39786.s.png"
    ], 
    "sourceDisplayName": "Once Upon A Chef", 
    "recipeName": "Doughnut Muffins", 
    "attributes": {
        "course": [
            "Breads", 
            "Breakfast and Brunch", 
            "Lunch and Snacks"
        ], 
        "cuisine": [
            "American"
        ]
    }, 
    "id": "Doughnut-Muffins-Once-Upon-A-Chef-199945"
}{
    "flavors": {
        "sweet": 1.0, 
        "sour": 0.5, 
        "salty": 0.5, 
        "piquant": 0.0, 
        "bitter": 1.0, 
        "meaty": 0.5
    }, 
    "rating": 0.0, 
    "totalTimeInSeconds": 0, 
    "ingredients": [
        "unsweetened cocoa powder", 
        "low fat buttermilk", 
        "salt", 
        "chocolate chips", 
        "large eggs", 
        "baking soda", 
        "baking powder", 
        "all-purpose flour", 
        "light brown sugar", 
        "unsalted butter", 
        "pure vanilla extract"
    ], 
    "smallImageUrls": [
        "http://i.yummly.com/Chocoholic-Muffins-Once-Upon-A-Chef-200021-39764.s.png"
    ], 
    "sourceDisplayName": "Once Upon A Chef", 
    "recipeName": "Chocoholic Muffins", 
    "attributes": {
        "course": [
            "Breads"
        ]
    }, 
    "id": "Chocoholic-Muffins-Once-Upon-A-Chef-200021"
}{
    "flavors": {
        "sweet": 0.16666666666666666, 
        "sour": 0.16666666666666666, 
        "salty": 0.16666666666666666, 
        "piquant": 0.0, 
        "bitter": 0.16666666666666666, 
        "meaty": 0.16666666666666666
    }, 
    "rating": 0.0, 
    "totalTimeInSeconds": 1800.0, 
    "ingredients": [
        "wheat germ", 
        "eggs", 
        "salt", 
        "all purpose flour", 
        "pineapples", 
        "baking powder", 
        "sunflower oil", 
        "coconut milk", 
        "muffin", 
        "whole wheat flour"
    ], 
    "smallImageUrls": [
        "http://i.yummly.com/Coconut-Pineapple-Muffins-Naturally-Ella-46511-10273.s.png"
    ], 
    "sourceDisplayName": "Naturally Ella", 
    "recipeName": "Coconut Pineapple Muffins", 
    "attributes": {
        "course": [
            "Breads"
        ]
    }, 
    "id": "Coconut-Pineapple-Muffins-Naturally-Ella-46511"
}{
    "flavors": {
        "sweet": 0.16666666666666666, 
        "sour": 0.16666666666666666, 
        "salty": 0.16666666666666666, 
        "piquant": 0.0, 
        "bitter": 0.16666666666666666, 
        "meaty": 0.16666666666666666
    }, 
    "rating": 0.0, 
    "totalTimeInSeconds": 0, 
    "ingredients": [
        "unsalted butter", 
        "melted butter", 
        "wheat flour", 
        "sour cream", 
        "brown sugar", 
        "muffin batter", 
        "honey", 
        "salt", 
        "peach", 
        "whole milk", 
        "ginger", 
        "ginger", 
        "sugar", 
        "baking soda", 
        "oat flour", 
        "eggs", 
        "flour", 
        "baking powder"
    ], 
    "smallImageUrls": [
        "http://i.yummly.com/Peach-Ginger-Muffins-I-Adore-Food-55313-11355.s.png"
    ], 
    "sourceDisplayName": "I Adore Food!", 
    "recipeName": "Peach Ginger Muffins", 
    "attributes": {
        "course": [
            "Breads"
        ]
    }, 
    "id": "Peach-Ginger-Muffins-I-Adore-Food-55313"
}{
    "flavors": {
        "sweet": 0.16666666666666666, 
        "sour": 0.16666666666666666, 
        "salty": 0.16666666666666666, 
        "piquant": 0.0, 
        "bitter": 0.16666666666666666, 
        "meaty": 0.16666666666666666
    }, 
    "rating": 0.0, 
    "totalTimeInSeconds": 0, 
    "ingredients": [
        "dried fig", 
        "brown sugar", 
        "barley flour", 
        "salt", 
        "turbinado sugar", 
        "nonstick cooking spray", 
        "all purpose flour", 
        "dates", 
        "olive oil", 
        "cinnamon", 
        "ice cream", 
        "vanilla", 
        "applesauce", 
        "eggs", 
        "almond milk", 
        "cinnamon", 
        "sugar", 
        "pomegranate juice", 
        "golden raisins", 
        "chopped walnuts", 
        "baking soda", 
        "baking powder"
    ], 
    "smallImageUrls": [
        "http://i.yummly.com/Seven-Species-Muffins-The-Shiksa-Blog-48875-10810.s.png", 
        "http://i.yummly.com/Seven-Species-Muffins-The-Shiksa-Blog-48875-10793.s.png", 
        "http://i.yummly.com/Seven-Species-Muffins-The-Shiksa-Blog-48875-10699.s.png", 
        "http://i.yummly.com/Seven-Species-Muffins-The-Shiksa-Blog-48875-10635.s.png"
    ], 
    "sourceDisplayName": "The Shiksa in the Kitchen", 
    "recipeName": "Seven Species Muffins", 
    "attributes": {
        "course": [
            "Breads"
        ]
    }, 
    "id": "Seven-Species-Muffins-The-Shiksa-Blog-48875"
}{
    "flavors": null, 
    "rating": 0.0, 
    "totalTimeInSeconds": 0, 
    "ingredients": [
        "baking powder", 
        "melted butter", 
        "eggs"
    ], 
    "smallImageUrls": [
        "http://i.yummly.com/Cornbread-Muffins-Once-Upon-A-Chef-200009-39845.s.png"
    ], 
    "sourceDisplayName": "Once Upon A Chef", 
    "recipeName": "Cornbread Muffins", 
    "attributes": {
        "course": [
            "Breads"
        ], 
        "cuisine": [
            "American"
        ]
    }, 
    "id": "Cornbread-Muffins-Once-Upon-A-Chef-200009"
}{
    "flavors": {
        "sweet": 1.0, 
        "sour": 0.6666666666666666, 
        "salty": 0.6666666666666666, 
        "piquant": 0.0, 
        "bitter": 0.6666666666666666, 
        "meaty": 0.5
    }, 
    "rating": 0.0, 
    "totalTimeInSeconds": 0, 
    "ingredients": [
        "ground cloves", 
        "ground cinnamon", 
        "demerara sugar", 
        "baking soda", 
        "unsalted butter", 
        "ground nutmeg", 
        "cinnamon", 
        "pumpkin", 
        "salt", 
        "unsalted butter", 
        "granulated sugar", 
        "flour", 
        "large eggs", 
        "chopped pecans", 
        "flour", 
        "baking powder"
    ], 
    "smallImageUrls": [
        "http://i.yummly.com/Pumpkin-Pecan-Crunch-Muffins-Once-Upon-A-Chef-200048-271880.s.jpg", 
        "http://i.yummly.com/Pumpkin-Pecan-Crunch-Muffins-Once-Upon-A-Chef-200048-39876.s.png"
    ], 
    "sourceDisplayName": "Once Upon A Chef", 
    "recipeName": "Pumpkin Pecan Crunch Muffins", 
    "attributes": {
        "course": [
            "Breads"
        ]
    }, 
    "id": "Pumpkin-Pecan-Crunch-Muffins-Once-Upon-A-Chef-200048"
}{
    "flavors": {
        "sweet": 1.0, 
        "sour": 0.5, 
        "salty": 0.16666666666666666, 
        "piquant": 0.0, 
        "bitter": 0.8333333333333334, 
        "meaty": 0.6666666666666666
    }, 
    "rating": 0.0, 
    "totalTimeInSeconds": 0, 
    "ingredients": [
        "unsalted butter", 
        "chopped walnuts", 
        "cinnamon", 
        "baking powder", 
        "all-purpose flour", 
        "honey", 
        "large eggs", 
        "mashed bananas", 
        "salt", 
        "milk", 
        "granulated sugar", 
        "pure vanilla extract"
    ], 
    "smallImageUrls": [
        "http://i.yummly.com/Banana-Honey-Walnut-Muffins-Once-Upon-A-Chef-199995-39831.s.png"
    ], 
    "sourceDisplayName": "Once Upon A Chef", 
    "recipeName": "Banana Honey-Walnut Muffins", 
    "attributes": {
        "course": [
            "Breads", 
            "Breakfast and Brunch"
        ]
    }, 
    "id": "Banana-Honey-Walnut-Muffins-Once-Upon-A-Chef-199995"
}{
    "flavors": {
        "sweet": 0.0, 
        "sour": 0.3333333333333333, 
        "salty": 0.8333333333333334, 
        "piquant": 0.0, 
        "bitter": 0.3333333333333333, 
        "meaty": 0.5
    }, 
    "rating": 0.0, 
    "totalTimeInSeconds": 0, 
    "ingredients": [
        "vanilla bean", 
        "muffins", 
        "all-purpose flour", 
        "milk", 
        "softened butter", 
        "baking soda", 
        "sugar", 
        "shortening", 
        "buttermilk", 
        "salt", 
        "egg", 
        "baking powder", 
        "sugar", 
        "butter", 
        "dried blueberries", 
        "vanilla", 
        "meal"
    ], 
    "smallImageUrls": [
        "http://i.yummly.com/Blueberry-Corn-Mini-Muffins-The-Pioneer-Woman-200141-39928.s.png"
    ], 
    "sourceDisplayName": "The Pioneer Woman", 
    "recipeName": "Blueberry Corn Mini-Muffins", 
    "attributes": {
        "course": [
            "Breads"
        ], 
        "cuisine": [
            "American"
        ]
    }, 
    "id": "Blueberry-Corn-Mini-Muffins-The-Pioneer-Woman-200141"
}{
    "flavors": {
        "sweet": 0.3333333333333333, 
        "sour": 0.3333333333333333, 
        "salty": 0.5, 
        "piquant": 0.0, 
        "bitter": 0.3333333333333333, 
        "meaty": 0.3333333333333333
    }, 
    "rating": 4.77, 
    "totalTimeInSeconds": 1200.0, 
    "ingredients": [
        "pepperoni", 
        "shredded mozzarella cheese", 
        "english muffins", 
        "pizza sauce"
    ], 
    "smallImageUrls": [
        "http://i.yummly.com/Fast-English-Muffin-Pizzas-Allrecipes-78195.s.png"
    ], 
    "sourceDisplayName": "AllRecipes", 
    "recipeName": "Fast English Muffin Pizzas", 
    "attributes": {
        "course": [
            "Lunch and Snacks"
        ]
    }, 
    "id": "Fast-English-Muffin-Pizzas-Allrecipes"
}{
    "flavors": {
        "sweet": 0.16666666666666666, 
        "sour": 0.16666666666666666, 
        "salty": 0.16666666666666666, 
        "piquant": 0.3333333333333333, 
        "bitter": 0.16666666666666666, 
        "meaty": 0.16666666666666666
    }, 
    "rating": 0.0, 
    "totalTimeInSeconds": 0, 
    "ingredients": [
        "mayonnaise", 
        "dijon mustard", 
        "worcestershire sauce", 
        "garlic powder", 
        "hard-boiled eggs", 
        "english muffins", 
        "cheddar cheese", 
        "bacon"
    ], 
    "smallImageUrls": [
        "http://i.yummly.com/Make-Ahead-Muffin-Melts-The-Pioneer-Woman-Cooks-_-Ree-Drummond-41242-1631.s.jpg", 
        "http://i.yummly.com/Make-Ahead-Muffin-Melts-The-Pioneer-Woman-Cooks-_-Ree-Drummond-41242-1318.s.jpg", 
        "http://i.yummly.com/Make-Ahead-Muffin-Melts-The-Pioneer-Woman-Cooks-_-Ree-Drummond-41242-101.s.jpg"
    ], 
    "sourceDisplayName": "The Pioneer Woman", 
    "recipeName": "Make-Ahead Muffin Melts", 
    "attributes": {
        "course": [
            "Breakfast and Brunch", 
            "Lunch and Snacks"
        ]
    }, 
    "id": "Make-Ahead-Muffin-Melts-The-Pioneer-Woman-Cooks-_-Ree-Drummond-41242"
}{
    "flavors": {
        "sweet": 0.16666666666666666, 
        "sour": 0.0, 
        "salty": 0.16666666666666666, 
        "piquant": 0.0, 
        "bitter": 0.16666666666666666, 
        "meaty": 0.16666666666666666
    }, 
    "rating": 0.0, 
    "totalTimeInSeconds": 0, 
    "ingredients": [
        "large eggs", 
        "brown sugar", 
        "cooking oil", 
        "chocolate chip", 
        "wheat flour", 
        "vanilla extract", 
        "peanut butter", 
        "salt", 
        "banana", 
        "flour", 
        "baking powder"
    ], 
    "smallImageUrls": [
        "http://i.yummly.com/Banana_-Peanut-Butter-and-Chocolate-Chip-Muffins-I-Adore-Food-55296-11338.s.png"
    ], 
    "sourceDisplayName": "I Adore Food!", 
    "recipeName": "Banana, Peanut Butter and Chocolate Chip Muffins", 
    "attributes": {}, 
    "id": "Banana_-Peanut-Butter-and-Chocolate-Chip-Muffins-I-Adore-Food-55296"
}{
    "flavors": {
        "sweet": 1.0, 
        "sour": 0.6666666666666666, 
        "salty": 0.16666666666666666, 
        "piquant": 0.0, 
        "bitter": 0.16666666666666666, 
        "meaty": 0.5
    }, 
    "rating": 4.58, 
    "totalTimeInSeconds": 2100.0, 
    "ingredients": [
        "milk", 
        "baking powder", 
        "white sugar", 
        "egg", 
        "salt", 
        "vegetable oil", 
        "all-purpose flour"
    ], 
    "smallImageUrls": [
        "http://i.yummly.com/Best-Ever-Muffins-Allrecipes-49608.s.png"
    ], 
    "sourceDisplayName": "AllRecipes", 
    "recipeName": "Best Ever Muffins", 
    "attributes": {
        "course": [
            "Breads", 
            "Breakfast and Brunch"
        ]
    }, 
    "id": "Best-Ever-Muffins-Allrecipes"
}{
    "flavors": {
        "sweet": 0.6666666666666666, 
        "sour": 0.8333333333333334, 
        "salty": 0.6666666666666666, 
        "piquant": 0.0, 
        "bitter": 0.3333333333333333, 
        "meaty": 0.6666666666666666
    }, 
    "rating": 4.46, 
    "totalTimeInSeconds": 8100.0, 
    "ingredients": [
        "all-purpose flour", 
        "white sugar", 
        "warm water", 
        "shortening", 
        "active dry yeast", 
        "salt", 
        "milk"
    ], 
    "smallImageUrls": [
        "http://i.yummly.com/English-Muffins-Allrecipes-1.s.jpg", 
        "http://i.yummly.com/English-Muffins-Allrecipes-61993.s.png"
    ], 
    "sourceDisplayName": "AllRecipes", 
    "recipeName": "English Muffins", 
    "attributes": {
        "course": [
            "Breads", 
            "Breakfast and Brunch", 
            "Lunch and Snacks"
        ]
    }, 
    "id": "English-Muffins-Allrecipes"
}{
    "flavors": {
        "sweet": 0.3333333333333333, 
        "sour": 0.16666666666666666, 
        "salty": 0.0, 
        "piquant": 0.0, 
        "bitter": 0.16666666666666666, 
        "meaty": 0.16666666666666666
    }, 
    "rating": 0.0, 
    "totalTimeInSeconds": 0, 
    "ingredients": [
        "brown sugar", 
        "large eggs", 
        "apples", 
        "baking powder", 
        "water", 
        "white sugar", 
        "cinnamon", 
        "oiled", 
        "ground walnuts", 
        "all purpose flour", 
        "honey", 
        "coconut", 
        "oats", 
        "vanilla extract", 
        "butter"
    ], 
    "smallImageUrls": [
        "http://i.yummly.com/Apple-and-Coconut-Muffins-I-Adore-Food_-57936-11479.s.png"
    ], 
    "sourceDisplayName": "I Adore Food!", 
    "recipeName": "Apple and Coconut Muffins", 
    "attributes": {}, 
    "id": "Apple-and-Coconut-Muffins-I-Adore-Food_-57936"
}{
    "flavors": {
        "sweet": 0.0, 
        "sour": 0.0, 
        "salty": 0.0, 
        "piquant": 0.0, 
        "bitter": 0.0, 
        "meaty": 0.16666666666666666
    }, 
    "rating": 0.0, 
    "totalTimeInSeconds": 0, 
    "ingredients": [
        "salt", 
        "olive oil", 
        "tapioca flour", 
        "grating cheese", 
        "milk", 
        "muffin", 
        "eggs"
    ], 
    "smallImageUrls": [
        "http://i.yummly.com/Easy-Brazilian-Cheese-Bread-Simply-Recipes-42588-3853.s.jpg"
    ], 
    "sourceDisplayName": "Simply Recipes", 
    "recipeName": "Easy Brazilian Cheese Bread", 
    "attributes": {}, 
    "id": "Easy-Brazilian-Cheese-Bread-Simply-Recipes-42588"
}{
    "flavors": {
        "sweet": 0.3333333333333333, 
        "sour": 0.8333333333333334, 
        "salty": 0.8333333333333334, 
        "piquant": 0.0, 
        "bitter": 0.5, 
        "meaty": 0.5
    }, 
    "rating": 4.74, 
    "totalTimeInSeconds": 1560.0, 
    "ingredients": [
        "muffin mix", 
        "brown sugar", 
        "eggs", 
        "cream style corn"
    ], 
    "smallImageUrls": [
        "http://i.yummly.com/Easy_-Speedy-Corn-Muffins-Allrecipes-63934.s.png"
    ], 
    "sourceDisplayName": "AllRecipes", 
    "recipeName": "Easy, Speedy Corn Muffins", 
    "attributes": {
        "course": [
            "Breads"
        ]
    }, 
    "id": "Easy_-Speedy-Corn-Muffins-Allrecipes"
}{
    "flavors": {
        "sweet": 1.0, 
        "sour": 0.16666666666666666, 
        "salty": 0.6666666666666666, 
        "piquant": 0.0, 
        "bitter": 1.0, 
        "meaty": 0.5
    }, 
    "rating": 0.0, 
    "totalTimeInSeconds": 0, 
    "ingredients": [
        "chocolate chips", 
        "banana puree", 
        "butter", 
        "melted butter", 
        "salt", 
        "white sugar", 
        "egg", 
        "flour", 
        "cinnamon", 
        "baking soda", 
        "ground pecans", 
        "brown sugar", 
        "baking powder", 
        "flour"
    ], 
    "smallImageUrls": [
        "http://i.yummly.com/Banana_-Chocolate-Chips-and-Pecan-Muffins-I-Adore-Food_-200470-40260.s.png"
    ], 
    "sourceDisplayName": "I Adore Food!", 
    "recipeName": "Banana, Chocolate Chips and Pecan Muffins", 
    "attributes": {
        "course": [
            "Breads"
        ]
    }, 
    "id": "Banana_-Chocolate-Chips-and-Pecan-Muffins-I-Adore-Food_-200470"
}{
    "flavors": {
        "sweet": 0.0, 
        "sour": 0.16666666666666666, 
        "salty": 0.0, 
        "piquant": 0.0, 
        "bitter": 0.16666666666666666, 
        "meaty": 0.16666666666666666
    }, 
    "rating": 0.0, 
    "totalTimeInSeconds": 1800.0, 
    "ingredients": [
        "white flour", 
        "eggs", 
        "crystallized ginger", 
        "salt", 
        "sunflower oil", 
        "zucchini", 
        "baking powder", 
        "milk", 
        "whole wheat flour"
    ], 
    "smallImageUrls": [
        "http://i.yummly.com/Candied-Ginger-Zucchini-Muffins-Naturally-Ella-46361-10075.s.png", 
        "http://i.yummly.com/Candied-Ginger-Zucchini-Muffins-Naturally-Ella-46361-7222.s.jpg"
    ], 
    "sourceDisplayName": "Naturally Ella", 
    "recipeName": "Candied Ginger Zucchini Muffins", 
    "attributes": {
        "course": [
            "Breads"
        ]
    }, 
    "id": "Candied-Ginger-Zucchini-Muffins-Naturally-Ella-46361"
}{
    "flavors": {
        "sweet": 0.6666666666666666, 
        "sour": 0.3333333333333333, 
        "salty": 1.0, 
        "piquant": 0.0, 
        "bitter": 1.0, 
        "meaty": 1.0
    }, 
    "rating": 4.48, 
    "totalTimeInSeconds": 1440.0, 
    "ingredients": [
        "hot dogs", 
        "milk", 
        "eggs", 
        "brown sugar", 
        "cornbread mix", 
        "cheddar cheese"
    ], 
    "smallImageUrls": [
        "http://i.yummly.com/Corn-Dog-Muffins-Allrecipes-63715.s.png"
    ], 
    "sourceDisplayName": "AllRecipes", 
    "recipeName": "Corn Dog Muffins", 
    "attributes": {
        "course": [
            "Breads", 
            "Lunch and Snacks"
        ]
    }, 
    "id": "Corn-Dog-Muffins-Allrecipes"
}{
    "flavors": {
        "sweet": 0.0, 
        "sour": 0.16666666666666666, 
        "salty": 0.16666666666666666, 
        "piquant": 0.0, 
        "bitter": 0.16666666666666666, 
        "meaty": 0.16666666666666666
    }, 
    "rating": 0.0, 
    "totalTimeInSeconds": 0, 
    "ingredients": [
        "salt", 
        "zucchini", 
        "sugar", 
        "vanilla", 
        "beaten eggs", 
        "unsalted butter", 
        "cinnamon", 
        "nutmeg", 
        "baking soda", 
        "raisins", 
        "all-purpose flour", 
        "walnut"
    ], 
    "smallImageUrls": [
        "http://i.yummly.com/Zucchini-Muffins-Simply-Recipes-42816-4137.s.jpg"
    ], 
    "sourceDisplayName": "Simply Recipes", 
    "recipeName": "Zucchini Muffins", 
    "attributes": {
        "course": [
            "Breads", 
            "Breakfast and Brunch"
        ]
    }, 
    "id": "Zucchini-Muffins-Simply-Recipes-42816"
}{
    "flavors": {
        "sweet": 1.0, 
        "sour": 0.6666666666666666, 
        "salty": 1.0, 
        "piquant": 0.0, 
        "bitter": 0.6666666666666666, 
        "meaty": 0.3333333333333333
    }, 
    "rating": 4.45, 
    "totalTimeInSeconds": 1800.0, 
    "ingredients": [
        "ground nutmeg", 
        "pumpkin puree", 
        "ground cloves", 
        "ground cinnamon", 
        "cake mix"
    ], 
    "smallImageUrls": [
        "http://i.yummly.com/Easy-Pumpkin-Muffins-Allrecipes-74715.s.png"
    ], 
    "sourceDisplayName": "AllRecipes", 
    "recipeName": "Easy Pumpkin Muffins", 
    "attributes": {
        "course": [
            "Breads", 
            "Breakfast and Brunch"
        ]
    }, 
    "id": "Easy-Pumpkin-Muffins-Allrecipes"
}{
    "flavors": {
        "sweet": 1.0, 
        "sour": 0.0, 
        "salty": 0.3333333333333333, 
        "piquant": 0.0, 
        "bitter": 0.16666666666666666, 
        "meaty": 0.3333333333333333
    }, 
    "rating": 4.57, 
    "totalTimeInSeconds": 2280.0, 
    "ingredients": [
        "yellow cornmeal", 
        "white sugar", 
        "vanilla extract", 
        "biscuit baking mix", 
        "eggs", 
        "milk", 
        "softened butter"
    ], 
    "smallImageUrls": [
        "http://i.yummly.com/Best-Ever-Corn-Muffins-Allrecipes-68219.s.png"
    ], 
    "sourceDisplayName": "AllRecipes", 
    "recipeName": "Best Ever Corn Muffins", 
    "attributes": {
        "course": [
            "Breads"
        ], 
        "holiday": [
            "Thanksgiving"
        ]
    }, 
    "id": "Best-Ever-Corn-Muffins-Allrecipes"
}{
    "flavors": {
        "sweet": 1.0, 
        "sour": 0.5, 
        "salty": 0.6666666666666666, 
        "piquant": 0.0, 
        "bitter": 0.16666666666666666, 
        "meaty": 0.3333333333333333
    }, 
    "rating": 4.74, 
    "totalTimeInSeconds": 2100.0, 
    "ingredients": [
        "baking soda", 
        "mashed bananas", 
        "egg", 
        "white sugar", 
        "all-purpose flour", 
        "melted butter", 
        "baking powder", 
        "salt"
    ], 
    "smallImageUrls": [
        "http://i.yummly.com/Banana-Muffins-Ii-Allrecipes-61673.s.png"
    ], 
    "sourceDisplayName": "AllRecipes", 
    "recipeName": "Banana Muffins II", 
    "attributes": {
        "course": [
            "Breads"
        ]
    }, 
    "id": "Banana-Muffins-Ii-Allrecipes"
}{
    "flavors": {
        "sweet": 0.16666666666666666, 
        "sour": 0.16666666666666666, 
        "salty": 0.6666666666666666, 
        "piquant": 0.5, 
        "bitter": 0.5, 
        "meaty": 0.5
    }, 
    "rating": 4.62, 
    "totalTimeInSeconds": 900.0, 
    "ingredients": [
        "shredded cheddar cheese", 
        "english muffins", 
        "prepared mustard", 
        "mayonnaise", 
        "eggs", 
        "canadian bacon"
    ], 
    "smallImageUrls": [
        "http://i.yummly.com/Egg-Salad-English-Muffins-Allrecipes-82554.s.png", 
        "http://i.yummly.com/Egg-Salad-English-Muffins-Allrecipes-82425.s.png"
    ], 
    "sourceDisplayName": "Taste of Home", 
    "recipeName": "Egg Salad English Muffins", 
    "attributes": {
        "course": [
            "Lunch and Snacks"
        ]
    }, 
    "id": "Egg-Salad-English-Muffins-TasteOfHome"
}{
    "flavors": {
        "sweet": 0.16666666666666666, 
        "sour": 0.16666666666666666, 
        "salty": 0.16666666666666666, 
        "piquant": 0.0, 
        "bitter": 0.16666666666666666, 
        "meaty": 0.16666666666666666
    }, 
    "rating": 0.0, 
    "totalTimeInSeconds": 0, 
    "ingredients": [
        "sugar", 
        "salt", 
        "vanilla", 
        "melted butter", 
        "chopped walnuts", 
        "espresso", 
        "baking soda", 
        "flour", 
        "beaten eggs", 
        "banana"
    ], 
    "smallImageUrls": [
        "http://i.yummly.com/Banana-Nut-Muffins-Simply-Recipes-43045-4382.s.jpg"
    ], 
    "sourceDisplayName": "Simply Recipes", 
    "recipeName": "Banana Nut Muffins", 
    "attributes": {
        "course": [
            "Breads", 
            "Breakfast and Brunch", 
            "Lunch and Snacks"
        ], 
        "cuisine": [
            "American"
        ]
    }, 
    "id": "Banana-Nut-Muffins-Simply-Recipes-43045"
}{
    "flavors": {
        "sweet": 1.0, 
        "sour": 0.5, 
        "salty": 0.3333333333333333, 
        "piquant": 0.0, 
        "bitter": 0.16666666666666666, 
        "meaty": 0.3333333333333333
    }, 
    "rating": 4.81, 
    "totalTimeInSeconds": 1500.0, 
    "ingredients": [
        "baking powder", 
        "melted butter", 
        "salt", 
        "all-purpose flour", 
        "muffin", 
        "milk", 
        "eggs", 
        "honey", 
        "granulated sugar", 
        "yellow cornmeal"
    ], 
    "smallImageUrls": [
        "http://i2.yummly.com/Honey-Cornbread-Muffins-Food-Network.s.jpg"
    ], 
    "sourceDisplayName": "Food Network", 
    "recipeName": "Honey Cornbread Muffins", 
    "attributes": {
        "course": [
            "Breads"
        ], 
        "cuisine": [
            "American"
        ]
    }, 
    "id": "Honey-Cornbread-Muffins-Food-Network"
}{
    "flavors": {
        "sweet": 0.0, 
        "sour": 0.16666666666666666, 
        "salty": 0.0, 
        "piquant": 0.0, 
        "bitter": 0.16666666666666666, 
        "meaty": 0.16666666666666666
    }, 
    "rating": 0.0, 
    "totalTimeInSeconds": 2400.0, 
    "ingredients": [
        "baking powder", 
        "wheat germ", 
        "granola", 
        "strawberry", 
        "white flour", 
        "milk", 
        "eggs", 
        "salt", 
        "vegetable oil", 
        "whole wheat flour", 
        "sucanat"
    ], 
    "smallImageUrls": [
        "http://i.yummly.com/strawberry-granola-muffins-Naturally-Ella-46383-10172.s.png", 
        "http://i.yummly.com/strawberry-granola-muffins-Naturally-Ella-46383-7245.s.jpg"
    ], 
    "sourceDisplayName": "Naturally Ella", 
    "recipeName": "strawberry granola muffins", 
    "attributes": {
        "course": [
            "Breads", 
            "Breakfast and Brunch"
        ]
    }, 
    "id": "strawberry-granola-muffins-Naturally-Ella-46383"
}{
    "flavors": {
        "sweet": 1.0, 
        "sour": 0.5, 
        "salty": 0.16666666666666666, 
        "piquant": 0.0, 
        "bitter": 0.16666666666666666, 
        "meaty": 0.16666666666666666
    }, 
    "rating": 4.58, 
    "totalTimeInSeconds": 2400.0, 
    "ingredients": [
        "white sugar", 
        "baking powder", 
        "ground cinnamon", 
        "ground nutmeg", 
        "margarine", 
        "white sugar", 
        "milk", 
        "all-purpose flour", 
        "margarine"
    ], 
    "smallImageUrls": [
        "http://i.yummly.com/Donut-Muffins-AllRecipes-2.s.jpg", 
        "http://i2.yummly.com/B603346B-FB18-1E03-29E8B75CE2E093DB.s.png", 
        "http://i.yummly.com/Donut-Muffins-AllRecipes-58309.s.png"
    ], 
    "sourceDisplayName": "AllRecipes", 
    "recipeName": "Donut Muffins", 
    "attributes": {
        "course": [
            "Breads"
        ]
    }, 
    "id": "Donut-Muffins-AllRecipes"
}{
    "flavors": {
        "sweet": 1.0, 
        "sour": 0.6666666666666666, 
        "salty": 0.5, 
        "piquant": 0.0, 
        "bitter": 0.16666666666666666, 
        "meaty": 0.3333333333333333
    }, 
    "rating": 4.27, 
    "totalTimeInSeconds": 2400.0, 
    "ingredients": [
        "baking soda", 
        "salt", 
        "all-purpose flour", 
        "mashed bananas", 
        "beaten eggs", 
        "white sugar"
    ], 
    "smallImageUrls": [
        "http://i.yummly.com/Lighter-Banana-Muffins-Allrecipes-56323.s.png"
    ], 
    "sourceDisplayName": "AllRecipes", 
    "recipeName": "Lighter Banana Muffins", 
    "attributes": {
        "course": [
            "Breads"
        ]
    }, 
    "id": "Lighter-Banana-Muffins-Allrecipes"
}{
    "flavors": {
        "sweet": 1.0, 
        "sour": 0.5, 
        "salty": 0.3333333333333333, 
        "piquant": 0.0, 
        "bitter": 1.0, 
        "meaty": 0.5
    }, 
    "rating": 0.0, 
    "totalTimeInSeconds": 1800.0, 
    "ingredients": [
        "baking powder", 
        "coconut milk", 
        "coconut oil", 
        "whole wheat pastry flour", 
        "coconut flakes", 
        "egg", 
        "maple syrup", 
        "blackberries", 
        "salt", 
        "oats"
    ], 
    "smallImageUrls": [
        "http://i.yummly.com/Blackberry-coconut-muffins-302268-142184.s.png"
    ], 
    "sourceDisplayName": "Naturally Ella", 
    "recipeName": "Blackberry Coconut Muffins", 
    "attributes": {
        "course": [
            "Breads"
        ]
    }, 
    "id": "Blackberry-coconut-muffins-302268"
}{
    "flavors": {
        "sweet": 0.0, 
        "sour": 0.0, 
        "salty": 1.0, 
        "piquant": 0.0, 
        "bitter": 0.3333333333333333, 
        "meaty": 0.3333333333333333
    }, 
    "rating": 4.2, 
    "totalTimeInSeconds": 2400.0, 
    "ingredients": [
        "unsalted butter", 
        "baking soda", 
        "buttermilk", 
        "eggs", 
        "fine sea salt", 
        "muffin", 
        "white cornmeal"
    ], 
    "smallImageUrls": [
        "http://i.yummly.com/Spoon_bread-Muffins-Epicurious_1-48961.s.png"
    ], 
    "sourceDisplayName": "Epicurious", 
    "recipeName": "Spoon-Bread Muffins", 
    "attributes": {
        "course": [
            "Breads", 
            "Breakfast and Brunch"
        ], 
        "cuisine": [
            "American", 
            "Southern & Soul Food"
        ]
    }, 
    "id": "Spoon_bread-Muffins-Epicurious_1"
}{
    "flavors": {
        "sweet": 1.0, 
        "sour": 0.3333333333333333, 
        "salty": 0.5, 
        "piquant": 0.0, 
        "bitter": 0.8333333333333334, 
        "meaty": 0.6666666666666666
    }, 
    "rating": 4.51, 
    "totalTimeInSeconds": 2400.0, 
    "ingredients": [
        "softened butter", 
        "all-purpose flour", 
        "beaten eggs", 
        "chopped pecans", 
        "light brown sugar"
    ], 
    "smallImageUrls": [
        "http://i.yummly.com/Pecan-Pie-Muffins-Allrecipes-62517.s.png"
    ], 
    "sourceDisplayName": "AllRecipes", 
    "recipeName": "Pecan Pie Muffins", 
    "attributes": {
        "course": [
            "Breads", 
            "Desserts", 
            "Breakfast and Brunch"
        ], 
        "holiday": [
            "Thanksgiving", 
            "Game Day", 
            "Christmas"
        ], 
        "cuisine": [
            "American"
        ]
    }, 
    "id": "Pecan-Pie-Muffins-Allrecipes"
}{
    "flavors": {
        "sweet": 0.16666666666666666, 
        "sour": 0.3333333333333333, 
        "salty": 0.6666666666666666, 
        "piquant": 0.0, 
        "bitter": 0.3333333333333333, 
        "meaty": 0.6666666666666666
    }, 
    "rating": 0.0, 
    "totalTimeInSeconds": 0, 
    "ingredients": [
        "cayenne pepper", 
        "stick butter", 
        "eggs", 
        "canadian bacon", 
        "english muffins", 
        "lemons juice"
    ], 
    "smallImageUrls": [
        "http://i.yummly.com/Eggs-Benedict-The-Pioneer-Woman-287104-136408.s.png"
    ], 
    "sourceDisplayName": "The Pioneer Woman", 
    "recipeName": "Eggs Benedict", 
    "attributes": {
        "course": [
            "Breakfast and Brunch", 
            "Lunch and Snacks"
        ]
    }, 
    "id": "Eggs-Benedict-The-Pioneer-Woman-287104"
}{
    "flavors": {
        "sweet": 0.8333333333333334, 
        "sour": 0.16666666666666666, 
        "salty": 0.6666666666666666, 
        "piquant": 0.0, 
        "bitter": 0.6666666666666666, 
        "meaty": 0.5
    }, 
    "rating": 0.0, 
    "totalTimeInSeconds": 1800.0, 
    "ingredients": [
        "cardamon", 
        "baking powder", 
        "egg", 
        "orange", 
        "baking soda", 
        "milk", 
        "maple syrup", 
        "fruit", 
        "whole wheat pastry flour", 
        "rye flour", 
        "melted butter"
    ], 
    "smallImageUrls": [
        "http://i.yummly.com/Rye-Maple-Muffins-Naturally-Ella-288943-136554.s.png"
    ], 
    "sourceDisplayName": "Naturally Ella", 
    "recipeName": "Rye Maple Muffins", 
    "attributes": {
        "course": [
            "Breads"
        ]
    }, 
    "id": "Rye-Maple-Muffins-Naturally-Ella-288943"
}{
    "flavors": {
        "sweet": 1.0, 
        "sour": 0.16666666666666666, 
        "salty": 0.5, 
        "piquant": 0.0, 
        "bitter": 0.5, 
        "meaty": 0.3333333333333333
    }, 
    "rating": 0.0, 
    "totalTimeInSeconds": 1800.0, 
    "ingredients": [
        "salt", 
        "plain yogurt", 
        "maple syrup", 
        "baking powder", 
        "ginger", 
        "sunflower oil", 
        "cinnamon", 
        "nutmeg", 
        "baking soda", 
        "egg", 
        "millet", 
        "shredded carrots", 
        "pastry flour"
    ], 
    "smallImageUrls": [
        "http://i.yummly.com/Spiced-Carrot-Millet-Muffins-Naturally-Ella-200092-39901.s.png"
    ], 
    "sourceDisplayName": "Naturally Ella", 
    "recipeName": "Spiced Carrot Millet Muffins", 
    "attributes": {
        "course": [
            "Breads", 
            "Breakfast and Brunch"
        ]
    }, 
    "id": "Spiced-Carrot-Millet-Muffins-Naturally-Ella-200092"
}{
    "flavors": null, 
    "rating": 3.58, 
    "totalTimeInSeconds": 1800.0, 
    "ingredients": [
        "jack", 
        "large eggs", 
        "corn muffin", 
        "corn", 
        "buttermilk"
    ], 
    "smallImageUrls": [], 
    "sourceDisplayName": "Food Network", 
    "recipeName": "Canned Corn Bread Muffins", 
    "attributes": {
        "course": [
            "Breads"
        ]
    }, 
    "id": "Canned-Corn-Bread-Muffins-Food-Network"
}{
    "flavors": {
        "sweet": 1.0, 
        "sour": 0.6666666666666666, 
        "salty": 0.5, 
        "piquant": 0.0, 
        "bitter": 0.16666666666666666, 
        "meaty": 0.6666666666666666
    }, 
    "rating": 4.57, 
    "totalTimeInSeconds": 1800.0, 
    "ingredients": [
        "salt", 
        "eggs", 
        "vanilla extract", 
        "white sugar", 
        "vegetable oil", 
        "sour cream", 
        "all-purpose flour", 
        "baking soda", 
        "blueberries"
    ], 
    "smallImageUrls": [
        "http://i2.yummly.com/Blueberry-Cream-Muffins-Allrecipes.s.png", 
        "http://i.yummly.com/Blueberry-Cream-Muffins-Allrecipes-68414.s.png"
    ], 
    "sourceDisplayName": "AllRecipes", 
    "recipeName": "Blueberry Cream Muffins", 
    "attributes": {
        "course": [
            "Breads", 
            "Breakfast and Brunch", 
            "Lunch and Snacks"
        ]
    }, 
    "id": "Blueberry-Cream-Muffins-Allrecipes"
}{
    "flavors": {
        "sweet": 0.8333333333333334, 
        "sour": 0.5, 
        "salty": 0.5, 
        "piquant": 0.0, 
        "bitter": 1.0, 
        "meaty": 0.6666666666666666
    }, 
    "rating": 4.87, 
    "totalTimeInSeconds": 2100.0, 
    "ingredients": [
        "vanilla extract", 
        "baking soda", 
        "egg", 
        "bananas", 
        "baking powder", 
        "salt", 
        "plain yogurt", 
        "semisweet chocolate chips", 
        "sugar", 
        "all-purpose flour", 
        "vegetable oil"
    ], 
    "smallImageUrls": [
        "http://i2.yummly.com/Chocolate-Chip-Banana-Muffins-Allrecipes.s.png", 
        "http://i.yummly.com/Chocolate-Chip-Banana-Muffins-Allrecipes-75444.s.png"
    ], 
    "sourceDisplayName": "Taste of Home", 
    "recipeName": "Chocolate Chip Banana Muffins", 
    "attributes": {
        "course": [
            "Breads", 
            "Breakfast and Brunch", 
            "Lunch and Snacks"
        ]
    }, 
    "id": "Chocolate-Chip-Banana-Muffins-TasteOfHome"
}{
    "flavors": {
        "sweet": 1.0, 
        "sour": 0.5, 
        "salty": 0.16666666666666666, 
        "piquant": 0.0, 
        "bitter": 0.16666666666666666, 
        "meaty": 0.3333333333333333
    }, 
    "rating": 4.36, 
    "totalTimeInSeconds": 3600.0, 
    "ingredients": [
        "salt", 
        "whole milk", 
        "baking powder", 
        "all-purpose flour", 
        "light brown sugar", 
        "cinnamon", 
        "muffin", 
        "unsalted butter", 
        "large egg", 
        "blueberries"
    ], 
    "smallImageUrls": [
        "http://i.yummly.com/Cinnamon-Blueberry-Muffins-Epicurious-46806.s.png"
    ], 
    "sourceDisplayName": "Epicurious", 
    "recipeName": "Cinnamon Blueberry Muffins", 
    "attributes": {
        "course": [
            "Breads"
        ], 
        "cuisine": [
            "American"
        ]
    }, 
    "id": "Cinnamon-Blueberry-Muffins-Epicurious"
}{
    "flavors": {
        "sweet": 0.6666666666666666, 
        "sour": 0.3333333333333333, 
        "salty": 0.3333333333333333, 
        "piquant": 0.0, 
        "bitter": 0.5, 
        "meaty": 0.5
    }, 
    "rating": 0.0, 
    "totalTimeInSeconds": 0, 
    "ingredients": [
        "flour", 
        "confectioner's sugar", 
        "fresh lemon juice", 
        "sugar", 
        "unsalted butter", 
        "poppy seeds", 
        "plain yogurt", 
        "salt", 
        "lemon zest", 
        "eggs", 
        "baking powder", 
        "baking soda"
    ], 
    "smallImageUrls": [
        "http://i.yummly.com/Lemon-Poppy-Seed-Muffins-Simply-Recipes-200455-40245.s.png"
    ], 
    "sourceDisplayName": "Simply Recipes", 
    "recipeName": "Lemon Poppy Seed Muffins", 
    "attributes": {
        "course": [
            "Breads", 
            "Breakfast and Brunch", 
            "Lunch and Snacks"
        ]
    }, 
    "id": "Lemon-Poppy-Seed-Muffins-Simply-Recipes-200455"
}{
    "flavors": {
        "sweet": 0.6666666666666666, 
        "sour": 0.3333333333333333, 
        "salty": 0.3333333333333333, 
        "piquant": 0.0, 
        "bitter": 0.16666666666666666, 
        "meaty": 0.5
    }, 
    "rating": 0.0, 
    "totalTimeInSeconds": 0, 
    "ingredients": [
        "flour", 
        "confectioner's sugar", 
        "fresh lemon juice", 
        "sugar", 
        "lemon", 
        "fresh ginger", 
        "eggs", 
        "salt", 
        "plain yogurt", 
        "unsalted butter", 
        "baking powder", 
        "baking soda"
    ], 
    "smallImageUrls": [
        "http://i.yummly.com/Lemon-Ginger-Muffins-Simply-Recipes-200450-40240.s.png"
    ], 
    "sourceDisplayName": "Simply Recipes", 
    "recipeName": "Lemon Ginger Muffins", 
    "attributes": {
        "course": [
            "Breads", 
            "Breakfast and Brunch"
        ]
    }, 
    "id": "Lemon-Ginger-Muffins-Simply-Recipes-200450"
}{
    "flavors": {
        "sweet": 1.0, 
        "sour": 0.6666666666666666, 
        "salty": 0.8333333333333334, 
        "piquant": 0.0, 
        "bitter": 0.6666666666666666, 
        "meaty": 0.6666666666666666
    }, 
    "rating": 4.67, 
    "totalTimeInSeconds": 2700.0, 
    "ingredients": [
        "all-purpose flour", 
        "vegetable oil", 
        "salt", 
        "mashed bananas", 
        "white sugar", 
        "chopped walnuts", 
        "baking soda", 
        "egg"
    ], 
    "smallImageUrls": [
        "http://i2.yummly.com/Sarah_s-Banana-Bread-Muffins-Allrecipes.s.png", 
        "http://i.yummly.com/Sarah_s-Banana-Bread-Muffins-Allrecipes-62039.s.png"
    ], 
    "sourceDisplayName": "AllRecipes", 
    "recipeName": "Sarah's Banana Bread Muffins", 
    "attributes": {
        "course": [
            "Breads"
        ]
    }, 
    "id": "Sarah_s-Banana-Bread-Muffins-Allrecipes"
}{
    "flavors": {
        "sweet": 0.16666666666666666, 
        "sour": 0.16666666666666666, 
        "salty": 0.16666666666666666, 
        "piquant": 0.0, 
        "bitter": 0.16666666666666666, 
        "meaty": 0.16666666666666666
    }, 
    "rating": 0.0, 
    "totalTimeInSeconds": 0, 
    "ingredients": [
        "large eggs", 
        "milk", 
        "peanut butter", 
        "muffin mix"
    ], 
    "smallImageUrls": [
        "http://i.yummly.com/Super-Easy-PB_amp_J-Muffins-Serious-Eats-41547-3428.s.jpg", 
        "http://i.yummly.com/Super-Easy-PB_amp_J-Muffins-Serious-Eats-41547-2687.s.jpg", 
        "http://i.yummly.com/Super-Easy-PB_amp_J-Muffins-Serious-Eats-41547-1985.s.jpg", 
        "http://i.yummly.com/Super-Easy-PB_amp_J-Muffins-Serious-Eats-41547-380.s.jpg"
    ], 
    "sourceDisplayName": "Serious Eats", 
    "recipeName": "Super Easy PB&amp;J Muffins", 
    "attributes": {
        "course": [
            "Breads", 
            "Breakfast and Brunch"
        ]
    }, 
    "id": "Super-Easy-PB_J-Muffins-Serious-Eats-45651"
}{
    "flavors": {
        "sweet": 1.0, 
        "sour": 0.6666666666666666, 
        "salty": 0.16666666666666666, 
        "piquant": 0.0, 
        "bitter": 0.16666666666666666, 
        "meaty": 0.3333333333333333
    }, 
    "rating": 4.7, 
    "totalTimeInSeconds": 1800.0, 
    "ingredients": [
        "milk", 
        "white sugar", 
        "baking powder", 
        "salt", 
        "vegetable oil", 
        "egg", 
        "all-purpose flour"
    ], 
    "smallImageUrls": [
        "http://i.yummly.com/Sweeter-Muffins-Allrecipes-49590.s.png"
    ], 
    "sourceDisplayName": "AllRecipes", 
    "recipeName": "Sweeter Muffins", 
    "attributes": {
        "course": [
            "Breads", 
            "Breakfast and Brunch"
        ]
    }, 
    "id": "Sweeter-Muffins-Allrecipes"
}{
    "flavors": {
        "sweet": 0.5, 
        "sour": 0.5, 
        "salty": 1.0, 
        "piquant": 0.0, 
        "bitter": 0.6666666666666666, 
        "meaty": 0.5
    }, 
    "rating": 5.0, 
    "totalTimeInSeconds": 2700.0, 
    "ingredients": [
        "muffin mix", 
        "corn kernels", 
        "cheddar cheese", 
        "oil", 
        "pickled jalapenos"
    ], 
    "smallImageUrls": [
        "http://i.yummly.com/Cheddar-Jalapeno-Corn-Muffins-Food-Network-2.s.jpg"
    ], 
    "sourceDisplayName": "Food Network", 
    "recipeName": "Cheddar Jalapeno Corn Muffins", 
    "attributes": {
        "course": [
            "Breads"
        ]
    }, 
    "id": "Cheddar-Jalapeno-Corn-Muffins-Food-Network"
}{
    "flavors": {
        "sweet": 1.0, 
        "sour": 0.0, 
        "salty": 0.16666666666666666, 
        "piquant": 0.0, 
        "bitter": 0.0, 
        "meaty": 0.0
    }, 
    "rating": 4.74, 
    "totalTimeInSeconds": 1500.0, 
    "ingredients": [
        "water", 
        "brown sugar", 
        "white sugar", 
        "butter", 
        "apple pie spice", 
        "biscuit dough"
    ], 
    "smallImageUrls": [
        "http://i.yummly.com/Monkey-Bread-Muffins-AllRecipes-54619.s.png"
    ], 
    "sourceDisplayName": "AllRecipes", 
    "recipeName": "Monkey Bread Muffins", 
    "attributes": {
        "course": [
            "Breads"
        ]
    }, 
    "id": "Monkey-Bread-Muffins-AllRecipes"
}{
    "flavors": {
        "sweet": 0.16666666666666666, 
        "sour": 0.16666666666666666, 
        "salty": 0.16666666666666666, 
        "piquant": 0.0, 
        "bitter": 0.16666666666666666, 
        "meaty": 0.16666666666666666
    }, 
    "rating": 0.0, 
    "totalTimeInSeconds": 0, 
    "ingredients": [
        "flour", 
        "ground ginger", 
        "candied ginger", 
        "toasted walnuts", 
        "baking soda", 
        "cinnamon", 
        "nutmeg", 
        "sugar", 
        "pumpkin puree", 
        "water", 
        "beaten eggs", 
        "salt", 
        "melted butter", 
        "allspice"
    ], 
    "smallImageUrls": [
        "http://i.yummly.com/Pumpkin-Ginger-Nut-Muffins-Simply-Recipes-42923-4252.s.jpg"
    ], 
    "sourceDisplayName": "Simply Recipes", 
    "recipeName": "Pumpkin Ginger Nut Muffins", 
    "attributes": {
        "course": [
            "Breads"
        ]
    }, 
    "id": "Pumpkin-Ginger-Nut-Muffins-Simply-Recipes-42923"
}{
    "flavors": {
        "sweet": 0.8333333333333334, 
        "sour": 0.8333333333333334, 
        "salty": 0.5, 
        "piquant": 0.0, 
        "bitter": 0.5, 
        "meaty": 0.5
    }, 
    "rating": 0.0, 
    "totalTimeInSeconds": 0, 
    "ingredients": [
        "white sugar", 
        "brown sugar", 
        "baking powder", 
        "eggs", 
        "black pepper", 
        "salt", 
        "strawberries", 
        "old fashioned oats", 
        "plain yogurt", 
        "unsalted butter", 
        "all purpose flour", 
        "balsamic vinegar", 
        "baking soda", 
        "cinnamon", 
        "vanilla extract"
    ], 
    "smallImageUrls": [
        "http://i.yummly.com/Strawberry-Oatmeal-Muffins-Simply-Recipes-287095-136399.s.png"
    ], 
    "sourceDisplayName": "Simply Recipes", 
    "recipeName": "Strawberry Oatmeal Muffins", 
    "attributes": {
        "course": [
            "Breads"
        ]
    }, 
    "id": "Strawberry-Oatmeal-Muffins-Simply-Recipes-287095"
}{
    "flavors": {
        "sweet": 0.8333333333333334, 
        "sour": 0.5, 
        "salty": 0.6666666666666666, 
        "piquant": 0.0, 
        "bitter": 0.8333333333333334, 
        "meaty": 0.5
    }, 
    "rating": 4.82, 
    "totalTimeInSeconds": 2400.0, 
    "ingredients": [
        "baking powder", 
        "egg", 
        "vanilla extract", 
        "salt", 
        "vegetable oil", 
        "brown sugar", 
        "baking soda", 
        "raisins", 
        "buttermilk", 
        "wheat bran", 
        "all-purpose flour"
    ], 
    "smallImageUrls": [
        "http://i.yummly.com/Classic-Bran-Muffins-Allrecipes-65166.s.png"
    ], 
    "sourceDisplayName": "AllRecipes", 
    "recipeName": "Classic Bran Muffins", 
    "attributes": {
        "course": [
            "Breads"
        ]
    }, 
    "id": "Classic-Bran-Muffins-Allrecipes"
}{
    "flavors": {
        "sweet": 0.6666666666666666, 
        "sour": 0.3333333333333333, 
        "salty": 1.0, 
        "piquant": 0.0, 
        "bitter": 0.8333333333333334, 
        "meaty": 0.8333333333333334
    }, 
    "rating": 4.71, 
    "totalTimeInSeconds": 4080.0, 
    "ingredients": [
        "shredded cheddar", 
        "sour cream", 
        "cream style corn", 
        "melted butter", 
        "corn kernels", 
        "muffin mix"
    ], 
    "smallImageUrls": [
        "http://i2.yummly.com/Corn-Casserole-Food-Network-2.s.png"
    ], 
    "sourceDisplayName": "Food Network", 
    "recipeName": "Corn Casserole", 
    "attributes": {
        "course": [
            "Side Dishes"
        ], 
        "holiday": [
            "Thanksgiving", 
            "Christmas"
        ], 
        "cuisine": [
            "American", 
            "Southern & Soul Food"
        ]
    }, 
    "id": "Corn-Casserole-Food-Network"
}{
    "flavors": {
        "sweet": 0.6666666666666666, 
        "sour": 0.5, 
        "salty": 0.16666666666666666, 
        "piquant": 0.0, 
        "bitter": 0.16666666666666666, 
        "meaty": 0.5
    }, 
    "rating": 4.41, 
    "totalTimeInSeconds": 0, 
    "ingredients": [
        "vanilla", 
        "salt", 
        "sugar", 
        "unsalted butter", 
        "baking powder", 
        "egg", 
        "muffin", 
        "all-purpose flour", 
        "mashed bananas", 
        "flaked coconut"
    ], 
    "smallImageUrls": [
        "http://i.yummly.com/Banana-Coconut-Muffins-Epicurious-43666.s.png"
    ], 
    "sourceDisplayName": "Epicurious", 
    "recipeName": "Banana Coconut Muffins", 
    "attributes": {
        "course": [
            "Breads", 
            "Breakfast and Brunch", 
            "Lunch and Snacks"
        ], 
        "cuisine": [
            "American"
        ]
    }, 
    "id": "Banana-Coconut-Muffins-Epicurious"
}{
    "flavors": {
        "sweet": 0.16666666666666666, 
        "sour": 0.16666666666666666, 
        "salty": 0.8333333333333334, 
        "piquant": 0.0, 
        "bitter": 0.5, 
        "meaty": 0.3333333333333333
    }, 
    "rating": 4.5, 
    "totalTimeInSeconds": 900.0, 
    "ingredients": [
        "eggs", 
        "english muffin", 
        "cream cheese", 
        "canadian bacon", 
        "american cheese"
    ], 
    "smallImageUrls": [
        "http://i.yummly.com/Bacon_egg-English-Muffin-Allrecipes-2.s.jpg", 
        "http://i.yummly.com/Bacon_egg-English-Muffin-Allrecipes-96955.s.png", 
        "http://i.yummly.com/Bacon_egg-English-Muffin-Allrecipes-96042.s.png"
    ], 
    "sourceDisplayName": "Taste of Home", 
    "recipeName": "Bacon-Egg English Muffin", 
    "attributes": {
        "course": [
            "Breakfast and Brunch"
        ]
    }, 
    "id": "Bacon_egg-English-Muffin-TasteOfHome"
}{
    "flavors": {
        "sweet": 1.0, 
        "sour": 0.0, 
        "salty": 0.6666666666666666, 
        "piquant": 0.0, 
        "bitter": 1.0, 
        "meaty": 0.16666666666666666
    }, 
    "rating": 4.62, 
    "totalTimeInSeconds": 1800.0, 
    "ingredients": [
        "baking soda", 
        "mashed bananas", 
        "mayonnaise", 
        "chocolate chips", 
        "baking powder", 
        "flour", 
        "white sugar"
    ], 
    "smallImageUrls": [
        "http://i.yummly.com/Moist-Banana-Muffins-Allrecipes-78908.s.png"
    ], 
    "sourceDisplayName": "AllRecipes", 
    "recipeName": "Moist Banana Muffins", 
    "attributes": {
        "course": [
            "Breads"
        ]
    }, 
    "id": "Moist-Banana-Muffins-Allrecipes"
}{
    "flavors": {
        "sweet": 1.0, 
        "sour": 0.6666666666666666, 
        "salty": 0.5, 
        "piquant": 0.0, 
        "bitter": 0.16666666666666666, 
        "meaty": 0.6666666666666666
    }, 
    "rating": 4.36, 
    "totalTimeInSeconds": 3000.0, 
    "ingredients": [
        "baking soda", 
        "vegetable oil", 
        "salt", 
        "eggs", 
        "all-purpose flour", 
        "white sugar", 
        "peaches", 
        "ground cinnamon"
    ], 
    "smallImageUrls": [
        "http://i.yummly.com/Peach-Muffins-Allrecipes_1-59640.s.png"
    ], 
    "sourceDisplayName": "AllRecipes", 
    "recipeName": "Peach Muffins", 
    "attributes": {
        "course": [
            "Breads", 
            "Breakfast and Brunch"
        ]
    }, 
    "id": "Peach-Muffins-Allrecipes_1"
}{
    "flavors": {
        "sweet": 1.0, 
        "sour": 0.6666666666666666, 
        "salty": 0.16666666666666666, 
        "piquant": 0.0, 
        "bitter": 0.16666666666666666, 
        "meaty": 0.5
    }, 
    "rating": 4.17, 
    "totalTimeInSeconds": 0, 
    "ingredients": [
        "egg", 
        "baking powder", 
        "salt", 
        "white sugar", 
        "canola oil", 
        "all-purpose flour", 
        "strawberries", 
        "milk"
    ], 
    "smallImageUrls": [
        "http://i.yummly.com/Strawberry-Muffins-Allrecipes-73012.s.png"
    ], 
    "sourceDisplayName": "AllRecipes", 
    "recipeName": "Strawberry Muffins", 
    "attributes": {
        "course": [
            "Breads", 
            "Breakfast and Brunch", 
            "Lunch and Snacks"
        ]
    }, 
    "id": "Strawberry-Muffins-Allrecipes"
}{
    "flavors": {
        "sweet": 0.16666666666666666, 
        "sour": 0.16666666666666666, 
        "salty": 0.16666666666666666, 
        "piquant": 0.0, 
        "bitter": 0.16666666666666666, 
        "meaty": 0.16666666666666666
    }, 
    "rating": 0.0, 
    "totalTimeInSeconds": 0, 
    "ingredients": [
        "butter", 
        "ham", 
        "onions", 
        "sage", 
        "english muffin", 
        "mustard", 
        "fresh tomato", 
        "mozzarella cheese"
    ], 
    "smallImageUrls": [
        "http://i.yummly.com/Dad_s-English-Muffin-Pizzas-Simply-Recipes-43024-4359.s.jpg"
    ], 
    "sourceDisplayName": "Simply Recipes", 
    "recipeName": "Dad's English Muffin Pizzas", 
    "attributes": {
        "course": [
            "Lunch and Snacks"
        ]
    }, 
    "id": "Dad_s-English-Muffin-Pizzas-Simply-Recipes-43024"
}{
    "flavors": {
        "sweet": 0.16666666666666666, 
        "sour": 0.8333333333333334, 
        "salty": 0.8333333333333334, 
        "piquant": 0.0, 
        "bitter": 0.5, 
        "meaty": 0.5
    }, 
    "rating": 4.71, 
    "totalTimeInSeconds": 1500.0, 
    "ingredients": [
        "muffin mix", 
        "dried rosemary", 
        "grated parmesan cheese", 
        "milk", 
        "beaten eggs"
    ], 
    "smallImageUrls": [
        "http://i.yummly.com/Parmesan-Corn-Muffins-Allrecipes-93883.s.png", 
        "http://i.yummly.com/Parmesan-Corn-Muffins-Allrecipes-93130.s.png"
    ], 
    "sourceDisplayName": "Taste of Home", 
    "recipeName": "Parmesan Corn Muffins", 
    "attributes": {
        "course": [
            "Breads"
        ], 
        "cuisine": [
            "Southern & Soul Food"
        ]
    }, 
    "id": "Parmesan-Corn-Muffins-TasteOfHome"
}{
    "flavors": {
        "sweet": 0.16666666666666666, 
        "sour": 0.16666666666666666, 
        "salty": 0.3333333333333333, 
        "piquant": 0.8333333333333334, 
        "bitter": 0.16666666666666666, 
        "meaty": 0.5
    }, 
    "rating": 4.66, 
    "totalTimeInSeconds": 2400.0, 
    "ingredients": [
        "beaten eggs", 
        "garlic powder", 
        "salt", 
        "pepper", 
        "chile peppers", 
        "pork sausage", 
        "onion"
    ], 
    "smallImageUrls": [
        "http://i.yummly.com/Sausage-Egg-Muffins-Allrecipes-98208.s.png"
    ], 
    "sourceDisplayName": "AllRecipes", 
    "recipeName": "Sausage Egg Muffins", 
    "attributes": {
        "course": [
            "Breakfast and Brunch"
        ]
    }, 
    "id": "Sausage-Egg-Muffins-Allrecipes"
}{
    "flavors": {
        "sweet": 1.0, 
        "sour": 0.3333333333333333, 
        "salty": 0.5, 
        "piquant": 0.0, 
        "bitter": 1.0, 
        "meaty": 0.6666666666666666
    }, 
    "rating": 4.67, 
    "totalTimeInSeconds": 1800.0, 
    "ingredients": [
        "wheat flour", 
        "egg", 
        "vegetable oil", 
        "quick cooking oats", 
        "blueberries", 
        "baking powder", 
        "wheat germ", 
        "chopped walnuts", 
        "baking soda", 
        "vanilla extract", 
        "buttermilk", 
        "oat bran", 
        "salt", 
        "mashed banana", 
        "all-purpose flour", 
        "white sugar"
    ], 
    "smallImageUrls": [
        "http://i2.yummly.com/Health-Nut-Blueberry-Muffins-Allrecipes.s.png", 
        "http://i.yummly.com/Health-Nut-Blueberry-Muffins-Allrecipes-78253.s.png"
    ], 
    "sourceDisplayName": "AllRecipes", 
    "recipeName": "Health Nut Blueberry Muffins", 
    "attributes": {
        "course": [
            "Breads", 
            "Breakfast and Brunch"
        ]
    }, 
    "id": "Health-Nut-Blueberry-Muffins-Allrecipes"
}{
    "flavors": {
        "sweet": 1.0, 
        "sour": 0.5, 
        "salty": 0.8333333333333334, 
        "piquant": 0.0, 
        "bitter": 1.0, 
        "meaty": 0.6666666666666666
    }, 
    "rating": 4.65, 
    "totalTimeInSeconds": 2100.0, 
    "ingredients": [
        "margarine", 
        "semisweet chocolate chips", 
        "baking soda", 
        "vanilla extract", 
        "water", 
        "coffee granules", 
        "salt", 
        "bananas", 
        "baking powder", 
        "all-purpose flour", 
        "white sugar", 
        "egg"
    ], 
    "smallImageUrls": [
        "http://i2.yummly.com/Mocha-Chocolate-Chip-Banana-Muffins-Allrecipes-2.s.png", 
        "http://i.yummly.com/Mocha-Chocolate-Chip-Banana-Muffins-Allrecipes-62052.s.png"
    ], 
    "sourceDisplayName": "AllRecipes", 
    "recipeName": "Mocha Chocolate Chip Banana Muffins", 
    "attributes": {
        "course": [
            "Breads", 
            "Breakfast and Brunch"
        ]
    }, 
    "id": "Mocha-Chocolate-Chip-Banana-Muffins-Allrecipes"
}{
    "flavors": {
        "sweet": 1.0, 
        "sour": 0.6666666666666666, 
        "salty": 0.3333333333333333, 
        "piquant": 0.0, 
        "bitter": 0.16666666666666666, 
        "meaty": 0.3333333333333333
    }, 
    "rating": 4.54, 
    "totalTimeInSeconds": 3600.0, 
    "ingredients": [
        "vanilla", 
        "brown sugar", 
        "apples", 
        "white sugar", 
        "butter", 
        "all-purpose flour", 
        "baking soda", 
        "salt", 
        "eggs", 
        "ground cinnamon", 
        "baking powder", 
        "butter", 
        "all-purpose flour"
    ], 
    "smallImageUrls": [
        "http://i.yummly.com/Apple-Strudel-Muffins-Allrecipes-3.s.jpg", 
        "http://i.yummly.com/Apple-Strudel-Muffins-Allrecipes-51894.s.png"
    ], 
    "sourceDisplayName": "AllRecipes", 
    "recipeName": "Apple Strudel Muffins", 
    "attributes": {
        "course": [
            "Breads"
        ]
    }, 
    "id": "Apple-Strudel-Muffins-Allrecipes"
}{
    "flavors": {
        "sweet": 0.16666666666666666, 
        "sour": 0.6666666666666666, 
        "salty": 0.3333333333333333, 
        "piquant": 0.6666666666666666, 
        "bitter": 0.16666666666666666, 
        "meaty": 0.5
    }, 
    "rating": 4.49, 
    "totalTimeInSeconds": 1800.0, 
    "ingredients": [
        "onion", 
        "salt", 
        "green pepper", 
        "pepper", 
        "pork sausage", 
        "garlic powder", 
        "shredded cheddar cheese", 
        "eggs"
    ], 
    "smallImageUrls": [
        "http://i.yummly.com/Scrambled-Egg-Muffins-Allrecipes-72042.s.png"
    ], 
    "sourceDisplayName": "AllRecipes", 
    "recipeName": "Scrambled Egg Muffins", 
    "attributes": {
        "course": [
            "Breakfast and Brunch"
        ]
    }, 
    "id": "Scrambled-Egg-Muffins-Allrecipes"
}{
    "flavors": {
        "sweet": 0.8333333333333334, 
        "sour": 0.5, 
        "salty": 0.5, 
        "piquant": 0.0, 
        "bitter": 0.8333333333333334, 
        "meaty": 0.6666666666666666
    }, 
    "rating": 4.52, 
    "totalTimeInSeconds": 2100.0, 
    "ingredients": [
        "vegetable oil", 
        "baking powder", 
        "salt", 
        "vanilla extract", 
        "white sugar", 
        "baking soda", 
        "milk", 
        "mashed bananas", 
        "rolled oats", 
        "all-purpose flour", 
        "egg"
    ], 
    "smallImageUrls": [
        "http://i.yummly.com/Banana-Oat-Muffins-Allrecipes_1-55695.s.png"
    ], 
    "sourceDisplayName": "AllRecipes", 
    "recipeName": "Banana Oat Muffins", 
    "attributes": {
        "course": [
            "Breads", 
            "Breakfast and Brunch", 
            "Lunch and Snacks"
        ]
    }, 
    "id": "Banana-Oat-Muffins-Allrecipes_1"
}{
    "flavors": {
        "sweet": 0.8333333333333334, 
        "sour": 0.5, 
        "salty": 0.16666666666666666, 
        "piquant": 0.0, 
        "bitter": 0.16666666666666666, 
        "meaty": 0.3333333333333333
    }, 
    "rating": 4.48, 
    "totalTimeInSeconds": 1800.0, 
    "ingredients": [
        "white sugar", 
        "salt", 
        "baking powder", 
        "beaten eggs", 
        "cornmeal", 
        "canola oil", 
        "milk", 
        "all-purpose flour"
    ], 
    "smallImageUrls": [
        "http://i.yummly.com/Basic-Corn-Muffins-Allrecipes-89356.s.png", 
        "http://i.yummly.com/Basic-Corn-Muffins-Allrecipes-88996.s.png"
    ], 
    "sourceDisplayName": "AllRecipes", 
    "recipeName": "Basic Corn Muffins", 
    "attributes": {
        "course": [
            "Breads"
        ], 
        "holiday": [
            "Thanksgiving"
        ]
    }, 
    "id": "Basic-Corn-Muffins-Allrecipes"
}{
    "flavors": {
        "sweet": 0.16666666666666666, 
        "sour": 0.16666666666666666, 
        "salty": 0.5, 
        "piquant": 0.0, 
        "bitter": 0.3333333333333333, 
        "meaty": 0.3333333333333333
    }, 
    "rating": 3.71, 
    "totalTimeInSeconds": 1200.0, 
    "ingredients": [
        "yogurt", 
        "strawberries", 
        "crushed pineapple", 
        "english muffins"
    ], 
    "smallImageUrls": [
        "http://i.yummly.com/Fruit-Stacked-English-Muffins-Allrecipes-76859.s.png"
    ], 
    "sourceDisplayName": "AllRecipes", 
    "recipeName": "Fruit Stacked English Muffins", 
    "attributes": {
        "course": [
            "Breakfast and Brunch"
        ]
    }, 
    "id": "Fruit-Stacked-English-Muffins-Allrecipes"
}{
    "flavors": {
        "sweet": 1.0, 
        "sour": 0.6666666666666666, 
        "salty": 0.5, 
        "piquant": 0.0, 
        "bitter": 0.16666666666666666, 
        "meaty": 0.5
    }, 
    "rating": 4.66, 
    "totalTimeInSeconds": 3600.0, 
    "ingredients": [
        "apple", 
        "ground cinnamon", 
        "baking soda", 
        "pumpkin pie spice", 
        "pumpkin puree", 
        "all-purpose flour", 
        "vegetable oil", 
        "salt", 
        "eggs", 
        "white sugar", 
        "all-purpose flour", 
        "butter", 
        "white sugar"
    ], 
    "smallImageUrls": [
        "http://i.yummly.com/Pumpkin-Apple-Streusel-Muffins-Allrecipes-74293.s.png"
    ], 
    "sourceDisplayName": "AllRecipes", 
    "recipeName": "Pumpkin Apple Streusel Muffins", 
    "attributes": {
        "course": [
            "Breads", 
            "Lunch and Snacks"
        ], 
        "holiday": [
            "Thanksgiving"
        ]
    }, 
    "id": "Pumpkin-Apple-Streusel-Muffins-Allrecipes"
}{
    "flavors": {
        "sweet": 1.0, 
        "sour": 0.5, 
        "salty": 0.6666666666666666, 
        "piquant": 0.0, 
        "bitter": 0.8333333333333334, 
        "meaty": 0.6666666666666666
    }, 
    "rating": 4.81, 
    "totalTimeInSeconds": 2700.0, 
    "ingredients": [
        "flaked coconut", 
        "vegetable oil", 
        "ground cinnamon", 
        "baking soda", 
        "raisins", 
        "all-purpose flour", 
        "chopped walnuts", 
        "salt", 
        "shredded carrots", 
        "eggs", 
        "apple", 
        "vanilla extract", 
        "white sugar"
    ], 
    "smallImageUrls": [
        "http://i2.yummly.com/Easy-Morning-Glory-Muffins-Allrecipes.s.png", 
        "http://i.yummly.com/Easy-Morning-Glory-Muffins-Allrecipes-67370.s.png"
    ], 
    "sourceDisplayName": "AllRecipes", 
    "recipeName": "Easy Morning Glory Muffins", 
    "attributes": {
        "course": [
            "Breads", 
            "Breakfast and Brunch"
        ]
    }, 
    "id": "Easy-Morning-Glory-Muffins-Allrecipes"
}{
    "flavors": {
        "sweet": 0.5, 
        "sour": 0.16666666666666666, 
        "salty": 0.16666666666666666, 
        "piquant": 0.0, 
        "bitter": 0.16666666666666666, 
        "meaty": 0.3333333333333333
    }, 
    "rating": 4.6, 
    "totalTimeInSeconds": 2100.0, 
    "ingredients": [
        "sour cream", 
        "blueberries", 
        "eggs", 
        "sugar"
    ], 
    "smallImageUrls": [
        "http://i.yummly.com/Sour-Cream-Blueberry-Muffins-Allrecipes-57198.s.png"
    ], 
    "sourceDisplayName": "Taste of Home", 
    "recipeName": "Sour Cream Blueberry Muffins", 
    "attributes": {
        "course": [
            "Breads", 
            "Breakfast and Brunch"
        ]
    }, 
    "id": "Sour-Cream-Blueberry-Muffins-TasteOfHome"
}{
    "flavors": {
        "sweet": 0.16666666666666666, 
        "sour": 0.16666666666666666, 
        "salty": 0.16666666666666666, 
        "piquant": 0.0, 
        "bitter": 0.16666666666666666, 
        "meaty": 0.16666666666666666
    }, 
    "rating": 0.0, 
    "totalTimeInSeconds": 0, 
    "ingredients": [
        "brown sugar", 
        "chopped walnuts", 
        "baking powder", 
        "butter", 
        "all-purpose flour", 
        "rolled oats", 
        "buttermilk", 
        "vanilla extract", 
        "dates", 
        "raisins", 
        "salt", 
        "cinnamon", 
        "baking soda", 
        "large eggs"
    ], 
    "smallImageUrls": [
        "http://i.yummly.com/Oatmeal-Muffins-with-Raisins_-Dates_-and-Walnuts-Simply-Recipes-42473-3738.s.jpg"
    ], 
    "sourceDisplayName": "Simply Recipes", 
    "recipeName": "Oatmeal Muffins with Raisins, Dates, and Walnuts", 
    "attributes": {
        "course": [
            "Breads", 
            "Breakfast and Brunch"
        ]
    }, 
    "id": "Oatmeal-Muffins-with-Raisins_-Dates_-and-Walnuts-Simply-Recipes-42473"
}{
    "flavors": {
        "sweet": 1.0, 
        "sour": 0.5, 
        "salty": 0.3333333333333333, 
        "piquant": 0.0, 
        "bitter": 1.0, 
        "meaty": 0.5
    }, 
    "rating": 4.72, 
    "totalTimeInSeconds": 1800.0, 
    "ingredients": [
        "salt", 
        "semisweet chocolate chips", 
        "applesauce", 
        "brown sugar", 
        "baking soda", 
        "egg", 
        "baking powder", 
        "vanilla extract", 
        "all-purpose flour", 
        "quick cooking oats", 
        "ground cinnamon", 
        "chopped walnuts", 
        "banana"
    ], 
    "smallImageUrls": [
        "http://i.yummly.com/Seminary-Muffins-Allrecipes-74182.s.png"
    ], 
    "sourceDisplayName": "AllRecipes", 
    "recipeName": "Seminary Muffins", 
    "attributes": {
        "course": [
            "Breads"
        ]
    }, 
    "id": "Seminary-Muffins-Allrecipes"
}{
    "flavors": {
        "sweet": 1.0, 
        "sour": 0.5, 
        "salty": 0.3333333333333333, 
        "piquant": 0.0, 
        "bitter": 0.3333333333333333, 
        "meaty": 0.5
    }, 
    "rating": 4.84, 
    "totalTimeInSeconds": 2100.0, 
    "ingredients": [
        "wheat flour", 
        "vanilla extract", 
        "apple butter", 
        "salt", 
        "toasted wheat germ", 
        "baking powder", 
        "ground cinnamon", 
        "baking soda", 
        "all-purpose flour", 
        "chopped walnuts", 
        "vegetable oil", 
        "white sugar", 
        "apple", 
        "egg whites", 
        "raisins", 
        "egg", 
        "carrots"
    ], 
    "smallImageUrls": [
        "http://i.yummly.com/Morning-Glory-Muffins-I-Allrecipes-1.s.jpg", 
        "http://i.yummly.com/Morning-Glory-Muffins-I-Allrecipes-55863.s.png"
    ], 
    "sourceDisplayName": "AllRecipes", 
    "recipeName": "Morning Glory Muffins I", 
    "attributes": {
        "course": [
            "Breads"
        ]
    }, 
    "id": "Morning-Glory-Muffins-I-Allrecipes"
}{
    "flavors": {
        "sweet": 1.0, 
        "sour": 0.6666666666666666, 
        "salty": 0.3333333333333333, 
        "piquant": 0.0, 
        "bitter": 0.3333333333333333, 
        "meaty": 0.5
    }, 
    "rating": 4.29, 
    "totalTimeInSeconds": 2700.0, 
    "ingredients": [
        "all-purpose flour", 
        "pure vanilla extract", 
        "buttermilk", 
        "ground allspice", 
        "muffin", 
        "ground cinnamon", 
        "baking soda", 
        "ground ginger", 
        "golden raisins", 
        "pumpkin seeds", 
        "large eggs", 
        "baking powder", 
        "salt", 
        "pumpkin puree", 
        "unsalted butter", 
        "light brown sugar", 
        "ground cloves"
    ], 
    "smallImageUrls": [
        "http://i2.yummly.com/Pumpkin-Muffins-Epicurious.s.png"
    ], 
    "sourceDisplayName": "Epicurious", 
    "recipeName": "Pumpkin Muffins", 
    "attributes": {
        "course": [
            "Breads", 
            "Breakfast and Brunch", 
            "Lunch and Snacks"
        ], 
        "holiday": [
            "Thanksgiving", 
            "Halloween", 
            "Christmas"
        ], 
        "cuisine": [
            "American"
        ]
    }, 
    "id": "Pumpkin-Muffins-Epicurious"
}{
    "flavors": {
        "sweet": 0.16666666666666666, 
        "sour": 0.16666666666666666, 
        "salty": 0.5, 
        "piquant": 0.0, 
        "bitter": 0.3333333333333333, 
        "meaty": 0.6666666666666666
    }, 
    "rating": 4.67, 
    "totalTimeInSeconds": 1200.0, 
    "ingredients": [
        "beaten eggs", 
        "bacon", 
        "salt", 
        "chives", 
        "pepper", 
        "shredded cheddar cheese", 
        "english muffins"
    ], 
    "smallImageUrls": [
        "http://i2.yummly.com/Hearty-English-Muffins-Allrecipes.s.png", 
        "http://i.yummly.com/Hearty-English-Muffins-Allrecipes-68651.s.png"
    ], 
    "sourceDisplayName": "Taste of Home", 
    "recipeName": "Hearty English Muffins", 
    "attributes": {
        "course": [
            "Breakfast and Brunch"
        ]
    }, 
    "id": "Hearty-English-Muffins-TasteOfHome"
}{
    "flavors": {
        "sweet": 0.0, 
        "sour": 0.6666666666666666, 
        "salty": 0.16666666666666666, 
        "piquant": 0.0, 
        "bitter": 0.16666666666666666, 
        "meaty": 0.3333333333333333
    }, 
    "rating": 4.71, 
    "totalTimeInSeconds": 2100.0, 
    "ingredients": [
        "baking powder", 
        "sugar", 
        "cornmeal", 
        "eggs", 
        "shortening", 
        "milk", 
        "salt", 
        "all-purpose flour"
    ], 
    "smallImageUrls": [
        "http://i.yummly.com/Sweet-Corn-Muffins-Allrecipes-72317.s.png"
    ], 
    "sourceDisplayName": "AllRecipes", 
    "recipeName": "Sweet Corn Muffins", 
    "attributes": {
        "course": [
            "Breads", 
            "Breakfast and Brunch"
        ], 
        "cuisine": [
            "American"
        ]
    }, 
    "id": "Sweet-Corn-Muffins-Allrecipes"
}{
    "flavors": {
        "sweet": 0.8333333333333334, 
        "sour": 0.6666666666666666, 
        "salty": 0.16666666666666666, 
        "piquant": 0.0, 
        "bitter": 0.16666666666666666, 
        "meaty": 0.5
    }, 
    "rating": 3.55, 
    "totalTimeInSeconds": 1800.0, 
    "ingredients": [
        "milk", 
        "white sugar", 
        "all-purpose flour", 
        "vegetable oil", 
        "baking powder", 
        "egg", 
        "blueberries"
    ], 
    "smallImageUrls": [
        "http://i.yummly.com/Blueberry-Muffins-I-Allrecipes_1-49553.s.png"
    ], 
    "sourceDisplayName": "AllRecipes", 
    "recipeName": "Blueberry Muffins I", 
    "attributes": {
        "course": [
            "Breads"
        ]
    }, 
    "id": "Blueberry-Muffins-I-Allrecipes_1"
}{
    "flavors": {
        "sweet": 1.0, 
        "sour": 0.6666666666666666, 
        "salty": 0.16666666666666666, 
        "piquant": 0.0, 
        "bitter": 0.16666666666666666, 
        "meaty": 0.5
    }, 
    "rating": 4.63, 
    "totalTimeInSeconds": 2700.0, 
    "ingredients": [
        "all-purpose flour", 
        "white sugar", 
        "buttermilk", 
        "salt", 
        "white sugar", 
        "blueberries", 
        "unsalted butter", 
        "baking powder", 
        "eggs"
    ], 
    "smallImageUrls": [
        "http://i.yummly.com/Best-Of-The-Best-Blueberry-Muffins-Allrecipes-67891.s.png"
    ], 
    "sourceDisplayName": "AllRecipes", 
    "recipeName": "Best of the Best Blueberry Muffins", 
    "attributes": {
        "course": [
            "Breads"
        ]
    }, 
    "id": "Best-Of-The-Best-Blueberry-Muffins-Allrecipes"
}{
    "flavors": {
        "sweet": 1.0, 
        "sour": 0.5, 
        "salty": 0.3333333333333333, 
        "piquant": 0.0, 
        "bitter": 1.0, 
        "meaty": 0.5
    }, 
    "rating": 4.52, 
    "totalTimeInSeconds": 0, 
    "ingredients": [
        "ground cloves", 
        "ground nutmeg", 
        "canned pumpkin", 
        "eggs", 
        "baking powder", 
        "white sugar", 
        "baking soda", 
        "water", 
        "all-purpose flour", 
        "salt", 
        "ground cinnamon", 
        "semisweet chocolate chips", 
        "vegetable oil"
    ], 
    "smallImageUrls": [
        "http://i2.yummly.com/Pumpkin-Chocolate-Chip-Muffins-Allrecipes_1.s.jpg", 
        "http://i.yummly.com/Pumpkin-Chocolate-Chip-Muffins-Allrecipes_1-49955.s.png"
    ], 
    "sourceDisplayName": "AllRecipes", 
    "recipeName": "Pumpkin Chocolate Chip Muffins", 
    "attributes": {
        "course": [
            "Breads", 
            "Breakfast and Brunch", 
            "Lunch and Snacks"
        ], 
        "holiday": [
            "Thanksgiving"
        ]
    }, 
    "id": "Pumpkin-Chocolate-Chip-Muffins-Allrecipes_1"
}{
    "flavors": {
        "sweet": 0.8333333333333334, 
        "sour": 0.6666666666666666, 
        "salty": 0.16666666666666666, 
        "piquant": 0.0, 
        "bitter": 0.16666666666666666, 
        "meaty": 0.3333333333333333
    }, 
    "rating": 4.27, 
    "totalTimeInSeconds": 5400.0, 
    "ingredients": [
        "apple juice", 
        "white sugar", 
        "egg", 
        "baking powder", 
        "apples", 
        "ground cinnamon", 
        "all-purpose flour", 
        "vegetable oil", 
        "salt"
    ], 
    "smallImageUrls": [
        "http://i.yummly.com/Apple-Muffins-Allrecipes_2-49930.s.png"
    ], 
    "sourceDisplayName": "AllRecipes", 
    "recipeName": "Apple Muffins", 
    "attributes": {
        "course": [
            "Breads", 
            "Breakfast and Brunch"
        ]
    }, 
    "id": "Apple-Muffins-Allrecipes_2"
}{
    "flavors": {
        "sweet": 0.0, 
        "sour": 0.8333333333333334, 
        "salty": 0.16666666666666666, 
        "piquant": 0.0, 
        "bitter": 0.16666666666666666, 
        "meaty": 0.5
    }, 
    "rating": 0.0, 
    "totalTimeInSeconds": 0, 
    "ingredients": [
        "granulated sugar", 
        "fennel seeds", 
        "kosher salt", 
        "baking soda", 
        "walnuts", 
        "pastry flour", 
        "creme fraiche", 
        "baking powder", 
        "plain yogurt", 
        "vegetable oil", 
        "ricotta cheese"
    ], 
    "smallImageUrls": [
        "http://i.yummly.com/Ricotta-muffins-305529-268977.s.jpg"
    ], 
    "sourceDisplayName": "Smitten Kitchen", 
    "recipeName": "Ricotta Muffins", 
    "attributes": {}, 
    "id": "Ricotta-muffins-305529"
}{
    "flavors": {
        "sweet": 1.0, 
        "sour": 0.6666666666666666, 
        "salty": 0.16666666666666666, 
        "piquant": 0.0, 
        "bitter": 0.16666666666666666, 
        "meaty": 0.3333333333333333
    }, 
    "rating": 4.64, 
    "totalTimeInSeconds": 2400.0, 
    "ingredients": [
        "white sugar", 
        "white sugar", 
        "milk", 
        "blueberries", 
        "salt", 
        "baking powder", 
        "ground cinnamon", 
        "all-purpose flour", 
        "egg", 
        "butter", 
        "vegetable oil", 
        "all-purpose flour"
    ], 
    "smallImageUrls": [
        "http://i2.yummly.com/To-Die-For-Blueberry-Muffins-Allrecipes-2.s.png", 
        "http://i.yummly.com/To-Die-For-Blueberry-Muffins-Allrecipes-49601.s.png"
    ], 
    "sourceDisplayName": "AllRecipes", 
    "recipeName": "To Die For Blueberry Muffins", 
    "attributes": {
        "course": [
            "Breads"
        ]
    }, 
    "id": "To-Die-For-Blueberry-Muffins-Allrecipes"
}{
    "flavors": {
        "sweet": 0.8333333333333334, 
        "sour": 0.3333333333333333, 
        "salty": 0.5, 
        "piquant": 0.0, 
        "bitter": 0.8333333333333334, 
        "meaty": 0.3333333333333333
    }, 
    "rating": 4.63, 
    "totalTimeInSeconds": 2100.0, 
    "ingredients": [
        "baking soda", 
        "nonfat milk", 
        "all-purpose flour", 
        "wheat flour", 
        "unsweetened applesauce", 
        "egg", 
        "blueberries", 
        "wheat bran", 
        "vanilla extract", 
        "salt", 
        "brown sugar", 
        "baking powder"
    ], 
    "smallImageUrls": [
        "http://i.yummly.com/Low_fat-Blueberry-Bran-Muffins-Allrecipes-4.s.jpg", 
        "http://i.yummly.com/Low_fat-Blueberry-Bran-Muffins-Allrecipes-71705.s.png"
    ], 
    "sourceDisplayName": "AllRecipes", 
    "recipeName": "Low-Fat Blueberry Bran Muffins", 
    "attributes": {
        "course": [
            "Breads"
        ]
    }, 
    "id": "Low_fat-Blueberry-Bran-Muffins-Allrecipes"
}{
    "flavors": {
        "sweet": 0.16666666666666666, 
        "sour": 0.6666666666666666, 
        "salty": 0.6666666666666666, 
        "piquant": 0.0, 
        "bitter": 0.6666666666666666, 
        "meaty": 0.6666666666666666
    }, 
    "rating": 4.8, 
    "totalTimeInSeconds": 2100.0, 
    "ingredients": [
        "lemon juice", 
        "miniature semisweet chocolate chips", 
        "ground cinnamon", 
        "baking soda", 
        "vegetable oil", 
        "all-purpose flour", 
        "milk", 
        "salt", 
        "egg", 
        "shredded zucchini", 
        "vanilla extract", 
        "chopped walnuts", 
        "sugar"
    ], 
    "smallImageUrls": [
        "http://i.yummly.com/Zucchini_chocolate-Chip-Muffins-Allrecipes-60187.s.png"
    ], 
    "sourceDisplayName": "AllRecipes", 
    "recipeName": "Zucchini-Chocolate Chip Muffins", 
    "attributes": {
        "course": [
            "Breads"
        ]
    }, 
    "id": "Zucchini_chocolate-Chip-Muffins-Allrecipes"
}{
    "flavors": {
        "sweet": 1.0, 
        "sour": 0.6666666666666666, 
        "salty": 0.16666666666666666, 
        "piquant": 0.0, 
        "bitter": 0.16666666666666666, 
        "meaty": 0.3333333333333333
    }, 
    "rating": 4.51, 
    "totalTimeInSeconds": 0, 
    "ingredients": [
        "eggs", 
        "all-purpose flour", 
        "white sugar", 
        "baking powder", 
        "salt", 
        "blueberries", 
        "milk", 
        "butter"
    ], 
    "smallImageUrls": [
        "http://i.yummly.com/Aunt-Blanche_s-Blueberry-Muffins-Allrecipes-73003.s.png"
    ], 
    "sourceDisplayName": "AllRecipes", 
    "recipeName": "Aunt Blanche's Blueberry Muffins", 
    "attributes": {
        "course": [
            "Breads"
        ]
    }, 
    "id": "Aunt-Blanche_s-Blueberry-Muffins-Allrecipes"
}{
    "flavors": {
        "sweet": 0.3333333333333333, 
        "sour": 0.3333333333333333, 
        "salty": 0.6666666666666666, 
        "piquant": 0.0, 
        "bitter": 0.3333333333333333, 
        "meaty": 1.0
    }, 
    "rating": 4.24, 
    "totalTimeInSeconds": 4500.0, 
    "ingredients": [
        "bread crumbs", 
        "vegetable soup", 
        "onion", 
        "salt", 
        "black pepper", 
        "ketchup", 
        "eggs", 
        "lean ground beef"
    ], 
    "smallImageUrls": [
        "http://i.yummly.com/Meatloaf-Muffins-Allrecipes-92602.s.png", 
        "http://i.yummly.com/Meatloaf-Muffins-Allrecipes-91939.s.png"
    ], 
    "sourceDisplayName": "AllRecipes", 
    "recipeName": "Meatloaf Muffins", 
    "attributes": {
        "course": [
            "Main Dishes", 
            "Lunch and Snacks"
        ]
    }, 
    "id": "Meatloaf-Muffins-Allrecipes"
}{
    "flavors": {
        "sweet": 1.0, 
        "sour": 0.5, 
        "salty": 0.6666666666666666, 
        "piquant": 0.0, 
        "bitter": 0.5, 
        "meaty": 0.5
    }, 
    "rating": 4.46, 
    "totalTimeInSeconds": 2100.0, 
    "ingredients": [
        "cornmeal", 
        "milk", 
        "softened butter", 
        "all-purpose flour", 
        "corn kernels", 
        "honey", 
        "salt", 
        "eggs", 
        "baking powder", 
        "white sugar"
    ], 
    "smallImageUrls": [
        "http://i.yummly.com/Cornbread-Muffins-I-Allrecipes-62781.s.png"
    ], 
    "sourceDisplayName": "AllRecipes", 
    "recipeName": "Cornbread Muffins I", 
    "attributes": {
        "course": [
            "Breads"
        ], 
        "holiday": [
            "Thanksgiving"
        ]
    }, 
    "id": "Cornbread-Muffins-I-Allrecipes"
}{
    "flavors": {
        "sweet": 0.8333333333333334, 
        "sour": 0.16666666666666666, 
        "salty": 0.16666666666666666, 
        "piquant": 0.0, 
        "bitter": 0.0, 
        "meaty": 0.0
    }, 
    "rating": 0.0, 
    "totalTimeInSeconds": 0, 
    "ingredients": [
        "baking soda", 
        "sugar", 
        "plain whole milk yogurt", 
        "vanilla extract", 
        "raspberry jam", 
        "raspberries", 
        "unsalted butter", 
        "large egg", 
        "all purpose flour"
    ], 
    "smallImageUrls": [
        "http://i.yummly.com/Raspberry-yogurt-muffins-recipe-306963-270714.s.jpg"
    ], 
    "sourceDisplayName": "Food Republic", 
    "recipeName": "Raspberry Yogurt Muffins Recipe", 
    "attributes": {}, 
    "id": "Raspberry-yogurt-muffins-recipe-306963"
}{
    "flavors": {
        "sweet": 0.8333333333333334, 
        "sour": 0.5, 
        "salty": 0.16666666666666666, 
        "piquant": 0.0, 
        "bitter": 0.3333333333333333, 
        "meaty": 0.5
    }, 
    "rating": 4.28, 
    "totalTimeInSeconds": 2400.0, 
    "ingredients": [
        "vegetable oil", 
        "quick cooking oats", 
        "egg", 
        "white sugar", 
        "baking powder", 
        "salt", 
        "all-purpose flour", 
        "milk"
    ], 
    "smallImageUrls": [
        "http://i.yummly.com/Easy-Oatmeal-Muffins-Allrecipes-80837.s.png", 
        "http://i.yummly.com/Easy-Oatmeal-Muffins-Allrecipes-80748.s.png"
    ], 
    "sourceDisplayName": "AllRecipes", 
    "recipeName": "Easy Oatmeal Muffins", 
    "attributes": {
        "course": [
            "Breads", 
            "Breakfast and Brunch", 
            "Lunch and Snacks"
        ]
    }, 
    "id": "Easy-Oatmeal-Muffins-Allrecipes"
}{
    "flavors": {
        "sweet": 0.3333333333333333, 
        "sour": 0.16666666666666666, 
        "salty": 0.6666666666666666, 
        "piquant": 0.0, 
        "bitter": 0.5, 
        "meaty": 0.6666666666666666
    }, 
    "rating": 5.0, 
    "totalTimeInSeconds": 420.0, 
    "ingredients": [
        "cheddar", 
        "english muffins", 
        "pepper", 
        "canadian bacon", 
        "egg whites", 
        "salt"
    ], 
    "smallImageUrls": [], 
    "sourceDisplayName": "Food Network", 
    "recipeName": "Mock Muffin", 
    "attributes": {
        "course": [
            "Breakfast and Brunch"
        ], 
        "cuisine": [
            "American"
        ]
    }, 
    "id": "Mock-Muffin-Food-Network"
}{
    "flavors": {
        "sweet": 1.0, 
        "sour": 0.6666666666666666, 
        "salty": 0.16666666666666666, 
        "piquant": 0.0, 
        "bitter": 0.16666666666666666, 
        "meaty": 0.3333333333333333
    }, 
    "rating": 4.54, 
    "totalTimeInSeconds": 2700.0, 
    "ingredients": [
        "lemon zest", 
        "white sugar", 
        "baking powder", 
        "vanilla extract", 
        "butter", 
        "salt", 
        "milk", 
        "blueberries", 
        "all-purpose flour", 
        "butter", 
        "all-purpose flour", 
        "ground cinnamon", 
        "eggs", 
        "all-purpose flour", 
        "white sugar"
    ], 
    "smallImageUrls": [
        "http://i.yummly.com/Streusel-Topped-Blueberry-Muffins-Allrecipes-49593.s.png"
    ], 
    "sourceDisplayName": "AllRecipes", 
    "recipeName": "Streusel Topped Blueberry Muffins", 
    "attributes": {
        "course": [
            "Breads"
        ]
    }, 
    "id": "Streusel-Topped-Blueberry-Muffins-Allrecipes"
}{
    "flavors": {
        "sweet": 0.6666666666666666, 
        "sour": 0.0, 
        "salty": 0.16666666666666666, 
        "piquant": 0.0, 
        "bitter": 0.16666666666666666, 
        "meaty": 0.16666666666666666
    }, 
    "rating": 0.0, 
    "totalTimeInSeconds": 0, 
    "ingredients": [
        "granulated sugar", 
        "vanilla extract", 
        "coconut oil", 
        "greek style yogurt", 
        "shredded coconut", 
        "whole wheat flour", 
        "table salt", 
        "baking powder", 
        "large egg", 
        "all-purpose flour"
    ], 
    "smallImageUrls": [
        "http://i.yummly.com/Double-coconut-muffins-305353-268812.s.jpg"
    ], 
    "sourceDisplayName": "Smitten Kitchen", 
    "recipeName": "Double Coconut Muffins", 
    "attributes": {}, 
    "id": "Double-coconut-muffins-305353"
}{
    "flavors": {
        "sweet": 0.8333333333333334, 
        "sour": 0.5, 
        "salty": 0.5, 
        "piquant": 0.0, 
        "bitter": 0.3333333333333333, 
        "meaty": 0.5
    }, 
    "rating": 0.0, 
    "totalTimeInSeconds": 0, 
    "ingredients": [
        "baking powder", 
        "salt", 
        "unsalted butter", 
        "all purpose flour", 
        "blueberries fresh", 
        "large egg", 
        "grated lemon zest", 
        "sour cream", 
        "baking soda", 
        "sugar"
    ], 
    "smallImageUrls": [
        "http://i.yummly.com/Perfect-blueberry-muffins-305491-268940.s.jpg"
    ], 
    "sourceDisplayName": "Smitten Kitchen", 
    "recipeName": "Perfect Blueberry Muffins", 
    "attributes": {}, 
    "id": "Perfect-blueberry-muffins-305491"
}{
    "flavors": {
        "sweet": 0.8333333333333334, 
        "sour": 0.5, 
        "salty": 0.5, 
        "piquant": 0.0, 
        "bitter": 0.3333333333333333, 
        "meaty": 0.5
    }, 
    "rating": 0.0, 
    "totalTimeInSeconds": 0, 
    "ingredients": [
        "sugar", 
        "all purpose flour", 
        "sour cream", 
        "baking soda", 
        "grated lemon zest", 
        "baking powder", 
        "unsalted butter", 
        "salt", 
        "blueberries fresh", 
        "large egg"
    ], 
    "smallImageUrls": [
        "http://i.yummly.com/Perfect-blueberry-muffins-305491-268940.s.jpg"
    ], 
    "sourceDisplayName": "Smitten Kitchen", 
    "recipeName": "Perfect Blueberry Muffins", 
    "attributes": {}, 
    "id": "Perfect-blueberry-muffins-305491"
}{
    "flavors": {
        "sweet": 1.0, 
        "sour": 0.8333333333333334, 
        "salty": 0.5, 
        "piquant": 0.0, 
        "bitter": 0.5, 
        "meaty": 0.5
    }, 
    "rating": 4.55, 
    "totalTimeInSeconds": 2700.0, 
    "ingredients": [
        "ground cinnamon", 
        "baking soda", 
        "ground nutmeg", 
        "vegetable oil", 
        "all-purpose flour", 
        "salt", 
        "white sugar", 
        "ground allspice", 
        "eggs", 
        "ground cloves", 
        "baking powder", 
        "sugar pumpkin"
    ], 
    "smallImageUrls": [
        "http://i.yummly.com/Pumpkin-Muffins-Ii-Allrecipes-92647.s.png", 
        "http://i.yummly.com/Pumpkin-Muffins-Ii-Allrecipes-91985.s.png"
    ], 
    "sourceDisplayName": "AllRecipes", 
    "recipeName": "Pumpkin Muffins II", 
    "attributes": {
        "course": [
            "Breads"
        ], 
        "holiday": [
            "Thanksgiving"
        ]
    }, 
    "id": "Pumpkin-Muffins-Ii-Allrecipes"
}{
    "flavors": {
        "sweet": 1.0, 
        "sour": 0.5, 
        "salty": 0.8333333333333334, 
        "piquant": 0.0, 
        "bitter": 0.8333333333333334, 
        "meaty": 0.6666666666666666
    }, 
    "rating": 4.76, 
    "totalTimeInSeconds": 2100.0, 
    "ingredients": [
        "baking soda", 
        "vegetable oil", 
        "beaten eggs", 
        "ground cinnamon", 
        "mixed nuts", 
        "oat bran", 
        "salt", 
        "vanilla extract", 
        "raisins", 
        "apples", 
        "brown sugar", 
        "all-purpose flour", 
        "baking powder", 
        "flax seed", 
        "skim milk", 
        "shredded carrots"
    ], 
    "smallImageUrls": [
        "http://i.yummly.com/Bran-Flax-Muffins-Allrecipes-17799.s.png", 
        "http://i.yummly.com/Bran-Flax-Muffins-Allrecipes-93683.s.png", 
        "http://i.yummly.com/Bran-Flax-Muffins-Allrecipes-92977.s.png"
    ], 
    "sourceDisplayName": "AllRecipes", 
    "recipeName": "Bran Flax Muffins", 
    "attributes": {
        "course": [
            "Breads", 
            "Breakfast and Brunch"
        ]
    }, 
    "id": "Bran-Flax-Muffins-Allrecipes"
}{
    "flavors": {
        "sweet": 0.6666666666666666, 
        "sour": 0.16666666666666666, 
        "salty": 0.3333333333333333, 
        "piquant": 0.0, 
        "bitter": 0.8333333333333334, 
        "meaty": 0.5
    }, 
    "rating": 0.0, 
    "totalTimeInSeconds": 900.0, 
    "ingredients": [
        "banana", 
        "english muffin", 
        "natural peanut butter", 
        "dark brown sugar"
    ], 
    "smallImageUrls": [
        "http://i.yummly.com/English-Muffin-with-Bruleed-Banana-and-Peanut-Butter-Recipe-Chow-57833-100492.s.png"
    ], 
    "sourceDisplayName": "Chow", 
    "recipeName": "English Muffin with Brul&eacute;ed Banana and Peanut Butter Recipe", 
    "attributes": {
        "course": [
            "Breakfast and Brunch"
        ]
    }, 
    "id": "English-Muffin-with-Bruleed-Banana-and-Peanut-Butter-Recipe-Chow-57833"
}{
    "flavors": {
        "sweet": 0.8333333333333334, 
        "sour": 0.0, 
        "salty": 0.3333333333333333, 
        "piquant": 0.0, 
        "bitter": 1.0, 
        "meaty": 0.6666666666666666
    }, 
    "rating": 4.23, 
    "totalTimeInSeconds": 2400.0, 
    "ingredients": [
        "baking powder", 
        "wheat flour", 
        "brown sugar", 
        "baking soda", 
        "egg", 
        "buttermilk", 
        "rolled oats", 
        "applesauce"
    ], 
    "smallImageUrls": [
        "http://i2.yummly.com/Oat-Applesauce-Muffins-Allrecipes.s.jpg", 
        "http://i.yummly.com/Oat-Applesauce-Muffins-Allrecipes-65163.s.png"
    ], 
    "sourceDisplayName": "AllRecipes", 
    "recipeName": "Oat Applesauce Muffins", 
    "attributes": {
        "course": [
            "Breads"
        ]
    }, 
    "id": "Oat-Applesauce-Muffins-Allrecipes"
}{
    "flavors": {
        "sweet": 1.0, 
        "sour": 0.6666666666666666, 
        "salty": 0.16666666666666666, 
        "piquant": 0.0, 
        "bitter": 0.16666666666666666, 
        "meaty": 0.3333333333333333
    }, 
    "rating": 4.63, 
    "totalTimeInSeconds": 0, 
    "ingredients": [
        "salt", 
        "milk", 
        "all-purpose flour", 
        "baking powder", 
        "blueberries", 
        "white sugar", 
        "white sugar", 
        "eggs", 
        "butter"
    ], 
    "smallImageUrls": [
        "http://i.yummly.com/Blueberry-Muffins-Ii-Allrecipes-72985.s.png"
    ], 
    "sourceDisplayName": "AllRecipes", 
    "recipeName": "Blueberry Muffins II", 
    "attributes": {
        "course": [
            "Breads"
        ]
    }, 
    "id": "Blueberry-Muffins-Ii-Allrecipes"
}{
    "flavors": null, 
    "rating": 0.0, 
    "totalTimeInSeconds": 0, 
    "ingredients": [
        "bittersweet chocolate", 
        "persimmon", 
        "light brown sugar", 
        "baking soda", 
        "buckwheat flour", 
        "flour", 
        "unsalted butter", 
        "baking powder", 
        "cocoa powder", 
        "large eggs", 
        "buttermilk"
    ], 
    "smallImageUrls": [
        "http://i.yummly.com/Chocolate-persimmon-muffins-306317-269668.s.jpg"
    ], 
    "sourceDisplayName": "Food Republic", 
    "recipeName": "Chocolate Persimmon Muffins", 
    "attributes": {}, 
    "id": "Chocolate-persimmon-muffins-306317"
}{
    "flavors": {
        "sweet": 1.0, 
        "sour": 1.0, 
        "salty": 0.3333333333333333, 
        "piquant": 0.0, 
        "bitter": 1.0, 
        "meaty": 0.5
    }, 
    "rating": 0.0, 
    "totalTimeInSeconds": 0, 
    "ingredients": [
        "bittersweet chocolate", 
        "persimmon", 
        "light brown sugar", 
        "baking soda", 
        "buckwheat flour", 
        "flour", 
        "unsalted butter", 
        "baking powder", 
        "cocoa powder", 
        "large eggs", 
        "buttermilk"
    ], 
    "smallImageUrls": [
        "http://i.yummly.com/Chocolate-persimmon-muffins-307461-271238.s.jpg"
    ], 
    "sourceDisplayName": "Food52", 
    "recipeName": "Chocolate Persimmon Muffins", 
    "attributes": {}, 
    "id": "Chocolate-persimmon-muffins-307461"
}{
    "flavors": {
        "sweet": 0.8333333333333334, 
        "sour": 0.5, 
        "salty": 0.5, 
        "piquant": 0.0, 
        "bitter": 0.16666666666666666, 
        "meaty": 0.3333333333333333
    }, 
    "rating": 4.38, 
    "totalTimeInSeconds": 1800.0, 
    "ingredients": [
        "white sugar", 
        "sour cream", 
        "salt", 
        "banana", 
        "egg", 
        "vanilla extract", 
        "baking powder", 
        "baking soda", 
        "all-purpose flour"
    ], 
    "smallImageUrls": [
        "http://i.yummly.com/Banana-Muffins-I-Allrecipes-67341.s.png"
    ], 
    "sourceDisplayName": "AllRecipes", 
    "recipeName": "Banana Muffins I", 
    "attributes": {
        "course": [
            "Breads"
        ]
    }, 
    "id": "Banana-Muffins-I-Allrecipes"
}{
    "flavors": {
        "sweet": 1.0, 
        "sour": 0.3333333333333333, 
        "salty": 0.6666666666666666, 
        "piquant": 0.0, 
        "bitter": 0.5, 
        "meaty": 0.5
    }, 
    "rating": 0.0, 
    "totalTimeInSeconds": 0, 
    "ingredients": [
        "unsalted butter", 
        "baking soda", 
        "granulated sugar", 
        "buttermilk", 
        "all-purpose flour", 
        "large egg", 
        "baking powder", 
        "dark brown sugar", 
        "apples", 
        "cinnamon", 
        "salt", 
        "whole wheat flour"
    ], 
    "smallImageUrls": [
        "http://i.yummly.com/Whole-wheat-apple-muffins-307213-270990.s.jpg"
    ], 
    "sourceDisplayName": "Smitten Kitchen", 
    "recipeName": "Whole Wheat Apple Muffins", 
    "attributes": {}, 
    "id": "Whole-wheat-apple-muffins-307213"
}{
    "flavors": {
        "sweet": 0.6666666666666666, 
        "sour": 0.3333333333333333, 
        "salty": 0.8333333333333334, 
        "piquant": 0.5, 
        "bitter": 0.5, 
        "meaty": 1.0
    }, 
    "rating": 4.43, 
    "totalTimeInSeconds": 2400.0, 
    "ingredients": [
        "ketchup", 
        "ground beef", 
        "cider vinegar", 
        "brown sugar", 
        "shredded cheddar cheese", 
        "chili powder", 
        "buttermilk biscuits"
    ], 
    "smallImageUrls": [
        "http://i.yummly.com/Farmhouse-Barbecue-Muffins-Allrecipes-60515.s.png"
    ], 
    "sourceDisplayName": "Taste of Home", 
    "recipeName": "Farmhouse Barbecue Muffins", 
    "attributes": {}, 
    "id": "Farmhouse-Barbecue-Muffins-TasteOfHome"
}{
    "flavors": {
        "sweet": 1.0, 
        "sour": 0.6666666666666666, 
        "salty": 0.16666666666666666, 
        "piquant": 0.0, 
        "bitter": 0.16666666666666666, 
        "meaty": 0.3333333333333333
    }, 
    "rating": 4.46, 
    "totalTimeInSeconds": 1800.0, 
    "ingredients": [
        "salt", 
        "baking powder", 
        "shortening", 
        "white sugar", 
        "apple", 
        "milk", 
        "all-purpose flour"
    ], 
    "smallImageUrls": [
        "http://i.yummly.com/Fruit-Muffins-Allrecipes-74242.s.png"
    ], 
    "sourceDisplayName": "AllRecipes", 
    "recipeName": "Fruit Muffins", 
    "attributes": {
        "course": [
            "Breads"
        ]
    }, 
    "id": "Fruit-Muffins-Allrecipes"
}{
    "flavors": {
        "sweet": 0.8333333333333334, 
        "sour": 0.0, 
        "salty": 0.16666666666666666, 
        "piquant": 0.0, 
        "bitter": 0.0, 
        "meaty": 0.0
    }, 
    "rating": 4.44, 
    "totalTimeInSeconds": 1500.0, 
    "ingredients": [
        "white sugar", 
        "baking mix", 
        "raisins", 
        "beer"
    ], 
    "smallImageUrls": [
        "http://i2.yummly.com/Beer-Muffins-Allrecipes-2.s.png", 
        "http://i.yummly.com/Beer-Muffins-Allrecipes-62917.s.png"
    ], 
    "sourceDisplayName": "AllRecipes", 
    "recipeName": "Beer Muffins", 
    "attributes": {
        "course": [
            "Breads"
        ]
    }, 
    "id": "Beer-Muffins-Allrecipes"
}{
    "flavors": null, 
    "rating": 0.0, 
    "totalTimeInSeconds": 0, 
    "ingredients": [
        "salt", 
        "eggs", 
        "english muffins", 
        "lime juice", 
        "english muffin", 
        "sauce", 
        "white vinegar", 
        "butter", 
        "egg yolks", 
        "leftover steak", 
        "spinach"
    ], 
    "smallImageUrls": [
        "http://i.yummly.com/Steak-and-chipotle-eggs-benedict-recipe-306615-269916.s.jpg"
    ], 
    "sourceDisplayName": "Food Republic", 
    "recipeName": "Steak and Chipotle Eggs Benedict Recipe", 
    "attributes": {}, 
    "id": "Steak-and-chipotle-eggs-benedict-recipe-306615"
}{
    "flavors": {
        "sweet": 1.0, 
        "sour": 0.8333333333333334, 
        "salty": 0.5, 
        "piquant": 0.0, 
        "bitter": 0.8333333333333334, 
        "meaty": 0.5
    }, 
    "rating": 4.57, 
    "totalTimeInSeconds": 3600.0, 
    "ingredients": [
        "all-purpose flour", 
        "baking powder", 
        "nutmeg", 
        "cinnamon", 
        "ground cloves", 
        "white sugar", 
        "chopped walnuts", 
        "baking soda", 
        "eggs", 
        "raisins", 
        "salt", 
        "unsweetened applesauce", 
        "pumpkin"
    ], 
    "smallImageUrls": [
        "http://i.yummly.com/Addictive-Pumpkin-Muffins-Allrecipes.s.jpg", 
        "http://i.yummly.com/Addictive-Pumpkin-Muffins-Allrecipes-87469.s.png", 
        "http://i.yummly.com/Addictive-Pumpkin-Muffins-Allrecipes-87152.s.png"
    ], 
    "sourceDisplayName": "AllRecipes", 
    "recipeName": "Addictive Pumpkin Muffins", 
    "attributes": {
        "course": [
            "Breads"
        ]
    }, 
    "id": "Addictive-Pumpkin-Muffins-Allrecipes"
}{
    "flavors": {
        "sweet": 1.0, 
        "sour": 0.5, 
        "salty": 0.16666666666666666, 
        "piquant": 0.0, 
        "bitter": 1.0, 
        "meaty": 0.8333333333333334
    }, 
    "rating": 4.27, 
    "totalTimeInSeconds": 2700.0, 
    "ingredients": [
        "milk", 
        "semisweet chocolate chips", 
        "vegetable oil", 
        "all-purpose flour", 
        "brown sugar", 
        "chopped pecans", 
        "quick cooking oats", 
        "baking powder", 
        "salt", 
        "egg"
    ], 
    "smallImageUrls": [
        "http://i.yummly.com/Oatmeal-Chocolate-Chip-Muffins-Allrecipes-55724.s.png"
    ], 
    "sourceDisplayName": "AllRecipes", 
    "recipeName": "Oatmeal Chocolate Chip Muffins", 
    "attributes": {
        "course": [
            "Breads"
        ]
    }, 
    "id": "Oatmeal-Chocolate-Chip-Muffins-Allrecipes"
}{
    "flavors": {
        "sweet": 0.8333333333333334, 
        "sour": 0.6666666666666666, 
        "salty": 0.3333333333333333, 
        "piquant": 0.0, 
        "bitter": 0.16666666666666666, 
        "meaty": 0.5
    }, 
    "rating": 4.25, 
    "totalTimeInSeconds": 2100.0, 
    "ingredients": [
        "salt", 
        "baking powder", 
        "egg", 
        "milk", 
        "blueberries", 
        "white sugar", 
        "all-purpose flour", 
        "melted butter"
    ], 
    "smallImageUrls": [
        "http://i.yummly.com/Breakfast-Muffins-Allrecipes-55733.s.png"
    ], 
    "sourceDisplayName": "AllRecipes", 
    "recipeName": "Breakfast Muffins", 
    "attributes": {
        "course": [
            "Breads", 
            "Breakfast and Brunch"
        ]
    }, 
    "id": "Breakfast-Muffins-Allrecipes"
}{
    "flavors": {
        "sweet": 0.8333333333333334, 
        "sour": 0.5, 
        "salty": 0.6666666666666666, 
        "piquant": 0.0, 
        "bitter": 1.0, 
        "meaty": 0.6666666666666666
    }, 
    "rating": 4.77, 
    "totalTimeInSeconds": 2100.0, 
    "ingredients": [
        "all-purpose flour", 
        "milk", 
        "wheat bran", 
        "salt", 
        "brown sugar", 
        "baking soda", 
        "mashed bananas", 
        "baking powder", 
        "chopped walnuts", 
        "eggs", 
        "vanilla extract", 
        "softened butter"
    ], 
    "smallImageUrls": [
        "http://i.yummly.com/Banana-Bran-Muffins-Allrecipes-91502.s.png", 
        "http://i.yummly.com/Banana-Bran-Muffins-Allrecipes-90953.s.png"
    ], 
    "sourceDisplayName": "AllRecipes", 
    "recipeName": "Banana Bran Muffins", 
    "attributes": {
        "course": [
            "Breads", 
            "Breakfast and Brunch", 
            "Lunch and Snacks"
        ]
    }, 
    "id": "Banana-Bran-Muffins-Allrecipes"
}{
    "flavors": {
        "sweet": 1.0, 
        "sour": 0.6666666666666666, 
        "salty": 0.6666666666666666, 
        "piquant": 0.0, 
        "bitter": 1.0, 
        "meaty": 0.8333333333333334
    }, 
    "rating": 4.68, 
    "totalTimeInSeconds": 1800.0, 
    "ingredients": [
        "white sugar", 
        "baking soda", 
        "vegetable oil", 
        "ground cinnamon", 
        "all-purpose flour", 
        "baking powder", 
        "eggs", 
        "salt", 
        "semisweet chocolate chips", 
        "pumpkin"
    ], 
    "smallImageUrls": [
        "http://i.yummly.com/Pumpkin-Chip-Muffins-Allrecipes-68218.s.png"
    ], 
    "sourceDisplayName": "AllRecipes", 
    "recipeName": "Pumpkin Chip Muffins", 
    "attributes": {
        "course": [
            "Breads", 
            "Breakfast and Brunch"
        ], 
        "holiday": [
            "Thanksgiving"
        ]
    }, 
    "id": "Pumpkin-Chip-Muffins-Allrecipes"
}{
    "flavors": null, 
    "rating": 0.0, 
    "totalTimeInSeconds": 0, 
    "ingredients": [
        "coarse sugar", 
        "all-purpose flour", 
        "baking powder", 
        "mangoes", 
        "granulated sugar", 
        "large eggs", 
        "salt", 
        "sour cream", 
        "pure vanilla extract", 
        "baking soda", 
        "unsalted butter"
    ], 
    "smallImageUrls": [
        "http://i.yummly.com/Sugared-mango-muffins-recipe-306097-269427.s.jpg"
    ], 
    "sourceDisplayName": "Food Republic", 
    "recipeName": "Sugared Mango Muffins Recipe", 
    "attributes": {}, 
    "id": "Sugared-mango-muffins-recipe-306097"
}{
    "flavors": {
        "sweet": 1.0, 
        "sour": 0.6666666666666666, 
        "salty": 0.6666666666666666, 
        "piquant": 0.0, 
        "bitter": 0.16666666666666666, 
        "meaty": 0.3333333333333333
    }, 
    "rating": 4.51, 
    "totalTimeInSeconds": 2100.0, 
    "ingredients": [
        "egg", 
        "vanilla extract", 
        "baking powder", 
        "yogurt", 
        "melted butter", 
        "blueberries", 
        "white sugar", 
        "baking soda", 
        "all-purpose flour"
    ], 
    "smallImageUrls": [
        "http://i.yummly.com/Jacky_s-Fruit-And-Yogurt-Muffins-Allrecipes-92510.s.png", 
        "http://i.yummly.com/Jacky_s-Fruit-And-Yogurt-Muffins-Allrecipes-91853.s.png"
    ], 
    "sourceDisplayName": "AllRecipes", 
    "recipeName": "Jacky's Fruit and Yogurt Muffins", 
    "attributes": {
        "course": [
            "Breads"
        ]
    }, 
    "id": "Jacky_s-Fruit-And-Yogurt-Muffins-Allrecipes"
}{
    "flavors": null, 
    "rating": 0.0, 
    "totalTimeInSeconds": 0, 
    "ingredients": [
        "all-purpose flour", 
        "sour cream", 
        "baking powder", 
        "red food coloring", 
        "salt", 
        "sugar", 
        "whipped cream cheese", 
        "pure vanilla extract", 
        "baking soda", 
        "eggs", 
        "butter", 
        "unsweetened cocoa powder"
    ], 
    "smallImageUrls": [
        "http://i.yummly.com/Red-velvet-muffins-recipe-306257-269610.s.jpg"
    ], 
    "sourceDisplayName": "Food Republic", 
    "recipeName": "Red Velvet Muffins Recipe", 
    "attributes": {}, 
    "id": "Red-velvet-muffins-recipe-306257"
}{
    "flavors": {
        "sweet": 1.0, 
        "sour": 0.5, 
        "salty": 0.6666666666666666, 
        "piquant": 0.0, 
        "bitter": 0.3333333333333333, 
        "meaty": 0.5
    }, 
    "rating": 4.79, 
    "totalTimeInSeconds": 1500.0, 
    "ingredients": [
        "eggs", 
        "melted butter", 
        "all-purpose flour", 
        "canned pumpkin", 
        "baking powder", 
        "baking soda", 
        "salt", 
        "white sugar", 
        "ground ginger", 
        "ground nutmeg", 
        "ground cinnamon", 
        "butterscotch chips", 
        "brown sugar"
    ], 
    "smallImageUrls": [
        "http://i.yummly.com/Mini-Pumpkin-Butterscotch-Muffins-Allrecipes-81140.s.png", 
        "http://i.yummly.com/Mini-Pumpkin-Butterscotch-Muffins-Allrecipes-81114.s.png"
    ], 
    "sourceDisplayName": "AllRecipes", 
    "recipeName": "Mini Pumpkin Butterscotch Muffins", 
    "attributes": {
        "course": [
            "Breads"
        ], 
        "holiday": [
            "Thanksgiving", 
            "Christmas"
        ]
    }, 
    "id": "Mini-Pumpkin-Butterscotch-Muffins-Allrecipes"
}{
    "flavors": {
        "sweet": 0.8333333333333334, 
        "sour": 0.16666666666666666, 
        "salty": 0.5, 
        "piquant": 0.0, 
        "bitter": 1.0, 
        "meaty": 0.8333333333333334
    }, 
    "rating": 4.7, 
    "totalTimeInSeconds": 2100.0, 
    "ingredients": [
        "baking soda", 
        "baking powder", 
        "buttermilk", 
        "chopped walnuts", 
        "wheat flour", 
        "vanilla extract", 
        "oat bran", 
        "egg", 
        "canola oil", 
        "mashed banana", 
        "brown sugar", 
        "blueberries", 
        "wheat bran"
    ], 
    "smallImageUrls": [
        "http://i.yummly.com/B-Muffins-Allrecipes-59135.s.png"
    ], 
    "sourceDisplayName": "AllRecipes", 
    "recipeName": "B Muffins", 
    "attributes": {
        "course": [
            "Breads"
        ]
    }, 
    "id": "B-Muffins-Allrecipes"
}{
    "flavors": {
        "sweet": 1.0, 
        "sour": 0.6666666666666666, 
        "salty": 0.6666666666666666, 
        "piquant": 0.0, 
        "bitter": 0.3333333333333333, 
        "meaty": 0.5
    }, 
    "rating": 4.65, 
    "totalTimeInSeconds": 13500.0, 
    "ingredients": [
        "bran cereal", 
        "brown sugar", 
        "vegetable oil", 
        "beaten eggs", 
        "golden raisins", 
        "all-purpose flour", 
        "baking soda", 
        "salt", 
        "honey", 
        "pineapple juice"
    ], 
    "smallImageUrls": [
        "http://i.yummly.com/Honey-Bran-Muffins-Allrecipes-55859.s.png"
    ], 
    "sourceDisplayName": "AllRecipes", 
    "recipeName": "Honey Bran Muffins", 
    "attributes": {
        "course": [
            "Breads", 
            "Breakfast and Brunch"
        ], 
        "cuisine": [
            "American"
        ]
    }, 
    "id": "Honey-Bran-Muffins-Allrecipes"
}{
    "flavors": null, 
    "rating": 0.0, 
    "totalTimeInSeconds": 0, 
    "ingredients": [
        "orange zest", 
        "large eggs", 
        "lemon zest", 
        "extra-virgin olive oil", 
        "whole milk", 
        "baking powder", 
        "powdered sugar", 
        "sugar", 
        "balsamic vinegar", 
        "salt", 
        "all-purpose flour", 
        "sliced almonds"
    ], 
    "smallImageUrls": [
        "http://i.yummly.com/Olive-oil-muffins-307185-270962.s.jpg"
    ], 
    "sourceDisplayName": "Smitten Kitchen", 
    "recipeName": "Olive Oil Muffins", 
    "attributes": {}, 
    "id": "Olive-oil-muffins-307185"
}{
    "flavors": {
        "sweet": 0.5, 
        "sour": 0.6666666666666666, 
        "salty": 1.0, 
        "piquant": 0.6666666666666666, 
        "bitter": 0.8333333333333334, 
        "meaty": 0.6666666666666666
    }, 
    "rating": 4.43, 
    "totalTimeInSeconds": 2400.0, 
    "ingredients": [
        "corn kernels", 
        "monterey jack", 
        "milk", 
        "beaten eggs", 
        "muffin mix", 
        "chipotle pepper"
    ], 
    "smallImageUrls": [], 
    "sourceDisplayName": "Food Network", 
    "recipeName": "Spicy Cornbread Muffins", 
    "attributes": {
        "course": [
            "Breads"
        ], 
        "cuisine": [
            "American", 
            "Southern & Soul Food"
        ]
    }, 
    "id": "Spicy-Cornbread-Muffins-Food-Network"
}{
    "flavors": {
        "sweet": 1.0, 
        "sour": 0.6666666666666666, 
        "salty": 0.3333333333333333, 
        "piquant": 0.0, 
        "bitter": 0.3333333333333333, 
        "meaty": 0.6666666666666666
    }, 
    "rating": 4.37, 
    "totalTimeInSeconds": 0, 
    "ingredients": [
        "white sugar", 
        "egg", 
        "all-purpose flour", 
        "salt", 
        "all-purpose flour", 
        "baking powder", 
        "eggs", 
        "canned pumpkin", 
        "brown sugar", 
        "vanilla extract", 
        "ground cinnamon", 
        "butter", 
        "ground cinnamon", 
        "olive oil", 
        "vanilla extract", 
        "chopped pecans", 
        "cream cheese", 
        "white sugar"
    ], 
    "smallImageUrls": [
        "http://i.yummly.com/Pumpkin-Cream-Cheese-Muffins-Allrecipes-73018.s.png"
    ], 
    "sourceDisplayName": "AllRecipes", 
    "recipeName": "Pumpkin Cream Cheese Muffins", 
    "attributes": {
        "course": [
            "Breads", 
            "Breakfast and Brunch"
        ], 
        "holiday": [
            "Thanksgiving", 
            "Hanukkah", 
            "Christmas"
        ]
    }, 
    "id": "Pumpkin-Cream-Cheese-Muffins-Allrecipes"
}{
    "flavors": null, 
    "rating": 0.0, 
    "totalTimeInSeconds": 0, 
    "ingredients": [
        "english muffins, split and toasted", 
        "mayonnaise", 
        "scallions", 
        "salt", 
        "sour cream", 
        "parmesan", 
        "ground black pepper", 
        "tomatoes", 
        "crabmeat"
    ], 
    "smallImageUrls": [
        "http://i.yummly.com/Crab-toasties-307751-271528.s.jpg"
    ], 
    "sourceDisplayName": "Food52", 
    "recipeName": "Crab Toasties", 
    "attributes": {}, 
    "id": "Crab-toasties-307751"
}{
    "flavors": {
        "sweet": 1.0, 
        "sour": 0.5, 
        "salty": 0.5, 
        "piquant": 0.0, 
        "bitter": 1.0, 
        "meaty": 0.5
    }, 
    "rating": 4.21, 
    "totalTimeInSeconds": 2100.0, 
    "ingredients": [
        "milk", 
        "baking powder", 
        "semisweet chocolate chips", 
        "egg", 
        "salt", 
        "mashed bananas", 
        "vegetable oil", 
        "all-purpose flour", 
        "white sugar"
    ], 
    "smallImageUrls": [
        "http://i.yummly.com/Banana-Chip-Muffins-I-Allrecipes-62001.s.png"
    ], 
    "sourceDisplayName": "AllRecipes", 
    "recipeName": "Banana Chip Muffins I", 
    "attributes": {
        "course": [
            "Breads"
        ]
    }, 
    "id": "Banana-Chip-Muffins-I-Allrecipes"
}{
    "flavors": {
        "sweet": 1.0, 
        "sour": 0.6666666666666666, 
        "salty": 1.0, 
        "piquant": 0.0, 
        "bitter": 0.8333333333333334, 
        "meaty": 0.5
    }, 
    "rating": 4.48, 
    "totalTimeInSeconds": 2100.0, 
    "ingredients": [
        "shredded zucchini", 
        "cake mix", 
        "raisins", 
        "vegetable oil", 
        "applesauce", 
        "egg", 
        "chopped pecans"
    ], 
    "smallImageUrls": [
        "http://i.yummly.com/Zucchini-Carrot-Muffins-Allrecipes-17812.s.png", 
        "http://i.yummly.com/Zucchini-Carrot-Muffins-Allrecipes-69028.s.png"
    ], 
    "sourceDisplayName": "Taste of Home", 
    "recipeName": "Zucchini Carrot Muffins", 
    "attributes": {
        "course": [
            "Breads", 
            "Breakfast and Brunch", 
            "Lunch and Snacks"
        ]
    }, 
    "id": "Zucchini-Carrot-Muffins-TasteOfHome"
}{
    "flavors": {
        "sweet": 0.0, 
        "sour": 0.0, 
        "salty": 0.6666666666666666, 
        "piquant": 0.0, 
        "bitter": 0.8333333333333334, 
        "meaty": 0.8333333333333334
    }, 
    "rating": 4.62, 
    "totalTimeInSeconds": 1500.0, 
    "ingredients": [
        "vegetable oil", 
        "baking powder", 
        "salt", 
        "buttermilk", 
        "baking soda", 
        "honey", 
        "egg", 
        "wheat flour", 
        "millet"
    ], 
    "smallImageUrls": [
        "http://i.yummly.com/Millet-Muffins-Allrecipes-63094.s.png"
    ], 
    "sourceDisplayName": "AllRecipes", 
    "recipeName": "Millet Muffins", 
    "attributes": {
        "course": [
            "Breads", 
            "Breakfast and Brunch"
        ]
    }, 
    "id": "Millet-Muffins-Allrecipes"
}{
    "flavors": {
        "sweet": 1.0, 
        "sour": 0.6666666666666666, 
        "salty": 0.6666666666666666, 
        "piquant": 0.0, 
        "bitter": 0.3333333333333333, 
        "meaty": 0.5
    }, 
    "rating": 4.7, 
    "totalTimeInSeconds": 2400.0, 
    "ingredients": [
        "brown sugar", 
        "all-purpose flour", 
        "all-purpose flour", 
        "ground cinnamon", 
        "brown sugar", 
        "vanilla extract", 
        "apples", 
        "salt", 
        "buttermilk", 
        "melted butter", 
        "egg", 
        "melted butter", 
        "baking soda"
    ], 
    "smallImageUrls": [
        "http://i.yummly.com/Apple-Pie-Muffins-Allrecipes-81074.s.png", 
        "http://i.yummly.com/Apple-Pie-Muffins-Allrecipes-81043.s.png"
    ], 
    "sourceDisplayName": "AllRecipes", 
    "recipeName": "Apple Pie Muffins", 
    "attributes": {
        "course": [
            "Breads"
        ]
    }, 
    "id": "Apple-Pie-Muffins-Allrecipes"
}{
    "flavors": {
        "sweet": 0.16666666666666666, 
        "sour": 1.0, 
        "salty": 0.16666666666666666, 
        "piquant": 0.0, 
        "bitter": 0.16666666666666666, 
        "meaty": 0.6666666666666666
    }, 
    "rating": 4.72, 
    "totalTimeInSeconds": 3000.0, 
    "ingredients": [
        "honey", 
        "active dry yeast", 
        "salt", 
        "beaten eggs", 
        "warm water", 
        "sugar", 
        "all-purpose flour"
    ], 
    "smallImageUrls": [
        "http://i.yummly.com/Traditional-English-Muffins-Allrecipes-92799.s.png", 
        "http://i.yummly.com/Traditional-English-Muffins-Allrecipes-92141.s.png"
    ], 
    "sourceDisplayName": "Taste of Home", 
    "recipeName": "Traditional English Muffins", 
    "attributes": {
        "course": [
            "Breads"
        ]
    }, 
    "id": "Traditional-English-Muffins-TasteOfHome"
}{
    "flavors": {
        "sweet": 0.8333333333333334, 
        "sour": 0.5, 
        "salty": 0.6666666666666666, 
        "piquant": 0.0, 
        "bitter": 0.8333333333333334, 
        "meaty": 0.5
    }, 
    "rating": 3.93, 
    "totalTimeInSeconds": 1800.0, 
    "ingredients": [
        "baking soda", 
        "wheat bran", 
        "egg whites", 
        "brown sugar", 
        "all-purpose flour", 
        "low-fat buttermilk", 
        "apple"
    ], 
    "smallImageUrls": [
        "http://i2.yummly.com/Low-Fat-Apple-Bran-Muffins-Allrecipes.s.jpg", 
        "http://i.yummly.com/Low-Fat-Apple-Bran-Muffins-Allrecipes-84348.s.png", 
        "http://i.yummly.com/Low-Fat-Apple-Bran-Muffins-Allrecipes-84208.s.png"
    ], 
    "sourceDisplayName": "AllRecipes", 
    "recipeName": "Low Fat Apple Bran Muffins", 
    "attributes": {
        "course": [
            "Breads", 
            "Breakfast and Brunch"
        ]
    }, 
    "id": "Low-Fat-Apple-Bran-Muffins-Allrecipes"
}{
    "flavors": {
        "sweet": 0.8333333333333334, 
        "sour": 0.5, 
        "salty": 0.16666666666666666, 
        "piquant": 0.0, 
        "bitter": 0.3333333333333333, 
        "meaty": 0.5
    }, 
    "rating": 4.07, 
    "totalTimeInSeconds": 1800.0, 
    "ingredients": [
        "vegetable oil", 
        "white sugar", 
        "salt", 
        "milk", 
        "baking powder", 
        "blueberries", 
        "egg", 
        "quick cooking oats", 
        "all-purpose flour"
    ], 
    "smallImageUrls": [
        "http://i.yummly.com/Oatmeal-Blueberry-Muffins-Allrecipes-55747.s.png"
    ], 
    "sourceDisplayName": "AllRecipes", 
    "recipeName": "Oatmeal Blueberry Muffins", 
    "attributes": {
        "course": [
            "Breads", 
            "Breakfast and Brunch"
        ]
    }, 
    "id": "Oatmeal-Blueberry-Muffins-Allrecipes"
}{
    "flavors": {
        "sweet": 1.0, 
        "sour": 0.8333333333333334, 
        "salty": 0.5, 
        "piquant": 0.0, 
        "bitter": 0.5, 
        "meaty": 0.3333333333333333
    }, 
    "rating": 0.0, 
    "totalTimeInSeconds": 0, 
    "ingredients": [
        "raspberries", 
        "all purpose flour", 
        "baking powder", 
        "unsalted butter", 
        "grated lemon peel", 
        "large egg", 
        "buttermilk", 
        "vanilla extract", 
        "salt", 
        "sugar"
    ], 
    "smallImageUrls": [
        "http://i.yummly.com/Raspberry-topped-lemon-muffins-307334-271111.s.jpg"
    ], 
    "sourceDisplayName": "Smitten Kitchen", 
    "recipeName": "Raspberry-Topped Lemon Muffins", 
    "attributes": {}, 
    "id": "Raspberry-topped-lemon-muffins-307334"
}{
    "flavors": null, 
    "rating": 0.0, 
    "totalTimeInSeconds": 0, 
    "ingredients": [
        "butter", 
        "lime zest", 
        "granulated sugar", 
        "vegetable oil", 
        "blueberries", 
        "vanilla extract", 
        "quick cook oat", 
        "ground nutmeg", 
        "ground cinnamon", 
        "brown sugar", 
        "large eggs", 
        "sour cream", 
        "kosher salt", 
        "all purpos flour", 
        "baking powder"
    ], 
    "smallImageUrls": [
        "http://i.yummly.com/Blueberry-lime-oatmeal-muffins-305779-269131.s.jpg"
    ], 
    "sourceDisplayName": "Homesick Texan", 
    "recipeName": "Blueberry lime oatmeal muffins", 
    "attributes": {}, 
    "id": "Blueberry-lime-oatmeal-muffins-305779"
}{
    "flavors": {
        "sweet": 0.8333333333333334, 
        "sour": 0.16666666666666666, 
        "salty": 0.3333333333333333, 
        "piquant": 0.0, 
        "bitter": 0.8333333333333334, 
        "meaty": 0.8333333333333334
    }, 
    "rating": 4.65, 
    "totalTimeInSeconds": 2100.0, 
    "ingredients": [
        "baking soda", 
        "baking powder", 
        "salt", 
        "vegetable oil", 
        "pumpkin puree", 
        "wheat flour", 
        "chopped walnuts", 
        "pumpkin pie spice", 
        "eggs", 
        "brown sugar", 
        "raisins", 
        "honey"
    ], 
    "smallImageUrls": [
        "http://i.yummly.com/Pumpkin-Wheat-Honey-Muffins-Allrecipes-94318.s.png", 
        "http://i.yummly.com/Pumpkin-Wheat-Honey-Muffins-Allrecipes-93505.s.png"
    ], 
    "sourceDisplayName": "AllRecipes", 
    "recipeName": "Pumpkin Wheat Honey Muffins", 
    "attributes": {
        "course": [
            "Breads", 
            "Breakfast and Brunch"
        ]
    }, 
    "id": "Pumpkin-Wheat-Honey-Muffins-Allrecipes"
}{
    "flavors": {
        "sweet": 1.0, 
        "sour": 0.5, 
        "salty": 0.5, 
        "piquant": 0.0, 
        "bitter": 0.16666666666666666, 
        "meaty": 0.5
    }, 
    "rating": 4.38, 
    "totalTimeInSeconds": 2100.0, 
    "ingredients": [
        "melted butter", 
        "baking powder", 
        "ground cinnamon", 
        "ground nutmeg", 
        "melted butter", 
        "white sugar", 
        "all-purpose flour", 
        "milk", 
        "salt", 
        "egg", 
        "white sugar"
    ], 
    "smallImageUrls": [
        "http://i.yummly.com/French-Breakfast-Muffins-Allrecipes-74683.s.png"
    ], 
    "sourceDisplayName": "AllRecipes", 
    "recipeName": "French Breakfast Muffins", 
    "attributes": {
        "course": [
            "Breads", 
            "Breakfast and Brunch"
        ], 
        "cuisine": [
            "French"
        ]
    }, 
    "id": "French-Breakfast-Muffins-Allrecipes"
}{
    "flavors": {
        "sweet": 1.0, 
        "sour": 0.3333333333333333, 
        "salty": 0.6666666666666666, 
        "piquant": 0.0, 
        "bitter": 0.3333333333333333, 
        "meaty": 0.3333333333333333
    }, 
    "rating": 4.11, 
    "totalTimeInSeconds": 1800.0, 
    "ingredients": [
        "milk", 
        "honey", 
        "white sugar", 
        "baking powder", 
        "graham cracker crumbs", 
        "egg"
    ], 
    "smallImageUrls": [
        "http://i.yummly.com/Graham-Cracker-Muffins-Allrecipes-68597.s.png"
    ], 
    "sourceDisplayName": "AllRecipes", 
    "recipeName": "Graham Cracker Muffins", 
    "attributes": {
        "course": [
            "Breads"
        ]
    }, 
    "id": "Graham-Cracker-Muffins-Allrecipes"
}{
    "flavors": {
        "sweet": 0.16666666666666666, 
        "sour": 0.6666666666666666, 
        "salty": 0.8333333333333334, 
        "piquant": 0.0, 
        "bitter": 0.6666666666666666, 
        "meaty": 0.5
    }, 
    "rating": 4.81, 
    "totalTimeInSeconds": 2100.0, 
    "ingredients": [
        "salt", 
        "ground cinnamon", 
        "egg", 
        "tart apple", 
        "canola oil", 
        "all-purpose flour", 
        "chopped walnuts", 
        "baking soda", 
        "buttermilk", 
        "sugar", 
        "bran cereal", 
        "carrots"
    ], 
    "smallImageUrls": [
        "http://i.yummly.com/Apple-Carrot-Muffins-Allrecipes-4.s.jpg", 
        "http://i.yummly.com/Apple-Carrot-Muffins-Allrecipes-93332.s.png", 
        "http://i.yummly.com/Apple-Carrot-Muffins-Allrecipes-92674.s.png"
    ], 
    "sourceDisplayName": "AllRecipes", 
    "recipeName": "Apple Carrot Muffins", 
    "attributes": {
        "course": [
            "Breads"
        ]
    }, 
    "id": "Apple-Carrot-Muffins-Allrecipes"
}{
    "flavors": {
        "sweet": 1.0, 
        "sour": 0.5, 
        "salty": 0.16666666666666666, 
        "piquant": 0.0, 
        "bitter": 0.16666666666666666, 
        "meaty": 0.3333333333333333
    }, 
    "rating": 4.41, 
    "totalTimeInSeconds": 1800.0, 
    "ingredients": [
        "plain yogurt", 
        "baking powder", 
        "lemon juice", 
        "lemon extract", 
        "salt", 
        "grated lemon zest", 
        "white sugar", 
        "raspberries", 
        "egg whites", 
        "white sugar", 
        "vegetable oil", 
        "all-purpose flour"
    ], 
    "smallImageUrls": [
        "http://i.yummly.com/Raspberry-Lemon-Muffins-Allrecipes-3.s.jpg", 
        "http://i.yummly.com/Raspberry-Lemon-Muffins-Allrecipes-50622.s.png"
    ], 
    "sourceDisplayName": "AllRecipes", 
    "recipeName": "Raspberry Lemon Muffins", 
    "attributes": {
        "course": [
            "Breads", 
            "Breakfast and Brunch"
        ]
    }, 
    "id": "Raspberry-Lemon-Muffins-Allrecipes"
}{
    "flavors": {
        "sweet": 0.8333333333333334, 
        "sour": 0.5, 
        "salty": 0.3333333333333333, 
        "piquant": 0.0, 
        "bitter": 0.3333333333333333, 
        "meaty": 0.5
    }, 
    "rating": 4.49, 
    "totalTimeInSeconds": 1800.0, 
    "ingredients": [
        "buttermilk", 
        "brown sugar", 
        "baking soda", 
        "all-purpose flour", 
        "vegetable oil", 
        "quick-cooking oats", 
        "baking powder", 
        "beaten eggs", 
        "salt"
    ], 
    "smallImageUrls": [
        "http://i.yummly.com/Buttermilk-Oatmeal-Muffins-Allrecipes-60003.s.png"
    ], 
    "sourceDisplayName": "AllRecipes", 
    "recipeName": "Buttermilk Oatmeal Muffins", 
    "attributes": {
        "course": [
            "Breads"
        ]
    }, 
    "id": "Buttermilk-Oatmeal-Muffins-Allrecipes"
}{
    "flavors": {
        "sweet": 0.3333333333333333, 
        "sour": 0.3333333333333333, 
        "salty": 0.3333333333333333, 
        "piquant": 0.6666666666666666, 
        "bitter": 0.8333333333333334, 
        "meaty": 0.6666666666666666
    }, 
    "rating": 0.0, 
    "totalTimeInSeconds": 0, 
    "ingredients": [
        "salsa", 
        "egg yolks", 
        "bacon", 
        "butter", 
        "lemon juice", 
        "black beans", 
        "salt", 
        "fresh cilantro", 
        "english muffins", 
        "chipotle", 
        "cayenne pepper", 
        "egg", 
        "white vinegar", 
        "cheddar cheese"
    ], 
    "smallImageUrls": [
        "http://i.yummly.com/Eggs-benedict-Huevos-Rancheros-Style-I-Adore-Food_-200340-40130.s.png"
    ], 
    "sourceDisplayName": "I Adore Food!", 
    "recipeName": "Eggs benedict Huevos Rancheros Style", 
    "attributes": {}, 
    "id": "Eggs-benedict-Huevos-Rancheros-Style-I-Adore-Food_-200340"
}{
    "flavors": {
        "sweet": 1.0, 
        "sour": 0.5, 
        "salty": 0.6666666666666666, 
        "piquant": 0.0, 
        "bitter": 0.8333333333333334, 
        "meaty": 0.6666666666666666
    }, 
    "rating": 0.0, 
    "totalTimeInSeconds": 0, 
    "ingredients": [
        "whole wheat flour", 
        "All-Bran Cereal", 
        "unsalted butter", 
        "cinnamon", 
        "cocoa powder", 
        "light brown sugar", 
        "baking soda", 
        "kosher salt", 
        "ground allspice", 
        "raisins", 
        "large eggs", 
        "orange zest", 
        "vanilla extract", 
        "molasses", 
        "wheat germ", 
        "plain yogurt", 
        "pumpkin seeds", 
        "orange juice", 
        "all purpose flour", 
        "ground clove"
    ], 
    "smallImageUrls": [
        "http://i.yummly.com/What-i-do-for-love-bran-muffins-307438-271215.s.jpg"
    ], 
    "sourceDisplayName": "Food52", 
    "recipeName": "What I Do For Love Bran Muffins", 
    "attributes": {}, 
    "id": "What-i-do-for-love-bran-muffins-307438"
}{
    "flavors": {
        "sweet": 1.0, 
        "sour": 0.6666666666666666, 
        "salty": 0.6666666666666666, 
        "piquant": 0.0, 
        "bitter": 0.3333333333333333, 
        "meaty": 0.6666666666666666
    }, 
    "rating": 4.68, 
    "totalTimeInSeconds": 4500.0, 
    "ingredients": [
        "salt", 
        "all-purpose flour", 
        "baking soda", 
        "beaten eggs", 
        "dried fig", 
        "melted butter", 
        "apple", 
        "ground nutmeg", 
        "brown sugar", 
        "milk", 
        "baking powder", 
        "white sugar", 
        "toasted hazelnuts", 
        "ground cinnamon", 
        "cranberries", 
        "ground ginger"
    ], 
    "smallImageUrls": [
        "http://i2.yummly.com/Autumn-Muffins-Allrecipes-2.s.png", 
        "http://i.yummly.com/Autumn-Muffins-Allrecipes-93243.s.png", 
        "http://i.yummly.com/Autumn-Muffins-Allrecipes-92585.s.png"
    ], 
    "sourceDisplayName": "AllRecipes", 
    "recipeName": "Autumn Muffins", 
    "attributes": {
        "course": [
            "Breads", 
            "Breakfast and Brunch"
        ]
    }, 
    "id": "Autumn-Muffins-Allrecipes"
}{
    "flavors": {
        "sweet": 1.0, 
        "sour": 0.6666666666666666, 
        "salty": 0.16666666666666666, 
        "piquant": 0.0, 
        "bitter": 0.16666666666666666, 
        "meaty": 0.5
    }, 
    "rating": 4.08, 
    "totalTimeInSeconds": 0, 
    "ingredients": [
        "semi sweet chocolate chips", 
        "vegetable oil", 
        "milk", 
        "baking powder", 
        "all-purpose flour", 
        "white sugar", 
        "egg", 
        "white sugar", 
        "salt", 
        "brown sugar"
    ], 
    "smallImageUrls": [
        "http://i.yummly.com/Chocolate-Chip-Muffins-Allrecipes-49928.s.png"
    ], 
    "sourceDisplayName": "AllRecipes", 
    "recipeName": "Chocolate Chip Muffins", 
    "attributes": {
        "course": [
            "Breads", 
            "Breakfast and Brunch", 
            "Lunch and Snacks"
        ]
    }, 
    "id": "Chocolate-Chip-Muffins-Allrecipes"
}{
    "flavors": {
        "sweet": 1.0, 
        "sour": 0.6666666666666666, 
        "salty": 0.3333333333333333, 
        "piquant": 0.0, 
        "bitter": 0.16666666666666666, 
        "meaty": 0.3333333333333333
    }, 
    "rating": 4.63, 
    "totalTimeInSeconds": 0, 
    "ingredients": [
        "baking soda", 
        "milk", 
        "eggs", 
        "banana", 
        "all-purpose flour", 
        "white sugar", 
        "baking powder", 
        "ground cinnamon", 
        "margarine", 
        "salt"
    ], 
    "smallImageUrls": [
        "http://i.yummly.com/Jo-Jo_s-Favorite-Banana-Muffins-Allrecipes-75946.s.png"
    ], 
    "sourceDisplayName": "AllRecipes", 
    "recipeName": "Jo Jo's Favorite Banana Muffins", 
    "attributes": {
        "course": [
            "Breads", 
            "Breakfast and Brunch"
        ]
    }, 
    "id": "Jo-Jo_s-Favorite-Banana-Muffins-Allrecipes"
}{
    "flavors": {
        "sweet": 0.0, 
        "sour": 0.6666666666666666, 
        "salty": 0.16666666666666666, 
        "piquant": 0.0, 
        "bitter": 0.16666666666666666, 
        "meaty": 0.5
    }, 
    "rating": 3.96, 
    "totalTimeInSeconds": 2100.0, 
    "ingredients": [
        "salt", 
        "sugar", 
        "baking powder", 
        "vegetable oil", 
        "milk", 
        "all-purpose flour", 
        "miniature semisweet chocolate chips", 
        "egg"
    ], 
    "smallImageUrls": [
        "http://i.yummly.com/Chocolate-Chip-Muffins-Allrecipes_1-68759.s.png"
    ], 
    "sourceDisplayName": "AllRecipes", 
    "recipeName": "Chocolate Chip Muffins", 
    "attributes": {
        "course": [
            "Breads", 
            "Breakfast and Brunch", 
            "Lunch and Snacks"
        ]
    }, 
    "id": "Chocolate-Chip-Muffins-Allrecipes_1"
}{
    "flavors": {
        "sweet": 1.0, 
        "sour": 0.6666666666666666, 
        "salty": 0.6666666666666666, 
        "piquant": 0.0, 
        "bitter": 0.8333333333333334, 
        "meaty": 0.8333333333333334
    }, 
    "rating": 4.73, 
    "totalTimeInSeconds": 2700.0, 
    "ingredients": [
        "mashed bananas", 
        "granola", 
        "baking soda", 
        "eggs", 
        "vanilla extract", 
        "melted butter", 
        "shredded coconut", 
        "white sugar", 
        "baking powder", 
        "banana", 
        "all-purpose flour", 
        "milk", 
        "chopped walnuts", 
        "salt", 
        "chips"
    ], 
    "smallImageUrls": [
        "http://i.yummly.com/Banana-Muffins-With-A-Crunch-Allrecipes-78182.s.png"
    ], 
    "sourceDisplayName": "AllRecipes", 
    "recipeName": "Banana Muffins with a Crunch", 
    "attributes": {
        "course": [
            "Breads"
        ]
    }, 
    "id": "Banana-Muffins-With-A-Crunch-Allrecipes"
}{
    "flavors": {
        "sweet": 0.6666666666666666, 
        "sour": 0.6666666666666666, 
        "salty": 0.8333333333333334, 
        "piquant": 0.0, 
        "bitter": 0.3333333333333333, 
        "meaty": 0.5
    }, 
    "rating": 4.47, 
    "totalTimeInSeconds": 1800.0, 
    "ingredients": [
        "zucchini", 
        "ground cinnamon", 
        "unsweetened applesauce", 
        "apple juice", 
        "raisins", 
        "muffin mix", 
        "egg whites"
    ], 
    "smallImageUrls": [], 
    "sourceDisplayName": "Food Network", 
    "recipeName": "Moist Zucchini Bran Muffins", 
    "attributes": {
        "course": [
            "Breads"
        ]
    }, 
    "id": "Moist-Zucchini-Bran-Muffins-Food-Network"
}{
    "flavors": {
        "sweet": 1.0, 
        "sour": 0.5, 
        "salty": 0.5, 
        "piquant": 0.0, 
        "bitter": 0.6666666666666666, 
        "meaty": 0.6666666666666666
    }, 
    "rating": 4.67, 
    "totalTimeInSeconds": 3300.0, 
    "ingredients": [
        "vegetable oil", 
        "baking powder", 
        "plain yogurt", 
        "shredded zucchini", 
        "honey", 
        "salt", 
        "ground nutmeg", 
        "eggs", 
        "raisins", 
        "unsweetened applesauce", 
        "oat flour", 
        "all-purpose flour", 
        "wheat flour", 
        "chopped pecans", 
        "baking soda", 
        "ground cinnamon", 
        "vanilla extract", 
        "white sugar", 
        "shredded carrots"
    ], 
    "smallImageUrls": [
        "http://i.yummly.com/Zucchini-Yogurt-Multigrain-Muffins-Allrecipes-59697.s.png"
    ], 
    "sourceDisplayName": "AllRecipes", 
    "recipeName": "Zucchini Yogurt Multigrain Muffins", 
    "attributes": {
        "course": [
            "Breads"
        ]
    }, 
    "id": "Zucchini-Yogurt-Multigrain-Muffins-Allrecipes"
}{
    "flavors": {
        "sweet": 0.16666666666666666, 
        "sour": 0.6666666666666666, 
        "salty": 0.16666666666666666, 
        "piquant": 0.0, 
        "bitter": 0.3333333333333333, 
        "meaty": 0.6666666666666666
    }, 
    "rating": 4.47, 
    "totalTimeInSeconds": 2100.0, 
    "ingredients": [
        "lemon extract", 
        "milk", 
        "eggs", 
        "baking powder", 
        "all-purpose flour", 
        "sugar", 
        "vegetable oil", 
        "cranberries", 
        "salt", 
        "slivered almonds"
    ], 
    "smallImageUrls": [
        "http://i.yummly.com/Lemon-Cranberry-Muffins-Allrecipes-57369.s.png"
    ], 
    "sourceDisplayName": "AllRecipes", 
    "recipeName": "Lemon Cranberry Muffins", 
    "attributes": {
        "course": [
            "Breads"
        ]
    }, 
    "id": "Lemon-Cranberry-Muffins-Allrecipes"
}{
    "flavors": {
        "sweet": 1.0, 
        "sour": 0.6666666666666666, 
        "salty": 0.16666666666666666, 
        "piquant": 0.0, 
        "bitter": 0.16666666666666666, 
        "meaty": 0.3333333333333333
    }, 
    "rating": 4.22, 
    "totalTimeInSeconds": 2700.0, 
    "ingredients": [
        "vegetable oil", 
        "salt", 
        "ground cinnamon", 
        "ground cinnamon", 
        "egg", 
        "white sugar", 
        "all-purpose flour", 
        "apples", 
        "white sugar", 
        "butter", 
        "milk", 
        "all-purpose flour", 
        "baking powder"
    ], 
    "smallImageUrls": [
        "http://i2.yummly.com/Easy-Apple-Cinnamon-Muffins-Allrecipes.s.jpg", 
        "http://i.yummly.com/Easy-Apple-Cinnamon-Muffins-Allrecipes-73595.s.png"
    ], 
    "sourceDisplayName": "AllRecipes", 
    "recipeName": "Easy Apple Cinnamon Muffins", 
    "attributes": {
        "course": [
            "Breads", 
            "Breakfast and Brunch", 
            "Lunch and Snacks"
        ]
    }, 
    "id": "Easy-Apple-Cinnamon-Muffins-Allrecipes"
}{
    "flavors": {
        "sweet": 1.0, 
        "sour": 0.6666666666666666, 
        "salty": 0.16666666666666666, 
        "piquant": 0.0, 
        "bitter": 0.16666666666666666, 
        "meaty": 0.3333333333333333
    }, 
    "rating": 4.69, 
    "totalTimeInSeconds": 2700.0, 
    "ingredients": [
        "sliced apples", 
        "white sugar", 
        "salt", 
        "all-purpose flour", 
        "ground cinnamon", 
        "milk", 
        "all-purpose flour", 
        "white sugar", 
        "vanilla extract", 
        "walnuts", 
        "butter", 
        "baking powder", 
        "ground cinnamon", 
        "eggs", 
        "butter"
    ], 
    "smallImageUrls": [
        "http://i.yummly.com/Jumbo-Fluffy-Walnut-Apple-Muffins-Allrecipes-50598.s.png"
    ], 
    "sourceDisplayName": "AllRecipes", 
    "recipeName": "Jumbo Fluffy Walnut Apple Muffins", 
    "attributes": {
        "course": [
            "Breads"
        ]
    }, 
    "id": "Jumbo-Fluffy-Walnut-Apple-Muffins-Allrecipes"
}{
    "flavors": {
        "sweet": 1.0, 
        "sour": 0.6666666666666666, 
        "salty": 0.16666666666666666, 
        "piquant": 0.0, 
        "bitter": 0.16666666666666666, 
        "meaty": 0.3333333333333333
    }, 
    "rating": 3.95, 
    "totalTimeInSeconds": 2400.0, 
    "ingredients": [
        "eggs", 
        "margarine", 
        "salt", 
        "all-purpose flour", 
        "blueberries", 
        "all-purpose flour", 
        "white sugar", 
        "vanilla extract", 
        "baking powder", 
        "milk"
    ], 
    "smallImageUrls": [
        "http://i.yummly.com/Alienated-Blueberry-Muffins-Allrecipes-55685.s.png"
    ], 
    "sourceDisplayName": "AllRecipes", 
    "recipeName": "Alienated Blueberry Muffins", 
    "attributes": {
        "course": [
            "Breads"
        ]
    }, 
    "id": "Alienated-Blueberry-Muffins-Allrecipes"
}{
    "flavors": {
        "sweet": 0.6666666666666666, 
        "sour": 0.0, 
        "salty": 1.0, 
        "piquant": 0.0, 
        "bitter": 1.0, 
        "meaty": 1.0
    }, 
    "rating": 4.04, 
    "totalTimeInSeconds": 1500.0, 
    "ingredients": [
        "milk", 
        "corn kernels", 
        "corn", 
        "brown sugar", 
        "eggs", 
        "hot dogs"
    ], 
    "smallImageUrls": [
        "http://i.yummly.com/Corn-Dog-Muffins-Allrecipes_1-94954.s.png", 
        "http://i.yummly.com/Corn-Dog-Muffins-Allrecipes_1-94108.s.png"
    ], 
    "sourceDisplayName": "AllRecipes", 
    "recipeName": "Corn Dog Muffins", 
    "attributes": {
        "course": [
            "Lunch and Snacks"
        ]
    }, 
    "id": "Corn-Dog-Muffins-Allrecipes_1"
}{
    "flavors": {
        "sweet": 1.0, 
        "sour": 0.3333333333333333, 
        "salty": 0.5, 
        "piquant": 0.0, 
        "bitter": 0.3333333333333333, 
        "meaty": 0.5
    }, 
    "rating": 0.0, 
    "totalTimeInSeconds": 0, 
    "ingredients": [
        "dark brown sugar", 
        "nutmeg", 
        "unsalted butter", 
        "baking powder", 
        "whole wheat flour", 
        "dark brown sugar", 
        "unsalted butter", 
        "large eggs", 
        "rhubarb", 
        "granulated sugar", 
        "granulated sugar", 
        "all-purpose flour", 
        "whole wheat flour", 
        "salt", 
        "ground cinnamon", 
        "salt", 
        "all-purpose flour", 
        "sour cream", 
        "baking soda"
    ], 
    "smallImageUrls": [
        "http://i.yummly.com/Whole-wheat-rhubarb-streusel-muffins-305364-268822.s.jpg"
    ], 
    "sourceDisplayName": "Smitten Kitchen", 
    "recipeName": "Whole Wheat Rhubarb Streusel Muffins", 
    "attributes": {}, 
    "id": "Whole-wheat-rhubarb-streusel-muffins-305364"
}{
    "flavors": {
        "sweet": 0.0, 
        "sour": 0.6666666666666666, 
        "salty": 0.6666666666666666, 
        "piquant": 0.0, 
        "bitter": 0.5, 
        "meaty": 0.5
    }, 
    "rating": 4.5, 
    "totalTimeInSeconds": 1800.0, 
    "ingredients": [
        "baking soda", 
        "sugar", 
        "salt", 
        "mayonnaise", 
        "bananas", 
        "all-purpose flour", 
        "wheat flour"
    ], 
    "smallImageUrls": [
        "http://i.yummly.com/Banana-Wheat-Muffins-Allrecipes-95736.s.png", 
        "http://i.yummly.com/Banana-Wheat-Muffins-Allrecipes-94931.s.png"
    ], 
    "sourceDisplayName": "Taste of Home", 
    "recipeName": "Banana Wheat Muffins", 
    "attributes": {
        "course": [
            "Breads"
        ]
    }, 
    "id": "Banana-Wheat-Muffins-TasteOfHome"
}{
    "flavors": {
        "sweet": 0.8333333333333334, 
        "sour": 0.16666666666666666, 
        "salty": 0.6666666666666666, 
        "piquant": 0.0, 
        "bitter": 0.6666666666666666, 
        "meaty": 0.6666666666666666
    }, 
    "rating": 3.8, 
    "totalTimeInSeconds": 1860.0, 
    "ingredients": [
        "brown sugar", 
        "baking powder", 
        "vanilla extract", 
        "mashed bananas", 
        "baking soda", 
        "wheat flour", 
        "egg whites", 
        "ground cinnamon", 
        "blueberries"
    ], 
    "smallImageUrls": [
        "http://i.yummly.com/Banana-Blueberry-Muffins-Allrecipes-59376.s.png"
    ], 
    "sourceDisplayName": "AllRecipes", 
    "recipeName": "Banana Blueberry Muffins", 
    "attributes": {
        "course": [
            "Breads"
        ]
    }, 
    "id": "Banana-Blueberry-Muffins-Allrecipes"
}{
    "flavors": {
        "sweet": 0.3333333333333333, 
        "sour": 0.3333333333333333, 
        "salty": 0.5, 
        "piquant": 0.0, 
        "bitter": 0.16666666666666666, 
        "meaty": 0.16666666666666666
    }, 
    "rating": 4.75, 
    "totalTimeInSeconds": 1200.0, 
    "ingredients": [
        "salt", 
        "pastry flour", 
        "baking soda", 
        "agave nectar", 
        "soy milk", 
        "cornmeal", 
        "canola oil", 
        "applesauce"
    ], 
    "smallImageUrls": [
        "http://i2.yummly.com/Vegan-Agave-Cornbread-Muffins-Allrecipes.s.png", 
        "http://i.yummly.com/Vegan-Agave-Cornbread-Muffins-Allrecipes-85907.s.png", 
        "http://i.yummly.com/Vegan-Agave-Cornbread-Muffins-Allrecipes-85739.s.png"
    ], 
    "sourceDisplayName": "AllRecipes", 
    "recipeName": "Vegan Agave Cornbread Muffins", 
    "attributes": {
        "course": [
            "Breads"
        ]
    }, 
    "id": "Vegan-Agave-Cornbread-Muffins-Allrecipes"
}{
    "flavors": {
        "sweet": 0.8333333333333334, 
        "sour": 0.5, 
        "salty": 0.3333333333333333, 
        "piquant": 0.0, 
        "bitter": 0.16666666666666666, 
        "meaty": 0.5
    }, 
    "rating": 4.38, 
    "totalTimeInSeconds": 2400.0, 
    "ingredients": [
        "cornmeal", 
        "salt", 
        "beaten eggs", 
        "milk", 
        "baking powder", 
        "all-purpose flour", 
        "melted butter", 
        "brown sugar", 
        "blueberries"
    ], 
    "smallImageUrls": [
        "http://i.yummly.com/Blueberry-Cornmeal-Muffins-Allrecipes-56575.s.png"
    ], 
    "sourceDisplayName": "AllRecipes", 
    "recipeName": "Blueberry Cornmeal Muffins", 
    "attributes": {
        "course": [
            "Breads"
        ]
    }, 
    "id": "Blueberry-Cornmeal-Muffins-Allrecipes"
}{
    "flavors": {
        "sweet": 0.16666666666666666, 
        "sour": 0.6666666666666666, 
        "salty": 0.6666666666666666, 
        "piquant": 0.0, 
        "bitter": 0.16666666666666666, 
        "meaty": 0.6666666666666666
    }, 
    "rating": 4.55, 
    "totalTimeInSeconds": 1800.0, 
    "ingredients": [
        "baking soda", 
        "salt", 
        "vegetable oil", 
        "sugar", 
        "eggs", 
        "all-purpose flour", 
        "canned pumpkin", 
        "pumpkin pie spice", 
        "cranberries"
    ], 
    "smallImageUrls": [
        "http://i.yummly.com/Cranberry-Pumpkin-Muffins-Allrecipes_1-54241.s.png"
    ], 
    "sourceDisplayName": "AllRecipes", 
    "recipeName": "Cranberry Pumpkin Muffins", 
    "attributes": {
        "course": [
            "Breads"
        ], 
        "holiday": [
            "Thanksgiving"
        ]
    }, 
    "id": "Cranberry-Pumpkin-Muffins-Allrecipes_1"
}{
    "flavors": {
        "sweet": 0.5, 
        "sour": 0.6666666666666666, 
        "salty": 0.16666666666666666, 
        "piquant": 0.0, 
        "bitter": 0.8333333333333334, 
        "meaty": 0.6666666666666666
    }, 
    "rating": 4.44, 
    "totalTimeInSeconds": 2100.0, 
    "ingredients": [
        "sugar", 
        "sour cream", 
        "peaches", 
        "all-purpose flour", 
        "vanilla extract", 
        "butter", 
        "baking powder", 
        "egg", 
        "chopped pecans"
    ], 
    "smallImageUrls": [
        "http://i.yummly.com/Peach-Muffins-Allrecipes-72221.s.png"
    ], 
    "sourceDisplayName": "AllRecipes", 
    "recipeName": "Peach Muffins", 
    "attributes": {
        "course": [
            "Breads", 
            "Breakfast and Brunch"
        ], 
        "cuisine": [
            "American"
        ]
    }, 
    "id": "Peach-Muffins-Allrecipes"
}{
    "flavors": {
        "sweet": 0.3333333333333333, 
        "sour": 0.3333333333333333, 
        "salty": 0.6666666666666666, 
        "piquant": 0.0, 
        "bitter": 0.6666666666666666, 
        "meaty": 0.8333333333333334
    }, 
    "rating": 4.44, 
    "totalTimeInSeconds": 1200.0, 
    "ingredients": [
        "shredded cheddar cheese", 
        "vegetable oil", 
        "english muffins", 
        "eggs", 
        "green onion", 
        "sausage"
    ], 
    "smallImageUrls": [
        "http://i.yummly.com/Muffin-Morning-Makers-Allrecipes-74529.s.png"
    ], 
    "sourceDisplayName": "AllRecipes", 
    "recipeName": "Muffin Morning Makers", 
    "attributes": {
        "course": [
            "Breakfast and Brunch"
        ]
    }, 
    "id": "Muffin-Morning-Makers-Allrecipes"
}{
    "flavors": {
        "sweet": 0.8333333333333334, 
        "sour": 0.8333333333333334, 
        "salty": 0.16666666666666666, 
        "piquant": 0.0, 
        "bitter": 0.16666666666666666, 
        "meaty": 0.3333333333333333
    }, 
    "rating": 4.0, 
    "totalTimeInSeconds": 0, 
    "ingredients": [
        "salt", 
        "white sugar", 
        "baking powder", 
        "egg", 
        "vegetable oil", 
        "all-purpose flour", 
        "orange zest", 
        "orange juice"
    ], 
    "smallImageUrls": [
        "http://i.yummly.com/Orange-Muffins-Allrecipes-49925.s.png"
    ], 
    "sourceDisplayName": "AllRecipes", 
    "recipeName": "Orange Muffins", 
    "attributes": {
        "course": [
            "Breads", 
            "Breakfast and Brunch"
        ]
    }, 
    "id": "Orange-Muffins-Allrecipes"
}{
    "flavors": {
        "sweet": 1.0, 
        "sour": 0.5, 
        "salty": 0.16666666666666666, 
        "piquant": 0.0, 
        "bitter": 0.16666666666666666, 
        "meaty": 0.3333333333333333
    }, 
    "rating": 4.1, 
    "totalTimeInSeconds": 1800.0, 
    "ingredients": [
        "milk", 
        "salt", 
        "baking powder", 
        "egg", 
        "shortening", 
        "white sugar", 
        "ground cinnamon", 
        "white sugar", 
        "all-purpose flour", 
        "ground cinnamon"
    ], 
    "smallImageUrls": [
        "http://i.yummly.com/Doughnut-Muffins-Allrecipes-79764.s.png", 
        "http://i.yummly.com/Doughnut-Muffins-Allrecipes-79755.s.png"
    ], 
    "sourceDisplayName": "AllRecipes", 
    "recipeName": "Doughnut Muffins", 
    "attributes": {
        "course": [
            "Breads", 
            "Breakfast and Brunch", 
            "Lunch and Snacks"
        ]
    }, 
    "id": "Doughnut-Muffins-Allrecipes"
}{
    "flavors": {
        "sweet": 1.0, 
        "sour": 0.3333333333333333, 
        "salty": 0.6666666666666666, 
        "piquant": 0.0, 
        "bitter": 1.0, 
        "meaty": 0.8333333333333334
    }, 
    "rating": 4.77, 
    "totalTimeInSeconds": 2400.0, 
    "ingredients": [
        "baking soda", 
        "brown sugar", 
        "sour cream", 
        "salt", 
        "banana", 
        "softened butter", 
        "baking powder", 
        "all-purpose flour", 
        "vanilla extract", 
        "rolled oats", 
        "butter", 
        "eggs", 
        "rolled oats", 
        "chopped walnuts", 
        "rolled oats", 
        "ground cinnamon", 
        "chopped walnuts", 
        "white sugar", 
        "ground cinnamon"
    ], 
    "smallImageUrls": [
        "http://i2.yummly.com/Banana-Oat-Muffins-Allrecipes.s.jpg", 
        "http://i.yummly.com/Banana-Oat-Muffins-Allrecipes-68411.s.png"
    ], 
    "sourceDisplayName": "AllRecipes", 
    "recipeName": "Banana Oat Muffins", 
    "attributes": {
        "course": [
            "Breads", 
            "Breakfast and Brunch"
        ]
    }, 
    "id": "Banana-Oat-Muffins-Allrecipes"
}{
    "flavors": {
        "sweet": 0.3333333333333333, 
        "sour": 0.3333333333333333, 
        "salty": 0.8333333333333334, 
        "piquant": 0.0, 
        "bitter": 0.6666666666666666, 
        "meaty": 0.8333333333333334
    }, 
    "rating": 4.44, 
    "totalTimeInSeconds": 1200.0, 
    "ingredients": [
        "black pepper", 
        "english muffin", 
        "mayonnaise", 
        "shredded cheddar cheese", 
        "green onions", 
        "salt", 
        "garlic salt"
    ], 
    "smallImageUrls": [
        "http://i.yummly.com/English-Muffin-Hors-d_Oeuvres-AllRecipes-53615.s.png"
    ], 
    "sourceDisplayName": "AllRecipes", 
    "recipeName": "English Muffin Hors d'Oeuvres", 
    "attributes": {
        "course": [
            "Appetizers"
        ]
    }, 
    "id": "English-Muffin-Hors-d_Oeuvres-AllRecipes"
}{
    "flavors": {
        "sweet": 1.0, 
        "sour": 1.0, 
        "salty": 1.0, 
        "piquant": 0.0, 
        "bitter": 0.8333333333333334, 
        "meaty": 0.5
    }, 
    "rating": 4.56, 
    "totalTimeInSeconds": 3600.0, 
    "ingredients": [
        "salt", 
        "white sugar", 
        "buttermilk", 
        "all-purpose flour", 
        "shortening", 
        "bran flakes", 
        "beaten eggs", 
        "baking soda"
    ], 
    "smallImageUrls": [
        "http://i.yummly.com/Bran-Muffins-Ii-Allrecipes-56101.s.png"
    ], 
    "sourceDisplayName": "AllRecipes", 
    "recipeName": "Bran Muffins II", 
    "attributes": {
        "course": [
            "Breads"
        ]
    }, 
    "id": "Bran-Muffins-Ii-Allrecipes"
}{
    "flavors": {
        "sweet": 0.8333333333333334, 
        "sour": 0.6666666666666666, 
        "salty": 0.6666666666666666, 
        "piquant": 0.0, 
        "bitter": 0.8333333333333334, 
        "meaty": 0.6666666666666666
    }, 
    "rating": 4.54, 
    "totalTimeInSeconds": 1800.0, 
    "ingredients": [
        "cocoa", 
        "salt", 
        "milk", 
        "sour cream", 
        "vanilla extract", 
        "sugar", 
        "baking soda", 
        "all-purpose flour", 
        "eggs", 
        "semisweet chocolate chips", 
        "vegetable oil", 
        "water"
    ], 
    "smallImageUrls": [
        "http://i.yummly.com/Chocolate-Muffins-Allrecipes-1.s.jpg", 
        "http://i.yummly.com/Chocolate-Muffins-Allrecipes-75434.s.png"
    ], 
    "sourceDisplayName": "Taste of Home", 
    "recipeName": "Chocolate Muffins", 
    "attributes": {
        "course": [
            "Breads", 
            "Breakfast and Brunch"
        ]
    }, 
    "id": "Chocolate-Muffins-TasteOfHome"
}{
    "flavors": {
        "sweet": 0.8333333333333334, 
        "sour": 0.6666666666666666, 
        "salty": 0.5, 
        "piquant": 0.0, 
        "bitter": 1.0, 
        "meaty": 0.6666666666666666
    }, 
    "rating": 4.48, 
    "totalTimeInSeconds": 2400.0, 
    "ingredients": [
        "eggs", 
        "vanilla extract", 
        "sugar", 
        "semisweet chocolate chips", 
        "all-purpose flour", 
        "mashed banana", 
        "baking soda", 
        "sour cream", 
        "softened butter", 
        "baking powder"
    ], 
    "smallImageUrls": [
        "http://i.yummly.com/Oh-My-Gosh-Muffins-Allrecipes-57029.s.png"
    ], 
    "sourceDisplayName": "AllRecipes", 
    "recipeName": "Oh My Gosh Muffins", 
    "attributes": {
        "course": [
            "Breads"
        ]
    }, 
    "id": "Oh-My-Gosh-Muffins-Allrecipes"
}{
    "flavors": {
        "sweet": 0.8333333333333334, 
        "sour": 0.6666666666666666, 
        "salty": 0.16666666666666666, 
        "piquant": 0.0, 
        "bitter": 0.16666666666666666, 
        "meaty": 0.5
    }, 
    "rating": 4.0, 
    "totalTimeInSeconds": 0, 
    "ingredients": [
        "beaten eggs", 
        "salt", 
        "fruit flavoring", 
        "all-purpose flour", 
        "vegetable oil", 
        "baking powder", 
        "milk", 
        "white sugar"
    ], 
    "smallImageUrls": [
        "http://i.yummly.com/Jam-Muffins-Allrecipes-75982.s.png"
    ], 
    "sourceDisplayName": "AllRecipes", 
    "recipeName": "Jam Muffins", 
    "attributes": {
        "course": [
            "Breads", 
            "Breakfast and Brunch", 
            "Lunch and Snacks"
        ]
    }, 
    "id": "Jam-Muffins-Allrecipes"
}{
    "flavors": {
        "sweet": 0.8333333333333334, 
        "sour": 0.16666666666666666, 
        "salty": 0.5, 
        "piquant": 0.0, 
        "bitter": 0.6666666666666666, 
        "meaty": 0.5
    }, 
    "rating": 4.38, 
    "totalTimeInSeconds": 2100.0, 
    "ingredients": [
        "mashed bananas", 
        "vegetable oil", 
        "unsweetened applesauce", 
        "strawberries", 
        "wheat flour", 
        "brown sugar", 
        "ground cinnamon", 
        "vanilla extract", 
        "eggs", 
        "baking soda"
    ], 
    "smallImageUrls": [
        "http://i.yummly.com/Mimi_s-Giant-Whole_wheat-Banana_strawberry-Muffins-Allrecipes-65751.s.png"
    ], 
    "sourceDisplayName": "AllRecipes", 
    "recipeName": "Mimi's Giant Whole-Wheat Banana-Strawberry Muffins", 
    "attributes": {
        "course": [
            "Breads", 
            "Breakfast and Brunch"
        ]
    }, 
    "id": "Mimi_s-Giant-Whole_wheat-Banana_strawberry-Muffins-Allrecipes"
}{
    "flavors": {
        "sweet": 1.0, 
        "sour": 0.5, 
        "salty": 0.3333333333333333, 
        "piquant": 0.0, 
        "bitter": 0.6666666666666666, 
        "meaty": 0.5
    }, 
    "rating": 4.36, 
    "totalTimeInSeconds": 2100.0, 
    "ingredients": [
        "mashed bananas", 
        "baking soda", 
        "baking powder", 
        "chopped walnuts", 
        "white sugar", 
        "salt", 
        "lemon zest", 
        "egg whites", 
        "all-purpose flour", 
        "vegetable oil"
    ], 
    "smallImageUrls": [
        "http://i2.yummly.com/Banana-Nut-Muffins-Allrecipes-1.s.png", 
        "http://i.yummly.com/Banana-Nut-Muffins-Allrecipes-62040.s.png"
    ], 
    "sourceDisplayName": "AllRecipes", 
    "recipeName": "Banana Nut Muffins", 
    "attributes": {
        "course": [
            "Breads", 
            "Breakfast and Brunch", 
            "Lunch and Snacks"
        ]
    }, 
    "id": "Banana-Nut-Muffins-Allrecipes"
}{
    "flavors": {
        "sweet": 1.0, 
        "sour": 0.6666666666666666, 
        "salty": 0.3333333333333333, 
        "piquant": 0.0, 
        "bitter": 0.16666666666666666, 
        "meaty": 0.5
    }, 
    "rating": 4.46, 
    "totalTimeInSeconds": 3000.0, 
    "ingredients": [
        "milk", 
        "eggs", 
        "blueberries", 
        "white sugar", 
        "baking powder", 
        "all-purpose flour", 
        "butter", 
        "ground cinnamon", 
        "all-purpose flour", 
        "brown sugar", 
        "salt", 
        "vanilla extract", 
        "softened butter"
    ], 
    "smallImageUrls": [
        "http://i.yummly.com/Blueberry-Streusel-Muffins-Allrecipes-68417.s.png"
    ], 
    "sourceDisplayName": "AllRecipes", 
    "recipeName": "Blueberry Streusel Muffins", 
    "attributes": {
        "course": [
            "Breads", 
            "Breakfast and Brunch"
        ]
    }, 
    "id": "Blueberry-Streusel-Muffins-Allrecipes"
}{
    "flavors": {
        "sweet": 0.16666666666666666, 
        "sour": 0.0, 
        "salty": 0.6666666666666666, 
        "piquant": 0.0, 
        "bitter": 0.5, 
        "meaty": 0.8333333333333334
    }, 
    "rating": 4.53, 
    "totalTimeInSeconds": 2400.0, 
    "ingredients": [
        "shredded cheddar cheese", 
        "water", 
        "pork sausage", 
        "condensed cheddar cheese soup"
    ], 
    "smallImageUrls": [
        "http://i.yummly.com/Cheddar-Sausage-Muffins-Allrecipes-96372.s.png", 
        "http://i.yummly.com/Cheddar-Sausage-Muffins-Allrecipes-95516.s.png"
    ], 
    "sourceDisplayName": "Taste of Home", 
    "recipeName": "Cheddar Sausage Muffins", 
    "attributes": {
        "course": [
            "Breads", 
            "Breakfast and Brunch"
        ]
    }, 
    "id": "Cheddar-Sausage-Muffins-TasteOfHome"
}{
    "flavors": {
        "sweet": 0.16666666666666666, 
        "sour": 0.8333333333333334, 
        "salty": 0.5, 
        "piquant": 0.0, 
        "bitter": 0.16666666666666666, 
        "meaty": 0.6666666666666666
    }, 
    "rating": 4.73, 
    "totalTimeInSeconds": 0, 
    "ingredients": [
        "vegetable oil", 
        "pumpkin pie spice", 
        "apples", 
        "sugar", 
        "eggs", 
        "salt", 
        "butter", 
        "ground cinnamon", 
        "sugar", 
        "all-purpose flour", 
        "pumpkin", 
        "baking soda", 
        "all-purpose flour"
    ], 
    "smallImageUrls": [
        "http://i.yummly.com/Apple-Pumpkin-Muffins-Allrecipes_1-95691.s.png", 
        "http://i.yummly.com/Apple-Pumpkin-Muffins-Allrecipes_1-94870.s.png"
    ], 
    "sourceDisplayName": "Taste of Home", 
    "recipeName": "Apple Pumpkin Muffins", 
    "attributes": {
        "course": [
            "Breads"
        ]
    }, 
    "id": "Apple-Pumpkin-Muffins-TasteOfHome_1"
}{
    "flavors": {
        "sweet": 0.3333333333333333, 
        "sour": 0.6666666666666666, 
        "salty": 0.3333333333333333, 
        "piquant": 0.0, 
        "bitter": 0.16666666666666666, 
        "meaty": 0.6666666666666666
    }, 
    "rating": 4.82, 
    "totalTimeInSeconds": 2220.0, 
    "ingredients": [
        "large eggs", 
        "unsalted butter", 
        "all-purpose flour", 
        "baking soda", 
        "milk", 
        "baking powder", 
        "sour cream", 
        "kosher salt", 
        "blueberries", 
        "pure vanilla extract", 
        "sugar"
    ], 
    "smallImageUrls": [], 
    "sourceDisplayName": "Food Network", 
    "recipeName": "Blueberry Coffee Cake Muffins", 
    "attributes": {
        "course": [
            "Breads", 
            "Breakfast and Brunch"
        ], 
        "cuisine": [
            "American"
        ]
    }, 
    "id": "Blueberry-Coffee-Cake-Muffins-Food-Network"
}{
    "flavors": {
        "sweet": 1.0, 
        "sour": 0.5, 
        "salty": 0.5, 
        "piquant": 0.0, 
        "bitter": 0.3333333333333333, 
        "meaty": 0.5
    }, 
    "rating": 4.65, 
    "totalTimeInSeconds": 2100.0, 
    "ingredients": [
        "vanilla yogurt", 
        "ground cinnamon", 
        "rhubarb", 
        "brown sugar", 
        "vegetable oil", 
        "melted butter", 
        "all-purpose flour", 
        "melted butter", 
        "egg", 
        "brown sugar", 
        "baking soda", 
        "sliced almonds", 
        "salt", 
        "ground nutmeg"
    ], 
    "smallImageUrls": [
        "http://i.yummly.com/Rhubarb-Muffins-Allrecipes-59387.s.png"
    ], 
    "sourceDisplayName": "AllRecipes", 
    "recipeName": "Rhubarb Muffins", 
    "attributes": {
        "course": [
            "Breads", 
            "Breakfast and Brunch", 
            "Lunch and Snacks"
        ]
    }, 
    "id": "Rhubarb-Muffins-Allrecipes"
}{
    "flavors": {
        "sweet": 1.0, 
        "sour": 1.0, 
        "salty": 1.0, 
        "piquant": 0.0, 
        "bitter": 0.5, 
        "meaty": 0.5
    }, 
    "rating": 4.73, 
    "totalTimeInSeconds": 0, 
    "ingredients": [
        "buttermilk", 
        "shortening", 
        "bran cereal", 
        "bran cereal", 
        "all-purpose flour", 
        "white sugar", 
        "salt", 
        "eggs", 
        "boiling water", 
        "baking soda"
    ], 
    "smallImageUrls": [
        "http://i.yummly.com/Six-Week-Bran-Muffins-Allrecipes-55867.s.png"
    ], 
    "sourceDisplayName": "AllRecipes", 
    "recipeName": "Six Week Bran Muffins", 
    "attributes": {
        "course": [
            "Breads", 
            "Breakfast and Brunch"
        ]
    }, 
    "id": "Six-Week-Bran-Muffins-Allrecipes"
}{
    "flavors": {
        "sweet": 1.0, 
        "sour": 0.5, 
        "salty": 0.5, 
        "piquant": 0.0, 
        "bitter": 0.16666666666666666, 
        "meaty": 0.5
    }, 
    "rating": 4.56, 
    "totalTimeInSeconds": 1800.0, 
    "ingredients": [
        "salt", 
        "all-purpose flour", 
        "boiling water", 
        "egg", 
        "melted butter", 
        "white sugar", 
        "buttermilk", 
        "baking soda", 
        "dried apricots", 
        "vegetable oil"
    ], 
    "smallImageUrls": [
        "http://i.yummly.com/Apricot-Muffins-Allrecipes-51524.s.png"
    ], 
    "sourceDisplayName": "AllRecipes", 
    "recipeName": "Apricot Muffins", 
    "attributes": {
        "course": [
            "Breads", 
            "Breakfast and Brunch"
        ]
    }, 
    "id": "Apricot-Muffins-Allrecipes"
}{
    "flavors": {
        "sweet": 1.0, 
        "sour": 0.6666666666666666, 
        "salty": 0.3333333333333333, 
        "piquant": 0.0, 
        "bitter": 0.8333333333333334, 
        "meaty": 0.8333333333333334
    }, 
    "rating": 0.0, 
    "totalTimeInSeconds": 3000.0, 
    "ingredients": [
        "salt", 
        "rolled oats", 
        "large eggs", 
        "chopped pecans", 
        "ground pecans", 
        "all-purpose flour", 
        "hand", 
        "vanilla extract", 
        "granulated sugar", 
        "milk", 
        "baking powder", 
        "unsalted butter", 
        "granulated sugar"
    ], 
    "smallImageUrls": [
        "http://i.yummly.com/Blueberry-pecan-muffins-recipe-302537-170883.s.jpg"
    ], 
    "sourceDisplayName": "Leite's Culinaria", 
    "recipeName": "Blueberry-Pecan Muffins Recipe", 
    "attributes": {
        "course": [
            "Breads", 
            "Breakfast and Brunch"
        ]
    }, 
    "id": "Blueberry-pecan-muffins-recipe-302537"
}{
    "flavors": null, 
    "rating": 0.0, 
    "totalTimeInSeconds": 2400.0, 
    "ingredients": [
        "low-fat butter", 
        "nonfat milk", 
        "all-purpose flour", 
        "splenda", 
        "salt", 
        "baking powder", 
        "egg beaters egg substitute"
    ], 
    "smallImageUrls": [], 
    "recipeName": "muffins", 
    "attributes": {
        "course": [
            "Breads"
        ]
    }, 
    "id": "muffins-kwoodi1-37228"
}{
    "flavors": {
        "sweet": 0.3333333333333333, 
        "sour": 0.16666666666666666, 
        "salty": 0.16666666666666666, 
        "piquant": 0.0, 
        "bitter": 0.16666666666666666, 
        "meaty": 0.16666666666666666
    }, 
    "rating": 0.0, 
    "totalTimeInSeconds": 3300.0, 
    "ingredients": [
        "ground cinnamon", 
        "buttermilk", 
        "spelt flour", 
        "oat bran", 
        "dark brown sugar", 
        "dark brown sugar", 
        "granulated sugar", 
        "all-purpose flour", 
        "ground allspice", 
        "oat bran", 
        "unsalted butter", 
        "carrot", 
        "baking soda", 
        "unsalted butter", 
        "kosher salt", 
        "butter", 
        "spelt flour", 
        "baking powder", 
        "large eggs", 
        "sugar", 
        "kosher salt"
    ], 
    "smallImageUrls": [
        "http://i.yummly.com/Carrot-Muffins-Recipe-Leite_s-Culinaria-41054-8535.s.png", 
        "http://i.yummly.com/Carrot-Muffins-Recipe-Leite_s-Culinaria-41054-3607.s.jpg", 
        "http://i.yummly.com/carrot-muffins.s.jpg"
    ], 
    "sourceDisplayName": "Leite's Culinaria", 
    "recipeName": "Carrot Muffins Recipe", 
    "attributes": {
        "course": [
            "Breads"
        ]
    }, 
    "id": "Carrot-Muffins-Recipe-Leite_s-Culinaria-41054"
}{
    "flavors": {
        "sweet": 0.8333333333333334, 
        "sour": 0.5, 
        "salty": 0.8333333333333334, 
        "piquant": 0.0, 
        "bitter": 0.6666666666666666, 
        "meaty": 0.6666666666666666
    }, 
    "rating": 4.4, 
    "totalTimeInSeconds": 0, 
    "ingredients": [
        "applesauce", 
        "baking soda", 
        "eggs", 
        "vegetable oil", 
        "dark brown sugar", 
        "all-purpose flour", 
        "baking powder", 
        "salt", 
        "oat bran"
    ], 
    "smallImageUrls": [
        "http://i.yummly.com/Oat-Bran-Muffins-Allrecipes-50073.s.png"
    ], 
    "sourceDisplayName": "AllRecipes", 
    "recipeName": "Oat Bran Muffins", 
    "attributes": {
        "course": [
            "Breads", 
            "Breakfast and Brunch", 
            "Lunch and Snacks"
        ]
    }, 
    "id": "Oat-Bran-Muffins-Allrecipes"
}{
    "flavors": {
        "sweet": 0.16666666666666666, 
        "sour": 0.16666666666666666, 
        "salty": 0.16666666666666666, 
        "piquant": 0.0, 
        "bitter": 0.16666666666666666, 
        "meaty": 0.16666666666666666
    }, 
    "rating": 4.8, 
    "totalTimeInSeconds": 1200.0, 
    "ingredients": [
        "american cheese slices", 
        "english muffins", 
        "butter", 
        "canadian bacon", 
        "eggs"
    ], 
    "smallImageUrls": [
        "http://i.yummly.com/Mommy-Mc-Muffins-_-_-Food_com-149170-209966.s.jpg"
    ], 
    "sourceDisplayName": "Food.com", 
    "recipeName": "Mommy Mc Muffins : )", 
    "attributes": {
        "course": [
            "Breads", 
            "Breakfast and Brunch", 
            "Lunch and Snacks"
        ]
    }, 
    "id": "Mommy-Mc-Muffins-_-_-Food_com-149170"
}{
    "flavors": {
        "sweet": 0.16666666666666666, 
        "sour": 0.5, 
        "salty": 0.6666666666666666, 
        "piquant": 0.0, 
        "bitter": 0.5, 
        "meaty": 0.5
    }, 
    "rating": 4.5, 
    "totalTimeInSeconds": 1380.0, 
    "ingredients": [
        "banana", 
        "baking soda", 
        "egg whites", 
        "applesauce", 
        "all-purpose flour", 
        "granular sucrolose sweetener", 
        "baking powder", 
        "ground cinnamon", 
        "wheat flour"
    ], 
    "smallImageUrls": [
        "http://i.yummly.com/Dietetic-Banana-Nut-Muffins-Allrecipes-51895.s.png"
    ], 
    "sourceDisplayName": "AllRecipes", 
    "recipeName": "Dietetic Banana Nut Muffins", 
    "attributes": {
        "course": [
            "Breads"
        ]
    }, 
    "id": "Dietetic-Banana-Nut-Muffins-Allrecipes"
}{
    "flavors": {
        "sweet": 1.0, 
        "sour": 0.5, 
        "salty": 0.3333333333333333, 
        "piquant": 0.0, 
        "bitter": 1.0, 
        "meaty": 0.6666666666666666
    }, 
    "rating": 4.29, 
    "totalTimeInSeconds": 2400.0, 
    "ingredients": [
        "all-purpose flour", 
        "semisweet chocolate chips", 
        "vegetable oil", 
        "vanilla extract", 
        "white sugar", 
        "white sugar", 
        "baking powder", 
        "unsweetened cocoa powder", 
        "baking soda", 
        "salt", 
        "milk", 
        "almonds", 
        "egg", 
        "chopped walnuts"
    ], 
    "smallImageUrls": [
        "http://i2.yummly.com/Chocolate-Chocolate-Chip-Nut-Muffins-Allrecipes.s.png", 
        "http://i.yummly.com/Chocolate-Chocolate-Chip-Nut-Muffins-Allrecipes-80756.s.png", 
        "http://i.yummly.com/Chocolate-Chocolate-Chip-Nut-Muffins-Allrecipes-80676.s.png"
    ], 
    "sourceDisplayName": "AllRecipes", 
    "recipeName": "Chocolate Chocolate Chip Nut Muffins", 
    "attributes": {
        "course": [
            "Breads", 
            "Breakfast and Brunch"
        ]
    }, 
    "id": "Chocolate-Chocolate-Chip-Nut-Muffins-Allrecipes"
}{
    "flavors": {
        "sweet": 1.0, 
        "sour": 0.6666666666666666, 
        "salty": 0.3333333333333333, 
        "piquant": 0.0, 
        "bitter": 0.16666666666666666, 
        "meaty": 0.3333333333333333
    }, 
    "rating": 4.54, 
    "totalTimeInSeconds": 0, 
    "ingredients": [
        "baking soda", 
        "ground cinnamon", 
        "baking powder", 
        "applesauce", 
        "margarine", 
        "eggs", 
        "all-purpose flour", 
        "ground allspice", 
        "white sugar"
    ], 
    "smallImageUrls": [
        "http://i.yummly.com/Delightful-Apple-Spice-Muffins-Allrecipes-75978.s.png"
    ], 
    "sourceDisplayName": "AllRecipes", 
    "recipeName": "Delightful Apple Spice Muffins", 
    "attributes": {
        "course": [
            "Breads"
        ]
    }, 
    "id": "Delightful-Apple-Spice-Muffins-Allrecipes"
}{
    "flavors": {
        "sweet": 0.16666666666666666, 
        "sour": 0.6666666666666666, 
        "salty": 0.16666666666666666, 
        "piquant": 0.0, 
        "bitter": 0.16666666666666666, 
        "meaty": 0.5
    }, 
    "rating": 3.83, 
    "totalTimeInSeconds": 4500.0, 
    "ingredients": [
        "unsalted butter", 
        "all-purpose flour", 
        "egg", 
        "lemon zest", 
        "cinnamon", 
        "salt", 
        "muffin", 
        "confectioners sugar", 
        "almond extract", 
        "raspberry jam", 
        "milk", 
        "baking powder", 
        "sugar"
    ], 
    "smallImageUrls": [
        "http://i.yummly.com/Linzer-Muffins-Epicurious-44120.s.png"
    ], 
    "sourceDisplayName": "Epicurious", 
    "recipeName": "Linzer Muffins", 
    "attributes": {
        "course": [
            "Breads"
        ], 
        "cuisine": [
            "American"
        ]
    }, 
    "id": "Linzer-Muffins-Epicurious"
}{
    "flavors": {
        "sweet": 1.0, 
        "sour": 0.16666666666666666, 
        "salty": 0.5, 
        "piquant": 0.0, 
        "bitter": 1.0, 
        "meaty": 0.6666666666666666
    }, 
    "rating": 4.63, 
    "totalTimeInSeconds": 2700.0, 
    "ingredients": [
        "miniature semisweet chocolate chips", 
        "wheat germ", 
        "low-fat buttermilk", 
        "flax seed", 
        "cocoa powder", 
        "baking powder", 
        "vanilla extract", 
        "egg", 
        "pumpkin puree", 
        "brown sugar", 
        "ground cinnamon", 
        "baking soda", 
        "wheat flour"
    ], 
    "smallImageUrls": [
        "http://i.yummly.com/Irresistible-Double-Chocolate-Muffins-Allrecipes-54932.s.png"
    ], 
    "sourceDisplayName": "AllRecipes", 
    "recipeName": "Irresistible Double Chocolate Muffins", 
    "attributes": {
        "course": [
            "Breads", 
            "Breakfast and Brunch"
        ]
    }, 
    "id": "Irresistible-Double-Chocolate-Muffins-Allrecipes"
}{
    "flavors": {
        "sweet": 0.6666666666666666, 
        "sour": 0.5, 
        "salty": 1.0, 
        "piquant": 0.0, 
        "bitter": 0.8333333333333334, 
        "meaty": 0.5
    }, 
    "rating": 4.65, 
    "totalTimeInSeconds": 0, 
    "ingredients": [
        "muffin mix", 
        "corn kernels", 
        "eggs", 
        "sour cream", 
        "butter", 
        "cream style corn"
    ], 
    "smallImageUrls": [
        "http://i.yummly.com/Baked-Corn-Allrecipes-73443.s.png"
    ], 
    "sourceDisplayName": "AllRecipes", 
    "recipeName": "Baked Corn", 
    "attributes": {
        "course": [
            "Side Dishes"
        ]
    }, 
    "id": "Baked-Corn-Allrecipes"
}{
    "flavors": {
        "sweet": 0.8333333333333334, 
        "sour": 0.8333333333333334, 
        "salty": 0.16666666666666666, 
        "piquant": 0.0, 
        "bitter": 0.16666666666666666, 
        "meaty": 0.5
    }, 
    "rating": 4.46, 
    "totalTimeInSeconds": 2700.0, 
    "ingredients": [
        "all-purpose flour", 
        "baking powder", 
        "beaten eggs", 
        "baking soda", 
        "white sugar", 
        "orange juice", 
        "white sugar", 
        "quick cooking oats", 
        "salt", 
        "ground cinnamon", 
        "blueberries", 
        "vegetable oil"
    ], 
    "smallImageUrls": [
        "http://i.yummly.com/Blueberry-Oat-Muffins-Allrecipes-51881.s.png"
    ], 
    "sourceDisplayName": "AllRecipes", 
    "recipeName": "Blueberry Oat Muffins", 
    "attributes": {
        "course": [
            "Breads", 
            "Breakfast and Brunch"
        ]
    }, 
    "id": "Blueberry-Oat-Muffins-Allrecipes"
}{
    "flavors": {
        "sweet": 1.0, 
        "sour": 0.8333333333333334, 
        "salty": 0.5, 
        "piquant": 0.0, 
        "bitter": 0.6666666666666666, 
        "meaty": 0.5
    }, 
    "rating": 4.19, 
    "totalTimeInSeconds": 2400.0, 
    "ingredients": [
        "melted butter", 
        "baking soda", 
        "eggs", 
        "baking powder", 
        "orange zest", 
        "white sugar", 
        "ground cinnamon", 
        "brown sugar", 
        "ground walnuts", 
        "melted butter", 
        "orange juice", 
        "salt", 
        "all-purpose flour"
    ], 
    "smallImageUrls": [
        "http://i.yummly.com/Orange-Muffins-Allrecipes_1-49569.s.png"
    ], 
    "sourceDisplayName": "AllRecipes", 
    "recipeName": "Orange Muffins", 
    "attributes": {
        "course": [
            "Breads", 
            "Breakfast and Brunch"
        ]
    }, 
    "id": "Orange-Muffins-Allrecipes_1"
}{
    "flavors": {
        "sweet": 0.8333333333333334, 
        "sour": 0.8333333333333334, 
        "salty": 0.6666666666666666, 
        "piquant": 0.0, 
        "bitter": 0.8333333333333334, 
        "meaty": 0.6666666666666666
    }, 
    "rating": 4.83, 
    "totalTimeInSeconds": 1500.0, 
    "ingredients": [
        "brown sugar", 
        "oat bran", 
        "ground cinnamon", 
        "ground nutmeg", 
        "all-purpose flour", 
        "sugar", 
        "orange juice", 
        "vegetable oil", 
        "chopped walnuts", 
        "bananas", 
        "baking powder", 
        "eggs", 
        "wheat flour", 
        "baking soda", 
        "allspice"
    ], 
    "smallImageUrls": [
        "http://i.yummly.com/Banana-Bran-Muffins-Allrecipes_1-75442.s.png"
    ], 
    "sourceDisplayName": "AllRecipes", 
    "recipeName": "Banana Bran Muffins", 
    "attributes": {
        "course": [
            "Breads", 
            "Breakfast and Brunch", 
            "Lunch and Snacks"
        ]
    }, 
    "id": "Banana-Bran-Muffins-Allrecipes_1"
}{
    "flavors": {
        "sweet": 1.0, 
        "sour": 0.6666666666666666, 
        "salty": 0.8333333333333334, 
        "piquant": 0.0, 
        "bitter": 0.6666666666666666, 
        "meaty": 0.6666666666666666
    }, 
    "rating": 4.77, 
    "totalTimeInSeconds": 1620.0, 
    "ingredients": [
        "pure vanilla extract", 
        "brown sugar", 
        "eggs", 
        "chopped pecans", 
        "all-purpose flour", 
        "salt", 
        "bananas", 
        "unsalted butter", 
        "baking soda"
    ], 
    "smallImageUrls": [], 
    "sourceDisplayName": "Food Network", 
    "recipeName": "Banana Nut Muffins", 
    "attributes": {
        "course": [
            "Breads", 
            "Breakfast and Brunch", 
            "Lunch and Snacks"
        ], 
        "cuisine": [
            "American"
        ]
    }, 
    "id": "Banana-Nut-Muffins-Food-Network"
}{
    "flavors": {
        "sweet": 0.16666666666666666, 
        "sour": 0.8333333333333334, 
        "salty": 0.5, 
        "piquant": 0.0, 
        "bitter": 1.0, 
        "meaty": 0.8333333333333334
    }, 
    "rating": 4.69, 
    "totalTimeInSeconds": 1500.0, 
    "ingredients": [
        "sugar", 
        "ground nutmeg", 
        "ground cloves", 
        "ground cinnamon", 
        "eggs", 
        "chopped walnuts", 
        "water", 
        "vegetable oil", 
        "canned pumpkin", 
        "all-purpose flour", 
        "baking powder", 
        "raisins", 
        "baking soda", 
        "salt"
    ], 
    "smallImageUrls": [
        "http://i.yummly.com/Country-Pumpkin-Muffins-Allrecipes-60054.s.png"
    ], 
    "sourceDisplayName": "Taste of Home", 
    "recipeName": "Country Pumpkin Muffins", 
    "attributes": {
        "course": [
            "Breads"
        ]
    }, 
    "id": "Country-Pumpkin-Muffins-TasteOfHome"
}{
    "flavors": {
        "sweet": 1.0, 
        "sour": 0.6666666666666666, 
        "salty": 0.16666666666666666, 
        "piquant": 0.0, 
        "bitter": 0.16666666666666666, 
        "meaty": 0.3333333333333333
    }, 
    "rating": 4.48, 
    "totalTimeInSeconds": 2700.0, 
    "ingredients": [
        "baking powder", 
        "vanilla extract", 
        "white sugar", 
        "white sugar", 
        "salt", 
        "eggs", 
        "blueberries", 
        "all-purpose flour", 
        "shortening", 
        "milk"
    ], 
    "smallImageUrls": [
        "http://i.yummly.com/Jordan-Marsh-Style-Blueberry-Muffins-Allrecipes-56359.s.png"
    ], 
    "sourceDisplayName": "AllRecipes", 
    "recipeName": "Jordan Marsh Style Blueberry Muffins", 
    "attributes": {}, 
    "id": "Jordan-Marsh-Style-Blueberry-Muffins-Allrecipes"
}{
    "flavors": {
        "sweet": 0.6666666666666666, 
        "sour": 0.3333333333333333, 
        "salty": 0.8333333333333334, 
        "piquant": 0.0, 
        "bitter": 0.8333333333333334, 
        "meaty": 0.6666666666666666
    }, 
    "rating": 4.72, 
    "totalTimeInSeconds": 1800.0, 
    "ingredients": [
        "mashed bananas", 
        "sour cream", 
        "pancake mix", 
        "chopped pecans", 
        "vegetable oil", 
        "brown sugar", 
        "sugar", 
        "egg"
    ], 
    "smallImageUrls": [
        "http://i.yummly.com/Banana-Praline-Muffins-Allrecipes-66579.s.png"
    ], 
    "sourceDisplayName": "Taste of Home", 
    "recipeName": "Banana Praline Muffins", 
    "attributes": {
        "course": [
            "Breads", 
            "Breakfast and Brunch"
        ]
    }, 
    "id": "Banana-Praline-Muffins-TasteOfHome"
}{
    "flavors": {
        "sweet": 0.16666666666666666, 
        "sour": 0.0, 
        "salty": 0.5, 
        "piquant": 0.0, 
        "bitter": 0.3333333333333333, 
        "meaty": 0.8333333333333334
    }, 
    "rating": 4.71, 
    "totalTimeInSeconds": 2100.0, 
    "ingredients": [
        "butter", 
        "corn", 
        "onion", 
        "beaten eggs", 
        "shredded cheddar cheese", 
        "broccoli"
    ], 
    "smallImageUrls": [
        "http://i.yummly.com/Broccoli-Corn-Muffins-Allrecipes-92236.s.png", 
        "http://i.yummly.com/Broccoli-Corn-Muffins-Allrecipes-91594.s.png"
    ], 
    "sourceDisplayName": "Taste of Home", 
    "recipeName": "Broccoli Corn Muffins", 
    "attributes": {
        "course": [
            "Side Dishes"
        ]
    }, 
    "id": "Broccoli-Corn-Muffins-TasteOfHome"
}{
    "flavors": {
        "sweet": 1.0, 
        "sour": 0.16666666666666666, 
        "salty": 0.6666666666666666, 
        "piquant": 0.0, 
        "bitter": 0.8333333333333334, 
        "meaty": 0.5
    }, 
    "rating": 4.86, 
    "totalTimeInSeconds": 38400.0, 
    "ingredients": [
        "salt", 
        "brown sugar", 
        "chopped walnuts", 
        "baking soda", 
        "egg", 
        "rhubarb", 
        "melted butter", 
        "baking powder", 
        "flour", 
        "vanilla extract", 
        "vegetable oil", 
        "white sugar", 
        "buttermilk", 
        "ground cinnamon"
    ], 
    "smallImageUrls": [
        "http://i.yummly.com/Aunt-Norma_s-Rhubarb-Muffins-Allrecipes-85303.s.png", 
        "http://i.yummly.com/Aunt-Norma_s-Rhubarb-Muffins-Allrecipes-85131.s.png"
    ], 
    "sourceDisplayName": "AllRecipes", 
    "recipeName": "Aunt Norma's Rhubarb Muffins", 
    "attributes": {
        "course": [
            "Breads"
        ]
    }, 
    "id": "Aunt-Norma_s-Rhubarb-Muffins-Allrecipes"
}{
    "flavors": {
        "sweet": 0.16666666666666666, 
        "sour": 0.16666666666666666, 
        "salty": 0.8333333333333334, 
        "piquant": 0.0, 
        "bitter": 0.6666666666666666, 
        "meaty": 0.5
    }, 
    "rating": 4.81, 
    "totalTimeInSeconds": 2400.0, 
    "ingredients": [
        "egg", 
        "honey", 
        "melted butter", 
        "mashed banana", 
        "bran cereal", 
        "raisins", 
        "apple", 
        "ground cinnamon", 
        "milk", 
        "wheat flour", 
        "baking soda"
    ], 
    "smallImageUrls": [
        "http://i.yummly.com/Roxie_s-Bran-Muffins-Allrecipes-79088.s.png", 
        "http://i.yummly.com/Roxie_s-Bran-Muffins-Allrecipes-79077.s.png"
    ], 
    "sourceDisplayName": "AllRecipes", 
    "recipeName": "Roxie's Bran Muffins", 
    "attributes": {
        "course": [
            "Breads", 
            "Breakfast and Brunch"
        ]
    }, 
    "id": "Roxie_s-Bran-Muffins-Allrecipes"
}{
    "flavors": {
        "sweet": 0.0, 
        "sour": 0.6666666666666666, 
        "salty": 0.6666666666666666, 
        "piquant": 0.0, 
        "bitter": 0.3333333333333333, 
        "meaty": 0.3333333333333333
    }, 
    "rating": 4.11, 
    "totalTimeInSeconds": 900.0, 
    "ingredients": [
        "baking powder", 
        "egg", 
        "muffin mix", 
        "cooking oil", 
        "milk", 
        "flour"
    ], 
    "smallImageUrls": [
        "http://i.yummly.com/Corn-Muffin-Pancakes-Allrecipes-85364.s.png", 
        "http://i.yummly.com/Corn-Muffin-Pancakes-Allrecipes-85198.s.png"
    ], 
    "sourceDisplayName": "AllRecipes", 
    "recipeName": "Corn Muffin Pancakes", 
    "attributes": {
        "course": [
            "Breads", 
            "Breakfast and Brunch"
        ]
    }, 
    "id": "Corn-Muffin-Pancakes-Allrecipes"
}{
    "flavors": {
        "sweet": 1.0, 
        "sour": 0.5, 
        "salty": 0.3333333333333333, 
        "piquant": 0.0, 
        "bitter": 1.0, 
        "meaty": 0.3333333333333333
    }, 
    "rating": 4.37, 
    "totalTimeInSeconds": 0, 
    "ingredients": [
        "all-purpose flour", 
        "mashed bananas", 
        "white sugar", 
        "salt", 
        "semisweet chocolate chips", 
        "baking powder", 
        "ground cinnamon", 
        "baking soda", 
        "applesauce", 
        "egg whites"
    ], 
    "smallImageUrls": [
        "http://i.yummly.com/Banana-Chip-Muffins-Ii-Allrecipes-55819.s.png"
    ], 
    "sourceDisplayName": "AllRecipes", 
    "recipeName": "Banana Chip Muffins II", 
    "attributes": {
        "course": [
            "Breads"
        ]
    }, 
    "id": "Banana-Chip-Muffins-Ii-Allrecipes"
}{
    "flavors": {
        "sweet": 1.0, 
        "sour": 0.6666666666666666, 
        "salty": 0.6666666666666666, 
        "piquant": 0.0, 
        "bitter": 0.8333333333333334, 
        "meaty": 0.6666666666666666
    }, 
    "rating": 4.64, 
    "totalTimeInSeconds": 1800.0, 
    "ingredients": [
        "sugar", 
        "all-purpose flour", 
        "ground cloves", 
        "baking soda", 
        "raisins", 
        "water", 
        "chopped walnuts", 
        "grated nutmeg", 
        "apples", 
        "stick butter", 
        "ground cinnamon"
    ], 
    "smallImageUrls": [
        "http://i.yummly.com/Apple-Raisin-Muffins-Food-Network-144300.s.jpg"
    ], 
    "sourceDisplayName": "Food Network", 
    "recipeName": "Apple Raisin Muffins", 
    "attributes": {
        "course": [
            "Breads", 
            "Breakfast and Brunch", 
            "Lunch and Snacks"
        ]
    }, 
    "id": "Apple-Raisin-Muffins-Food-Network"
}{
    "flavors": {
        "sweet": 0.8333333333333334, 
        "sour": 0.6666666666666666, 
        "salty": 0.3333333333333333, 
        "piquant": 0.0, 
        "bitter": 0.16666666666666666, 
        "meaty": 0.5
    }, 
    "rating": 4.53, 
    "totalTimeInSeconds": 2700.0, 
    "ingredients": [
        "miniature semisweet chocolate chips", 
        "all-purpose flour", 
        "milk", 
        "sugar", 
        "butter", 
        "coffee granules", 
        "salt", 
        "brown sugar", 
        "all-purpose flour", 
        "baking powder", 
        "ground cinnamon", 
        "egg", 
        "brown sugar", 
        "vanilla extract", 
        "ground cinnamon", 
        "melted butter"
    ], 
    "smallImageUrls": [
        "http://i.yummly.com/Cappuccino-Muffins-Allrecipes_1-92519.s.png", 
        "http://i.yummly.com/Cappuccino-Muffins-Allrecipes_1-91858.s.png"
    ], 
    "sourceDisplayName": "Taste of Home", 
    "recipeName": "Cappuccino Muffins", 
    "attributes": {
        "course": [
            "Breads"
        ]
    }, 
    "id": "Cappuccino-Muffins-TasteOfHome_1"
}{
    "flavors": {
        "sweet": 1.0, 
        "sour": 0.5, 
        "salty": 0.8333333333333334, 
        "piquant": 0.0, 
        "bitter": 1.0, 
        "meaty": 0.5
    }, 
    "rating": 4.22, 
    "totalTimeInSeconds": 3900.0, 
    "ingredients": [
        "semisweet chocolate", 
        "all-purpose flour", 
        "baking soda", 
        "egg", 
        "semi sweet mini chocolate chips", 
        "unsalted butter", 
        "white sugar", 
        "buttermilk", 
        "salt", 
        "vanilla extract"
    ], 
    "smallImageUrls": [
        "http://i.yummly.com/Chocolate-Chocolate-Chip-Muffins-Allrecipes-62077.s.png"
    ], 
    "sourceDisplayName": "AllRecipes", 
    "recipeName": "Chocolate Chocolate Chip Muffins", 
    "attributes": {
        "course": [
            "Breads"
        ]
    }, 
    "id": "Chocolate-Chocolate-Chip-Muffins-Allrecipes"
}{
    "flavors": {
        "sweet": 0.16666666666666666, 
        "sour": 0.16666666666666666, 
        "salty": 1.0, 
        "piquant": 0.0, 
        "bitter": 0.5, 
        "meaty": 1.0
    }, 
    "rating": 4.29, 
    "totalTimeInSeconds": 2400.0, 
    "ingredients": [
        "condensed cheddar cheese soup", 
        "pork sausage", 
        "rubbed sage", 
        "milk"
    ], 
    "smallImageUrls": [
        "http://i.yummly.com/Sausage-Cheese-Muffins-Allrecipes-68779.s.png"
    ], 
    "sourceDisplayName": "Taste of Home", 
    "recipeName": "Sausage Cheese Muffins", 
    "attributes": {
        "course": [
            "Breads", 
            "Appetizers", 
            "Breakfast and Brunch"
        ], 
        "cuisine": [
            "American"
        ]
    }, 
    "id": "Sausage-Cheese-Muffins-TasteOfHome"
}{
    "flavors": {
        "sweet": 1.0, 
        "sour": 0.5, 
        "salty": 0.8333333333333334, 
        "piquant": 0.0, 
        "bitter": 0.5, 
        "meaty": 0.3333333333333333
    }, 
    "rating": 4.29, 
    "totalTimeInSeconds": 1800.0, 
    "ingredients": [
        "milk", 
        "vegetable oil", 
        "eggs", 
        "corn", 
        "cake mix", 
        "water"
    ], 
    "smallImageUrls": [
        "http://i.yummly.com/Sunshine-Muffins-Allrecipes-69139.s.png"
    ], 
    "sourceDisplayName": "Taste of Home", 
    "recipeName": "Sunshine Muffins", 
    "attributes": {
        "course": [
            "Breads"
        ]
    }, 
    "id": "Sunshine-Muffins-TasteOfHome"
}{
    "flavors": null, 
    "rating": 0.0, 
    "totalTimeInSeconds": 0, 
    "ingredients": [
        "ketchup", 
        "english muffins", 
        "chives", 
        "ground black pepper", 
        "sweet paprika", 
        "onion", 
        "handful", 
        "sage", 
        "worcestershire sauce", 
        "sausage meat", 
        "egg yolk"
    ], 
    "smallImageUrls": [
        "http://i.yummly.com/Breakfast-burger-recipe-306490-269815.s.jpg"
    ], 
    "sourceDisplayName": "Food Republic", 
    "recipeName": "Breakfast Burger Recipe", 
    "attributes": {}, 
    "id": "Breakfast-burger-recipe-306490"
}{
    "flavors": {
        "sweet": 1.0, 
        "sour": 0.3333333333333333, 
        "salty": 0.3333333333333333, 
        "piquant": 0.0, 
        "bitter": 0.3333333333333333, 
        "meaty": 0.3333333333333333
    }, 
    "rating": 4.49, 
    "totalTimeInSeconds": 2400.0, 
    "ingredients": [
        "canned pumpkin", 
        "milk", 
        "blueberries", 
        "nutmeg", 
        "baking powder", 
        "ground cinnamon", 
        "white sugar", 
        "egg", 
        "all-purpose flour", 
        "melted butter", 
        "salt", 
        "quick cooking oats"
    ], 
    "smallImageUrls": [
        "http://i.yummly.com/Blueberry-Pumpkin-Muffins-Allrecipes-85290.s.png", 
        "http://i.yummly.com/Blueberry-Pumpkin-Muffins-Allrecipes-85117.s.png"
    ], 
    "sourceDisplayName": "AllRecipes", 
    "recipeName": "Blueberry Pumpkin Muffins", 
    "attributes": {
        "course": [
            "Breads"
        ]
    }, 
    "id": "Blueberry-Pumpkin-Muffins-Allrecipes"
}{
    "flavors": {
        "sweet": 0.3333333333333333, 
        "sour": 0.6666666666666666, 
        "salty": 0.3333333333333333, 
        "piquant": 0.0, 
        "bitter": 0.16666666666666666, 
        "meaty": 0.5
    }, 
    "rating": 4.6, 
    "totalTimeInSeconds": 1800.0, 
    "ingredients": [
        "salt", 
        "baking soda", 
        "sugar", 
        "sugar", 
        "eggs", 
        "mashed bananas", 
        "all-purpose flour", 
        "baking powder", 
        "all-purpose flour", 
        "sour cream", 
        "ground cinnamon", 
        "ground cinnamon", 
        "butter", 
        "butter"
    ], 
    "smallImageUrls": [
        "http://i.yummly.com/Banana-Streusel-Muffins-Allrecipes-2.s.jpg", 
        "http://i.yummly.com/Banana-Streusel-Muffins-Allrecipes-66659.s.png"
    ], 
    "sourceDisplayName": "Taste of Home", 
    "recipeName": "Banana Streusel Muffins", 
    "attributes": {
        "course": [
            "Breads", 
            "Breakfast and Brunch", 
            "Lunch and Snacks"
        ]
    }, 
    "id": "Banana-Streusel-Muffins-TasteOfHome"
}{
    "flavors": {
        "sweet": 1.0, 
        "sour": 0.6666666666666666, 
        "salty": 0.5, 
        "piquant": 0.0, 
        "bitter": 0.16666666666666666, 
        "meaty": 0.3333333333333333
    }, 
    "rating": 4.07, 
    "totalTimeInSeconds": 1800.0, 
    "ingredients": [
        "strawberries", 
        "all-purpose flour", 
        "baking soda", 
        "eggs", 
        "ground nutmeg", 
        "white sugar", 
        "softened butter", 
        "white sugar", 
        "salt", 
        "vanilla extract"
    ], 
    "smallImageUrls": [
        "http://i.yummly.com/Florida-Strawberry-Muffins-Allrecipes-67617.s.png"
    ], 
    "sourceDisplayName": "AllRecipes", 
    "recipeName": "Florida Strawberry Muffins", 
    "attributes": {
        "course": [
            "Breads"
        ], 
        "cuisine": [
            "Southern & Soul Food"
        ]
    }, 
    "id": "Florida-Strawberry-Muffins-Allrecipes"
}{
    "flavors": {
        "sweet": 0.0, 
        "sour": 0.8333333333333334, 
        "salty": 1.0, 
        "piquant": 0.0, 
        "bitter": 0.8333333333333334, 
        "meaty": 0.3333333333333333
    }, 
    "rating": 4.67, 
    "totalTimeInSeconds": 2100.0, 
    "ingredients": [
        "self rising flour", 
        "egg", 
        "active dry yeast", 
        "sugar", 
        "butter", 
        "warm water"
    ], 
    "smallImageUrls": [
        "http://i.yummly.com/Spoon-Muffins-Allrecipes-66443.s.png"
    ], 
    "sourceDisplayName": "Taste of Home", 
    "recipeName": "Spoon Muffins", 
    "attributes": {
        "course": [
            "Breads"
        ]
    }, 
    "id": "Spoon-Muffins-TasteOfHome"
}{
    "flavors": {
        "sweet": 1.0, 
        "sour": 0.3333333333333333, 
        "salty": 0.5, 
        "piquant": 0.0, 
        "bitter": 0.8333333333333334, 
        "meaty": 0.3333333333333333
    }, 
    "rating": 4.26, 
    "totalTimeInSeconds": 2100.0, 
    "ingredients": [
        "unsweetened cocoa powder", 
        "baking soda", 
        "confectioners sugar", 
        "all-purpose flour", 
        "light brown sugar", 
        "vanilla extract", 
        "white sugar", 
        "ground cinnamon", 
        "applesauce", 
        "semi-sweet chocolate", 
        "egg", 
        "margarine"
    ], 
    "smallImageUrls": [
        "http://i.yummly.com/Fudgy-Chocolate-Chip-Muffins-Allrecipes-62063.s.png"
    ], 
    "sourceDisplayName": "AllRecipes", 
    "recipeName": "Fudgy Chocolate Chip Muffins", 
    "attributes": {
        "course": [
            "Breads", 
            "Desserts"
        ]
    }, 
    "id": "Fudgy-Chocolate-Chip-Muffins-Allrecipes"
}{
    "flavors": {
        "sweet": 0.8333333333333334, 
        "sour": 0.8333333333333334, 
        "salty": 0.16666666666666666, 
        "piquant": 0.0, 
        "bitter": 0.16666666666666666, 
        "meaty": 0.3333333333333333
    }, 
    "rating": 4.05, 
    "totalTimeInSeconds": 4200.0, 
    "ingredients": [
        "pumpkin pie spice", 
        "all-purpose flour", 
        "melted butter", 
        "butternut squash", 
        "baking powder", 
        "milk", 
        "beaten eggs", 
        "white sugar", 
        "salt"
    ], 
    "smallImageUrls": [
        "http://i.yummly.com/Spiced-Butternut-Squash-Muffins-Allrecipes-51868.s.png"
    ], 
    "sourceDisplayName": "AllRecipes", 
    "recipeName": "Spiced Butternut Squash Muffins", 
    "attributes": {
        "course": [
            "Breads"
        ]
    }, 
    "id": "Spiced-Butternut-Squash-Muffins-Allrecipes"
}{
    "flavors": {
        "sweet": 0.16666666666666666, 
        "sour": 0.16666666666666666, 
        "salty": 0.16666666666666666, 
        "piquant": 0.0, 
        "bitter": 0.16666666666666666, 
        "meaty": 0.16666666666666666
    }, 
    "rating": 0.0, 
    "totalTimeInSeconds": 0, 
    "ingredients": [
        "chopped parsley", 
        "cayenne", 
        "egg yolk", 
        "salt", 
        "rice vinegar", 
        "canadian bacon", 
        "lemon juice", 
        "unsalted butter", 
        "eggs", 
        "english muffins", 
        "butter"
    ], 
    "smallImageUrls": [
        "http://i.yummly.com/Eggs-Benedict-Simply-Recipes-42562-3829.s.jpg"
    ], 
    "sourceDisplayName": "Simply Recipes", 
    "recipeName": "Eggs Benedict", 
    "attributes": {
        "course": [
            "Breakfast and Brunch", 
            "Lunch and Snacks"
        ], 
        "cuisine": [
            "American"
        ]
    }, 
    "id": "Eggs-Benedict-Simply-Recipes-42562"
}{
    "flavors": {
        "sweet": 1.0, 
        "sour": 0.5, 
        "salty": 0.5, 
        "piquant": 0.0, 
        "bitter": 0.16666666666666666, 
        "meaty": 0.16666666666666666
    }, 
    "rating": 3.86, 
    "totalTimeInSeconds": 2400.0, 
    "ingredients": [
        "nonfat sour cream", 
        "applesauce", 
        "white sugar", 
        "all-purpose flour", 
        "baking soda", 
        "eggs", 
        "blueberries"
    ], 
    "smallImageUrls": [
        "http://i.yummly.com/Sour-Cream-Muffins-Allrecipes-56098.s.png"
    ], 
    "sourceDisplayName": "AllRecipes", 
    "recipeName": "Sour Cream Muffins", 
    "attributes": {
        "course": [
            "Breads", 
            "Breakfast and Brunch"
        ]
    }, 
    "id": "Sour-Cream-Muffins-Allrecipes"
}{
    "flavors": {
        "sweet": 0.6666666666666666, 
        "sour": 0.5, 
        "salty": 0.16666666666666666, 
        "piquant": 0.0, 
        "bitter": 0.8333333333333334, 
        "meaty": 0.8333333333333334
    }, 
    "rating": 4.48, 
    "totalTimeInSeconds": 2100.0, 
    "ingredients": [
        "sugar", 
        "chopped walnuts", 
        "blueberries", 
        "wheat germ", 
        "baking powder", 
        "egg", 
        "quick cooking oats", 
        "all-purpose flour", 
        "quick cooking oats", 
        "milk", 
        "salt", 
        "brown sugar", 
        "vegetable oil", 
        "ground cinnamon"
    ], 
    "smallImageUrls": [
        "http://i.yummly.com/Berry-Oatmeal-Muffins-Allrecipes-59766.s.png"
    ], 
    "sourceDisplayName": "AllRecipes", 
    "recipeName": "Berry Oatmeal Muffins", 
    "attributes": {
        "course": [
            "Breads"
        ]
    }, 
    "id": "Berry-Oatmeal-Muffins-Allrecipes"
}{
    "flavors": {
        "sweet": 0.0, 
        "sour": 0.16666666666666666, 
        "salty": 0.0, 
        "piquant": 0.0, 
        "bitter": 0.16666666666666666, 
        "meaty": 0.16666666666666666
    }, 
    "rating": 0.0, 
    "totalTimeInSeconds": 0, 
    "ingredients": [
        "all purpose flour", 
        "salt", 
        "dried blueberries", 
        "eggs", 
        "milk", 
        "baking powder", 
        "vegetable oil", 
        "sugar"
    ], 
    "smallImageUrls": [
        "http://i.yummly.com/Dried-Blueberry-Muffins-Serious-Eats-41910-3362.s.jpg", 
        "http://i.yummly.com/Dried-Blueberry-Muffins-Serious-Eats-41910-2619.s.jpg", 
        "http://i.yummly.com/Dried-Blueberry-Muffins-Serious-Eats-41910-1922.s.jpg", 
        "http://i.yummly.com/Dried-Blueberry-Muffins-Serious-Eats-41910-1921.s.jpg", 
        "http://i.yummly.com/Dried-Blueberry-Muffins-Serious-Eats-41910-1839.s.jpg", 
        "http://i.yummly.com/Dried-Blueberry-Muffins-Serious-Eats-41910-742.s.jpg"
    ], 
    "sourceDisplayName": "Serious Eats", 
    "recipeName": "Dried-Blueberry Muffins", 
    "attributes": {
        "course": [
            "Breads"
        ], 
        "cuisine": [
            "American"
        ]
    }, 
    "id": "Dried-Blueberry-Muffins-Serious-Eats-41910"
}{
    "flavors": {
        "sweet": 1.0, 
        "sour": 0.6666666666666666, 
        "salty": 0.16666666666666666, 
        "piquant": 0.0, 
        "bitter": 1.0, 
        "meaty": 0.5
    }, 
    "rating": 4.25, 
    "totalTimeInSeconds": 0, 
    "ingredients": [
        "mashed bananas", 
        "cocoa powder", 
        "baking powder", 
        "all-purpose flour", 
        "semisweet chocolate chips", 
        "oil", 
        "vanilla extract", 
        "beaten eggs", 
        "salt", 
        "white sugar"
    ], 
    "smallImageUrls": [
        "http://i.yummly.com/Chocolate-Chip-Banana-Muffins-Allrecipes_1-87307.s.png", 
        "http://i.yummly.com/Chocolate-Chip-Banana-Muffins-Allrecipes_1-86980.s.png"
    ], 
    "sourceDisplayName": "AllRecipes", 
    "recipeName": "Chocolate Chip Banana Muffins", 
    "attributes": {
        "course": [
            "Breads", 
            "Breakfast and Brunch", 
            "Lunch and Snacks"
        ]
    }, 
    "id": "Chocolate-Chip-Banana-Muffins-Allrecipes_1"
}{
    "flavors": {
        "sweet": 1.0, 
        "sour": 0.6666666666666666, 
        "salty": 0.6666666666666666, 
        "piquant": 0.0, 
        "bitter": 0.16666666666666666, 
        "meaty": 0.3333333333333333
    }, 
    "rating": 4.73, 
    "totalTimeInSeconds": 2100.0, 
    "ingredients": [
        "white sugar", 
        "corn", 
        "egg", 
        "milk", 
        "muffin mix"
    ], 
    "smallImageUrls": [
        "http://i.yummly.com/Camp-Cornbread-Allrecipes-74237.s.png"
    ], 
    "sourceDisplayName": "AllRecipes", 
    "recipeName": "Camp Cornbread", 
    "attributes": {
        "course": [
            "Side Dishes", 
            "Breads"
        ]
    }, 
    "id": "Camp-Cornbread-Allrecipes"
}{
    "flavors": {
        "sweet": 1.0, 
        "sour": 0.6666666666666666, 
        "salty": 0.8333333333333334, 
        "piquant": 0.0, 
        "bitter": 0.3333333333333333, 
        "meaty": 0.8333333333333334
    }, 
    "rating": 4.53, 
    "totalTimeInSeconds": 3300.0, 
    "ingredients": [
        "white sugar", 
        "vanilla extract", 
        "eggs", 
        "crushed pineapple", 
        "baking soda", 
        "all-purpose flour", 
        "shredded zucchini", 
        "vegetable oil", 
        "baking powder", 
        "ground cinnamon", 
        "salt"
    ], 
    "smallImageUrls": [
        "http://i.yummly.com/Pineapple-Zucchini-Muffins-Allrecipes-67865.s.png"
    ], 
    "sourceDisplayName": "AllRecipes", 
    "recipeName": "Pineapple Zucchini Muffins", 
    "attributes": {
        "course": [
            "Breads"
        ]
    }, 
    "id": "Pineapple-Zucchini-Muffins-Allrecipes"
}{
    "flavors": {
        "sweet": 0.8333333333333334, 
        "sour": 0.3333333333333333, 
        "salty": 0.3333333333333333, 
        "piquant": 0.0, 
        "bitter": 0.16666666666666666, 
        "meaty": 0.6666666666666666
    }, 
    "rating": 4.9, 
    "totalTimeInSeconds": 600.0, 
    "ingredients": [
        "cinnamon", 
        "bananas", 
        "honey", 
        "peanut butter", 
        "english muffins"
    ], 
    "smallImageUrls": [
        "http://i.yummly.com/Breakfast-On-An-English-Muffin-Recipezaar-190352.s.jpg"
    ], 
    "sourceDisplayName": "Food.com", 
    "recipeName": "Breakfast on an English Muffin", 
    "attributes": {
        "course": [
            "Breakfast and Brunch", 
            "Lunch and Snacks"
        ]
    }, 
    "id": "Breakfast-On-An-English-Muffin-Recipezaar"
}{
    "flavors": {
        "sweet": 0.8333333333333334, 
        "sour": 0.5, 
        "salty": 0.5, 
        "piquant": 0.0, 
        "bitter": 0.5, 
        "meaty": 0.5
    }, 
    "rating": 4.15, 
    "totalTimeInSeconds": 2700.0, 
    "ingredients": [
        "unsweetened applesauce", 
        "ground cinnamon", 
        "salt", 
        "white sugar", 
        "chopped pecans", 
        "vegetable oil", 
        "all-purpose flour", 
        "beaten eggs", 
        "cranberries", 
        "baking soda"
    ], 
    "smallImageUrls": [
        "http://i.yummly.com/Cranberry-Applesauce-Muffins-Allrecipes-67847.s.png"
    ], 
    "sourceDisplayName": "AllRecipes", 
    "recipeName": "Cranberry Applesauce Muffins", 
    "attributes": {
        "course": [
            "Breads", 
            "Breakfast and Brunch"
        ], 
        "holiday": [
            "Thanksgiving", 
            "Christmas"
        ]
    }, 
    "id": "Cranberry-Applesauce-Muffins-Allrecipes"
}{
    "flavors": {
        "sweet": 0.16666666666666666, 
        "sour": 0.8333333333333334, 
        "salty": 0.5, 
        "piquant": 0.0, 
        "bitter": 0.16666666666666666, 
        "meaty": 0.3333333333333333
    }, 
    "rating": 4.45, 
    "totalTimeInSeconds": 2400.0, 
    "ingredients": [
        "egg", 
        "lemon peel", 
        "baking soda", 
        "butter", 
        "sugar", 
        "salt", 
        "sugar", 
        "all-purpose flour", 
        "lemon juice", 
        "lemon", 
        "lemon juice", 
        "lemon peel", 
        "baking powder"
    ], 
    "smallImageUrls": [
        "http://i.yummly.com/Lemon-Yogurt-Muffins-Allrecipes-75432.s.png"
    ], 
    "sourceDisplayName": "AllRecipes", 
    "recipeName": "Lemon Yogurt Muffins", 
    "attributes": {
        "course": [
            "Breads", 
            "Lunch and Snacks"
        ]
    }, 
    "id": "Lemon-Yogurt-Muffins-Allrecipes"
}{
    "flavors": {
        "sweet": 0.3333333333333333, 
        "sour": 0.3333333333333333, 
        "salty": 0.5, 
        "piquant": 0.3333333333333333, 
        "bitter": 0.5, 
        "meaty": 0.3333333333333333
    }, 
    "rating": 2.67, 
    "totalTimeInSeconds": 600.0, 
    "ingredients": [
        "dijon mustard", 
        "butter", 
        "english muffins", 
        "bacon"
    ], 
    "smallImageUrls": [
        "http://i.yummly.com/English-Muffins-With-Bacon-Butter-Allrecipes-72245.s.png"
    ], 
    "sourceDisplayName": "Taste of Home", 
    "recipeName": "English Muffins with Bacon Butter", 
    "attributes": {}, 
    "id": "English-Muffins-With-Bacon-Butter-TasteOfHome"
}{
    "flavors": {
        "sweet": 1.0, 
        "sour": 0.8333333333333334, 
        "salty": 0.5, 
        "piquant": 0.0, 
        "bitter": 0.8333333333333334, 
        "meaty": 0.8333333333333334
    }, 
    "rating": 0.0, 
    "totalTimeInSeconds": 0, 
    "ingredients": [
        "jelly", 
        "powdered sugar", 
        "whole milk", 
        "all-purpose flour", 
        "sugar", 
        "cinnamon", 
        "softened butter", 
        "baking powder", 
        "baking soda", 
        "vanilla extract", 
        "active dry yeast", 
        "dried currants", 
        "milk", 
        "salt", 
        "sugar", 
        "vegetable oil", 
        "cream cheese", 
        "dark brown sugar", 
        "salted butter", 
        "semisweet chocolate chips", 
        "chopped walnuts"
    ], 
    "smallImageUrls": [
        "http://i.yummly.com/Makes-24-muffin-sized-buns-305710-270257.s.jpg"
    ], 
    "sourceDisplayName": "Smitten Kitchen", 
    "recipeName": "Makes 24 muffin-sized buns", 
    "attributes": {}, 
    "id": "Makes-24-muffin-sized-buns-305710"
}{
    "flavors": {
        "sweet": 0.8333333333333334, 
        "sour": 0.5, 
        "salty": 0.16666666666666666, 
        "piquant": 0.0, 
        "bitter": 0.3333333333333333, 
        "meaty": 0.5
    }, 
    "rating": 4.1, 
    "totalTimeInSeconds": 0, 
    "ingredients": [
        "wheat flour", 
        "baking powder", 
        "all-purpose flour", 
        "egg", 
        "milk", 
        "white sugar", 
        "vegetable oil", 
        "salt"
    ], 
    "smallImageUrls": [
        "http://i.yummly.com/Whole-Wheat-Muffins-Allrecipes-49922.s.png"
    ], 
    "sourceDisplayName": "AllRecipes", 
    "recipeName": "Whole Wheat Muffins", 
    "attributes": {
        "course": [
            "Breads", 
            "Breakfast and Brunch", 
            "Lunch and Snacks"
        ]
    }, 
    "id": "Whole-Wheat-Muffins-Allrecipes"
}{
    "flavors": {
        "sweet": 1.0, 
        "sour": 0.3333333333333333, 
        "salty": 0.8333333333333334, 
        "piquant": 0.0, 
        "bitter": 0.8333333333333334, 
        "meaty": 0.8333333333333334
    }, 
    "rating": 4.55, 
    "totalTimeInSeconds": 2700.0, 
    "ingredients": [
        "cream cheese", 
        "wheat flour", 
        "crushed pineapple", 
        "rolled oats", 
        "beaten eggs", 
        "baking soda", 
        "canola oil", 
        "all-purpose flour", 
        "cinnamon", 
        "flaked coconut", 
        "vanilla extract", 
        "white sugar", 
        "raisins", 
        "baking powder", 
        "shredded carrots", 
        "brown sugar", 
        "salt"
    ], 
    "smallImageUrls": [
        "http://i.yummly.com/Carrot-Oatmeal-Muffins-Allrecipes-62971.s.png"
    ], 
    "sourceDisplayName": "AllRecipes", 
    "recipeName": "Carrot Oatmeal Muffins", 
    "attributes": {
        "course": [
            "Breads"
        ]
    }, 
    "id": "Carrot-Oatmeal-Muffins-Allrecipes"
}{
    "flavors": {
        "sweet": 0.8333333333333334, 
        "sour": 0.5, 
        "salty": 0.3333333333333333, 
        "piquant": 0.0, 
        "bitter": 0.8333333333333334, 
        "meaty": 0.5
    }, 
    "rating": 4.24, 
    "totalTimeInSeconds": 2400.0, 
    "ingredients": [
        "buttermilk", 
        "strawberries", 
        "vegetable oil", 
        "vanilla", 
        "baking powder", 
        "rolled oats", 
        "brown sugar", 
        "egg", 
        "all-purpose flour", 
        "baking soda", 
        "salt"
    ], 
    "smallImageUrls": [
        "http://i.yummly.com/Strawberry-Oat-Muffins-Allrecipes-67565.s.png"
    ], 
    "sourceDisplayName": "AllRecipes", 
    "recipeName": "Strawberry Oat Muffins", 
    "attributes": {
        "course": [
            "Breads", 
            "Breakfast and Brunch"
        ]
    }, 
    "id": "Strawberry-Oat-Muffins-Allrecipes"
}{
    "flavors": {
        "sweet": 0.3333333333333333, 
        "sour": 0.3333333333333333, 
        "salty": 0.5, 
        "piquant": 0.6666666666666666, 
        "bitter": 0.3333333333333333, 
        "meaty": 0.3333333333333333
    }, 
    "rating": 4.4, 
    "totalTimeInSeconds": 0, 
    "ingredients": [
        "bacon", 
        "butter", 
        "english muffins", 
        "arugula", 
        "eggs", 
        "honey mustard"
    ], 
    "smallImageUrls": [
        "http://i2.yummly.com/Bacon-And-Fried-Egg-Sandwiches-Epicurious.s.png"
    ], 
    "sourceDisplayName": "Epicurious", 
    "recipeName": "Bacon and Fried Egg Sandwiches", 
    "attributes": {
        "course": [
            "Breakfast and Brunch", 
            "Lunch and Snacks"
        ], 
        "cuisine": [
            "American"
        ]
    }, 
    "id": "Bacon-And-Fried-Egg-Sandwiches-Epicurious"
}{
    "flavors": {
        "sweet": 0.16666666666666666, 
        "sour": 0.8333333333333334, 
        "salty": 0.16666666666666666, 
        "piquant": 0.0, 
        "bitter": 0.16666666666666666, 
        "meaty": 0.5
    }, 
    "rating": 4.25, 
    "totalTimeInSeconds": 2400.0, 
    "ingredients": [
        "milk", 
        "butter", 
        "baking powder", 
        "blueberries", 
        "butter", 
        "salt", 
        "ground cinnamon", 
        "sugar", 
        "all-purpose flour", 
        "vanilla extract", 
        "sugar", 
        "beaten eggs", 
        "all-purpose flour"
    ], 
    "smallImageUrls": [
        "http://i.yummly.com/Blueberry-Streusel-Muffins-Allrecipes_1-60711.s.png"
    ], 
    "sourceDisplayName": "AllRecipes", 
    "recipeName": "Blueberry Streusel Muffins", 
    "attributes": {
        "course": [
            "Breads", 
            "Breakfast and Brunch"
        ], 
        "cuisine": [
            "American"
        ]
    }, 
    "id": "Blueberry-Streusel-Muffins-Allrecipes_1"
}{
    "flavors": {
        "sweet": 1.0, 
        "sour": 0.5, 
        "salty": 0.6666666666666666, 
        "piquant": 0.0, 
        "bitter": 0.5, 
        "meaty": 0.5
    }, 
    "rating": 4.47, 
    "totalTimeInSeconds": 2100.0, 
    "ingredients": [
        "softened butter", 
        "yellow cornmeal", 
        "baking powder", 
        "salt", 
        "corn kernels", 
        "white sugar", 
        "eggs", 
        "honey", 
        "milk", 
        "all-purpose flour"
    ], 
    "smallImageUrls": [
        "http://i.yummly.com/Krissy_s-Best-Ever-Corn-Muffins-Allrecipes-56188.s.png"
    ], 
    "sourceDisplayName": "AllRecipes", 
    "recipeName": "Krissy's Best Ever Corn Muffins", 
    "attributes": {
        "course": [
            "Breads"
        ], 
        "holiday": [
            "Thanksgiving"
        ]
    }, 
    "id": "Krissy_s-Best-Ever-Corn-Muffins-Allrecipes"
}{
    "flavors": {
        "sweet": 0.0, 
        "sour": 0.8333333333333334, 
        "salty": 0.5, 
        "piquant": 0.0, 
        "bitter": 0.16666666666666666, 
        "meaty": 0.6666666666666666
    }, 
    "rating": 4.38, 
    "totalTimeInSeconds": 3000.0, 
    "ingredients": [
        "cake flour", 
        "egg", 
        "yogurt", 
        "sugar", 
        "vegetable spray", 
        "baking soda", 
        "salt", 
        "baking powder", 
        "blueberries", 
        "vegetable oil"
    ], 
    "smallImageUrls": [], 
    "sourceDisplayName": "Food Network", 
    "recipeName": "Blueberry Muffins", 
    "attributes": {
        "course": [
            "Breads", 
            "Breakfast and Brunch", 
            "Lunch and Snacks"
        ], 
        "cuisine": [
            "American"
        ]
    }, 
    "id": "Blueberry-Muffins-Food-Network"
}{
    "flavors": {
        "sweet": 0.8333333333333334, 
        "sour": 0.5, 
        "salty": 0.3333333333333333, 
        "piquant": 0.0, 
        "bitter": 0.16666666666666666, 
        "meaty": 0.3333333333333333
    }, 
    "rating": 4.08, 
    "totalTimeInSeconds": 1500.0, 
    "ingredients": [
        "white sugar", 
        "all-purpose flour", 
        "vegetable oil", 
        "cornmeal", 
        "baking powder", 
        "buttermilk", 
        "eggs", 
        "baking soda", 
        "salt"
    ], 
    "smallImageUrls": [
        "http://i.yummly.com/Cornbread-Muffins-Ii-Allrecipes-62771.s.png"
    ], 
    "sourceDisplayName": "AllRecipes", 
    "recipeName": "Cornbread Muffins II", 
    "attributes": {
        "course": [
            "Breads"
        ], 
        "holiday": [
            "Thanksgiving"
        ]
    }, 
    "id": "Cornbread-Muffins-Ii-Allrecipes"
}{
    "flavors": {
        "sweet": 0.8333333333333334, 
        "sour": 0.3333333333333333, 
        "salty": 0.8333333333333334, 
        "piquant": 0.0, 
        "bitter": 0.8333333333333334, 
        "meaty": 0.5
    }, 
    "rating": 0.0, 
    "totalTimeInSeconds": 0, 
    "ingredients": [
        "baking powder", 
        "baking soda", 
        "large egg", 
        "yellow cornmeal", 
        "grated nutmeg", 
        "corn oil", 
        "large egg yolk", 
        "granulated sugar", 
        "all purpose flour", 
        "buttermilk", 
        "salt", 
        "casings", 
        "unsalted butter", 
        "corn kernels"
    ], 
    "smallImageUrls": [
        "http://i.yummly.com/Dorie-greenspan_s-corniest-corn-muffins-307296-271073.s.jpg"
    ], 
    "sourceDisplayName": "Smitten Kitchen", 
    "recipeName": "Dorie Greenspan&rsquo;s Corniest Corn Muffins", 
    "attributes": {}, 
    "id": "Dorie-greenspan_s-corniest-corn-muffins-307296"
}{
    "flavors": {
        "sweet": 1.0, 
        "sour": 0.5, 
        "salty": 0.16666666666666666, 
        "piquant": 0.0, 
        "bitter": 0.16666666666666666, 
        "meaty": 0.5
    }, 
    "rating": 4.48, 
    "totalTimeInSeconds": 1800.0, 
    "ingredients": [
        "baking powder", 
        "milk", 
        "salt", 
        "brown sugar", 
        "white sugar", 
        "peach", 
        "all-purpose flour", 
        "egg", 
        "nectarine", 
        "vegetable oil"
    ], 
    "smallImageUrls": [
        "http://i.yummly.com/Beth_s-Peach_nectarine-Muffins-Allrecipes-68493.s.png"
    ], 
    "sourceDisplayName": "AllRecipes", 
    "recipeName": "Beth's Peach-Nectarine Muffins", 
    "attributes": {
        "course": [
            "Breads"
        ]
    }, 
    "id": "Beth_s-Peach_nectarine-Muffins-Allrecipes"
}{
    "flavors": {
        "sweet": 0.8333333333333334, 
        "sour": 0.6666666666666666, 
        "salty": 0.16666666666666666, 
        "piquant": 0.0, 
        "bitter": 0.5, 
        "meaty": 0.5
    }, 
    "rating": 3.91, 
    "totalTimeInSeconds": 0, 
    "ingredients": [
        "white sugar", 
        "milk", 
        "egg", 
        "fruit flavoring", 
        "chopped walnuts", 
        "baking powder", 
        "all-purpose flour", 
        "salt", 
        "vegetable oil"
    ], 
    "smallImageUrls": [
        "http://i.yummly.com/Jam-Muffins-Allrecipes_1-49927.s.png"
    ], 
    "sourceDisplayName": "AllRecipes", 
    "recipeName": "Jam Muffins", 
    "attributes": {
        "course": [
            "Breads", 
            "Breakfast and Brunch", 
            "Lunch and Snacks"
        ]
    }, 
    "id": "Jam-Muffins-Allrecipes_1"
}{
    "flavors": {
        "sweet": 0.8333333333333334, 
        "sour": 0.6666666666666666, 
        "salty": 0.16666666666666666, 
        "piquant": 0.0, 
        "bitter": 0.16666666666666666, 
        "meaty": 0.5
    }, 
    "rating": 3.52, 
    "totalTimeInSeconds": 0, 
    "ingredients": [
        "white sugar", 
        "grated lemon zest", 
        "egg", 
        "baking powder", 
        "salt", 
        "vegetable oil", 
        "milk", 
        "all-purpose flour"
    ], 
    "smallImageUrls": [
        "http://i.yummly.com/Lemon-Muffins-Allrecipes-49926.s.png"
    ], 
    "sourceDisplayName": "AllRecipes", 
    "recipeName": "Lemon Muffins", 
    "attributes": {
        "course": [
            "Breads", 
            "Breakfast and Brunch"
        ]
    }, 
    "id": "Lemon-Muffins-Allrecipes"
}{
    "flavors": {
        "sweet": 1.0, 
        "sour": 0.8333333333333334, 
        "salty": 0.16666666666666666, 
        "piquant": 0.0, 
        "bitter": 0.16666666666666666, 
        "meaty": 0.5
    }, 
    "rating": 4.25, 
    "totalTimeInSeconds": 2400.0, 
    "ingredients": [
        "all-purpose flour", 
        "vegetable oil", 
        "salt", 
        "brown sugar", 
        "vanilla extract", 
        "eggs", 
        "ground cinnamon", 
        "ground cinnamon", 
        "buttermilk", 
        "white sugar", 
        "orange juice", 
        "baking powder", 
        "all-purpose flour", 
        "white sugar", 
        "softened butter"
    ], 
    "smallImageUrls": [
        "http://i.yummly.com/Cinnamon-Streusel-Orange-Muffins-Allrecipes-51523.s.png"
    ], 
    "sourceDisplayName": "AllRecipes", 
    "recipeName": "Cinnamon Streusel Orange Muffins", 
    "attributes": {
        "course": [
            "Breads"
        ]
    }, 
    "id": "Cinnamon-Streusel-Orange-Muffins-Allrecipes"
}{
    "flavors": {
        "sweet": 0.16666666666666666, 
        "sour": 0.5, 
        "salty": 0.8333333333333334, 
        "piquant": 0.0, 
        "bitter": 1.0, 
        "meaty": 0.6666666666666666
    }, 
    "rating": 4.24, 
    "totalTimeInSeconds": 1800.0, 
    "ingredients": [
        "wheat flour", 
        "baking soda", 
        "buttermilk", 
        "beaten eggs", 
        "melted butter", 
        "wheat bran", 
        "all-purpose flour", 
        "salt", 
        "molasses"
    ], 
    "smallImageUrls": [
        "http://i.yummly.com/Bran-Muffins-Iii-Allrecipes-94195.s.png", 
        "http://i.yummly.com/Bran-Muffins-Iii-Allrecipes-93407.s.png"
    ], 
    "sourceDisplayName": "AllRecipes", 
    "recipeName": "Bran Muffins III", 
    "attributes": {
        "course": [
            "Breads"
        ]
    }, 
    "id": "Bran-Muffins-Iii-Allrecipes"
}{
    "flavors": {
        "sweet": 0.16666666666666666, 
        "sour": 0.8333333333333334, 
        "salty": 0.16666666666666666, 
        "piquant": 0.0, 
        "bitter": 0.16666666666666666, 
        "meaty": 0.5
    }, 
    "rating": 3.97, 
    "totalTimeInSeconds": 2700.0, 
    "ingredients": [
        "sugar", 
        "salt", 
        "all-purpose flour", 
        "blueberries", 
        "lemon juice", 
        "egg", 
        "milk", 
        "ground cinnamon", 
        "vegetable oil", 
        "baking powder"
    ], 
    "smallImageUrls": [
        "http://i.yummly.com/Blueberry-Muffins-Allrecipes-66428.s.png"
    ], 
    "sourceDisplayName": "Taste of Home", 
    "recipeName": "Blueberry Muffins", 
    "attributes": {
        "course": [
            "Breads", 
            "Breakfast and Brunch", 
            "Lunch and Snacks"
        ], 
        "cuisine": [
            "American"
        ]
    }, 
    "id": "Blueberry-Muffins-TasteOfHome"
}{
    "flavors": {
        "sweet": 0.3333333333333333, 
        "sour": 0.16666666666666666, 
        "salty": 0.16666666666666666, 
        "piquant": 0.0, 
        "bitter": 0.6666666666666666, 
        "meaty": 0.6666666666666666
    }, 
    "rating": 3.62, 
    "totalTimeInSeconds": 2100.0, 
    "ingredients": [
        "baking powder", 
        "nonfat milk", 
        "vegetable oil", 
        "honey", 
        "apples", 
        "salt", 
        "wheat flour", 
        "ground cinnamon", 
        "egg whites"
    ], 
    "smallImageUrls": [
        "http://i.yummly.com/Apple-Muffins-Allrecipes-49635.s.png"
    ], 
    "sourceDisplayName": "AllRecipes", 
    "recipeName": "Apple Muffins", 
    "attributes": {
        "course": [
            "Breads", 
            "Breakfast and Brunch"
        ], 
        "cuisine": [
            "American"
        ]
    }, 
    "id": "Apple-Muffins-Allrecipes"
}{
    "flavors": {
        "sweet": 1.0, 
        "sour": 0.5, 
        "salty": 0.6666666666666666, 
        "piquant": 0.0, 
        "bitter": 0.8333333333333334, 
        "meaty": 0.5
    }, 
    "rating": 4.65, 
    "totalTimeInSeconds": 2100.0, 
    "ingredients": [
        "baking powder", 
        "milk", 
        "chopped walnuts", 
        "all-purpose flour", 
        "beaten eggs", 
        "raisins", 
        "salt", 
        "maple syrup", 
        "vanilla extract", 
        "white sugar", 
        "butter", 
        "baking soda"
    ], 
    "smallImageUrls": [
        "http://i.yummly.com/Butter-Tart-Muffins-Allrecipes_1-62006.s.png"
    ], 
    "sourceDisplayName": "AllRecipes", 
    "recipeName": "Butter Tart Muffins", 
    "attributes": {
        "course": [
            "Breads", 
            "Desserts", 
            "Lunch and Snacks"
        ]
    }, 
    "id": "Butter-Tart-Muffins-Allrecipes_1"
}{
    "flavors": {
        "sweet": 1.0, 
        "sour": 0.6666666666666666, 
        "salty": 0.16666666666666666, 
        "piquant": 0.0, 
        "bitter": 0.16666666666666666, 
        "meaty": 0.6666666666666666
    }, 
    "rating": 4.28, 
    "totalTimeInSeconds": 2700.0, 
    "ingredients": [
        "eggs", 
        "salt", 
        "milk", 
        "all-purpose flour", 
        "vanilla extract", 
        "almond extract", 
        "white sugar", 
        "almond extract", 
        "poppy seeds", 
        "white sugar", 
        "baking powder", 
        "vegetable oil", 
        "orange juice", 
        "vanilla extract", 
        "melted butter"
    ], 
    "smallImageUrls": [
        "http://i.yummly.com/Poppy-Seed-Muffins-Allrecipes_1-49613.s.png"
    ], 
    "sourceDisplayName": "AllRecipes", 
    "recipeName": "Poppy Seed Muffins", 
    "attributes": {
        "course": [
            "Breads"
        ]
    }, 
    "id": "Poppy-Seed-Muffins-Allrecipes_1"
}{
    "flavors": {
        "sweet": 0.8333333333333334, 
        "sour": 0.6666666666666666, 
        "salty": 0.3333333333333333, 
        "piquant": 0.0, 
        "bitter": 0.16666666666666666, 
        "meaty": 0.5
    }, 
    "rating": 3.59, 
    "totalTimeInSeconds": 1800.0, 
    "ingredients": [
        "baking powder", 
        "salt", 
        "beaten eggs", 
        "melted butter", 
        "apple", 
        "white sugar", 
        "all-purpose flour", 
        "ground cinnamon", 
        "milk"
    ], 
    "smallImageUrls": [
        "http://i.yummly.com/Apple-Muffins-Allrecipes_1-74649.s.png"
    ], 
    "sourceDisplayName": "AllRecipes", 
    "recipeName": "Apple Muffins", 
    "attributes": {
        "course": [
            "Breads", 
            "Breakfast and Brunch"
        ]
    }, 
    "id": "Apple-Muffins-Allrecipes_1"
}{
    "flavors": {
        "sweet": 1.0, 
        "sour": 0.5, 
        "salty": 0.3333333333333333, 
        "piquant": 0.0, 
        "bitter": 0.16666666666666666, 
        "meaty": 0.3333333333333333
    }, 
    "rating": 4.27, 
    "totalTimeInSeconds": 2400.0, 
    "ingredients": [
        "cornmeal", 
        "salt", 
        "strawberry yogurt", 
        "melted butter", 
        "egg", 
        "white sugar", 
        "all-purpose flour", 
        "baking powder", 
        "strawberries"
    ], 
    "smallImageUrls": [
        "http://i.yummly.com/Berry-Cornmeal-Muffins-Allrecipes-74357.s.png"
    ], 
    "sourceDisplayName": "AllRecipes", 
    "recipeName": "Berry Cornmeal Muffins", 
    "attributes": {
        "course": [
            "Breads"
        ]
    }, 
    "id": "Berry-Cornmeal-Muffins-Allrecipes"
}{
    "flavors": {
        "sweet": 0.3333333333333333, 
        "sour": 0.8333333333333334, 
        "salty": 0.16666666666666666, 
        "piquant": 0.0, 
        "bitter": 0.16666666666666666, 
        "meaty": 0.5
    }, 
    "rating": 4.57, 
    "totalTimeInSeconds": 12000.0, 
    "ingredients": [
        "salt", 
        "baking powder", 
        "water", 
        "all-purpose flour", 
        "active dry yeast", 
        "white sugar", 
        "milk"
    ], 
    "smallImageUrls": [
        "http://i.yummly.com/Grandma_s-English-Muffin-Bread-Allrecipes-49645.s.png"
    ], 
    "sourceDisplayName": "AllRecipes", 
    "recipeName": "Grandma's English Muffin Bread", 
    "attributes": {
        "course": [
            "Breads"
        ]
    }, 
    "id": "Grandma_s-English-Muffin-Bread-Allrecipes"
}{
    "flavors": {
        "sweet": 0.8333333333333334, 
        "sour": 0.5, 
        "salty": 0.6666666666666666, 
        "piquant": 0.0, 
        "bitter": 0.16666666666666666, 
        "meaty": 0.5
    }, 
    "rating": 3.84, 
    "totalTimeInSeconds": 2700.0, 
    "ingredients": [
        "vegetable oil", 
        "shredded carrots", 
        "brown sugar", 
        "warm water", 
        "eggs", 
        "baking powder", 
        "baking soda", 
        "raisins", 
        "salt", 
        "ground cinnamon", 
        "all-purpose flour"
    ], 
    "smallImageUrls": [
        "http://i.yummly.com/Awesome-Carrot-Muffins-Allrecipes-90863.s.png", 
        "http://i.yummly.com/Awesome-Carrot-Muffins-Allrecipes-90375.s.png"
    ], 
    "sourceDisplayName": "AllRecipes", 
    "recipeName": "Awesome Carrot Muffins", 
    "attributes": {
        "course": [
            "Breads"
        ]
    }, 
    "id": "Awesome-Carrot-Muffins-Allrecipes"
}{
    "flavors": {
        "sweet": 0.16666666666666666, 
        "sour": 0.5, 
        "salty": 0.16666666666666666, 
        "piquant": 0.0, 
        "bitter": 0.16666666666666666, 
        "meaty": 0.5
    }, 
    "rating": 4.14, 
    "totalTimeInSeconds": 0, 
    "ingredients": [
        "baking powder", 
        "lemon zest", 
        "all-purpose flour", 
        "blueberries", 
        "unsalted butter", 
        "milk", 
        "muffin", 
        "sugar", 
        "egg yolks", 
        "yellow cornmeal"
    ], 
    "smallImageUrls": [], 
    "sourceDisplayName": "Epicurious", 
    "recipeName": "Blueberry Lemon Corn Muffins", 
    "attributes": {
        "course": [
            "Breads"
        ], 
        "cuisine": [
            "American"
        ]
    }, 
    "id": "Blueberry-Lemon-Corn-Muffins-Epicurious"
}{
    "flavors": {
        "sweet": 0.8333333333333334, 
        "sour": 0.5, 
        "salty": 0.16666666666666666, 
        "piquant": 0.0, 
        "bitter": 1.0, 
        "meaty": 0.6666666666666666
    }, 
    "rating": 4.25, 
    "totalTimeInSeconds": 0, 
    "ingredients": [
        "sugar", 
        "bananas", 
        "unsalted butter", 
        "milk", 
        "semisweet chocolate chips", 
        "baking powder", 
        "all purpose flour", 
        "salt", 
        "egg"
    ], 
    "smallImageUrls": [], 
    "sourceDisplayName": "Epicurious", 
    "recipeName": "Banana-Chocolate Chip Muffins", 
    "attributes": {
        "course": [
            "Breads", 
            "Lunch and Snacks"
        ]
    }, 
    "id": "Banana_chocolate-Chip-Muffins-Epicurious"
}{
    "flavors": {
        "sweet": 0.6666666666666666, 
        "sour": 0.6666666666666666, 
        "salty": 0.8333333333333334, 
        "piquant": 0.0, 
        "bitter": 0.8333333333333334, 
        "meaty": 0.3333333333333333
    }, 
    "rating": 4.37, 
    "totalTimeInSeconds": 2100.0, 
    "ingredients": [
        "baking soda", 
        "molasses", 
        "vegetable oil", 
        "bran flakes", 
        "raisins", 
        "salt", 
        "all-purpose flour", 
        "skim milk", 
        "beaten eggs"
    ], 
    "smallImageUrls": [
        "http://i.yummly.com/Molasses-Bran-Muffins-Allrecipes-84201.s.png", 
        "http://i.yummly.com/Molasses-Bran-Muffins-Allrecipes-84062.s.png"
    ], 
    "sourceDisplayName": "AllRecipes", 
    "recipeName": "Molasses Bran Muffins", 
    "attributes": {
        "course": [
            "Breads", 
            "Breakfast and Brunch"
        ]
    }, 
    "id": "Molasses-Bran-Muffins-Allrecipes"
}{
    "flavors": {
        "sweet": 0.16666666666666666, 
        "sour": 0.8333333333333334, 
        "salty": 0.5, 
        "piquant": 0.0, 
        "bitter": 0.16666666666666666, 
        "meaty": 0.6666666666666666
    }, 
    "rating": 4.75, 
    "totalTimeInSeconds": 3000.0, 
    "ingredients": [
        "sugar", 
        "all-purpose flour", 
        "eggs", 
        "all-purpose flour", 
        "vegetable oil", 
        "pumpkin pie spice", 
        "baking soda", 
        "canned pumpkin", 
        "ground cinnamon", 
        "butter", 
        "sugar", 
        "apples", 
        "salt"
    ], 
    "smallImageUrls": [
        "http://i.yummly.com/Pumpkin_apple-Muffins-With-Streusel-Topping-Allrecipes-66460.s.png"
    ], 
    "sourceDisplayName": "Taste of Home", 
    "recipeName": "Pumpkin-Apple Muffins with Streusel Topping", 
    "attributes": {
        "course": [
            "Breads"
        ], 
        "holiday": [
            "Thanksgiving"
        ]
    }, 
    "id": "Pumpkin_apple-Muffins-With-Streusel-Topping-TasteOfHome"
}{
    "flavors": {
        "sweet": 1.0, 
        "sour": 0.6666666666666666, 
        "salty": 0.3333333333333333, 
        "piquant": 0.0, 
        "bitter": 0.16666666666666666, 
        "meaty": 0.3333333333333333
    }, 
    "rating": 4.52, 
    "totalTimeInSeconds": 2400.0, 
    "ingredients": [
        "salt", 
        "prunes", 
        "ground cinnamon", 
        "vegetable oil", 
        "baking soda", 
        "mashed banana", 
        "vanilla extract", 
        "white sugar", 
        "all-purpose flour", 
        "baking powder", 
        "egg"
    ], 
    "smallImageUrls": [
        "http://i.yummly.com/Banana-Prune-Muffins-Allrecipes-51930.s.png"
    ], 
    "sourceDisplayName": "AllRecipes", 
    "recipeName": "Banana Prune Muffins", 
    "attributes": {
        "course": [
            "Breads"
        ]
    }, 
    "id": "Banana-Prune-Muffins-Allrecipes"
}{
    "flavors": {
        "sweet": 0.6666666666666666, 
        "sour": 0.6666666666666666, 
        "salty": 0.8333333333333334, 
        "piquant": 0.0, 
        "bitter": 0.8333333333333334, 
        "meaty": 0.6666666666666666
    }, 
    "rating": 4.87, 
    "totalTimeInSeconds": 2700.0, 
    "ingredients": [
        "all-purpose flour", 
        "salt", 
        "baking soda", 
        "carrots", 
        "vegetable oil", 
        "vanilla extract", 
        "tart apple", 
        "raisins", 
        "applesauce", 
        "sugar", 
        "eggs", 
        "ground cinnamon", 
        "crushed pineapple", 
        "flaked coconut", 
        "chopped walnuts"
    ], 
    "smallImageUrls": [
        "http://i.yummly.com/Morning-Glory-Muffins-Allrecipes_1-93755.s.png", 
        "http://i.yummly.com/Morning-Glory-Muffins-Allrecipes_1-93025.s.png"
    ], 
    "sourceDisplayName": "Taste of Home", 
    "recipeName": "Morning Glory Muffins", 
    "attributes": {
        "course": [
            "Breads", 
            "Breakfast and Brunch", 
            "Lunch and Snacks"
        ], 
        "cuisine": [
            "American", 
            "Southern & Soul Food"
        ]
    }, 
    "id": "Morning-Glory-Muffins-TasteOfHome_1"
}{
    "flavors": {
        "sweet": 0.8333333333333334, 
        "sour": 0.6666666666666666, 
        "salty": 0.3333333333333333, 
        "piquant": 0.0, 
        "bitter": 0.5, 
        "meaty": 0.3333333333333333
    }, 
    "rating": 4.12, 
    "totalTimeInSeconds": 2400.0, 
    "ingredients": [
        "milk", 
        "shortening", 
        "white sugar", 
        "egg", 
        "all-purpose flour", 
        "salt", 
        "baking powder", 
        "bran flakes"
    ], 
    "smallImageUrls": [
        "http://i.yummly.com/Bran-Flakes-Muffins-With-Raisins-Allrecipes-56173.s.png"
    ], 
    "sourceDisplayName": "AllRecipes", 
    "recipeName": "Bran Flakes Muffins with Raisins", 
    "attributes": {
        "course": [
            "Breads"
        ]
    }, 
    "id": "Bran-Flakes-Muffins-With-Raisins-Allrecipes"
}{
    "flavors": {
        "sweet": 1.0, 
        "sour": 0.8333333333333334, 
        "salty": 1.0, 
        "piquant": 0.0, 
        "bitter": 0.3333333333333333, 
        "meaty": 0.3333333333333333
    }, 
    "rating": 4.7, 
    "totalTimeInSeconds": 0, 
    "ingredients": [
        "shortening", 
        "buttermilk", 
        "boiling water", 
        "salt", 
        "bran cereal", 
        "all-purpose flour", 
        "bran cereal", 
        "eggs", 
        "baking soda", 
        "white sugar"
    ], 
    "smallImageUrls": [
        "http://i.yummly.com/Bran-Muffins-I-Allrecipes-55684.s.png"
    ], 
    "sourceDisplayName": "AllRecipes", 
    "recipeName": "Bran Muffins I", 
    "attributes": {
        "course": [
            "Breads"
        ]
    }, 
    "id": "Bran-Muffins-I-Allrecipes"
}{
    "flavors": {
        "sweet": 1.0, 
        "sour": 0.3333333333333333, 
        "salty": 0.5, 
        "piquant": 0.0, 
        "bitter": 0.16666666666666666, 
        "meaty": 0.6666666666666666
    }, 
    "rating": 4.38, 
    "totalTimeInSeconds": 2100.0, 
    "ingredients": [
        "sugar", 
        "flour", 
        "salt", 
        "blueberries", 
        "flour", 
        "milk", 
        "butter", 
        "egg", 
        "baking powder"
    ], 
    "smallImageUrls": [], 
    "sourceDisplayName": "Food Network", 
    "recipeName": "Blueberry Muffins", 
    "attributes": {
        "course": [
            "Breads", 
            "Breakfast and Brunch", 
            "Lunch and Snacks"
        ]
    }, 
    "id": "Blueberry-Muffins-Food-Network_1"
}{
    "flavors": {
        "sweet": 0.6666666666666666, 
        "sour": 0.6666666666666666, 
        "salty": 0.6666666666666666, 
        "piquant": 0.0, 
        "bitter": 0.8333333333333334, 
        "meaty": 0.5
    }, 
    "rating": 4.67, 
    "totalTimeInSeconds": 2100.0, 
    "ingredients": [
        "sugar", 
        "baking soda", 
        "mashed bananas", 
        "mayonnaise", 
        "maraschino cherries", 
        "miniature semisweet chocolate chips", 
        "all-purpose flour", 
        "chopped walnuts", 
        "salt"
    ], 
    "smallImageUrls": [
        "http://i.yummly.com/Banana-Split-Muffins-Allrecipes-68861.s.png"
    ], 
    "sourceDisplayName": "Taste of Home", 
    "recipeName": "Banana Split Muffins", 
    "attributes": {
        "course": [
            "Breads"
        ]
    }, 
    "id": "Banana-Split-Muffins-TasteOfHome"
}{
    "flavors": {
        "sweet": 0.16666666666666666, 
        "sour": 0.6666666666666666, 
        "salty": 0.8333333333333334, 
        "piquant": 0.0, 
        "bitter": 0.8333333333333334, 
        "meaty": 0.8333333333333334
    }, 
    "rating": 4.57, 
    "totalTimeInSeconds": 2100.0, 
    "ingredients": [
        "lime juice", 
        "salt", 
        "raisins", 
        "vegetable oil", 
        "ground cinnamon", 
        "all-purpose flour", 
        "mashed banana", 
        "chopped walnuts", 
        "eggs", 
        "sugar", 
        "baking soda", 
        "mango"
    ], 
    "smallImageUrls": [
        "http://i.yummly.com/Mango-Muffins-Allrecipes-54081.s.png"
    ], 
    "sourceDisplayName": "Taste of Home", 
    "recipeName": "Mango Muffins", 
    "attributes": {
        "course": [
            "Breads"
        ]
    }, 
    "id": "Mango-Muffins-TasteOfHome"
}{
    "flavors": {
        "sweet": 0.16666666666666666, 
        "sour": 0.8333333333333334, 
        "salty": 0.16666666666666666, 
        "piquant": 0.0, 
        "bitter": 0.16666666666666666, 
        "meaty": 0.5
    }, 
    "rating": 4.45, 
    "totalTimeInSeconds": 2400.0, 
    "ingredients": [
        "blueberries", 
        "ground nutmeg", 
        "sugar", 
        "baking powder", 
        "vanilla extract", 
        "butter", 
        "sugar", 
        "all-purpose flour", 
        "eggs", 
        "milk", 
        "salt"
    ], 
    "smallImageUrls": [
        "http://i.yummly.com/Frozen-Blueberry-Muffins-Allrecipes-72525.s.png"
    ], 
    "sourceDisplayName": "Taste of Home", 
    "recipeName": "Frozen Blueberry Muffins", 
    "attributes": {
        "course": [
            "Breads", 
            "Breakfast and Brunch"
        ]
    }, 
    "id": "Frozen-Blueberry-Muffins-TasteOfHome"
}{
    "flavors": {
        "sweet": 0.0, 
        "sour": 0.6666666666666666, 
        "salty": 0.16666666666666666, 
        "piquant": 0.0, 
        "bitter": 0.16666666666666666, 
        "meaty": 0.5
    }, 
    "rating": 4.55, 
    "totalTimeInSeconds": 0, 
    "ingredients": [
        "vanilla", 
        "salt", 
        "milk", 
        "all-purpose flour", 
        "egg", 
        "sugar", 
        "blueberries", 
        "yolk", 
        "muffin", 
        "baking powder", 
        "unsalted butter", 
        "all-purpose flour", 
        "unsalted butter", 
        "sugar"
    ], 
    "smallImageUrls": [
        "http://i.yummly.com/Blueberry-Muffin-Tops-Epicurious-51846-43288.s.png"
    ], 
    "sourceDisplayName": "Epicurious", 
    "recipeName": "Blueberry Muffin Tops", 
    "attributes": {
        "course": [
            "Breads", 
            "Breakfast and Brunch"
        ], 
        "cuisine": [
            "American"
        ]
    }, 
    "id": "Blueberry-Muffin-Tops-Epicurious-51846"
}{
    "flavors": {
        "sweet": 0.6666666666666666, 
        "sour": 0.3333333333333333, 
        "salty": 0.16666666666666666, 
        "piquant": 0.0, 
        "bitter": 0.5, 
        "meaty": 0.5
    }, 
    "rating": 4.0, 
    "totalTimeInSeconds": 2400.0, 
    "ingredients": [
        "coconut milk", 
        "salt", 
        "coconut", 
        "white sugar", 
        "water", 
        "white rice flour"
    ], 
    "smallImageUrls": [
        "http://i.yummly.com/Delish-Coconut-Muffins-AllRecipes-54989.s.png"
    ], 
    "sourceDisplayName": "AllRecipes", 
    "recipeName": "Delish Coconut Muffins", 
    "attributes": {
        "course": [
            "Breads"
        ]
    }, 
    "id": "Delish-Coconut-Muffins-AllRecipes"
}{
    "flavors": {
        "sweet": 0.16666666666666666, 
        "sour": 0.5, 
        "salty": 0.8333333333333334, 
        "piquant": 0.0, 
        "bitter": 0.6666666666666666, 
        "meaty": 0.8333333333333334
    }, 
    "rating": 4.4, 
    "totalTimeInSeconds": 4500.0, 
    "ingredients": [
        "muffin mix", 
        "salt", 
        "shredded cheddar cheese", 
        "shredded zucchini", 
        "onion", 
        "beaten eggs", 
        "black pepper"
    ], 
    "smallImageUrls": [
        "http://i2.yummly.com/Zucchini-Cornbread-Casserole-Allrecipes.s.png", 
        "http://i.yummly.com/Zucchini-Cornbread-Casserole-Allrecipes-74682.s.png"
    ], 
    "sourceDisplayName": "AllRecipes", 
    "recipeName": "Zucchini Cornbread Casserole", 
    "attributes": {
        "course": [
            "Side Dishes", 
            "Breads", 
            "Main Dishes"
        ]
    }, 
    "id": "Zucchini-Cornbread-Casserole-Allrecipes"
}{
    "flavors": {
        "sweet": 0.16666666666666666, 
        "sour": 0.5, 
        "salty": 0.3333333333333333, 
        "piquant": 0.0, 
        "bitter": 1.0, 
        "meaty": 0.6666666666666666
    }, 
    "rating": 4.18, 
    "totalTimeInSeconds": 2700.0, 
    "ingredients": [
        "olive oil", 
        "strawberries", 
        "sugar", 
        "rolled oats", 
        "milk", 
        "baking soda", 
        "ground cinnamon", 
        "all-purpose flour", 
        "salt", 
        "beaten eggs", 
        "baking powder"
    ], 
    "smallImageUrls": [
        "http://i.yummly.com/Strawberry-Cinnamon-Oatmeal-Muffins-Allrecipes-59219.s.png"
    ], 
    "sourceDisplayName": "AllRecipes", 
    "recipeName": "Strawberry Cinnamon Oatmeal Muffins", 
    "attributes": {
        "course": [
            "Breads"
        ]
    }, 
    "id": "Strawberry-Cinnamon-Oatmeal-Muffins-Allrecipes"
}{
    "flavors": {
        "sweet": 1.0, 
        "sour": 0.6666666666666666, 
        "salty": 0.6666666666666666, 
        "piquant": 0.0, 
        "bitter": 0.3333333333333333, 
        "meaty": 0.5
    }, 
    "rating": 4.34, 
    "totalTimeInSeconds": 3300.0, 
    "ingredients": [
        "egg whites", 
        "ground cloves", 
        "ground allspice", 
        "egg", 
        "water", 
        "light brown sugar", 
        "baking soda", 
        "salt", 
        "fat free vanilla yogurt", 
        "pumpkin puree", 
        "ground nutmeg", 
        "raisins", 
        "baking powder", 
        "all-purpose flour", 
        "applesauce", 
        "ground cinnamon", 
        "white sugar"
    ], 
    "smallImageUrls": [
        "http://i.yummly.com/Decadent-Pumpkin-Muffins-Allrecipes-65619.s.png"
    ], 
    "sourceDisplayName": "AllRecipes", 
    "recipeName": "Decadent Pumpkin Muffins", 
    "attributes": {
        "course": [
            "Breads"
        ]
    }, 
    "id": "Decadent-Pumpkin-Muffins-Allrecipes"
}{
    "flavors": {
        "sweet": 1.0, 
        "sour": 0.3333333333333333, 
        "salty": 0.16666666666666666, 
        "piquant": 0.0, 
        "bitter": 1.0, 
        "meaty": 0.5
    }, 
    "rating": 4.48, 
    "totalTimeInSeconds": 2100.0, 
    "ingredients": [
        "all-purpose flour", 
        "salt", 
        "egg", 
        "semisweet chocolate chips", 
        "brown sugar", 
        "applesauce", 
        "butter", 
        "baking soda", 
        "rolled oats", 
        "baking powder"
    ], 
    "smallImageUrls": [
        "http://i.yummly.com/Chocolate-Chip-Oatmeal-Muffins-Allrecipes-60097.s.png"
    ], 
    "sourceDisplayName": "Taste of Home", 
    "recipeName": "Chocolate Chip Oatmeal Muffins", 
    "attributes": {
        "course": [
            "Breads", 
            "Breakfast and Brunch"
        ]
    }, 
    "id": "Chocolate-Chip-Oatmeal-Muffins-TasteOfHome"
}{
    "flavors": {
        "sweet": 0.8333333333333334, 
        "sour": 1.0, 
        "salty": 0.16666666666666666, 
        "piquant": 0.0, 
        "bitter": 0.16666666666666666, 
        "meaty": 0.3333333333333333
    }, 
    "rating": 3.78, 
    "totalTimeInSeconds": 0, 
    "ingredients": [
        "baking powder", 
        "vegetable oil", 
        "orange juice", 
        "orange zest", 
        "cranberries", 
        "salt", 
        "all-purpose flour", 
        "white sugar", 
        "beaten eggs"
    ], 
    "smallImageUrls": [
        "http://i.yummly.com/Cranberry-Muffins-AllRecipes-50291.s.png"
    ], 
    "sourceDisplayName": "AllRecipes", 
    "recipeName": "Cranberry Muffins", 
    "attributes": {
        "course": [
            "Breads", 
            "Breakfast and Brunch"
        ], 
        "holiday": [
            "Thanksgiving"
        ]
    }, 
    "id": "Cranberry-Muffins-AllRecipes"
}{
    "flavors": {
        "sweet": 0.8333333333333334, 
        "sour": 1.0, 
        "salty": 1.0, 
        "piquant": 0.0, 
        "bitter": 1.0, 
        "meaty": 1.0
    }, 
    "rating": 3.78, 
    "totalTimeInSeconds": 2700.0, 
    "ingredients": [
        "white bread", 
        "onion", 
        "salt", 
        "pepper", 
        "shredded cheddar cheese", 
        "ground beef", 
        "softened butter", 
        "egg", 
        "condensed cream of mushroom soup"
    ], 
    "smallImageUrls": [
        "http://i.yummly.com/Hamburger-Muffins-Allrecipes-97188.s.png", 
        "http://i.yummly.com/Hamburger-Muffins-Allrecipes-96258.s.png"
    ], 
    "sourceDisplayName": "AllRecipes", 
    "recipeName": "Hamburger Muffins", 
    "attributes": {}, 
    "id": "Hamburger-Muffins-Allrecipes"
}{
    "flavors": {
        "sweet": 0.0, 
        "sour": 0.0, 
        "salty": 0.3333333333333333, 
        "piquant": 0.0, 
        "bitter": 1.0, 
        "meaty": 0.6666666666666666
    }, 
    "rating": 3.93, 
    "totalTimeInSeconds": 2700.0, 
    "ingredients": [
        "rolled oats", 
        "vegetable oil", 
        "salt", 
        "honey", 
        "wheat flour", 
        "baking soda", 
        "baking powder", 
        "buttermilk"
    ], 
    "smallImageUrls": [
        "http://i.yummly.com/Honey-Wheat-Muffins-Allrecipes_1-56693.s.png"
    ], 
    "sourceDisplayName": "AllRecipes", 
    "recipeName": "Honey Wheat Muffins", 
    "attributes": {
        "course": [
            "Breads", 
            "Breakfast and Brunch", 
            "Lunch and Snacks"
        ], 
        "cuisine": [
            "American"
        ]
    }, 
    "id": "Honey-Wheat-Muffins-Allrecipes_1"
}{
    "flavors": {
        "sweet": 0.8333333333333334, 
        "sour": 0.5, 
        "salty": 0.6666666666666666, 
        "piquant": 0.0, 
        "bitter": 0.16666666666666666, 
        "meaty": 0.6666666666666666
    }, 
    "rating": 4.57, 
    "totalTimeInSeconds": 1800.0, 
    "ingredients": [
        "all-purpose flour", 
        "baking soda", 
        "egg", 
        "buttermilk", 
        "vegetable oil", 
        "brown sugar", 
        "cornmeal", 
        "sugar", 
        "salt"
    ], 
    "smallImageUrls": [
        "http://i.yummly.com/Coffee-Shop-Corn-Muffins-Allrecipes-72529.s.png"
    ], 
    "sourceDisplayName": "Taste of Home", 
    "recipeName": "Coffee Shop Corn Muffins", 
    "attributes": {
        "course": [
            "Breads"
        ]
    }, 
    "id": "Coffee-Shop-Corn-Muffins-TasteOfHome"
}{
    "flavors": {
        "sweet": 0.5, 
        "sour": 0.8333333333333334, 
        "salty": 0.6666666666666666, 
        "piquant": 0.0, 
        "bitter": 0.6666666666666666, 
        "meaty": 0.8333333333333334
    }, 
    "rating": 4.33, 
    "totalTimeInSeconds": 3300.0, 
    "ingredients": [
        "bread crumbs", 
        "elbow macaroni", 
        "butter", 
        "milk", 
        "olive oil", 
        "shredded mozzarella cheese", 
        "salt", 
        "beaten eggs", 
        "sharp cheddar cheese"
    ], 
    "smallImageUrls": [
        "http://i.yummly.com/Easy-Mac-And-Cheese-Muffins-Allrecipes-2.s.jpg", 
        "http://i.yummly.com/Easy-Mac-And-Cheese-Muffins-Allrecipes-81054.s.png", 
        "http://i.yummly.com/Easy-Mac-And-Cheese-Muffins-Allrecipes-81012.s.png"
    ], 
    "sourceDisplayName": "AllRecipes", 
    "recipeName": "Easy Mac and Cheese Muffins", 
    "attributes": {
        "cuisine": [
            "American"
        ]
    }, 
    "id": "Easy-Mac-And-Cheese-Muffins-Allrecipes"
}{
    "flavors": {
        "sweet": 0.8333333333333334, 
        "sour": 0.5, 
        "salty": 0.8333333333333334, 
        "piquant": 0.0, 
        "bitter": 0.8333333333333334, 
        "meaty": 0.6666666666666666
    }, 
    "rating": 4.42, 
    "totalTimeInSeconds": 2700.0, 
    "ingredients": [
        "egg substitute", 
        "canola oil", 
        "chopped pecans", 
        "baking soda", 
        "ground cinnamon", 
        "all-purpose flour", 
        "salt", 
        "low fat granola", 
        "oat bran", 
        "brown sugar", 
        "blueberries", 
        "applesauce", 
        "vanilla extract", 
        "baking powder"
    ], 
    "smallImageUrls": [
        "http://i.yummly.com/Blueberry-Nut-Oat-Bran-Muffins-Allrecipes-71533.s.png"
    ], 
    "sourceDisplayName": "AllRecipes", 
    "recipeName": "Blueberry Nut Oat Bran Muffins", 
    "attributes": {
        "course": [
            "Breads"
        ]
    }, 
    "id": "Blueberry-Nut-Oat-Bran-Muffins-Allrecipes"
}{
    "flavors": {
        "sweet": 1.0, 
        "sour": 0.16666666666666666, 
        "salty": 0.3333333333333333, 
        "piquant": 0.0, 
        "bitter": 0.8333333333333334, 
        "meaty": 0.6666666666666666
    }, 
    "rating": 4.6, 
    "totalTimeInSeconds": 2400.0, 
    "ingredients": [
        "applesauce", 
        "canned pumpkin", 
        "golden raisins", 
        "salt", 
        "brown sugar", 
        "baking powder", 
        "white sugar", 
        "chopped pecans", 
        "wheat flour", 
        "baking soda", 
        "eggs", 
        "canola oil", 
        "buttermilk", 
        "pumpkin pie spice"
    ], 
    "smallImageUrls": [
        "http://i.yummly.com/Whole-Wheat-Pumpkin_applesauce-Muffins-Allrecipes-71938.s.png"
    ], 
    "sourceDisplayName": "AllRecipes", 
    "recipeName": "Whole Wheat Pumpkin-Applesauce Muffins", 
    "attributes": {
        "course": [
            "Breads"
        ]
    }, 
    "id": "Whole-Wheat-Pumpkin_applesauce-Muffins-Allrecipes"
}{
    "flavors": {
        "sweet": 1.0, 
        "sour": 0.6666666666666666, 
        "salty": 0.5, 
        "piquant": 0.0, 
        "bitter": 1.0, 
        "meaty": 0.6666666666666666
    }, 
    "rating": 4.39, 
    "totalTimeInSeconds": 0, 
    "ingredients": [
        "baking powder", 
        "salt", 
        "ground cloves", 
        "unsweetened cocoa powder", 
        "zucchini", 
        "white sugar", 
        "all-purpose flour", 
        "ground cardamom", 
        "eggs", 
        "vegetable oil", 
        "ground nutmeg", 
        "baking soda", 
        "ground cinnamon", 
        "vanilla extract"
    ], 
    "smallImageUrls": [
        "http://i.yummly.com/Chocolate-Zucchini-Muffins-Allrecipes-55856.s.png"
    ], 
    "sourceDisplayName": "AllRecipes", 
    "recipeName": "Chocolate Zucchini Muffins", 
    "attributes": {
        "course": [
            "Breads", 
            "Breakfast and Brunch"
        ]
    }, 
    "id": "Chocolate-Zucchini-Muffins-Allrecipes"
}{
    "flavors": {
        "sweet": 1.0, 
        "sour": 0.5, 
        "salty": 0.3333333333333333, 
        "piquant": 0.0, 
        "bitter": 0.16666666666666666, 
        "meaty": 0.5
    }, 
    "rating": 4.22, 
    "totalTimeInSeconds": 2700.0, 
    "ingredients": [
        "vanilla extract", 
        "eggs", 
        "milk", 
        "salt", 
        "softened butter", 
        "baking powder", 
        "white sugar", 
        "all-purpose flour"
    ], 
    "smallImageUrls": [
        "http://i.yummly.com/Grandmother_s-Muffins-Allrecipes-54959.s.png"
    ], 
    "sourceDisplayName": "AllRecipes", 
    "recipeName": "Grandmother's Muffins", 
    "attributes": {
        "course": [
            "Breads"
        ]
    }, 
    "id": "Grandmother_s-Muffins-Allrecipes"
}{
    "flavors": {
        "sweet": 0.0, 
        "sour": 0.6666666666666666, 
        "salty": 0.16666666666666666, 
        "piquant": 0.0, 
        "bitter": 0.16666666666666666, 
        "meaty": 0.5
    }, 
    "rating": 4.57, 
    "totalTimeInSeconds": 2400.0, 
    "ingredients": [
        "canola oil", 
        "fat free milk", 
        "rhubarb", 
        "baking powder", 
        "salt", 
        "sugar", 
        "egg", 
        "all-purpose flour"
    ], 
    "smallImageUrls": [
        "http://i.yummly.com/Sugared-Rhubarb-Muffins-Allrecipes-95916.s.png", 
        "http://i.yummly.com/Sugared-Rhubarb-Muffins-Allrecipes-95089.s.png"
    ], 
    "sourceDisplayName": "Taste of Home", 
    "recipeName": "Sugared Rhubarb Muffins", 
    "attributes": {
        "course": [
            "Breads"
        ]
    }, 
    "id": "Sugared-Rhubarb-Muffins-TasteOfHome"
}{
    "flavors": {
        "sweet": 1.0, 
        "sour": 0.5, 
        "salty": 0.8333333333333334, 
        "piquant": 0.0, 
        "bitter": 0.6666666666666666, 
        "meaty": 0.6666666666666666
    }, 
    "rating": 4.66, 
    "totalTimeInSeconds": 0, 
    "ingredients": [
        "baking soda", 
        "chopped pecans", 
        "carrots", 
        "apple", 
        "vegetable oil", 
        "white sugar", 
        "beaten eggs", 
        "flaked coconut", 
        "all-purpose flour", 
        "ground cinnamon", 
        "vanilla extract", 
        "salt", 
        "dates"
    ], 
    "smallImageUrls": [
        "http://i.yummly.com/Morning-Glory-Muffins-Ii-Allrecipes-92552.s.png", 
        "http://i.yummly.com/Morning-Glory-Muffins-Ii-Allrecipes-91888.s.png"
    ], 
    "sourceDisplayName": "AllRecipes", 
    "recipeName": "Morning Glory Muffins II", 
    "attributes": {
        "course": [
            "Breads"
        ]
    }, 
    "id": "Morning-Glory-Muffins-Ii-Allrecipes"
}{
    "flavors": {
        "sweet": 0.3333333333333333, 
        "sour": 0.3333333333333333, 
        "salty": 1.0, 
        "piquant": 0.0, 
        "bitter": 0.8333333333333334, 
        "meaty": 0.5
    }, 
    "rating": 4.58, 
    "totalTimeInSeconds": 1200.0, 
    "ingredients": [
        "fresh parsley", 
        "mayonnaise", 
        "crab meat", 
        "processed cheese", 
        "softened butter", 
        "english muffins", 
        "garlic salt"
    ], 
    "smallImageUrls": [
        "http://i.yummly.com/Crab-Delights-Allrecipes-90623.s.png", 
        "http://i.yummly.com/Crab-Delights-Allrecipes-90187.s.png"
    ], 
    "sourceDisplayName": "AllRecipes", 
    "recipeName": "Crab Delights", 
    "attributes": {}, 
    "id": "Crab-Delights-Allrecipes"
}{
    "flavors": {
        "sweet": 1.0, 
        "sour": 0.6666666666666666, 
        "salty": 0.3333333333333333, 
        "piquant": 0.0, 
        "bitter": 0.8333333333333334, 
        "meaty": 0.5
    }, 
    "rating": 4.45, 
    "totalTimeInSeconds": 1800.0, 
    "ingredients": [
        "sour milk", 
        "eggs", 
        "chopped walnuts", 
        "baking soda", 
        "ground nutmeg", 
        "white sugar", 
        "salt", 
        "brown sugar", 
        "all-purpose flour", 
        "baking powder", 
        "vanilla extract", 
        "shortening", 
        "shredded zucchini", 
        "ground cinnamon"
    ], 
    "smallImageUrls": [
        "http://i.yummly.com/Super-Duper-Zucchini-Muffins-Allrecipes-67512.s.png"
    ], 
    "sourceDisplayName": "AllRecipes", 
    "recipeName": "Super Duper Zucchini Muffins", 
    "attributes": {
        "course": [
            "Breads"
        ]
    }, 
    "id": "Super-Duper-Zucchini-Muffins-Allrecipes"
}{
    "flavors": {
        "sweet": 0.0, 
        "sour": 0.8333333333333334, 
        "salty": 0.16666666666666666, 
        "piquant": 0.0, 
        "bitter": 0.16666666666666666, 
        "meaty": 0.3333333333333333
    }, 
    "rating": 4.32, 
    "totalTimeInSeconds": 2400.0, 
    "ingredients": [
        "buttermilk", 
        "egg", 
        "raspberries", 
        "baking powder", 
        "salt", 
        "sugar", 
        "butter", 
        "all-purpose flour"
    ], 
    "smallImageUrls": [
        "http://i.yummly.com/Raspberry-Buttermilk-Muffins-Allrecipes-60567.s.png"
    ], 
    "sourceDisplayName": "Taste of Home", 
    "recipeName": "Raspberry Buttermilk Muffins", 
    "attributes": {
        "course": [
            "Breads", 
            "Breakfast and Brunch"
        ]
    }, 
    "id": "Raspberry-Buttermilk-Muffins-TasteOfHome"
}{
    "flavors": {
        "sweet": 0.16666666666666666, 
        "sour": 0.0, 
        "salty": 0.5, 
        "piquant": 0.0, 
        "bitter": 0.3333333333333333, 
        "meaty": 0.8333333333333334
    }, 
    "rating": 4.5, 
    "totalTimeInSeconds": 2100.0, 
    "ingredients": [
        "egg", 
        "milk", 
        "sharp cheddar cheese", 
        "vegetable oil", 
        "bacon"
    ], 
    "smallImageUrls": [
        "http://i.yummly.com/Bacon-Cheddar-Muffins-Allrecipes-72081.s.png"
    ], 
    "sourceDisplayName": "Taste of Home", 
    "recipeName": "Bacon Cheddar Muffins", 
    "attributes": {
        "course": [
            "Breads", 
            "Lunch and Snacks"
        ]
    }, 
    "id": "Bacon-Cheddar-Muffins-TasteOfHome"
}{
    "flavors": {
        "sweet": 0.5, 
        "sour": 0.6666666666666666, 
        "salty": 0.3333333333333333, 
        "piquant": 0.0, 
        "bitter": 0.6666666666666666, 
        "meaty": 0.5
    }, 
    "rating": 4.83, 
    "totalTimeInSeconds": 2100.0, 
    "ingredients": [
        "ground nutmeg", 
        "salt", 
        "sugar", 
        "vanilla extract", 
        "all-purpose flour", 
        "sugar", 
        "baking powder", 
        "ground nutmeg", 
        "butter", 
        "eggs", 
        "chopped pecans", 
        "baking soda", 
        "cranberries", 
        "sour cream"
    ], 
    "smallImageUrls": [
        "http://i.yummly.com/Cranberry-Pecan-Muffins-Allrecipes-75446.s.png"
    ], 
    "sourceDisplayName": "Taste of Home", 
    "recipeName": "Cranberry Pecan Muffins", 
    "attributes": {
        "course": [
            "Breads", 
            "Breakfast and Brunch", 
            "Lunch and Snacks"
        ], 
        "cuisine": [
            "American"
        ]
    }, 
    "id": "Cranberry-Pecan-Muffins-TasteOfHome"
}{
    "flavors": {
        "sweet": 0.5, 
        "sour": 0.8333333333333334, 
        "salty": 0.6666666666666666, 
        "piquant": 0.0, 
        "bitter": 0.3333333333333333, 
        "meaty": 1.0
    }, 
    "rating": 4.82, 
    "totalTimeInSeconds": 1800.0, 
    "ingredients": [
        "scallion", 
        "melted butter", 
        "shredded cheddar cheese", 
        "large eggs", 
        "corn muffin", 
        "broccoli"
    ], 
    "smallImageUrls": [
        "http://i.yummly.com/Broccoli-Cheddar-Muffins-Recipezaar-193014.s.jpg"
    ], 
    "sourceDisplayName": "Food.com", 
    "recipeName": "Broccoli Cheddar Muffins", 
    "attributes": {
        "course": [
            "Breads"
        ]
    }, 
    "id": "Broccoli-Cheddar-Muffins-Recipezaar"
}{
    "flavors": null, 
    "rating": 5.0, 
    "totalTimeInSeconds": 2880.0, 
    "ingredients": [
        "vegetable oil", 
        "sea salt", 
        "blueberries", 
        "skim milk", 
        "vanilla extract", 
        "whole wheat flour", 
        "oats", 
        "brown sugar", 
        "baking powder", 
        "eggs", 
        "lemon zest", 
        "sugar"
    ], 
    "smallImageUrls": [
        "http://i2.yummly.com/Blueberry-Oatmeal-Muffins-with-Lemon-_amp_-Vanilla-CheesePlease-38521.s.png"
    ], 
    "recipeName": "Blueberry Oatmeal Muffins with Lemon &amp; Vanilla", 
    "attributes": {
        "course": [
            "Breads", 
            "Breakfast and Brunch"
        ]
    }, 
    "id": "Blueberry-Oatmeal-Muffins-with-Lemon-_amp_-Vanilla-CheesePlease-38521"
}{
    "flavors": {
        "sweet": 1.0, 
        "sour": 0.6666666666666666, 
        "salty": 0.5, 
        "piquant": 0.0, 
        "bitter": 0.16666666666666666, 
        "meaty": 0.5
    }, 
    "rating": 4.71, 
    "totalTimeInSeconds": 2400.0, 
    "ingredients": [
        "salt", 
        "rhubarb", 
        "egg", 
        "buttermilk", 
        "butter", 
        "brown sugar", 
        "sugar", 
        "vegetable oil", 
        "all-purpose flour", 
        "baking soda", 
        "ground cinnamon", 
        "ground cinnamon", 
        "vanilla extract"
    ], 
    "smallImageUrls": [
        "http://i.yummly.com/Cinnamon_topped-Rhubarb-Muffins-Allrecipes-66523.s.png"
    ], 
    "sourceDisplayName": "Taste of Home", 
    "recipeName": "Cinnamon-Topped Rhubarb Muffins", 
    "attributes": {
        "course": [
            "Breads"
        ]
    }, 
    "id": "Cinnamon_topped-Rhubarb-Muffins-TasteOfHome"
}{
    "flavors": {
        "sweet": 0.8333333333333334, 
        "sour": 0.3333333333333333, 
        "salty": 0.5, 
        "piquant": 0.0, 
        "bitter": 0.5, 
        "meaty": 0.5
    }, 
    "rating": 4.76, 
    "totalTimeInSeconds": 2400.0, 
    "ingredients": [
        "wheat flour", 
        "egg", 
        "salt", 
        "softened butter", 
        "vanilla extract", 
        "all-purpose flour", 
        "unsweetened applesauce", 
        "brown sugar", 
        "quick-cooking oats", 
        "baking powder", 
        "miniature semisweet chocolate chips", 
        "baking soda", 
        "mashed bananas"
    ], 
    "smallImageUrls": [
        "http://i.yummly.com/Banana_chip-Oat-Muffins-Allrecipes-82548.s.png", 
        "http://i.yummly.com/Banana_chip-Oat-Muffins-Allrecipes-82412.s.png"
    ], 
    "sourceDisplayName": "Taste of Home", 
    "recipeName": "Banana-Chip Oat Muffins", 
    "attributes": {
        "course": [
            "Breads", 
            "Breakfast and Brunch"
        ]
    }, 
    "id": "Banana_chip-Oat-Muffins-TasteOfHome"
}{
    "flavors": {
        "sweet": 0.8333333333333334, 
        "sour": 0.16666666666666666, 
        "salty": 0.5, 
        "piquant": 0.0, 
        "bitter": 0.6666666666666666, 
        "meaty": 0.5
    }, 
    "rating": 4.7, 
    "totalTimeInSeconds": 0, 
    "ingredients": [
        "baking soda", 
        "brown sugar", 
        "cinnamon", 
        "honey", 
        "oatmeal", 
        "ground cinnamon", 
        "vanilla extract", 
        "sweet potato", 
        "vanilla yogurt", 
        "almonds", 
        "vegetable oil", 
        "salt", 
        "wheat flour", 
        "eggs", 
        "ground cloves", 
        "ground nutmeg", 
        "ground ginger"
    ], 
    "smallImageUrls": [
        "http://i.yummly.com/Whole-Wheat-Sweet-Potato-Muffins-Allrecipes-85068.s.png", 
        "http://i.yummly.com/Whole-Wheat-Sweet-Potato-Muffins-Allrecipes-84834.s.png"
    ], 
    "sourceDisplayName": "AllRecipes", 
    "recipeName": "Whole Wheat Sweet Potato Muffins", 
    "attributes": {
        "course": [
            "Breads", 
            "Breakfast and Brunch", 
            "Lunch and Snacks"
        ]
    }, 
    "id": "Whole-Wheat-Sweet-Potato-Muffins-Allrecipes"
}{
    "flavors": {
        "sweet": 0.8333333333333334, 
        "sour": 0.0, 
        "salty": 0.5, 
        "piquant": 0.0, 
        "bitter": 0.8333333333333334, 
        "meaty": 0.6666666666666666
    }, 
    "rating": 4.25, 
    "totalTimeInSeconds": 2100.0, 
    "ingredients": [
        "brown sugar", 
        "baking soda", 
        "buttermilk", 
        "melted butter", 
        "fruit flavoring", 
        "wheat flour", 
        "baking powder", 
        "wheat germ", 
        "egg", 
        "salt"
    ], 
    "smallImageUrls": [
        "http://i.yummly.com/Surprise-Muffins-Allrecipes-80321.s.png", 
        "http://i.yummly.com/Surprise-Muffins-Allrecipes-80310.s.png"
    ], 
    "sourceDisplayName": "AllRecipes", 
    "recipeName": "Surprise Muffins", 
    "attributes": {
        "course": [
            "Breads"
        ]
    }, 
    "id": "Surprise-Muffins-Allrecipes"
}{
    "flavors": {
        "sweet": 1.0, 
        "sour": 0.16666666666666666, 
        "salty": 0.16666666666666666, 
        "piquant": 0.0, 
        "bitter": 1.0, 
        "meaty": 0.5
    }, 
    "rating": 4.81, 
    "totalTimeInSeconds": 1920.0, 
    "ingredients": [
        "vanilla extract", 
        "vanilla ice cream", 
        "butter", 
        "semisweet chocolate chips", 
        "espresso powder", 
        "butter", 
        "salt", 
        "sugar", 
        "flour", 
        "cocoa powder", 
        "eggs"
    ], 
    "smallImageUrls": [], 
    "sourceDisplayName": "Food Network", 
    "recipeName": "Chocolate Lava Muffins", 
    "attributes": {
        "course": [
            "Desserts"
        ]
    }, 
    "id": "Chocolate-Lava-Muffins-Food-Network"
}{
    "flavors": {
        "sweet": 0.6666666666666666, 
        "sour": 0.5, 
        "salty": 1.0, 
        "piquant": 0.0, 
        "bitter": 0.8333333333333334, 
        "meaty": 0.6666666666666666
    }, 
    "rating": 4.63, 
    "totalTimeInSeconds": 0, 
    "ingredients": [
        "muffin mix", 
        "cream style corn", 
        "sour cream", 
        "corn kernels", 
        "melted butter", 
        "beaten eggs"
    ], 
    "smallImageUrls": [
        "http://i.yummly.com/Baked-Corn-I-Allrecipes_1-50354.s.png"
    ], 
    "sourceDisplayName": "AllRecipes", 
    "recipeName": "Baked Corn I", 
    "attributes": {
        "course": [
            "Side Dishes"
        ]
    }, 
    "id": "Baked-Corn-I-Allrecipes_1"
}{
    "flavors": {
        "sweet": 0.8333333333333334, 
        "sour": 0.6666666666666666, 
        "salty": 0.16666666666666666, 
        "piquant": 0.0, 
        "bitter": 0.16666666666666666, 
        "meaty": 0.5
    }, 
    "rating": 4.12, 
    "totalTimeInSeconds": 0, 
    "ingredients": [
        "egg", 
        "all-purpose flour", 
        "white sugar", 
        "salt", 
        "blueberries", 
        "vegetable oil", 
        "grated lemon zest", 
        "baking powder", 
        "milk"
    ], 
    "smallImageUrls": [
        "http://i.yummly.com/Blueberry-Muffins-I-Allrecipes-49929.s.png"
    ], 
    "sourceDisplayName": "AllRecipes", 
    "recipeName": "Blueberry Muffins I", 
    "attributes": {
        "course": [
            "Breads"
        ]
    }, 
    "id": "Blueberry-Muffins-I-Allrecipes"
}{
    "flavors": {
        "sweet": 0.8333333333333334, 
        "sour": 0.5, 
        "salty": 0.3333333333333333, 
        "piquant": 0.0, 
        "bitter": 0.16666666666666666, 
        "meaty": 0.3333333333333333
    }, 
    "rating": 4.75, 
    "totalTimeInSeconds": 480.0, 
    "ingredients": [
        "sugar", 
        "strawberries", 
        "cream cheese", 
        "english muffins"
    ], 
    "smallImageUrls": [
        "http://i.yummly.com/Caramelized-Strawberry-English-Muffins-Recipezaar-158844.s.jpg"
    ], 
    "sourceDisplayName": "Food.com", 
    "recipeName": "Caramelized Strawberry English Muffins", 
    "attributes": {
        "course": [
            "Breakfast and Brunch", 
            "Lunch and Snacks"
        ]
    }, 
    "id": "Caramelized-Strawberry-English-Muffins-Recipezaar"
}{
    "flavors": {
        "sweet": 0.8333333333333334, 
        "sour": 0.3333333333333333, 
        "salty": 0.3333333333333333, 
        "piquant": 0.0, 
        "bitter": 0.8333333333333334, 
        "meaty": 0.6666666666666666
    }, 
    "rating": 4.43, 
    "totalTimeInSeconds": 0, 
    "ingredients": [
        "all-purpose flour", 
        "light brown sugar", 
        "baking soda", 
        "salt", 
        "dried currants", 
        "rolled oats", 
        "beaten eggs", 
        "buttermilk", 
        "baking powder", 
        "unsalted butter"
    ], 
    "smallImageUrls": [], 
    "sourceDisplayName": "Epicurious", 
    "recipeName": "Oatmeal Muffins", 
    "attributes": {
        "course": [
            "Breads", 
            "Breakfast and Brunch", 
            "Lunch and Snacks"
        ], 
        "cuisine": [
            "American"
        ]
    }, 
    "id": "Oatmeal-Muffins-Epicurious"
}{
    "flavors": null, 
    "rating": 0.0, 
    "totalTimeInSeconds": 0, 
    "ingredients": [
        "milk", 
        "salt", 
        "lemon", 
        "vegetable oil", 
        "corn kernels", 
        "yellow cornmeal", 
        "all purpose flour", 
        "vanilla extract", 
        "baking powder", 
        "eggs", 
        "blueberries", 
        "granulated sugar"
    ], 
    "smallImageUrls": [], 
    "sourceDisplayName": "Food Republic", 
    "recipeName": "Blueberry Corn Muffins", 
    "attributes": {}, 
    "id": "Blueberry-corn-muffins-306128"
}{
    "flavors": {
        "sweet": 1.0, 
        "sour": 0.6666666666666666, 
        "salty": 0.16666666666666666, 
        "piquant": 0.0, 
        "bitter": 0.16666666666666666, 
        "meaty": 0.5
    }, 
    "rating": 4.69, 
    "totalTimeInSeconds": 3000.0, 
    "ingredients": [
        "baking powder", 
        "baking soda", 
        "grated orange", 
        "ground cloves", 
        "vegetable oil", 
        "ground ginger", 
        "eggs", 
        "orange juice", 
        "pumpkin puree", 
        "ground cinnamon", 
        "confectioners' sugar", 
        "all-purpose flour", 
        "salt", 
        "dark brown sugar"
    ], 
    "smallImageUrls": [
        "http://i.yummly.com/Mini-Pumpkin-Muffins-With-Orange-Drizzle-Allrecipes-54308.s.png"
    ], 
    "sourceDisplayName": "AllRecipes", 
    "recipeName": "Mini Pumpkin Muffins with Orange Drizzle", 
    "attributes": {
        "course": [
            "Breads"
        ]
    }, 
    "id": "Mini-Pumpkin-Muffins-With-Orange-Drizzle-Allrecipes"
}{
    "flavors": {
        "sweet": 1.0, 
        "sour": 0.6666666666666666, 
        "salty": 0.16666666666666666, 
        "piquant": 0.0, 
        "bitter": 0.16666666666666666, 
        "meaty": 0.3333333333333333
    }, 
    "rating": 4.56, 
    "totalTimeInSeconds": 1800.0, 
    "ingredients": [
        "all-purpose flour", 
        "milk", 
        "huckleberries", 
        "baking powder", 
        "all-purpose flour", 
        "butter", 
        "egg", 
        "white sugar", 
        "salt", 
        "vanilla extract"
    ], 
    "smallImageUrls": [
        "http://i.yummly.com/Huckleberry-Muffins-Allrecipes-78481.s.png"
    ], 
    "sourceDisplayName": "AllRecipes", 
    "recipeName": "Huckleberry Muffins", 
    "attributes": {
        "course": [
            "Breads"
        ], 
        "cuisine": [
            "American"
        ]
    }, 
    "id": "Huckleberry-Muffins-Allrecipes"
}{
    "flavors": {
        "sweet": 0.0, 
        "sour": 0.6666666666666666, 
        "salty": 0.16666666666666666, 
        "piquant": 0.0, 
        "bitter": 0.16666666666666666, 
        "meaty": 0.6666666666666666
    }, 
    "rating": 4.47, 
    "totalTimeInSeconds": 2100.0, 
    "ingredients": [
        "vegetable oil", 
        "all-purpose flour", 
        "sugar", 
        "salt", 
        "lemon extract", 
        "buttermilk", 
        "raspberries", 
        "baking powder", 
        "eggs"
    ], 
    "smallImageUrls": [
        "http://i.yummly.com/Lemon_raspberry-Muffins-Allrecipes-94342.s.png", 
        "http://i.yummly.com/Lemon_raspberry-Muffins-Allrecipes-93530.s.png"
    ], 
    "sourceDisplayName": "Taste of Home", 
    "recipeName": "Lemon-Raspberry Muffins", 
    "attributes": {
        "course": [
            "Breads"
        ]
    }, 
    "id": "Lemon_raspberry-Muffins-TasteOfHome"
}{
    "flavors": {
        "sweet": 0.16666666666666666, 
        "sour": 0.16666666666666666, 
        "salty": 0.8333333333333334, 
        "piquant": 0.0, 
        "bitter": 0.6666666666666666, 
        "meaty": 0.3333333333333333
    }, 
    "rating": 4.0, 
    "totalTimeInSeconds": 900.0, 
    "ingredients": [
        "bacon", 
        "mayonnaise", 
        "tomato", 
        "english muffins", 
        "onion", 
        "american cheese"
    ], 
    "smallImageUrls": [
        "http://i.yummly.com/Bacon_cheese-English-Muffins-Allrecipes-72272.s.png"
    ], 
    "sourceDisplayName": "Taste of Home", 
    "recipeName": "Bacon-Cheese English Muffins", 
    "attributes": {
        "course": [
            "Breakfast and Brunch"
        ]
    }, 
    "id": "Bacon_cheese-English-Muffins-TasteOfHome"
}{
    "flavors": {
        "sweet": 1.0, 
        "sour": 0.5, 
        "salty": 0.3333333333333333, 
        "piquant": 0.0, 
        "bitter": 0.16666666666666666, 
        "meaty": 0.3333333333333333
    }, 
    "rating": 4.37, 
    "totalTimeInSeconds": 0, 
    "ingredients": [
        "baking soda", 
        "ground allspice", 
        "muffin", 
        "pecans", 
        "cinnamon", 
        "ground allspice", 
        "unsweetened applesauce", 
        "all-purpose flour", 
        "granulated sugar", 
        "grated nutmeg", 
        "light brown sugar", 
        "cinnamon", 
        "baking powder", 
        "unsalted butter", 
        "eggs", 
        "grated nutmeg", 
        "salt"
    ], 
    "smallImageUrls": [], 
    "sourceDisplayName": "Epicurious", 
    "recipeName": "Applesauce Spice Muffins", 
    "attributes": {
        "course": [
            "Breads", 
            "Breakfast and Brunch", 
            "Lunch and Snacks"
        ], 
        "cuisine": [
            "American"
        ]
    }, 
    "id": "Applesauce-Spice-Muffins-Epicurious-51937"
}{
    "flavors": {
        "sweet": 0.8333333333333334, 
        "sour": 0.6666666666666666, 
        "salty": 0.3333333333333333, 
        "piquant": 0.0, 
        "bitter": 0.16666666666666666, 
        "meaty": 0.6666666666666666
    }, 
    "rating": 4.03, 
    "totalTimeInSeconds": 2400.0, 
    "ingredients": [
        "grated lemon zest", 
        "baking powder", 
        "vanilla extract", 
        "melted butter", 
        "milk", 
        "confectioners' sugar", 
        "cream cheese", 
        "strawberry jam", 
        "all-purpose flour", 
        "brown sugar", 
        "egg", 
        "salt"
    ], 
    "smallImageUrls": [
        "http://i.yummly.com/Strawberry-Cheesecake-Muffins-Allrecipes-53137.s.png"
    ], 
    "sourceDisplayName": "AllRecipes", 
    "recipeName": "Strawberry Cheesecake Muffins", 
    "attributes": {
        "course": [
            "Breads", 
            "Breakfast and Brunch"
        ]
    }, 
    "id": "Strawberry-Cheesecake-Muffins-Allrecipes"
}{
    "flavors": {
        "sweet": 1.0, 
        "sour": 0.6666666666666666, 
        "salty": 1.0, 
        "piquant": 0.0, 
        "bitter": 0.5, 
        "meaty": 0.3333333333333333
    }, 
    "rating": 4.46, 
    "totalTimeInSeconds": 2400.0, 
    "ingredients": [
        "egg", 
        "baking soda", 
        "applesauce", 
        "apples", 
        "salt", 
        "white sugar", 
        "brown sugar", 
        "vegetable oil", 
        "all-purpose flour", 
        "carrots", 
        "ground cinnamon", 
        "baking powder"
    ], 
    "smallImageUrls": [
        "http://i2.yummly.com/Vegan-Apple-Carrot-Muffins-Allrecipes.s.png", 
        "http://i.yummly.com/Vegan-Apple-Carrot-Muffins-Allrecipes-68462.s.png"
    ], 
    "sourceDisplayName": "AllRecipes", 
    "recipeName": "Vegan Apple Carrot Muffins", 
    "attributes": {
        "course": [
            "Breads"
        ]
    }, 
    "id": "Vegan-Apple-Carrot-Muffins-Allrecipes"
}{
    "flavors": {
        "sweet": 0.16666666666666666, 
        "sour": 0.6666666666666666, 
        "salty": 0.3333333333333333, 
        "piquant": 0.0, 
        "bitter": 0.16666666666666666, 
        "meaty": 0.5
    }, 
    "rating": 4.51, 
    "totalTimeInSeconds": 2100.0, 
    "ingredients": [
        "baking powder", 
        "sour cream", 
        "blueberries", 
        "salt", 
        "rhubarb", 
        "softened butter", 
        "egg", 
        "sugar", 
        "milk", 
        "all-purpose flour"
    ], 
    "smallImageUrls": [
        "http://i.yummly.com/Rhubarb-Blueberry-Muffins-Allrecipes-68630.s.png"
    ], 
    "sourceDisplayName": "Taste of Home", 
    "recipeName": "Rhubarb Blueberry Muffins", 
    "attributes": {
        "course": [
            "Breads"
        ]
    }, 
    "id": "Rhubarb-Blueberry-Muffins-TasteOfHome"
}{
    "flavors": {
        "sweet": 1.0, 
        "sour": 0.6666666666666666, 
        "salty": 0.16666666666666666, 
        "piquant": 0.0, 
        "bitter": 0.16666666666666666, 
        "meaty": 0.5
    }, 
    "rating": 4.74, 
    "totalTimeInSeconds": 2700.0, 
    "ingredients": [
        "salt", 
        "all-purpose flour", 
        "white sugar", 
        "unsalted butter", 
        "eggs", 
        "mango", 
        "white sugar", 
        "butter", 
        "buttermilk", 
        "flaked coconut", 
        "all-purpose flour", 
        "all-purpose flour", 
        "salt", 
        "baking powder", 
        "blueberries", 
        "ground cinnamon"
    ], 
    "smallImageUrls": [
        "http://i.yummly.com/Mango-Blueberry-Muffins-With-Coconut-Streusel-AllRecipes-77805.s.png"
    ], 
    "sourceDisplayName": "AllRecipes", 
    "recipeName": "Mango Blueberry Muffins With Coconut Streusel", 
    "attributes": {
        "course": [
            "Breads"
        ]
    }, 
    "id": "Mango-Blueberry-Muffins-With-Coconut-Streusel-AllRecipes"
}{
    "flavors": {
        "sweet": 1.0, 
        "sour": 0.6666666666666666, 
        "salty": 0.6666666666666666, 
        "piquant": 0.0, 
        "bitter": 1.0, 
        "meaty": 0.5
    }, 
    "rating": 4.02, 
    "totalTimeInSeconds": 3600.0, 
    "ingredients": [
        "beaten eggs", 
        "all-purpose flour", 
        "baking soda", 
        "salt", 
        "water", 
        "pumpkin puree", 
        "semisweet chocolate chips", 
        "white sugar", 
        "ground nutmeg"
    ], 
    "smallImageUrls": [
        "http://i.yummly.com/Barb_s-Pumpkin-Chocolate-Chip-Muffins-Allrecipes-90509.s.png", 
        "http://i.yummly.com/Barb_s-Pumpkin-Chocolate-Chip-Muffins-Allrecipes-90074.s.png"
    ], 
    "sourceDisplayName": "AllRecipes", 
    "recipeName": "Barb's Pumpkin Chocolate Chip Muffins", 
    "attributes": {
        "course": [
            "Breads"
        ], 
        "holiday": [
            "Thanksgiving"
        ]
    }, 
    "id": "Barb_s-Pumpkin-Chocolate-Chip-Muffins-Allrecipes"
}{
    "flavors": {
        "sweet": 0.16666666666666666, 
        "sour": 0.16666666666666666, 
        "salty": 0.6666666666666666, 
        "piquant": 0.0, 
        "bitter": 1.0, 
        "meaty": 0.8333333333333334
    }, 
    "rating": 4.5, 
    "totalTimeInSeconds": 2700.0, 
    "ingredients": [
        "wheat germ", 
        "mashed bananas", 
        "salt", 
        "eggs", 
        "lemon juice", 
        "wheat bran", 
        "milk", 
        "honey", 
        "wheat flour", 
        "baking soda", 
        "poppy seeds", 
        "baking powder", 
        "vegetable oil"
    ], 
    "smallImageUrls": [
        "http://i.yummly.com/Poppy-Seed-And-Banana-Muffins-Allrecipes-51893.s.png"
    ], 
    "sourceDisplayName": "AllRecipes", 
    "recipeName": "Poppy Seed and Banana Muffins", 
    "attributes": {
        "course": [
            "Breads", 
            "Breakfast and Brunch"
        ]
    }, 
    "id": "Poppy-Seed-And-Banana-Muffins-Allrecipes"
}{
    "flavors": {
        "sweet": 0.8333333333333334, 
        "sour": 0.6666666666666666, 
        "salty": 0.5, 
        "piquant": 0.0, 
        "bitter": 0.3333333333333333, 
        "meaty": 0.5
    }, 
    "rating": 4.74, 
    "totalTimeInSeconds": 1800.0, 
    "ingredients": [
        "butter", 
        "all-purpose flour", 
        "sugar", 
        "baking soda", 
        "banana", 
        "egg", 
        "peanut butter chips", 
        "baking powder", 
        "salt"
    ], 
    "smallImageUrls": [
        "http://i.yummly.com/Peanut-Banana-Muffins-Allrecipes-65886.s.png"
    ], 
    "sourceDisplayName": "Taste of Home", 
    "recipeName": "Peanut Banana Muffins", 
    "attributes": {
        "course": [
            "Breads"
        ]
    }, 
    "id": "Peanut-Banana-Muffins-TasteOfHome"
}{
    "flavors": {
        "sweet": 0.3333333333333333, 
        "sour": 0.3333333333333333, 
        "salty": 0.8333333333333334, 
        "piquant": 0.0, 
        "bitter": 0.8333333333333334, 
        "meaty": 0.8333333333333334
    }, 
    "rating": 4.31, 
    "totalTimeInSeconds": 900.0, 
    "ingredients": [
        "salt", 
        "curry powder", 
        "black olives", 
        "green onions", 
        "shredded cheddar cheese", 
        "english muffins", 
        "mayonnaise"
    ], 
    "smallImageUrls": [
        "http://i.yummly.com/Olive-Cheese-Melts-Allrecipes-62541.s.png"
    ], 
    "sourceDisplayName": "AllRecipes", 
    "recipeName": "Olive Cheese Melts", 
    "attributes": {
        "course": [
            "Appetizers", 
            "Lunch and Snacks"
        ]
    }, 
    "id": "Olive-Cheese-Melts-Allrecipes"
}{
    "flavors": {
        "sweet": 1.0, 
        "sour": 0.6666666666666666, 
        "salty": 0.3333333333333333, 
        "piquant": 0.0, 
        "bitter": 0.16666666666666666, 
        "meaty": 0.5
    }, 
    "rating": 4.14, 
    "totalTimeInSeconds": 2100.0, 
    "ingredients": [
        "blueberries", 
        "peaches", 
        "ground nutmeg", 
        "baking powder", 
        "eggs", 
        "white sugar", 
        "milk", 
        "melted butter", 
        "all-purpose flour", 
        "brown sugar", 
        "ground cinnamon", 
        "melted butter", 
        "white sugar", 
        "salt"
    ], 
    "smallImageUrls": [
        "http://i.yummly.com/Blueberry-Peach-Muffins-Allrecipes-67571.s.png"
    ], 
    "sourceDisplayName": "AllRecipes", 
    "recipeName": "Blueberry Peach Muffins", 
    "attributes": {
        "course": [
            "Breads", 
            "Breakfast and Brunch"
        ]
    }, 
    "id": "Blueberry-Peach-Muffins-Allrecipes"
}{
    "flavors": {
        "sweet": 0.16666666666666666, 
        "sour": 0.6666666666666666, 
        "salty": 0.8333333333333334, 
        "piquant": 0.0, 
        "bitter": 0.5, 
        "meaty": 0.8333333333333334
    }, 
    "rating": 4.14, 
    "totalTimeInSeconds": 3300.0, 
    "ingredients": [
        "salt", 
        "egg", 
        "baking soda", 
        "freshly grated parmesan", 
        "melted butter", 
        "all-purpose flour", 
        "milk", 
        "zucchini", 
        "minced garlic", 
        "cooked bacon", 
        "baking powder", 
        "shredded cheddar cheese"
    ], 
    "smallImageUrls": [
        "http://i.yummly.com/Savory-Cheddar-Zucchini-Muffins-AllRecipes-53666.s.png"
    ], 
    "sourceDisplayName": "AllRecipes", 
    "recipeName": "Savory Cheddar Zucchini Muffins", 
    "attributes": {
        "course": [
            "Breads"
        ]
    }, 
    "id": "Savory-Cheddar-Zucchini-Muffins-AllRecipes"
}{
    "flavors": {
        "sweet": 0.16666666666666666, 
        "sour": 0.16666666666666666, 
        "salty": 0.16666666666666666, 
        "piquant": 0.0, 
        "bitter": 0.16666666666666666, 
        "meaty": 0.16666666666666666
    }, 
    "rating": 0.0, 
    "totalTimeInSeconds": 900.0, 
    "ingredients": [
        "tabasco", 
        "egg yolk", 
        "english muffins", 
        "melted butter", 
        "fresh lemon juice", 
        "eggs", 
        "fresh parsley", 
        "avocado", 
        "canadian bacon", 
        "salt", 
        "white pepper"
    ], 
    "smallImageUrls": [
        "http://i.yummly.com/eggs-benedict.s.jpg"
    ], 
    "sourceDisplayName": "Leite's Culinaria", 
    "recipeName": "Caf&eacute; Benedict Recipe", 
    "attributes": {
        "course": [
            "Breakfast and Brunch"
        ], 
        "cuisine": [
            "American"
        ]
    }, 
    "id": "Cafe-Benedict-Recipe-Leite_s-Culinaria-45738"
}{
    "flavors": {
        "sweet": 1.0, 
        "sour": 0.5, 
        "salty": 0.3333333333333333, 
        "piquant": 0.0, 
        "bitter": 1.0, 
        "meaty": 0.5
    }, 
    "rating": 3.86, 
    "totalTimeInSeconds": 1800.0, 
    "ingredients": [
        "white sugar", 
        "milk", 
        "baking powder", 
        "semisweet chocolate chips", 
        "all-purpose flour", 
        "egg", 
        "salt", 
        "melted butter"
    ], 
    "smallImageUrls": [
        "http://i.yummly.com/Chocolate-Chip-Muffins-I-Allrecipes-56179.s.png"
    ], 
    "sourceDisplayName": "AllRecipes", 
    "recipeName": "Chocolate Chip Muffins I", 
    "attributes": {
        "course": [
            "Breads"
        ]
    }, 
    "id": "Chocolate-Chip-Muffins-I-Allrecipes"
}{
    "flavors": {
        "sweet": 0.6666666666666666, 
        "sour": 0.6666666666666666, 
        "salty": 0.5, 
        "piquant": 0.0, 
        "bitter": 0.5, 
        "meaty": 0.8333333333333334
    }, 
    "rating": 4.31, 
    "totalTimeInSeconds": 2700.0, 
    "ingredients": [
        "white sugar", 
        "all-purpose flour", 
        "vegetable oil", 
        "grated parmesan cheese", 
        "salt", 
        "beaten eggs", 
        "sharp cheddar cheese", 
        "garlic powder", 
        "baking powder", 
        "bacon", 
        "chives", 
        "cream of mushroom soup", 
        "milk"
    ], 
    "smallImageUrls": [
        "http://i2.yummly.com/Bacon-Cheddar-Chive-Muffins-Allrecipes_1-2.s.png", 
        "http://i.yummly.com/Bacon-Cheddar-Chive-Muffins-Allrecipes_1-93574.s.png", 
        "http://i.yummly.com/Bacon-Cheddar-Chive-Muffins-Allrecipes_1-92896.s.png"
    ], 
    "sourceDisplayName": "AllRecipes", 
    "recipeName": "Bacon Cheddar Chive Muffins", 
    "attributes": {
        "course": [
            "Breads"
        ]
    }, 
    "id": "Bacon-Cheddar-Chive-Muffins-Allrecipes_1"
}{
    "flavors": {
        "sweet": 0.8333333333333334, 
        "sour": 0.5, 
        "salty": 0.16666666666666666, 
        "piquant": 0.0, 
        "bitter": 0.16666666666666666, 
        "meaty": 0.3333333333333333
    }, 
    "rating": 4.13, 
    "totalTimeInSeconds": 1800.0, 
    "ingredients": [
        "baking powder", 
        "blueberries", 
        "skim milk", 
        "margarine", 
        "white sugar", 
        "egg white", 
        "vegetable oil", 
        "salt", 
        "all-purpose flour"
    ], 
    "smallImageUrls": [
        "http://i.yummly.com/Blueberry-Muffins-Ii-Allrecipes_1-49584.s.png"
    ], 
    "sourceDisplayName": "AllRecipes", 
    "recipeName": "Blueberry Muffins II", 
    "attributes": {
        "course": [
            "Breads"
        ]
    }, 
    "id": "Blueberry-Muffins-Ii-Allrecipes_1"
}{
    "flavors": {
        "sweet": 1.0, 
        "sour": 0.6666666666666666, 
        "salty": 0.6666666666666666, 
        "piquant": 0.0, 
        "bitter": 0.6666666666666666, 
        "meaty": 0.5
    }, 
    "rating": 4.53, 
    "totalTimeInSeconds": 2400.0, 
    "ingredients": [
        "all-purpose flour", 
        "ground cinnamon", 
        "eggs", 
        "melted butter", 
        "chopped pecans", 
        "vanilla extract", 
        "molasses", 
        "baking powder", 
        "ground nutmeg", 
        "white sugar", 
        "buttermilk", 
        "canned pumpkin", 
        "ground ginger", 
        "baking soda"
    ], 
    "smallImageUrls": [
        "http://i.yummly.com/Pumpkin-Nut-Muffins-Allrecipes-49570.s.png"
    ], 
    "sourceDisplayName": "AllRecipes", 
    "recipeName": "Pumpkin Nut Muffins", 
    "attributes": {
        "course": [
            "Breads"
        ], 
        "holiday": [
            "Thanksgiving"
        ]
    }, 
    "id": "Pumpkin-Nut-Muffins-Allrecipes"
}{
    "flavors": {
        "sweet": 1.0, 
        "sour": 0.5, 
        "salty": 0.3333333333333333, 
        "piquant": 0.0, 
        "bitter": 0.16666666666666666, 
        "meaty": 0.5
    }, 
    "rating": 4.21, 
    "totalTimeInSeconds": 2700.0, 
    "ingredients": [
        "brown sugar", 
        "white sugar", 
        "brown sugar", 
        "milk", 
        "baking powder", 
        "all-purpose flour", 
        "blueberries", 
        "vegetable oil", 
        "salt", 
        "all-purpose flour", 
        "eggs", 
        "ground cinnamon", 
        "softened butter"
    ], 
    "smallImageUrls": [
        "http://i.yummly.com/Blueberry-Crumb-Muffins-Allrecipes-71844.s.png"
    ], 
    "sourceDisplayName": "AllRecipes", 
    "recipeName": "Blueberry Crumb Muffins", 
    "attributes": {
        "course": [
            "Breads", 
            "Breakfast and Brunch"
        ]
    }, 
    "id": "Blueberry-Crumb-Muffins-Allrecipes"
}{
    "flavors": {
        "sweet": 1.0, 
        "sour": 0.8333333333333334, 
        "salty": 0.3333333333333333, 
        "piquant": 0.0, 
        "bitter": 1.0, 
        "meaty": 0.6666666666666666
    }, 
    "rating": 4.37, 
    "totalTimeInSeconds": 0, 
    "ingredients": [
        "chopped walnuts", 
        "orange juice", 
        "ground ginger", 
        "ground nutmeg", 
        "white sugar", 
        "shortening", 
        "baking soda", 
        "cranberries", 
        "vanilla extract", 
        "beaten eggs", 
        "baking powder", 
        "orange zest", 
        "all-purpose flour", 
        "margarine", 
        "cranberry sauce", 
        "brown sugar", 
        "ground cinnamon"
    ], 
    "smallImageUrls": [
        "http://i.yummly.com/Cranberry-Muffins-Allrecipes-50468.s.png"
    ], 
    "sourceDisplayName": "AllRecipes", 
    "recipeName": "Cranberry Muffins", 
    "attributes": {
        "course": [
            "Breads", 
            "Breakfast and Brunch"
        ], 
        "holiday": [
            "Thanksgiving"
        ]
    }, 
    "id": "Cranberry-Muffins-Allrecipes"
}{
    "flavors": {
        "sweet": 1.0, 
        "sour": 0.3333333333333333, 
        "salty": 0.5, 
        "piquant": 0.0, 
        "bitter": 0.16666666666666666, 
        "meaty": 0.6666666666666666
    }, 
    "rating": 4.38, 
    "totalTimeInSeconds": 0, 
    "ingredients": [
        "salt", 
        "sugar", 
        "flour", 
        "baking powder", 
        "flour", 
        "milk", 
        "egg", 
        "blueberries", 
        "butter"
    ], 
    "smallImageUrls": [], 
    "sourceDisplayName": "Food Network", 
    "recipeName": "Blueberry Muffins", 
    "attributes": {
        "course": [
            "Breads", 
            "Breakfast and Brunch", 
            "Lunch and Snacks"
        ]
    }, 
    "id": "Blueberry-Muffins-Food-Network_2"
}{
    "flavors": {
        "sweet": 0.3333333333333333, 
        "sour": 0.6666666666666666, 
        "salty": 0.3333333333333333, 
        "piquant": 0.0, 
        "bitter": 0.3333333333333333, 
        "meaty": 0.5
    }, 
    "rating": 4.59, 
    "totalTimeInSeconds": 2400.0, 
    "ingredients": [
        "ground cinnamon", 
        "quick-cooking oats", 
        "baking powder", 
        "salt", 
        "all-purpose flour", 
        "butter", 
        "baking soda", 
        "milk", 
        "raspberries", 
        "sugar", 
        "sour cream", 
        "sugar", 
        "salt", 
        "ground cinnamon", 
        "butter", 
        "all-purpose flour", 
        "egg", 
        "confectioners sugar", 
        "vanilla extract"
    ], 
    "smallImageUrls": [
        "http://i.yummly.com/Raspberry-Streusel-Muffins-Allrecipes-60205.s.png"
    ], 
    "sourceDisplayName": "Taste of Home", 
    "recipeName": "Raspberry Streusel Muffins", 
    "attributes": {
        "course": [
            "Breads", 
            "Breakfast and Brunch", 
            "Lunch and Snacks"
        ]
    }, 
    "id": "Raspberry-Streusel-Muffins-TasteOfHome"
}{
    "flavors": {
        "sweet": 0.16666666666666666, 
        "sour": 0.16666666666666666, 
        "salty": 0.8333333333333334, 
        "piquant": 0.6666666666666666, 
        "bitter": 0.5, 
        "meaty": 0.6666666666666666
    }, 
    "rating": 4.2, 
    "totalTimeInSeconds": 2400.0, 
    "ingredients": [
        "salt", 
        "breasts halves", 
        "white wine vinegar", 
        "unsalted butter", 
        "dijon mustard", 
        "english muffins", 
        "black pepper", 
        "parmigiano-reggiano"
    ], 
    "smallImageUrls": [
        "http://i.yummly.com/Parmesan-Chicken-Epicurious-51277-42103.s.png"
    ], 
    "sourceDisplayName": "Epicurious", 
    "recipeName": "Parmesan Chicken", 
    "attributes": {
        "course": [
            "Main Dishes"
        ], 
        "cuisine": [
            "American", 
            "Italian"
        ]
    }, 
    "id": "Parmesan-Chicken-Epicurious-51277"
}{
    "flavors": {
        "sweet": 0.8333333333333334, 
        "sour": 0.5, 
        "salty": 1.0, 
        "piquant": 0.0, 
        "bitter": 0.8333333333333334, 
        "meaty": 0.5
    }, 
    "rating": 4.58, 
    "totalTimeInSeconds": 0, 
    "ingredients": [
        "sour cream", 
        "eggs", 
        "corn", 
        "muffin mix", 
        "butter", 
        "white sugar", 
        "corn kernels"
    ], 
    "smallImageUrls": [
        "http://i2.yummly.com/Scalloped-Corn-Allrecipes.s.png", 
        "http://i.yummly.com/Scalloped-Corn-Allrecipes-64415.s.png"
    ], 
    "sourceDisplayName": "Taste of Home", 
    "recipeName": "Scalloped Corn", 
    "attributes": {
        "course": [
            "Side Dishes"
        ]
    }, 
    "id": "Scalloped-Corn-TasteOfHome"
}{
    "flavors": {
        "sweet": 0.16666666666666666, 
        "sour": 0.8333333333333334, 
        "salty": 0.8333333333333334, 
        "piquant": 0.0, 
        "bitter": 0.3333333333333333, 
        "meaty": 0.6666666666666666
    }, 
    "rating": 4.69, 
    "totalTimeInSeconds": 2700.0, 
    "ingredients": [
        "cranberries", 
        "sugar", 
        "salt", 
        "all-purpose flour", 
        "nuts", 
        "baking soda", 
        "baking powder", 
        "eggs", 
        "shredded carrots", 
        "apples", 
        "vegetable oil", 
        "ground coriander", 
        "ground cinnamon"
    ], 
    "smallImageUrls": [
        "http://i.yummly.com/Cranberry-Apple-Muffins-Allrecipes-77725.s.png"
    ], 
    "sourceDisplayName": "Taste of Home", 
    "recipeName": "Cranberry Apple Muffins", 
    "attributes": {
        "course": [
            "Breads"
        ], 
        "cuisine": [
            "American"
        ]
    }, 
    "id": "Cranberry-Apple-Muffins-TasteOfHome"
}{
    "flavors": {
        "sweet": 0.6666666666666666, 
        "sour": 0.6666666666666666, 
        "salty": 0.8333333333333334, 
        "piquant": 0.0, 
        "bitter": 0.16666666666666666, 
        "meaty": 0.6666666666666666
    }, 
    "rating": 4.43, 
    "totalTimeInSeconds": 0, 
    "ingredients": [
        "cinnamon", 
        "baking soda", 
        "granny smith apple", 
        "raisins", 
        "sugar", 
        "eggs", 
        "flaked coconut", 
        "carrots", 
        "salt", 
        "all-purpose flour", 
        "pecans", 
        "vanilla", 
        "corn oil"
    ], 
    "smallImageUrls": [], 
    "sourceDisplayName": "Epicurious", 
    "recipeName": "Carrot Muffins", 
    "attributes": {
        "course": [
            "Breads", 
            "Breakfast and Brunch", 
            "Lunch and Snacks"
        ]
    }, 
    "id": "Carrot-Muffins-Epicurious"
}{
    "flavors": {
        "sweet": 1.0, 
        "sour": 0.5, 
        "salty": 0.3333333333333333, 
        "piquant": 0.0, 
        "bitter": 0.16666666666666666, 
        "meaty": 0.5
    }, 
    "rating": 4.35, 
    "totalTimeInSeconds": 2100.0, 
    "ingredients": [
        "white sugar", 
        "all-purpose flour", 
        "milk", 
        "salt", 
        "baking powder", 
        "egg", 
        "melted butter", 
        "ground cinnamon", 
        "white sugar", 
        "ground nutmeg", 
        "vegetable oil"
    ], 
    "smallImageUrls": [
        "http://i.yummly.com/Sugar-And-Spice-Muffins-Allrecipes-80298.s.png", 
        "http://i.yummly.com/Sugar-And-Spice-Muffins-Allrecipes-80285.s.png"
    ], 
    "sourceDisplayName": "AllRecipes", 
    "recipeName": "Sugar and Spice Muffins", 
    "attributes": {
        "course": [
            "Breads", 
            "Breakfast and Brunch"
        ], 
        "holiday": [
            "Christmas"
        ]
    }, 
    "id": "Sugar-And-Spice-Muffins-Allrecipes"
}{
    "flavors": {
        "sweet": 0.3333333333333333, 
        "sour": 0.3333333333333333, 
        "salty": 0.8333333333333334, 
        "piquant": 0.0, 
        "bitter": 0.3333333333333333, 
        "meaty": 1.0
    }, 
    "rating": 5.0, 
    "totalTimeInSeconds": 420.0, 
    "ingredients": [
        "pizza sauce", 
        "english muffins", 
        "pineapple", 
        "ham", 
        "cheese"
    ], 
    "smallImageUrls": [
        "http://i.yummly.com/Easy-Pizza-Muffins-Recipezaar-182563.s.jpg"
    ], 
    "sourceDisplayName": "Food.com", 
    "recipeName": "Easy Pizza Muffins", 
    "attributes": {
        "course": [
            "Appetizers", 
            "Breakfast and Brunch", 
            "Lunch and Snacks"
        ]
    }, 
    "id": "Easy-Pizza-Muffins-Recipezaar"
}{
    "flavors": {
        "sweet": 0.6666666666666666, 
        "sour": 0.16666666666666666, 
        "salty": 1.0, 
        "piquant": 0.8333333333333334, 
        "bitter": 0.8333333333333334, 
        "meaty": 0.5
    }, 
    "rating": 4.56, 
    "totalTimeInSeconds": 2100.0, 
    "ingredients": [
        "sour cream", 
        "egg", 
        "corn kernels", 
        "cheddar cheese", 
        "jalapeno pepper", 
        "milk", 
        "salsa", 
        "bacon", 
        "corn"
    ], 
    "smallImageUrls": [
        "http://i.yummly.com/Mexicorn-Muffins-Allrecipes-57182.s.png"
    ], 
    "sourceDisplayName": "Taste of Home", 
    "recipeName": "Mexicorn Muffins", 
    "attributes": {}, 
    "id": "Mexicorn-Muffins-TasteOfHome"
}{
    "flavors": {
        "sweet": 0.3333333333333333, 
        "sour": 0.16666666666666666, 
        "salty": 1.0, 
        "piquant": 0.0, 
        "bitter": 0.8333333333333334, 
        "meaty": 1.0
    }, 
    "rating": 4.44, 
    "totalTimeInSeconds": 600.0, 
    "ingredients": [
        "mayonnaise", 
        "salt", 
        "tuna", 
        "cheddar cheese", 
        "english muffins", 
        "tomato", 
        "chopped celery"
    ], 
    "smallImageUrls": [
        "http://i.yummly.com/Cheesy-Tuna-Melts-Allrecipes-74389.s.png"
    ], 
    "sourceDisplayName": "AllRecipes", 
    "recipeName": "Cheesy Tuna Melts", 
    "attributes": {
        "course": [
            "Lunch and Snacks"
        ]
    }, 
    "id": "Cheesy-Tuna-Melts-Allrecipes"
}{
    "flavors": {
        "sweet": 0.3333333333333333, 
        "sour": 0.6666666666666666, 
        "salty": 0.3333333333333333, 
        "piquant": 0.0, 
        "bitter": 0.3333333333333333, 
        "meaty": 0.5
    }, 
    "rating": 4.58, 
    "totalTimeInSeconds": 2100.0, 
    "ingredients": [
        "all-purpose flour", 
        "ground cinnamon", 
        "eggs", 
        "butter", 
        "butter", 
        "sugar", 
        "tart apples", 
        "baking powder", 
        "baking soda", 
        "all-purpose flour", 
        "sour cream", 
        "ground cinnamon", 
        "salt", 
        "sugar"
    ], 
    "smallImageUrls": [
        "http://i.yummly.com/Apple-Streusel-Muffins-AllRecipes-90836.s.png", 
        "http://i.yummly.com/Apple-Streusel-Muffins-AllRecipes-90354.s.png"
    ], 
    "sourceDisplayName": "Taste of Home", 
    "recipeName": "Apple Streusel Muffins", 
    "attributes": {
        "course": [
            "Breads", 
            "Breakfast and Brunch", 
            "Lunch and Snacks"
        ]
    }, 
    "id": "Apple-Streusel-Muffins-TasteOfHome"
}{
    "flavors": {
        "sweet": 0.8333333333333334, 
        "sour": 0.16666666666666666, 
        "salty": 0.16666666666666666, 
        "piquant": 0.0, 
        "bitter": 0.8333333333333334, 
        "meaty": 0.5
    }, 
    "rating": 4.38, 
    "totalTimeInSeconds": 1980.0, 
    "ingredients": [
        "low fat sour cream", 
        "mashed bananas", 
        "raisins", 
        "nonfat plain yogurt", 
        "unsweetened applesauce", 
        "salt", 
        "wheat flour", 
        "baking powder", 
        "chopped pecans", 
        "egg whites", 
        "maple syrup", 
        "oat bran", 
        "pastry flour", 
        "sugar", 
        "vanilla extract"
    ], 
    "smallImageUrls": [
        "http://i.yummly.com/Whole-Grain-Banana-Muffins-Allrecipes-71692.s.png"
    ], 
    "sourceDisplayName": "AllRecipes", 
    "recipeName": "Whole Grain Banana Muffins", 
    "attributes": {
        "course": [
            "Breads", 
            "Breakfast and Brunch"
        ]
    }, 
    "id": "Whole-Grain-Banana-Muffins-Allrecipes"
}{
    "flavors": {
        "sweet": 0.16666666666666666, 
        "sour": 0.6666666666666666, 
        "salty": 0.3333333333333333, 
        "piquant": 0.0, 
        "bitter": 0.8333333333333334, 
        "meaty": 0.5
    }, 
    "rating": 4.73, 
    "totalTimeInSeconds": 2100.0, 
    "ingredients": [
        "all-purpose flour", 
        "cranberries", 
        "salt", 
        "water", 
        "sugar", 
        "baking powder", 
        "chopped walnuts", 
        "banana", 
        "baking soda", 
        "shortening", 
        "eggs"
    ], 
    "smallImageUrls": [
        "http://i.yummly.com/Banana-Cranberry-Muffins-Allrecipes-68644.s.png"
    ], 
    "sourceDisplayName": "Taste of Home", 
    "recipeName": "Banana Cranberry Muffins", 
    "attributes": {
        "course": [
            "Breads"
        ]
    }, 
    "id": "Banana-Cranberry-Muffins-TasteOfHome"
}{
    "flavors": {
        "sweet": 1.0, 
        "sour": 0.5, 
        "salty": 0.16666666666666666, 
        "piquant": 0.0, 
        "bitter": 0.3333333333333333, 
        "meaty": 0.5
    }, 
    "rating": 3.96, 
    "totalTimeInSeconds": 3000.0, 
    "ingredients": [
        "wheat flour", 
        "vegetable oil", 
        "baking powder", 
        "egg", 
        "milk", 
        "salt", 
        "strawberries", 
        "brown sugar", 
        "white sugar", 
        "lemon zest", 
        "all-purpose flour"
    ], 
    "smallImageUrls": [
        "http://i.yummly.com/Strawberry-Lemon-Muffins-Allrecipes-56912.s.png"
    ], 
    "sourceDisplayName": "AllRecipes", 
    "recipeName": "Strawberry Lemon Muffins", 
    "attributes": {
        "course": [
            "Breads"
        ]
    }, 
    "id": "Strawberry-Lemon-Muffins-Allrecipes"
}{
    "flavors": {
        "sweet": 0.0, 
        "sour": 0.0, 
        "salty": 0.0, 
        "piquant": 0.0, 
        "bitter": 0.0, 
        "meaty": 0.5
    }, 
    "rating": 4.67, 
    "totalTimeInSeconds": 0, 
    "ingredients": [
        "eggs", 
        "cinnamon", 
        "water", 
        "semi-sweet chocolate", 
        "banana", 
        "banana", 
        "vegetable oil", 
        "almonds"
    ], 
    "smallImageUrls": [
        "http://i.yummly.com/Almond-Banana-Chocolate-Muffins-Allrecipes-83001.s.png", 
        "http://i.yummly.com/Almond-Banana-Chocolate-Muffins-Allrecipes-82896.s.png"
    ], 
    "sourceDisplayName": "AllRecipes", 
    "recipeName": "Almond Banana Chocolate Muffins", 
    "attributes": {}, 
    "id": "Almond-Banana-Chocolate-Muffins-Allrecipes"
}{
    "flavors": {
        "sweet": 0.0, 
        "sour": 0.6666666666666666, 
        "salty": 0.16666666666666666, 
        "piquant": 0.0, 
        "bitter": 0.16666666666666666, 
        "meaty": 0.6666666666666666
    }, 
    "rating": 4.38, 
    "totalTimeInSeconds": 2100.0, 
    "ingredients": [
        "vegetable oil", 
        "sugar", 
        "eggs", 
        "half and half", 
        "raspberries", 
        "baking powder", 
        "salt", 
        "lemon extract", 
        "all-purpose flour"
    ], 
    "smallImageUrls": [
        "http://i.yummly.com/Lemon-Raspberry-Jumbo-Muffins-Allrecipes-95055.s.png", 
        "http://i.yummly.com/Lemon-Raspberry-Jumbo-Muffins-Allrecipes-94196.s.png"
    ], 
    "sourceDisplayName": "Taste of Home", 
    "recipeName": "Lemon Raspberry Jumbo Muffins", 
    "attributes": {
        "course": [
            "Breads", 
            "Breakfast and Brunch"
        ]
    }, 
    "id": "Lemon-Raspberry-Jumbo-Muffins-TasteOfHome"
}{
    "flavors": {
        "sweet": 0.16666666666666666, 
        "sour": 0.16666666666666666, 
        "salty": 0.16666666666666666, 
        "piquant": 0.0, 
        "bitter": 0.16666666666666666, 
        "meaty": 0.16666666666666666
    }, 
    "rating": 0.0, 
    "totalTimeInSeconds": 600.0, 
    "ingredients": [
        "dijon mustard", 
        "softened butter", 
        "bacon", 
        "english muffins"
    ], 
    "smallImageUrls": [
        "http://i.yummly.com/English-Muffins-with-Bacon-Butter-Recipe-Taste-of-Home-45019-8936.s.png", 
        "http://i.yummly.com/English-Muffins-with-Bacon-Butter-Recipe-Taste-of-Home-45019-7543.s.jpg", 
        "http://i.yummly.com/English-Muffins-with-Bacon-Butter-Recipe-Taste-of-Home-45019-6347.s.jpg"
    ], 
    "sourceDisplayName": "Taste of Home", 
    "recipeName": "English Muffins with Bacon Butter Recipe", 
    "attributes": {}, 
    "id": "English-Muffins-with-Bacon-Butter-Recipe-Taste-of-Home-45019"
}{
    "flavors": {
        "sweet": 1.0, 
        "sour": 0.3333333333333333, 
        "salty": 0.5, 
        "piquant": 0.0, 
        "bitter": 0.5, 
        "meaty": 0.5
    }, 
    "rating": 4.52, 
    "totalTimeInSeconds": 2700.0, 
    "ingredients": [
        "all-purpose flour", 
        "wheat germ", 
        "baking soda", 
        "eggs", 
        "muffin", 
        "pure vanilla extract", 
        "vegetable oil", 
        "dark brown sugar", 
        "ground cinnamon", 
        "carrots", 
        "fine salt", 
        "crushed pineapple", 
        "baking powder", 
        "wheat flour"
    ], 
    "smallImageUrls": [], 
    "sourceDisplayName": "Food Network", 
    "recipeName": "Healthy Carrot Muffin", 
    "attributes": {
        "course": [
            "Breads", 
            "Breakfast and Brunch", 
            "Lunch and Snacks"
        ], 
        "cuisine": [
            "American"
        ]
    }, 
    "id": "Healthy-Carrot-Muffin-Food-Network"
}{
    "flavors": {
        "sweet": 1.0, 
        "sour": 0.6666666666666666, 
        "salty": 0.8333333333333334, 
        "piquant": 0.0, 
        "bitter": 1.0, 
        "meaty": 0.6666666666666666
    }, 
    "rating": 4.67, 
    "totalTimeInSeconds": 2100.0, 
    "ingredients": [
        "applesauce", 
        "honey", 
        "eggs", 
        "ground cinnamon", 
        "cake mix", 
        "wheat bran", 
        "vegetable oil"
    ], 
    "smallImageUrls": [], 
    "sourceDisplayName": "Taste of Home", 
    "recipeName": "ABC Muffins", 
    "attributes": {
        "course": [
            "Breads"
        ]
    }, 
    "id": "Abc-Muffins-TasteOfHome"
}{
    "flavors": {
        "sweet": 0.0, 
        "sour": 0.0, 
        "salty": 0.6666666666666666, 
        "piquant": 0.0, 
        "bitter": 0.6666666666666666, 
        "meaty": 0.6666666666666666
    }, 
    "rating": 4.0, 
    "totalTimeInSeconds": 3600.0, 
    "ingredients": [
        "water", 
        "wheat flour", 
        "egg", 
        "blueberries", 
        "mashed bananas", 
        "baking soda", 
        "vegetable oil", 
        "baking powder"
    ], 
    "smallImageUrls": [
        "http://i.yummly.com/No_sugar_added-Blueberry-And-Banana-Wheat-Muffins-Allrecipes-79210.s.png", 
        "http://i.yummly.com/No_sugar_added-Blueberry-And-Banana-Wheat-Muffins-Allrecipes-79179.s.png"
    ], 
    "sourceDisplayName": "AllRecipes", 
    "recipeName": "No-Sugar-Added Blueberry and Banana Wheat Muffins", 
    "attributes": {
        "course": [
            "Breads", 
            "Breakfast and Brunch"
        ]
    }, 
    "id": "No_sugar_added-Blueberry-And-Banana-Wheat-Muffins-Allrecipes"
}{
    "flavors": {
        "sweet": 0.5, 
        "sour": 0.3333333333333333, 
        "salty": 0.16666666666666666, 
        "piquant": 0.0, 
        "bitter": 1.0, 
        "meaty": 0.5
    }, 
    "rating": 4.31, 
    "totalTimeInSeconds": 2700.0, 
    "ingredients": [
        "baking powder", 
        "all-purpose flour", 
        "granular no-calorie sucralose sweetener", 
        "ground cinnamon", 
        "granular no-calorie sucralose sweetener", 
        "egg", 
        "ground cinnamon", 
        "unsweetened applesauce", 
        "all-purpose flour", 
        "unsweetened applesauce", 
        "rolled oats", 
        "apples", 
        "wheat flour", 
        "salt", 
        "milk", 
        "wheat flour"
    ], 
    "smallImageUrls": [
        "http://i.yummly.com/Apple-Cinnamon-Muffins-Allrecipes-65722.s.png"
    ], 
    "sourceDisplayName": "AllRecipes", 
    "recipeName": "Apple Cinnamon Muffins", 
    "attributes": {
        "course": [
            "Breads", 
            "Breakfast and Brunch", 
            "Lunch and Snacks"
        ]
    }, 
    "id": "Apple-Cinnamon-Muffins-Allrecipes"
}{
    "flavors": {
        "sweet": 1.0, 
        "sour": 0.8333333333333334, 
        "salty": 0.5, 
        "piquant": 0.0, 
        "bitter": 0.6666666666666666, 
        "meaty": 0.5
    }, 
    "rating": 3.97, 
    "totalTimeInSeconds": 2400.0, 
    "ingredients": [
        "baking powder", 
        "salt", 
        "poppy seeds", 
        "lemon juice", 
        "baking soda", 
        "all-purpose flour", 
        "eggs", 
        "lemon flavor yogurt", 
        "vegetable oil", 
        "white sugar", 
        "white sugar", 
        "grated lemon zest"
    ], 
    "smallImageUrls": [
        "http://i.yummly.com/Lemon-Poppy-Seed-Muffins-I-Allrecipes-55783.s.png"
    ], 
    "sourceDisplayName": "AllRecipes", 
    "recipeName": "Lemon Poppy Seed Muffins I", 
    "attributes": {
        "course": [
            "Breads"
        ]
    }, 
    "id": "Lemon-Poppy-Seed-Muffins-I-Allrecipes"
}{
    "flavors": {
        "sweet": 0.6666666666666666, 
        "sour": 0.5, 
        "salty": 0.16666666666666666, 
        "piquant": 0.0, 
        "bitter": 1.0, 
        "meaty": 0.6666666666666666
    }, 
    "rating": 3.71, 
    "totalTimeInSeconds": 3000.0, 
    "ingredients": [
        "beaten eggs", 
        "rolled oats", 
        "ground cinnamon", 
        "milk", 
        "raspberries", 
        "brown sugar", 
        "baking powder", 
        "vegetable oil", 
        "all-purpose flour"
    ], 
    "smallImageUrls": [
        "http://i.yummly.com/Very-Berry-Muffins-Allrecipes_1-62928.s.png"
    ], 
    "sourceDisplayName": "AllRecipes", 
    "recipeName": "Very Berry Muffins", 
    "attributes": {
        "course": [
            "Breads", 
            "Breakfast and Brunch"
        ]
    }, 
    "id": "Very-Berry-Muffins-Allrecipes_1"
}{
    "flavors": {
        "sweet": 0.8333333333333334, 
        "sour": 0.3333333333333333, 
        "salty": 0.6666666666666666, 
        "piquant": 0.0, 
        "bitter": 0.5, 
        "meaty": 0.3333333333333333
    }, 
    "rating": 4.31, 
    "totalTimeInSeconds": 1800.0, 
    "ingredients": [
        "honey", 
        "salt", 
        "wheat flour", 
        "all-purpose flour", 
        "baking soda", 
        "golden raisins", 
        "bananas", 
        "ground nutmeg", 
        "eggs", 
        "unsweetened applesauce"
    ], 
    "smallImageUrls": [
        "http://i.yummly.com/Honey-Banana-Muffins-Allrecipes-57240.s.png"
    ], 
    "sourceDisplayName": "Taste of Home", 
    "recipeName": "Honey Banana Muffins", 
    "attributes": {
        "course": [
            "Breads"
        ]
    }, 
    "id": "Honey-Banana-Muffins-TasteOfHome"
}{
    "flavors": {
        "sweet": 0.16666666666666666, 
        "sour": 0.3333333333333333, 
        "salty": 1.0, 
        "piquant": 0.0, 
        "bitter": 1.0, 
        "meaty": 1.0
    }, 
    "rating": 4.56, 
    "totalTimeInSeconds": 1200.0, 
    "ingredients": [
        "egg", 
        "muffin mix", 
        "ketchup", 
        "hot dogs", 
        "milk"
    ], 
    "smallImageUrls": [
        "http://i.yummly.com/Easy-And-Quick-Corn-Dog-Muffins-Recipezaar-156117.s.jpg"
    ], 
    "sourceDisplayName": "Food.com", 
    "recipeName": "Easy and Quick Corn Dog Muffins", 
    "attributes": {
        "course": [
            "Breads", 
            "Lunch and Snacks"
        ]
    }, 
    "id": "Easy-And-Quick-Corn-Dog-Muffins-Recipezaar"
}{
    "flavors": {
        "sweet": 0.8333333333333334, 
        "sour": 0.5, 
        "salty": 0.3333333333333333, 
        "piquant": 0.0, 
        "bitter": 0.16666666666666666, 
        "meaty": 0.3333333333333333
    }, 
    "rating": 4.25, 
    "totalTimeInSeconds": 2700.0, 
    "ingredients": [
        "fat free sour cream", 
        "all-purpose flour", 
        "applesauce", 
        "baking powder", 
        "white sugar", 
        "skim milk", 
        "mulberries", 
        "almond extract", 
        "egg", 
        "baking soda", 
        "salt"
    ], 
    "smallImageUrls": [
        "http://i.yummly.com/Mulberry-Muffins-Allrecipes-56700.s.png"
    ], 
    "sourceDisplayName": "AllRecipes", 
    "recipeName": "Mulberry Muffins", 
    "attributes": {
        "course": [
            "Breads"
        ]
    }, 
    "id": "Mulberry-Muffins-Allrecipes"
}{
    "flavors": {
        "sweet": 1.0, 
        "sour": 0.6666666666666666, 
        "salty": 0.5, 
        "piquant": 0.0, 
        "bitter": 0.8333333333333334, 
        "meaty": 0.3333333333333333
    }, 
    "rating": 4.21, 
    "totalTimeInSeconds": 0, 
    "ingredients": [
        "rolled oats", 
        "butter", 
        "eggs", 
        "baking powder", 
        "raisins", 
        "salt", 
        "baking soda", 
        "boiling water", 
        "brown sugar", 
        "ground nutmeg", 
        "all-purpose flour", 
        "vanilla extract", 
        "white sugar", 
        "orange juice"
    ], 
    "smallImageUrls": [
        "http://i.yummly.com/Orange-Oatmeal-Muffins-Allrecipes-50066.s.png"
    ], 
    "sourceDisplayName": "AllRecipes", 
    "recipeName": "Orange Oatmeal Muffins", 
    "attributes": {
        "course": [
            "Breads"
        ]
    }, 
    "id": "Orange-Oatmeal-Muffins-Allrecipes"
}{
    "flavors": {
        "sweet": 0.8333333333333334, 
        "sour": 0.16666666666666666, 
        "salty": 0.3333333333333333, 
        "piquant": 0.0, 
        "bitter": 0.6666666666666666, 
        "meaty": 0.5
    }, 
    "rating": 3.53, 
    "totalTimeInSeconds": 0, 
    "ingredients": [
        "baking soda", 
        "wheat flour", 
        "sour cream", 
        "white sugar", 
        "salt"
    ], 
    "smallImageUrls": [
        "http://i.yummly.com/Eggless-Whole-Wheat-Muffins-Allrecipes-50290.s.png"
    ], 
    "sourceDisplayName": "AllRecipes", 
    "recipeName": "Eggless Whole Wheat Muffins", 
    "attributes": {
        "course": [
            "Breads"
        ]
    }, 
    "id": "Eggless-Whole-Wheat-Muffins-Allrecipes"
}{
    "flavors": {
        "sweet": 0.6666666666666666, 
        "sour": 0.16666666666666666, 
        "salty": 0.16666666666666666, 
        "piquant": 0.0, 
        "bitter": 0.16666666666666666, 
        "meaty": 0.16666666666666666
    }, 
    "rating": 0.0, 
    "totalTimeInSeconds": 300.0, 
    "ingredients": [
        "english muffins, split and toasted", 
        "skippy creamy peanut butter", 
        "apple", 
        "banana"
    ], 
    "smallImageUrls": [
        "http://i.yummly.com/No-skippin_-breakfast-muffins-297167-266278.s.jpg"
    ], 
    "sourceDisplayName": "Skippy", 
    "recipeName": "No Skippin' Breakfast Muffins", 
    "attributes": {
        "course": [
            "Breads", 
            "Breakfast and Brunch", 
            "Lunch and Snacks"
        ]
    }, 
    "id": "No-skippin_-breakfast-muffins-297167"
}{
    "flavors": {
        "sweet": 1.0, 
        "sour": 0.6666666666666666, 
        "salty": 0.5, 
        "piquant": 0.0, 
        "bitter": 0.8333333333333334, 
        "meaty": 0.6666666666666666
    }, 
    "rating": 4.51, 
    "totalTimeInSeconds": 2700.0, 
    "ingredients": [
        "shredded zucchini", 
        "white sugar", 
        "salt", 
        "ground cloves", 
        "vanilla extract", 
        "ground nutmeg", 
        "ground coriander", 
        "all-purpose flour", 
        "sunflower seeds", 
        "beaten eggs", 
        "ground cinnamon", 
        "vegetable oil", 
        "baking soda", 
        "boiling water"
    ], 
    "smallImageUrls": [
        "http://i.yummly.com/Five-Spice-Muffins-Allrecipes-84235.s.png", 
        "http://i.yummly.com/Five-Spice-Muffins-Allrecipes-84098.s.png"
    ], 
    "sourceDisplayName": "AllRecipes", 
    "recipeName": "Five Spice Muffins", 
    "attributes": {
        "course": [
            "Breads"
        ]
    }, 
    "id": "Five-Spice-Muffins-Allrecipes"
}{
    "flavors": {
        "sweet": 0.5, 
        "sour": 0.6666666666666666, 
        "salty": 0.8333333333333334, 
        "piquant": 0.0, 
        "bitter": 0.5, 
        "meaty": 0.6666666666666666
    }, 
    "rating": 3.47, 
    "totalTimeInSeconds": 0, 
    "ingredients": [
        "nonfat milk", 
        "muffin mix", 
        "shredded cheddar cheese", 
        "eggs", 
        "low-fat cottage cheese"
    ], 
    "smallImageUrls": [], 
    "sourceDisplayName": "Epicurious", 
    "recipeName": "Corn and Cheese Muffins", 
    "attributes": {
        "course": [
            "Breads"
        ], 
        "cuisine": [
            "Southern & Soul Food"
        ]
    }, 
    "id": "Corn-And-Cheese-Muffins-Epicurious"
}{
    "flavors": {
        "sweet": 1.0, 
        "sour": 0.5, 
        "salty": 0.5, 
        "piquant": 0.0, 
        "bitter": 1.0, 
        "meaty": 0.6666666666666666
    }, 
    "rating": 0.0, 
    "totalTimeInSeconds": 0, 
    "ingredients": [
        "baking powder", 
        "milk", 
        "baking soda", 
        "chocolate chips", 
        "vegetable oil", 
        "all-purpose flour", 
        "espresso powder", 
        "salt", 
        "granulated sugar", 
        "large eggs", 
        "pure vanilla extract", 
        "cocoa powder"
    ], 
    "smallImageUrls": [
        "http://i.yummly.com/Espresso-Chocolate-Muffins-Serious-Eats-297173-138409.s.png"
    ], 
    "sourceDisplayName": "Serious Eats", 
    "recipeName": "Espresso Chocolate Muffins", 
    "attributes": {
        "course": [
            "Breads"
        ]
    }, 
    "id": "Espresso-Chocolate-Muffins-Serious-Eats-297173"
}{
    "flavors": {
        "sweet": 0.8333333333333334, 
        "sour": 0.6666666666666666, 
        "salty": 0.16666666666666666, 
        "piquant": 0.0, 
        "bitter": 0.16666666666666666, 
        "meaty": 0.3333333333333333
    }, 
    "rating": 4.63, 
    "totalTimeInSeconds": 2100.0, 
    "ingredients": [
        "cornmeal", 
        "margarine", 
        "sugar", 
        "salt", 
        "egg", 
        "all-purpose flour", 
        "blueberries", 
        "baking powder", 
        "ground nutmeg", 
        "brown sugar", 
        "milk"
    ], 
    "smallImageUrls": [
        "http://i.yummly.com/Blueberry-Corn-Muffins-Allrecipes-2.s.jpg", 
        "http://i.yummly.com/Blueberry-Corn-Muffins-Allrecipes-75255.s.png"
    ], 
    "sourceDisplayName": "Taste of Home", 
    "recipeName": "Blueberry Corn Muffins", 
    "attributes": {
        "course": [
            "Breads"
        ]
    }, 
    "id": "Blueberry-Corn-Muffins-TasteOfHome"
}{
    "flavors": {
        "sweet": 0.8333333333333334, 
        "sour": 0.6666666666666666, 
        "salty": 0.5, 
        "piquant": 0.0, 
        "bitter": 0.16666666666666666, 
        "meaty": 0.6666666666666666
    }, 
    "rating": 4.0, 
    "totalTimeInSeconds": 1800.0, 
    "ingredients": [
        "baking powder", 
        "vanilla extract", 
        "egg", 
        "softened butter", 
        "all-purpose flour", 
        "white sugar", 
        "cream cheese", 
        "semi-sweet chocolate", 
        "salt", 
        "cream"
    ], 
    "smallImageUrls": [
        "http://i.yummly.com/Chocolate-Chip-Cream-Cheese-Muffins-Allrecipes-74248.s.png"
    ], 
    "sourceDisplayName": "AllRecipes", 
    "recipeName": "Chocolate Chip Cream Cheese Muffins", 
    "attributes": {
        "course": [
            "Breads", 
            "Desserts"
        ]
    }, 
    "id": "Chocolate-Chip-Cream-Cheese-Muffins-Allrecipes"
}{
    "flavors": {
        "sweet": 0.3333333333333333, 
        "sour": 0.6666666666666666, 
        "salty": 0.16666666666666666, 
        "piquant": 0.0, 
        "bitter": 0.8333333333333334, 
        "meaty": 0.6666666666666666
    }, 
    "rating": 4.29, 
    "totalTimeInSeconds": 1800.0, 
    "ingredients": [
        "sugar", 
        "butter", 
        "vanilla extract", 
        "peaches", 
        "all-purpose flour", 
        "vanilla yogurt", 
        "chopped pecans", 
        "baking powder", 
        "egg"
    ], 
    "smallImageUrls": [
        "http://i.yummly.com/Peachy-Moist-Muffins-Allrecipes-66470.s.png"
    ], 
    "sourceDisplayName": "Taste of Home", 
    "recipeName": "Peachy Moist Muffins", 
    "attributes": {
        "course": [
            "Breads"
        ]
    }, 
    "id": "Peachy-Moist-Muffins-TasteOfHome"
}{
    "flavors": {
        "sweet": 1.0, 
        "sour": 0.5, 
        "salty": 0.16666666666666666, 
        "piquant": 0.0, 
        "bitter": 0.16666666666666666, 
        "meaty": 0.3333333333333333
    }, 
    "rating": 4.47, 
    "totalTimeInSeconds": 0, 
    "ingredients": [
        "raisins", 
        "sweet potato", 
        "eggs", 
        "all-purpose flour", 
        "brown sugar", 
        "ground allspice", 
        "walnuts", 
        "canola oil", 
        "ground cinnamon", 
        "baking powder", 
        "grated nutmeg", 
        "vanilla extract", 
        "salt"
    ], 
    "smallImageUrls": [
        "http://i2.yummly.com/Sweet_potato-Muffins-Allrecipes.s.jpg", 
        "http://i.yummly.com/Sweet_potato-Muffins-Allrecipes-88749.s.png", 
        "http://i.yummly.com/Sweet_potato-Muffins-Allrecipes-88393.s.png"
    ], 
    "sourceDisplayName": "AllRecipes", 
    "recipeName": "Sweet-Potato Muffins", 
    "attributes": {
        "course": [
            "Breads"
        ]
    }, 
    "id": "Sweet_potato-Muffins-Allrecipes"
}{
    "flavors": {
        "sweet": 0.0, 
        "sour": 0.6666666666666666, 
        "salty": 0.16666666666666666, 
        "piquant": 0.0, 
        "bitter": 0.16666666666666666, 
        "meaty": 0.3333333333333333
    }, 
    "rating": 4.49, 
    "totalTimeInSeconds": 3420.0, 
    "ingredients": [
        "warm water", 
        "hot water", 
        "salt", 
        "sugar", 
        "dry yeast", 
        "sugar", 
        "non-fat powdered milk", 
        "vegetable spray", 
        "all-purpose flour", 
        "shortening"
    ], 
    "smallImageUrls": [], 
    "sourceDisplayName": "Food Network", 
    "recipeName": "English Muffins", 
    "attributes": {
        "course": [
            "Breads", 
            "Breakfast and Brunch", 
            "Lunch and Snacks"
        ], 
        "cuisine": [
            "American"
        ]
    }, 
    "id": "English-Muffins-Food-Network"
}{
    "flavors": {
        "sweet": 0.8333333333333334, 
        "sour": 0.5, 
        "salty": 0.16666666666666666, 
        "piquant": 0.0, 
        "bitter": 0.16666666666666666, 
        "meaty": 0.3333333333333333
    }, 
    "rating": 3.92, 
    "totalTimeInSeconds": 1200.0, 
    "ingredients": [
        "yellow cornmeal", 
        "vegetable oil", 
        "water", 
        "salt", 
        "egg", 
        "white sugar", 
        "water", 
        "all-purpose flour", 
        "baking powder"
    ], 
    "smallImageUrls": [
        "http://i.yummly.com/Vegan-Corn-Muffins-Allrecipes-68099.s.png"
    ], 
    "sourceDisplayName": "AllRecipes", 
    "recipeName": "Vegan Corn Muffins", 
    "attributes": {
        "course": [
            "Breads"
        ], 
        "holiday": [
            "Thanksgiving"
        ]
    }, 
    "id": "Vegan-Corn-Muffins-Allrecipes"
}{
    "flavors": {
        "sweet": 0.6666666666666666, 
        "sour": 0.6666666666666666, 
        "salty": 0.8333333333333334, 
        "piquant": 0.0, 
        "bitter": 0.6666666666666666, 
        "meaty": 1.0
    }, 
    "rating": 3.96, 
    "totalTimeInSeconds": 2400.0, 
    "ingredients": [
        "baking soda", 
        "sharp cheddar cheese", 
        "salt", 
        "buttermilk", 
        "sun-dried tomatoes", 
        "all-purpose flour", 
        "beaten eggs", 
        "basil leaves", 
        "dried oregano", 
        "white sugar", 
        "green onions", 
        "baking powder"
    ], 
    "smallImageUrls": [
        "http://i.yummly.com/Pizza-Muffins-Allrecipes-80881.s.png", 
        "http://i.yummly.com/Pizza-Muffins-Allrecipes-80787.s.png"
    ], 
    "sourceDisplayName": "AllRecipes", 
    "recipeName": "Pizza Muffins", 
    "attributes": {
        "course": [
            "Appetizers", 
            "Lunch and Snacks"
        ], 
        "cuisine": [
            "Italian"
        ]
    }, 
    "id": "Pizza-Muffins-Allrecipes"
}{
    "flavors": {
        "sweet": 1.0, 
        "sour": 0.6666666666666666, 
        "salty": 0.5, 
        "piquant": 0.0, 
        "bitter": 0.16666666666666666, 
        "meaty": 0.5
    }, 
    "rating": 4.6, 
    "totalTimeInSeconds": 3000.0, 
    "ingredients": [
        "honey", 
        "all-purpose flour", 
        "cognac", 
        "ground cinnamon", 
        "unsalted butter", 
        "brown sugar", 
        "all-purpose flour", 
        "mashed bananas", 
        "brown sugar", 
        "white sugar", 
        "salt", 
        "brown sugar", 
        "spiced rum", 
        "baking powder", 
        "eggs", 
        "baking soda", 
        "butter"
    ], 
    "smallImageUrls": [
        "http://i.yummly.com/Napoleon_s-Banana-Muffin-Allrecipes-96569.s.png", 
        "http://i.yummly.com/Napoleon_s-Banana-Muffin-Allrecipes-95677.s.png"
    ], 
    "sourceDisplayName": "AllRecipes", 
    "recipeName": "Napoleon's Banana Muffin", 
    "attributes": {
        "course": [
            "Breads"
        ]
    }, 
    "id": "Napoleon_s-Banana-Muffin-Allrecipes"
}{
    "flavors": {
        "sweet": 0.3333333333333333, 
        "sour": 0.16666666666666666, 
        "salty": 0.16666666666666666, 
        "piquant": 0.0, 
        "bitter": 0.16666666666666666, 
        "meaty": 0.16666666666666666
    }, 
    "rating": 0.0, 
    "totalTimeInSeconds": 0, 
    "ingredients": [
        "all purpose flour", 
        "large eggs", 
        "unsalted butter", 
        "baking soda", 
        "blackberry", 
        "sugar", 
        "milk", 
        "salt", 
        "crumb topping", 
        "flour", 
        "baking powder", 
        "dark brown sugar", 
        "unsalted butter", 
        "salt", 
        "cinnamon"
    ], 
    "smallImageUrls": [
        "http://i.yummly.com/Blackberry-Crumb-Muffins-Serious-Eats-41828-2754.s.jpg", 
        "http://i.yummly.com/Blackberry-Crumb-Muffins-Serious-Eats-41828-660.s.jpg"
    ], 
    "sourceDisplayName": "Serious Eats", 
    "recipeName": "Blackberry Crumb Muffins", 
    "attributes": {
        "course": [
            "Breads"
        ]
    }, 
    "id": "Blackberry-Crumb-Muffins-Serious-Eats-41828"
}{
    "flavors": {
        "sweet": 0.0, 
        "sour": 0.6666666666666666, 
        "salty": 0.6666666666666666, 
        "piquant": 0.0, 
        "bitter": 0.3333333333333333, 
        "meaty": 0.3333333333333333
    }, 
    "rating": 4.5, 
    "totalTimeInSeconds": 1500.0, 
    "ingredients": [
        "baking powder", 
        "fiber one", 
        "hot water", 
        "muffin mix"
    ], 
    "smallImageUrls": [
        "http://i.yummly.com/Ww-1-Pt_-Weight-Watcher-Muffins-Recipezaar-224178.s.jpg"
    ], 
    "sourceDisplayName": "Food.com", 
    "recipeName": "Ww 1 Pt. Weight Watcher Muffins", 
    "attributes": {
        "course": [
            "Breads", 
            "Breakfast and Brunch"
        ]
    }, 
    "id": "Ww-1-Pt_-Weight-Watcher-Muffins-Recipezaar"
}{
    "flavors": {
        "sweet": 1.0, 
        "sour": 0.8333333333333334, 
        "salty": 0.3333333333333333, 
        "piquant": 0.0, 
        "bitter": 0.16666666666666666, 
        "meaty": 0.3333333333333333
    }, 
    "rating": 4.06, 
    "totalTimeInSeconds": 1200.0, 
    "ingredients": [
        "soy milk", 
        "baking soda", 
        "brown sugar", 
        "baking powder", 
        "shortening", 
        "egg", 
        "all-purpose flour", 
        "banana"
    ], 
    "smallImageUrls": [
        "http://i.yummly.com/Banana-Pancake-Muffins-Allrecipes-67424.s.png"
    ], 
    "sourceDisplayName": "AllRecipes", 
    "recipeName": "Banana Pancake Muffins", 
    "attributes": {
        "course": [
            "Breads", 
            "Breakfast and Brunch"
        ]
    }, 
    "id": "Banana-Pancake-Muffins-Allrecipes"
}{
    "flavors": {
        "sweet": 0.8333333333333334, 
        "sour": 0.8333333333333334, 
        "salty": 0.3333333333333333, 
        "piquant": 0.0, 
        "bitter": 0.8333333333333334, 
        "meaty": 0.5
    }, 
    "rating": 4.6, 
    "totalTimeInSeconds": 1800.0, 
    "ingredients": [
        "baking powder", 
        "orange juice", 
        "eggs", 
        "sugar", 
        "grated orange", 
        "all-purpose flour", 
        "butter", 
        "bittersweet chocolate", 
        "baking soda", 
        "sour cream"
    ], 
    "smallImageUrls": [
        "http://i.yummly.com/Orange-Chocolate-Muffins-Allrecipes-77727.s.png"
    ], 
    "sourceDisplayName": "AllRecipes", 
    "recipeName": "Orange Chocolate Muffins", 
    "attributes": {
        "course": [
            "Breads"
        ]
    }, 
    "id": "Orange-Chocolate-Muffins-Allrecipes"
}{
    "flavors": {
        "sweet": 0.5, 
        "sour": 0.16666666666666666, 
        "salty": 0.8333333333333334, 
        "piquant": 0.0, 
        "bitter": 1.0, 
        "meaty": 0.8333333333333334
    }, 
    "rating": 4.29, 
    "totalTimeInSeconds": 2700.0, 
    "ingredients": [
        "malt flour", 
        "vegetable oil", 
        "ground ginger", 
        "raisins", 
        "milk", 
        "wheat germ", 
        "beaten eggs", 
        "low-fat plain yogurt", 
        "baking powder", 
        "wheat flour", 
        "oat bran", 
        "wheat bran", 
        "baking soda", 
        "honey"
    ], 
    "smallImageUrls": [
        "http://i.yummly.com/Alan_s-Ultimate-Bran-Muffins-Allrecipes-51889.s.png"
    ], 
    "sourceDisplayName": "AllRecipes", 
    "recipeName": "Alan's Ultimate Bran Muffins", 
    "attributes": {
        "course": [
            "Breads", 
            "Lunch and Snacks"
        ]
    }, 
    "id": "Alan_s-Ultimate-Bran-Muffins-Allrecipes"
}{
    "flavors": {
        "sweet": 0.8333333333333334, 
        "sour": 0.8333333333333334, 
        "salty": 0.3333333333333333, 
        "piquant": 0.0, 
        "bitter": 1.0, 
        "meaty": 0.6666666666666666
    }, 
    "rating": 4.22, 
    "totalTimeInSeconds": 1500.0, 
    "ingredients": [
        "vegetable oil", 
        "egg", 
        "baking powder", 
        "brown sugar", 
        "milk", 
        "chunky peanut butter", 
        "all-purpose flour", 
        "miniature semisweet chocolate chips", 
        "vanilla extract", 
        "salt"
    ], 
    "smallImageUrls": [
        "http://i.yummly.com/Peanut-Butter-Mini-Muffins-Allrecipes-75447.s.png"
    ], 
    "sourceDisplayName": "Taste of Home", 
    "recipeName": "Peanut Butter Mini Muffins", 
    "attributes": {
        "course": [
            "Breads"
        ]
    }, 
    "id": "Peanut-Butter-Mini-Muffins-TasteOfHome"
}{
    "flavors": {
        "sweet": 0.16666666666666666, 
        "sour": 0.6666666666666666, 
        "salty": 0.6666666666666666, 
        "piquant": 0.0, 
        "bitter": 1.0, 
        "meaty": 0.6666666666666666
    }, 
    "rating": 4.95, 
    "totalTimeInSeconds": 1800.0, 
    "ingredients": [
        "vanilla extract", 
        "confectioners' sugar", 
        "butter", 
        "ground cinnamon", 
        "sugar", 
        "salt", 
        "milk", 
        "raisins", 
        "all-purpose flour", 
        "ground cloves", 
        "baking soda", 
        "water", 
        "chopped walnuts"
    ], 
    "smallImageUrls": [
        "http://i.yummly.com/Spiced-Raisin-Mini-Muffins-Allrecipes-91543.s.png", 
        "http://i.yummly.com/Spiced-Raisin-Mini-Muffins-Allrecipes-91001.s.png"
    ], 
    "sourceDisplayName": "Taste of Home", 
    "recipeName": "Spiced Raisin Mini Muffins", 
    "attributes": {
        "course": [
            "Breads"
        ]
    }, 
    "id": "Spiced-Raisin-Mini-Muffins-TasteOfHome"
}{
    "flavors": {
        "sweet": 0.6666666666666666, 
        "sour": 0.6666666666666666, 
        "salty": 0.8333333333333334, 
        "piquant": 0.0, 
        "bitter": 0.5, 
        "meaty": 0.6666666666666666
    }, 
    "rating": 4.93, 
    "totalTimeInSeconds": 3600.0, 
    "ingredients": [
        "parsnips", 
        "baking soda", 
        "all-purpose flour", 
        "ground cinnamon", 
        "vanilla extract", 
        "shredded coconut", 
        "salt", 
        "chopped pecans", 
        "granny smith apple", 
        "eggs", 
        "vegetable oil", 
        "unsalted butter", 
        "raisins", 
        "golden raisins", 
        "sugar", 
        "carrots"
    ], 
    "smallImageUrls": [
        "http://i.yummly.com/It_s-A-Good-Morning-Muffins-Food-Network-146984.s.jpg"
    ], 
    "sourceDisplayName": "Food Network", 
    "recipeName": "It's a Good Morning Muffins", 
    "attributes": {
        "course": [
            "Breads"
        ], 
        "cuisine": [
            "American"
        ]
    }, 
    "id": "It_s-A-Good-Morning-Muffins-Food-Network"
}{
    "flavors": {
        "sweet": 0.3333333333333333, 
        "sour": 0.8333333333333334, 
        "salty": 0.16666666666666666, 
        "piquant": 0.0, 
        "bitter": 0.3333333333333333, 
        "meaty": 0.8333333333333334
    }, 
    "rating": 4.61, 
    "totalTimeInSeconds": 2400.0, 
    "ingredients": [
        "orange juice", 
        "milk", 
        "sugar", 
        "poppy seeds", 
        "vanilla extract", 
        "sugar", 
        "vegetable oil", 
        "almond extract", 
        "almond extract", 
        "all-purpose flour", 
        "baking powder", 
        "butter", 
        "eggs", 
        "salt", 
        "vanilla extract"
    ], 
    "smallImageUrls": [
        "http://i.yummly.com/Poppy-Seed-Muffins-Allrecipes-75433.s.png"
    ], 
    "sourceDisplayName": "AllRecipes", 
    "recipeName": "Poppy Seed Muffins", 
    "attributes": {
        "course": [
            "Breads"
        ]
    }, 
    "id": "Poppy-Seed-Muffins-Allrecipes"
}{
    "flavors": {
        "sweet": 0.3333333333333333, 
        "sour": 0.3333333333333333, 
        "salty": 0.8333333333333334, 
        "piquant": 0.0, 
        "bitter": 0.8333333333333334, 
        "meaty": 0.5
    }, 
    "rating": 4.58, 
    "totalTimeInSeconds": 1200.0, 
    "ingredients": [
        "garlic powder", 
        "parsley", 
        "margarine", 
        "mayonnaise", 
        "processed cheese", 
        "english muffins", 
        "crabmeat"
    ], 
    "smallImageUrls": [
        "http://i.yummly.com/Crabbies-Allrecipes-90709.s.png", 
        "http://i.yummly.com/Crabbies-Allrecipes-90244.s.png"
    ], 
    "sourceDisplayName": "AllRecipes", 
    "recipeName": "Crabbies", 
    "attributes": {
        "course": [
            "Appetizers"
        ]
    }, 
    "id": "Crabbies-Allrecipes"
}{
    "flavors": {
        "sweet": 0.5, 
        "sour": 1.0, 
        "salty": 0.3333333333333333, 
        "piquant": 0.0, 
        "bitter": 0.6666666666666666, 
        "meaty": 0.8333333333333334
    }, 
    "rating": 4.42, 
    "totalTimeInSeconds": 1800.0, 
    "ingredients": [
        "vegetable oil", 
        "beaten eggs", 
        "sugar", 
        "ground cinnamon", 
        "orange peel", 
        "orange juice", 
        "sugar", 
        "chopped walnuts", 
        "salt", 
        "oatmeal", 
        "baking powder", 
        "all-purpose flour", 
        "baking soda", 
        "blueberries"
    ], 
    "smallImageUrls": [
        "http://i.yummly.com/Orange-Blueberry-Muffins-Allrecipes-60061.s.png"
    ], 
    "sourceDisplayName": "Taste of Home", 
    "recipeName": "Orange Blueberry Muffins", 
    "attributes": {
        "course": [
            "Breads"
        ]
    }, 
    "id": "Orange-Blueberry-Muffins-TasteOfHome"
}{
    "flavors": {
        "sweet": 0.0, 
        "sour": 0.16666666666666666, 
        "salty": 0.16666666666666666, 
        "piquant": 0.3333333333333333, 
        "bitter": 0.16666666666666666, 
        "meaty": 0.16666666666666666
    }, 
    "rating": 0.0, 
    "totalTimeInSeconds": 0, 
    "ingredients": [
        "paprika", 
        "flour", 
        "baking powder", 
        "thick cut", 
        "cayenne", 
        "black pepper", 
        "large eggs", 
        "extra sharp cheddar cheese", 
        "unsalted butter", 
        "salt", 
        "milk"
    ], 
    "smallImageUrls": [
        "http://i.yummly.com/Spicy-Bacon-Cheddar-Muffins-Serious-Eats-46811-10563.s.png"
    ], 
    "sourceDisplayName": "Serious Eats", 
    "recipeName": "Spicy Bacon Cheddar Muffins", 
    "attributes": {
        "course": [
            "Breads"
        ]
    }, 
    "id": "Spicy-Bacon-Cheddar-Muffins-Serious-Eats-46811"
}{
    "flavors": {
        "sweet": 0.8333333333333334, 
        "sour": 0.6666666666666666, 
        "salty": 0.3333333333333333, 
        "piquant": 0.0, 
        "bitter": 0.5, 
        "meaty": 0.5
    }, 
    "rating": 4.56, 
    "totalTimeInSeconds": 3000.0, 
    "ingredients": [
        "baking powder", 
        "melted butter", 
        "milk", 
        "chopped walnuts", 
        "all-purpose flour", 
        "egg", 
        "salt", 
        "matcha green tea powder", 
        "white sugar"
    ], 
    "smallImageUrls": [
        "http://i2.yummly.com/Green-Tea-Muffins-Allrecipes.s.jpg", 
        "http://i.yummly.com/Green-Tea-Muffins-Allrecipes-91990.s.png", 
        "http://i.yummly.com/Green-Tea-Muffins-Allrecipes-91348.s.png"
    ], 
    "sourceDisplayName": "AllRecipes", 
    "recipeName": "Green Tea Muffins", 
    "attributes": {
        "course": [
            "Breads", 
            "Lunch and Snacks"
        ], 
        "cuisine": [
            "Japanese", 
            "Asian"
        ]
    }, 
    "id": "Green-Tea-Muffins-Allrecipes"
}{
    "flavors": {
        "sweet": 1.0, 
        "sour": 0.5, 
        "salty": 0.5, 
        "piquant": 0.0, 
        "bitter": 0.16666666666666666, 
        "meaty": 0.3333333333333333
    }, 
    "rating": 4.15, 
    "totalTimeInSeconds": 2400.0, 
    "ingredients": [
        "ground cinnamon", 
        "brown sugar", 
        "baking soda", 
        "ground cinnamon", 
        "instant oatmeal", 
        "milk", 
        "melted butter", 
        "all-purpose flour", 
        "egg white", 
        "brown sugar", 
        "applesauce", 
        "baking powder", 
        "instant oatmeal"
    ], 
    "smallImageUrls": [
        "http://i.yummly.com/Applesauce_oat-Muffins-Allrecipes-78917.s.png"
    ], 
    "sourceDisplayName": "AllRecipes", 
    "recipeName": "Applesauce-Oat Muffins", 
    "attributes": {
        "course": [
            "Breads", 
            "Breakfast and Brunch"
        ]
    }, 
    "id": "Applesauce_oat-Muffins-Allrecipes"
}{
    "flavors": {
        "sweet": 0.3333333333333333, 
        "sour": 0.16666666666666666, 
        "salty": 0.5, 
        "piquant": 0.8333333333333334, 
        "bitter": 0.3333333333333333, 
        "meaty": 0.8333333333333334
    }, 
    "rating": 4.26, 
    "totalTimeInSeconds": 1500.0, 
    "ingredients": [
        "chipotle chile", 
        "english muffins", 
        "finely chopped onion", 
        "ground beef", 
        "salt"
    ], 
    "smallImageUrls": [
        "http://i2.yummly.com/Chipotle-Burgers-Epicurious.s.png", 
        "http://i.yummly.com/Chipotle-Burgers-Epicurious-47152.s.png"
    ], 
    "sourceDisplayName": "Epicurious", 
    "recipeName": "Chipotle Burgers", 
    "attributes": {
        "course": [
            "Main Dishes"
        ], 
        "cuisine": [
            "American"
        ]
    }, 
    "id": "Chipotle-Burgers-Epicurious"
}{
    "flavors": {
        "sweet": 1.0, 
        "sour": 0.5, 
        "salty": 0.16666666666666666, 
        "piquant": 0.0, 
        "bitter": 0.8333333333333334, 
        "meaty": 0.5
    }, 
    "rating": 3.97, 
    "totalTimeInSeconds": 2100.0, 
    "ingredients": [
        "salt", 
        "wheat flour", 
        "all-purpose flour", 
        "beaten eggs", 
        "white sugar", 
        "baking powder", 
        "blueberries", 
        "ground cinnamon", 
        "half and half", 
        "wheat germ", 
        "blackberries"
    ], 
    "smallImageUrls": [
        "http://i.yummly.com/Black-And-Blueberry-Muffins-Allrecipes-59735.s.png"
    ], 
    "sourceDisplayName": "AllRecipes", 
    "recipeName": "Black and Blueberry Muffins", 
    "attributes": {
        "course": [
            "Breads"
        ], 
        "cuisine": [
            "American"
        ]
    }, 
    "id": "Black-And-Blueberry-Muffins-Allrecipes"
}{
    "flavors": {
        "sweet": 0.8333333333333334, 
        "sour": 0.16666666666666666, 
        "salty": 0.3333333333333333, 
        "piquant": 0.0, 
        "bitter": 0.5, 
        "meaty": 0.8333333333333334
    }, 
    "rating": 4.74, 
    "totalTimeInSeconds": 2100.0, 
    "ingredients": [
        "pecans", 
        "butter", 
        "flour", 
        "brown sugar", 
        "large eggs"
    ], 
    "smallImageUrls": [
        "http://i.yummly.com/Pecan-Pie-Muffins-Recipezaar_2-178575.s.jpg"
    ], 
    "sourceDisplayName": "Food.com", 
    "recipeName": "Pecan Pie Muffins", 
    "attributes": {
        "course": [
            "Desserts", 
            "Breakfast and Brunch", 
            "Lunch and Snacks"
        ], 
        "holiday": [
            "Thanksgiving", 
            "Christmas"
        ]
    }, 
    "id": "Pecan-Pie-Muffins-Recipezaar_2"
}{
    "flavors": {
        "sweet": 0.8333333333333334, 
        "sour": 0.5, 
        "salty": 0.6666666666666666, 
        "piquant": 0.0, 
        "bitter": 0.6666666666666666, 
        "meaty": 0.6666666666666666
    }, 
    "rating": 0.0, 
    "totalTimeInSeconds": 0, 
    "ingredients": [
        "buttermilk", 
        "eggs", 
        "cinnamon", 
        "baking soda", 
        "salt", 
        "grated nutmeg", 
        "pumpkin puree", 
        "light brown sugar", 
        "baking powder", 
        "ground cloves", 
        "ground ginger", 
        "softened butter", 
        "turbinado sugar", 
        "sugar", 
        "all-purpose flour", 
        "raisins", 
        "wheat flour", 
        "cardamom"
    ], 
    "smallImageUrls": [
        "http://i.yummly.com/Pumpkin-Muffins-Serious-Eats-200414-40204.s.png"
    ], 
    "sourceDisplayName": "Serious Eats", 
    "recipeName": "Pumpkin Muffins", 
    "attributes": {
        "course": [
            "Breads", 
            "Breakfast and Brunch", 
            "Lunch and Snacks"
        ], 
        "holiday": [
            "Thanksgiving", 
            "Halloween"
        ]
    }, 
    "id": "Pumpkin-Muffins-Serious-Eats-200414"
}{
    "flavors": {
        "sweet": 0.6666666666666666, 
        "sour": 0.6666666666666666, 
        "salty": 0.5, 
        "piquant": 0.0, 
        "bitter": 0.5, 
        "meaty": 0.8333333333333334
    }, 
    "rating": 4.18, 
    "totalTimeInSeconds": 2100.0, 
    "ingredients": [
        "vegetable oil", 
        "milk", 
        "baking powder", 
        "salt", 
        "bacon", 
        "sharp cheddar cheese", 
        "cream of mushroom soup", 
        "all-purpose flour", 
        "chives", 
        "garlic powder", 
        "grated parmesan cheese", 
        "white sugar", 
        "beaten eggs"
    ], 
    "smallImageUrls": [
        "http://i.yummly.com/Bacon-Cheddar-Chive-Muffins-Allrecipes-74215.s.png"
    ], 
    "sourceDisplayName": "AllRecipes", 
    "recipeName": "Bacon Cheddar Chive Muffins", 
    "attributes": {
        "course": [
            "Breads"
        ]
    }, 
    "id": "Bacon-Cheddar-Chive-Muffins-Allrecipes"
}{
    "flavors": {
        "sweet": 0.3333333333333333, 
        "sour": 0.16666666666666666, 
        "salty": 0.16666666666666666, 
        "piquant": 0.0, 
        "bitter": 0.6666666666666666, 
        "meaty": 0.6666666666666666
    }, 
    "rating": 3.31, 
    "totalTimeInSeconds": 2100.0, 
    "ingredients": [
        "salt", 
        "vegetable oil", 
        "honey", 
        "zucchini", 
        "wheat flour", 
        "egg whites", 
        "baking powder", 
        "ground cinnamon", 
        "nonfat milk"
    ], 
    "smallImageUrls": [
        "http://i.yummly.com/Zucchini-Muffins-Allrecipes-49629.s.png"
    ], 
    "sourceDisplayName": "AllRecipes", 
    "recipeName": "Zucchini Muffins", 
    "attributes": {
        "course": [
            "Breads", 
            "Breakfast and Brunch"
        ]
    }, 
    "id": "Zucchini-Muffins-Allrecipes"
}{
    "flavors": null, 
    "rating": 4.6, 
    "totalTimeInSeconds": 0, 
    "ingredients": [
        "red onion", 
        "red bell pepper", 
        "milk", 
        "zucchini", 
        "eggs", 
        "salt", 
        "shredded cheddar cheese", 
        "pepper"
    ], 
    "smallImageUrls": [
        "http://i.yummly.com/Muffin-Frittatas-AllRecipes.s.jpg", 
        "http://i.yummly.com/Muffin-Frittatas-AllRecipes-69381.s.png"
    ], 
    "sourceDisplayName": "AllRecipes", 
    "recipeName": "Muffin Frittatas", 
    "attributes": {
        "course": [
            "Breakfast and Brunch", 
            "Lunch and Snacks"
        ]
    }, 
    "id": "Muffin-Frittatas-AllRecipes"
}{
    "flavors": {
        "sweet": 0.16666666666666666, 
        "sour": 0.8333333333333334, 
        "salty": 0.6666666666666666, 
        "piquant": 0.0, 
        "bitter": 0.3333333333333333, 
        "meaty": 0.5
    }, 
    "rating": 4.53, 
    "totalTimeInSeconds": 2100.0, 
    "ingredients": [
        "ground cinnamon", 
        "shortening", 
        "sugar", 
        "baking powder", 
        "molasses", 
        "all-purpose flour", 
        "sour milk", 
        "ground ginger", 
        "baking soda", 
        "eggs", 
        "salt"
    ], 
    "smallImageUrls": [
        "http://i.yummly.com/Ginger-Muffins-Allrecipes-78024.s.png"
    ], 
    "sourceDisplayName": "Taste of Home", 
    "recipeName": "Ginger Muffins", 
    "attributes": {
        "course": [
            "Breads", 
            "Breakfast and Brunch"
        ]
    }, 
    "id": "Ginger-Muffins-TasteOfHome"
}{
    "flavors": {
        "sweet": 0.3333333333333333, 
        "sour": 0.0, 
        "salty": 0.16666666666666666, 
        "piquant": 0.0, 
        "bitter": 0.16666666666666666, 
        "meaty": 0.8333333333333334
    }, 
    "rating": 4.71, 
    "totalTimeInSeconds": 5100.0, 
    "ingredients": [
        "baking soda", 
        "salt", 
        "water", 
        "white sugar", 
        "milk", 
        "cornmeal", 
        "active dry yeast", 
        "bread flour"
    ], 
    "smallImageUrls": [
        "http://i.yummly.com/English-Muffin-Bread-Allrecipes_1-74258.s.png"
    ], 
    "sourceDisplayName": "AllRecipes", 
    "recipeName": "English Muffin Bread", 
    "attributes": {
        "course": [
            "Breads", 
            "Breakfast and Brunch"
        ], 
        "cuisine": [
            "English"
        ]
    }, 
    "id": "English-Muffin-Bread-Allrecipes_1"
}{
    "flavors": {
        "sweet": 1.0, 
        "sour": 0.5, 
        "salty": 0.6666666666666666, 
        "piquant": 0.0, 
        "bitter": 0.16666666666666666, 
        "meaty": 0.5
    }, 
    "rating": 4.23, 
    "totalTimeInSeconds": 3900.0, 
    "ingredients": [
        "vegetable oil", 
        "vanilla extract", 
        "white sugar", 
        "confectioners sugar", 
        "cream cheese", 
        "ground cinnamon", 
        "vanilla extract", 
        "softened butter", 
        "salt", 
        "all-purpose flour", 
        "baking powder", 
        "baking soda", 
        "eggs", 
        "carrot"
    ], 
    "smallImageUrls": [
        "http://i.yummly.com/Fluffy-Carrot-Muffins-With-Cream-Cheese-Frosting-Allrecipes-63858.s.png"
    ], 
    "sourceDisplayName": "AllRecipes", 
    "recipeName": "Fluffy Carrot Muffins with Cream Cheese Frosting", 
    "attributes": {
        "course": [
            "Breads", 
            "Desserts"
        ]
    }, 
    "id": "Fluffy-Carrot-Muffins-With-Cream-Cheese-Frosting-Allrecipes"
}{
    "flavors": {
        "sweet": 0.8333333333333334, 
        "sour": 0.8333333333333334, 
        "salty": 1.0, 
        "piquant": 0.0, 
        "bitter": 1.0, 
        "meaty": 0.8333333333333334
    }, 
    "rating": 4.61, 
    "totalTimeInSeconds": 1800.0, 
    "ingredients": [
        "peanut butter", 
        "all-purpose flour", 
        "quick cooking oats", 
        "eggs", 
        "baking soda", 
        "salt", 
        "semisweet chocolate chips", 
        "vegetable oil", 
        "buttermilk", 
        "sugar", 
        "bran flakes"
    ], 
    "smallImageUrls": [
        "http://i.yummly.com/Chocolate-Chip-Bran-Muffins-Allrecipes-59849.s.png"
    ], 
    "sourceDisplayName": "Taste of Home", 
    "recipeName": "Chocolate Chip Bran Muffins", 
    "attributes": {
        "course": [
            "Breads", 
            "Breakfast and Brunch", 
            "Lunch and Snacks"
        ]
    }, 
    "id": "Chocolate-Chip-Bran-Muffins-TasteOfHome"
}{
    "flavors": {
        "sweet": 0.8333333333333334, 
        "sour": 0.6666666666666666, 
        "salty": 0.16666666666666666, 
        "piquant": 0.0, 
        "bitter": 0.8333333333333334, 
        "meaty": 0.6666666666666666
    }, 
    "rating": 3.24, 
    "totalTimeInSeconds": 0, 
    "ingredients": [
        "semi-sweet chocolate", 
        "beaten eggs", 
        "white sugar", 
        "canola oil", 
        "all-purpose flour", 
        "dutch process cocoa", 
        "mashed bananas", 
        "baking powder"
    ], 
    "smallImageUrls": [
        "http://i.yummly.com/Banana-Chocolate-Chip-Muffins-Allrecipes-75966.s.png"
    ], 
    "sourceDisplayName": "AllRecipes", 
    "recipeName": "Banana Chocolate Chip Muffins", 
    "attributes": {
        "course": [
            "Breads", 
            "Lunch and Snacks"
        ]
    }, 
    "id": "Banana-Chocolate-Chip-Muffins-Allrecipes"
}{
    "flavors": {
        "sweet": 0.0, 
        "sour": 0.6666666666666666, 
        "salty": 0.3333333333333333, 
        "piquant": 0.0, 
        "bitter": 0.16666666666666666, 
        "meaty": 0.5
    }, 
    "rating": 3.6, 
    "totalTimeInSeconds": 0, 
    "ingredients": [
        "egg", 
        "milk", 
        "white flour", 
        "sugar", 
        "baking powder", 
        "melted butter", 
        "salt"
    ], 
    "smallImageUrls": [], 
    "sourceDisplayName": "Epicurious", 
    "recipeName": "Basic Muffins", 
    "attributes": {
        "course": [
            "Breads", 
            "Breakfast and Brunch"
        ]
    }, 
    "id": "Basic-Muffins-Epicurious"
}{
    "flavors": {
        "sweet": 0.8333333333333334, 
        "sour": 0.5, 
        "salty": 0.16666666666666666, 
        "piquant": 0.0, 
        "bitter": 0.5, 
        "meaty": 0.3333333333333333
    }, 
    "rating": 4.63, 
    "totalTimeInSeconds": 2100.0, 
    "ingredients": [
        "confectioners' sugar", 
        "pecan halves", 
        "baking powder", 
        "ground cinnamon", 
        "all-purpose flour", 
        "egg", 
        "maple syrup", 
        "quick-cooking oats", 
        "butter", 
        "milk", 
        "maple syrup", 
        "sugar", 
        "apples"
    ], 
    "smallImageUrls": [
        "http://i.yummly.com/Maple_drizzled-Apple-Muffins-Allrecipes-66484.s.png"
    ], 
    "sourceDisplayName": "Taste of Home", 
    "recipeName": "Maple-Drizzled Apple Muffins", 
    "attributes": {
        "course": [
            "Breads"
        ]
    }, 
    "id": "Maple_drizzled-Apple-Muffins-TasteOfHome"
}{
    "flavors": {
        "sweet": 0.16666666666666666, 
        "sour": 0.16666666666666666, 
        "salty": 0.16666666666666666, 
        "piquant": 0.0, 
        "bitter": 0.8333333333333334, 
        "meaty": 0.5
    }, 
    "rating": 4.31, 
    "totalTimeInSeconds": 0, 
    "ingredients": [
        "ground nutmeg", 
        "baking powder", 
        "splenda", 
        "apple", 
        "egg", 
        "quick-cooking oats", 
        "ground cinnamon", 
        "half and half", 
        "walnut", 
        "dried cranberries", 
        "wheat flour", 
        "canola", 
        "salt"
    ], 
    "smallImageUrls": [
        "http://i.yummly.com/Oatmeal-Apple-Muffins-Allrecipes-78724.s.png"
    ], 
    "sourceDisplayName": "AllRecipes", 
    "recipeName": "Oatmeal Apple Muffins", 
    "attributes": {
        "course": [
            "Breads", 
            "Breakfast and Brunch"
        ]
    }, 
    "id": "Oatmeal-Apple-Muffins-Allrecipes"
}{
    "flavors": {
        "sweet": 0.16666666666666666, 
        "sour": 0.6666666666666666, 
        "salty": 0.3333333333333333, 
        "piquant": 0.0, 
        "bitter": 0.3333333333333333, 
        "meaty": 0.8333333333333334
    }, 
    "rating": 4.32, 
    "totalTimeInSeconds": 1500.0, 
    "ingredients": [
        "salt", 
        "all-purpose flour", 
        "shredded cheddar cheese", 
        "lemon pepper seasoning", 
        "sugar", 
        "baking powder", 
        "vegetable oil", 
        "garlic powder", 
        "egg", 
        "bacon", 
        "milk"
    ], 
    "smallImageUrls": [
        "http://i.yummly.com/Bacon-Cheese-Muffins-Allrecipes-75435.s.png"
    ], 
    "sourceDisplayName": "Taste of Home", 
    "recipeName": "Bacon Cheese Muffins", 
    "attributes": {
        "course": [
            "Breads", 
            "Breakfast and Brunch"
        ]
    }, 
    "id": "Bacon-Cheese-Muffins-TasteOfHome"
}{
    "flavors": {
        "sweet": 0.16666666666666666, 
        "sour": 0.16666666666666666, 
        "salty": 0.5, 
        "piquant": 0.0, 
        "bitter": 0.3333333333333333, 
        "meaty": 0.3333333333333333
    }, 
    "rating": 5.0, 
    "totalTimeInSeconds": 1200.0, 
    "ingredients": [
        "jelly", 
        "english muffins", 
        "reduced fat cream cheese", 
        "cooked bacon"
    ], 
    "smallImageUrls": [
        "http://i.yummly.com/English-Muffins-With-A-Kick-Recipezaar-257288.s.jpg"
    ], 
    "sourceDisplayName": "Food.com", 
    "recipeName": "English Muffins With a Kick", 
    "attributes": {
        "course": [
            "Breakfast and Brunch", 
            "Lunch and Snacks"
        ]
    }, 
    "id": "English-Muffins-With-A-Kick-Recipezaar"
}{
    "flavors": {
        "sweet": 0.6666666666666666, 
        "sour": 0.8333333333333334, 
        "salty": 0.3333333333333333, 
        "piquant": 0.0, 
        "bitter": 0.16666666666666666, 
        "meaty": 0.5
    }, 
    "rating": 4.56, 
    "totalTimeInSeconds": 2400.0, 
    "ingredients": [
        "baking powder", 
        "raspberries", 
        "vanilla extract", 
        "brown sugar", 
        "egg", 
        "all-purpose flour", 
        "salt", 
        "half and half", 
        "softened butter", 
        "almond extract", 
        "sugar", 
        "white chips"
    ], 
    "smallImageUrls": [
        "http://i.yummly.com/Raspberry-Cream-Muffins-Allrecipes-89944.s.png", 
        "http://i.yummly.com/Raspberry-Cream-Muffins-Allrecipes-89591.s.png"
    ], 
    "sourceDisplayName": "Taste of Home", 
    "recipeName": "Raspberry Cream Muffins", 
    "attributes": {
        "course": [
            "Breads", 
            "Breakfast and Brunch"
        ]
    }, 
    "id": "Raspberry-Cream-Muffins-TasteOfHome"
}{
    "flavors": {
        "sweet": 0.8333333333333334, 
        "sour": 0.5, 
        "salty": 0.3333333333333333, 
        "piquant": 0.0, 
        "bitter": 0.5, 
        "meaty": 0.8333333333333334
    }, 
    "rating": 3.64, 
    "totalTimeInSeconds": 1680.0, 
    "ingredients": [
        "quick cooking oats", 
        "all-purpose flour", 
        "all-purpose flour", 
        "peanut butter", 
        "milk", 
        "brown sugar", 
        "melted butter", 
        "baking powder", 
        "vegetable oil", 
        "banana", 
        "vanilla extract", 
        "beaten eggs", 
        "brown sugar"
    ], 
    "smallImageUrls": [
        "http://i.yummly.com/Peanut-Butter-Banana-Muffins-Allrecipes-68168.s.png"
    ], 
    "sourceDisplayName": "AllRecipes", 
    "recipeName": "Peanut Butter Banana Muffins", 
    "attributes": {
        "course": [
            "Breads", 
            "Breakfast and Brunch"
        ]
    }, 
    "id": "Peanut-Butter-Banana-Muffins-Allrecipes"
}{
    "flavors": {
        "sweet": 0.6666666666666666, 
        "sour": 0.6666666666666666, 
        "salty": 0.16666666666666666, 
        "piquant": 0.0, 
        "bitter": 0.16666666666666666, 
        "meaty": 0.5
    }, 
    "rating": 4.58, 
    "totalTimeInSeconds": 1800.0, 
    "ingredients": [
        "all-purpose flour", 
        "ground cinnamon", 
        "ground cinnamon", 
        "raisins", 
        "salt", 
        "brown sugar", 
        "fat free milk", 
        "all-purpose flour", 
        "quick cooking oats", 
        "sugar", 
        "baking powder", 
        "tart apple", 
        "egg", 
        "butter", 
        "canola oil"
    ], 
    "smallImageUrls": [
        "http://i.yummly.com/Raisin-Apple-Muffins-Allrecipes-77489.s.png"
    ], 
    "sourceDisplayName": "Taste of Home", 
    "recipeName": "Raisin Apple Muffins", 
    "attributes": {
        "course": [
            "Breads", 
            "Breakfast and Brunch"
        ]
    }, 
    "id": "Raisin-Apple-Muffins-TasteOfHome"
}{
    "flavors": {
        "sweet": 1.0, 
        "sour": 0.6666666666666666, 
        "salty": 0.3333333333333333, 
        "piquant": 0.0, 
        "bitter": 0.16666666666666666, 
        "meaty": 0.5
    }, 
    "rating": 3.74, 
    "totalTimeInSeconds": 2700.0, 
    "ingredients": [
        "melted butter", 
        "all-purpose flour", 
        "beaten eggs", 
        "all-purpose flour", 
        "salt", 
        "milk", 
        "melted butter", 
        "ground cinnamon", 
        "baking powder", 
        "crushed pineapple", 
        "white sugar", 
        "brown sugar"
    ], 
    "smallImageUrls": [
        "http://i.yummly.com/Delicious-Pineapple-Muffins-Allrecipes-65723.s.png"
    ], 
    "sourceDisplayName": "AllRecipes", 
    "recipeName": "Delicious Pineapple Muffins", 
    "attributes": {
        "course": [
            "Breads"
        ]
    }, 
    "id": "Delicious-Pineapple-Muffins-Allrecipes"
}{
    "flavors": {
        "sweet": 1.0, 
        "sour": 0.6666666666666666, 
        "salty": 0.3333333333333333, 
        "piquant": 0.0, 
        "bitter": 0.8333333333333334, 
        "meaty": 0.6666666666666666
    }, 
    "rating": 4.11, 
    "totalTimeInSeconds": 0, 
    "ingredients": [
        "softened butter", 
        "brown sugar", 
        "maple syrup", 
        "baking powder", 
        "all-purpose flour", 
        "salt", 
        "chopped walnuts", 
        "eggs", 
        "milk"
    ], 
    "smallImageUrls": [
        "http://i.yummly.com/Maple-Walnut-Muffins-Allrecipes-50093.s.png"
    ], 
    "sourceDisplayName": "AllRecipes", 
    "recipeName": "Maple Walnut Muffins", 
    "attributes": {
        "course": [
            "Breads", 
            "Breakfast and Brunch"
        ], 
        "cuisine": [
            "American"
        ]
    }, 
    "id": "Maple-Walnut-Muffins-Allrecipes"
}{
    "flavors": {
        "sweet": 0.16666666666666666, 
        "sour": 0.6666666666666666, 
        "salty": 0.5, 
        "piquant": 0.0, 
        "bitter": 0.16666666666666666, 
        "meaty": 0.3333333333333333
    }, 
    "rating": 4.53, 
    "totalTimeInSeconds": 2100.0, 
    "ingredients": [
        "baking soda", 
        "milk", 
        "all-purpose flour", 
        "sugar", 
        "ground allspice", 
        "butter", 
        "salt", 
        "kiwifruit", 
        "egg", 
        "ground cinnamon", 
        "raisins"
    ], 
    "smallImageUrls": [
        "http://i.yummly.com/Kiwifruit-Muffins-Allrecipes-66363.s.png"
    ], 
    "sourceDisplayName": "Taste of Home", 
    "recipeName": "Kiwifruit Muffins", 
    "attributes": {
        "course": [
            "Breads"
        ]
    }, 
    "id": "Kiwifruit-Muffins-TasteOfHome"
}{
    "flavors": {
        "sweet": 0.16666666666666666, 
        "sour": 0.5, 
        "salty": 0.6666666666666666, 
        "piquant": 0.0, 
        "bitter": 1.0, 
        "meaty": 0.5
    }, 
    "rating": 4.55, 
    "totalTimeInSeconds": 2100.0, 
    "ingredients": [
        "vanilla extract", 
        "dates", 
        "salt", 
        "chopped walnuts", 
        "water", 
        "eggs", 
        "all-purpose flour", 
        "baking soda", 
        "prunes", 
        "butter", 
        "raisins", 
        "baking powder"
    ], 
    "smallImageUrls": [
        "http://i.yummly.com/Sugarless-Fruit-Nut-Muffins-Allrecipes-67699.s.png"
    ], 
    "sourceDisplayName": "AllRecipes", 
    "recipeName": "Sugarless Fruit Nut Muffins", 
    "attributes": {
        "course": [
            "Breads"
        ]
    }, 
    "id": "Sugarless-Fruit-Nut-Muffins-Allrecipes"
}{
    "flavors": {
        "sweet": 0.16666666666666666, 
        "sour": 0.3333333333333333, 
        "salty": 0.5, 
        "piquant": 0.0, 
        "bitter": 0.3333333333333333, 
        "meaty": 0.6666666666666666
    }, 
    "rating": 0.0, 
    "totalTimeInSeconds": 0, 
    "ingredients": [
        "eggs", 
        "egg yolks", 
        "stick butter", 
        "softened butter", 
        "english muffins", 
        "smoked salmon", 
        "black pepper", 
        "lemons juice", 
        "cayenne pepper"
    ], 
    "smallImageUrls": [], 
    "sourceDisplayName": "The Pioneer Woman", 
    "recipeName": "Eggs Norwegian", 
    "attributes": {
        "course": [
            "Breakfast and Brunch"
        ]
    }, 
    "id": "Eggs-norwegian-302265"
}{
    "flavors": {
        "sweet": 1.0, 
        "sour": 0.6666666666666666, 
        "salty": 0.6666666666666666, 
        "piquant": 0.0, 
        "bitter": 0.16666666666666666, 
        "meaty": 0.3333333333333333
    }, 
    "rating": 4.44, 
    "totalTimeInSeconds": 2100.0, 
    "ingredients": [
        "baking powder", 
        "bananas", 
        "all-purpose flour", 
        "baking soda", 
        "butter", 
        "rum extract", 
        "brown sugar", 
        "shredded coconut", 
        "eggs", 
        "salt", 
        "dried pineapple"
    ], 
    "smallImageUrls": [
        "http://i.yummly.com/Caribbean-Banana-Muffins-Allrecipes-79057.s.png"
    ], 
    "sourceDisplayName": "AllRecipes", 
    "recipeName": "Caribbean Banana Muffins", 
    "attributes": {
        "course": [
            "Breads"
        ]
    }, 
    "id": "Caribbean-Banana-Muffins-Allrecipes"
}{
    "flavors": {
        "sweet": 0.0, 
        "sour": 0.8333333333333334, 
        "salty": 1.0, 
        "piquant": 0.0, 
        "bitter": 0.5, 
        "meaty": 0.8333333333333334
    }, 
    "rating": 4.45, 
    "totalTimeInSeconds": 2100.0, 
    "ingredients": [
        "sugar", 
        "bran cereal", 
        "raisins", 
        "buttermilk", 
        "eggs", 
        "vegetable oil", 
        "salt", 
        "all-purpose flour", 
        "baking soda"
    ], 
    "smallImageUrls": [
        "http://i.yummly.com/Refrigerator-Bran-Muffins-Allrecipes-66711.s.png"
    ], 
    "sourceDisplayName": "Taste of Home", 
    "recipeName": "Refrigerator Bran Muffins", 
    "attributes": {
        "course": [
            "Breads", 
            "Breakfast and Brunch", 
            "Lunch and Snacks"
        ]
    }, 
    "id": "Refrigerator-Bran-Muffins-TasteOfHome"
}{
    "flavors": {
        "sweet": 0.6666666666666666, 
        "sour": 0.6666666666666666, 
        "salty": 0.8333333333333334, 
        "piquant": 0.0, 
        "bitter": 0.3333333333333333, 
        "meaty": 0.8333333333333334
    }, 
    "rating": 4.75, 
    "totalTimeInSeconds": 1800.0, 
    "ingredients": [
        "english muffins", 
        "tomato paste", 
        "mozzarella cheese", 
        "dried oregano", 
        "pineapple", 
        "ham"
    ], 
    "smallImageUrls": [
        "http://i.yummly.com/Ham-_-Pineapple-Pizza-Muffins-Recipezaar-165997.s.jpg"
    ], 
    "sourceDisplayName": "Food.com", 
    "recipeName": "Ham & Pineapple Pizza Muffins", 
    "attributes": {}, 
    "id": "Ham-_-Pineapple-Pizza-Muffins-Recipezaar"
}{
    "flavors": {
        "sweet": 0.16666666666666666, 
        "sour": 0.3333333333333333, 
        "salty": 0.16666666666666666, 
        "piquant": 0.0, 
        "bitter": 0.3333333333333333, 
        "meaty": 0.5
    }, 
    "rating": 3.77, 
    "totalTimeInSeconds": 2400.0, 
    "ingredients": [
        "sugar", 
        "milk", 
        "all-purpose flour", 
        "wheat flour", 
        "salt", 
        "vegetable oil", 
        "ground nutmeg", 
        "vanilla extract", 
        "egg", 
        "baking powder", 
        "blueberries"
    ], 
    "smallImageUrls": [
        "http://i.yummly.com/Blueberry-Muffins-Allrecipes_1-82434.s.png", 
        "http://i.yummly.com/Blueberry-Muffins-Allrecipes_1-82292.s.png"
    ], 
    "sourceDisplayName": "Taste of Home", 
    "recipeName": "Blueberry Muffins", 
    "attributes": {
        "course": [
            "Breads", 
            "Breakfast and Brunch", 
            "Lunch and Snacks"
        ], 
        "cuisine": [
            "American"
        ]
    }, 
    "id": "Blueberry-Muffins-TasteOfHome_1"
}{
    "flavors": {
        "sweet": 0.8333333333333334, 
        "sour": 0.5, 
        "salty": 0.6666666666666666, 
        "piquant": 0.0, 
        "bitter": 0.8333333333333334, 
        "meaty": 0.8333333333333334
    }, 
    "rating": 4.64, 
    "totalTimeInSeconds": 0, 
    "ingredients": [
        "salt", 
        "unsalted butter", 
        "all purpose flour", 
        "baking soda", 
        "bananas", 
        "milk", 
        "sugar", 
        "egg", 
        "dark brown sugar", 
        "ground nutmeg", 
        "macadamia nuts"
    ], 
    "smallImageUrls": [], 
    "sourceDisplayName": "Epicurious", 
    "recipeName": "Banana-Macadamia Nut Muffins", 
    "attributes": {
        "course": [
            "Breads"
        ]
    }, 
    "id": "Banana_macadamia-Nut-Muffins-Epicurious_1"
}{
    "flavors": {
        "sweet": 0.6666666666666666, 
        "sour": 0.0, 
        "salty": 1.0, 
        "piquant": 0.8333333333333334, 
        "bitter": 0.8333333333333334, 
        "meaty": 0.5
    }, 
    "rating": 3.86, 
    "totalTimeInSeconds": 1800.0, 
    "ingredients": [
        "flavoring", 
        "egg", 
        "milk", 
        "corn kernels", 
        "sharp cheddar cheese", 
        "chunky salsa", 
        "corn"
    ], 
    "smallImageUrls": [
        "http://i.yummly.com/Smoky-Corn-Muffins-Allrecipes-77154.s.png"
    ], 
    "sourceDisplayName": "Taste of Home", 
    "recipeName": "Smoky Corn Muffins", 
    "attributes": {
        "course": [
            "Breads"
        ]
    }, 
    "id": "Smoky-Corn-Muffins-TasteOfHome"
}{
    "flavors": {
        "sweet": 0.8333333333333334, 
        "sour": 0.6666666666666666, 
        "salty": 0.5, 
        "piquant": 0.0, 
        "bitter": 0.8333333333333334, 
        "meaty": 0.6666666666666666
    }, 
    "rating": 4.59, 
    "totalTimeInSeconds": 2700.0, 
    "ingredients": [
        "cream cheese", 
        "baking soda", 
        "butter", 
        "raisins", 
        "brown sugar", 
        "baking powder", 
        "evaporated milk", 
        "chopped walnuts", 
        "all-purpose flour", 
        "sugar", 
        "grated orange", 
        "carrots", 
        "eggs", 
        "ground cinnamon", 
        "orange juice"
    ], 
    "smallImageUrls": [
        "http://i.yummly.com/Carrot-Cheesecake-Muffins-Allrecipes-75448.s.png"
    ], 
    "sourceDisplayName": "Taste of Home", 
    "recipeName": "Carrot Cheesecake Muffins", 
    "attributes": {
        "course": [
            "Breads"
        ]
    }, 
    "id": "Carrot-Cheesecake-Muffins-TasteOfHome"
}{
    "flavors": {
        "sweet": 1.0, 
        "sour": 0.5, 
        "salty": 0.5, 
        "piquant": 0.0, 
        "bitter": 0.8333333333333334, 
        "meaty": 0.5
    }, 
    "rating": 3.62, 
    "totalTimeInSeconds": 1800.0, 
    "ingredients": [
        "salt", 
        "shortening", 
        "rolled oats", 
        "white sugar", 
        "all-purpose flour", 
        "baking powder", 
        "maple syrup", 
        "beaten eggs", 
        "milk"
    ], 
    "smallImageUrls": [
        "http://i.yummly.com/Maple-Muffins-Allrecipes-62067.s.png"
    ], 
    "sourceDisplayName": "AllRecipes", 
    "recipeName": "Maple Muffins", 
    "attributes": {
        "course": [
            "Breads"
        ]
    }, 
    "id": "Maple-Muffins-Allrecipes"
}{
    "flavors": {
        "sweet": 0.3333333333333333, 
        "sour": 0.8333333333333334, 
        "salty": 0.3333333333333333, 
        "piquant": 0.0, 
        "bitter": 0.16666666666666666, 
        "meaty": 0.6666666666666666
    }, 
    "rating": 4.43, 
    "totalTimeInSeconds": 2400.0, 
    "ingredients": [
        "blueberries", 
        "all-purpose flour", 
        "milk", 
        "salt", 
        "salt", 
        "butter", 
        "cream cheese", 
        "egg", 
        "baking powder", 
        "eggs", 
        "sugar", 
        "sugar"
    ], 
    "smallImageUrls": [
        "http://i.yummly.com/Blueberry-Cream-Muffins-Allrecipes_1-76899.s.png"
    ], 
    "sourceDisplayName": "AllRecipes", 
    "recipeName": "Blueberry Cream Muffins", 
    "attributes": {
        "course": [
            "Breads", 
            "Breakfast and Brunch", 
            "Lunch and Snacks"
        ]
    }, 
    "id": "Blueberry-Cream-Muffins-Allrecipes_1"
}{
    "flavors": null, 
    "rating": 4.0, 
    "totalTimeInSeconds": 1800.0, 
    "ingredients": [
        "chopped walnuts", 
        "fiber one", 
        "dried cranberries", 
        "vegetable oil", 
        "eggs", 
        "ground flaxseed", 
        "water"
    ], 
    "smallImageUrls": [], 
    "sourceDisplayName": "Food Network", 
    "recipeName": "\"Boosted\" Muffins", 
    "attributes": {
        "course": [
            "Breads"
        ]
    }, 
    "id": "_boosted_-Muffins-Food-Network"
}{
    "flavors": {
        "sweet": 0.6666666666666666, 
        "sour": 0.5, 
        "salty": 1.0, 
        "piquant": 0.6666666666666666, 
        "bitter": 0.8333333333333334, 
        "meaty": 1.0
    }, 
    "rating": 4.33, 
    "totalTimeInSeconds": 3000.0, 
    "ingredients": [
        "onion", 
        "english muffins", 
        "ground beef", 
        "pork sausage", 
        "garlic salt", 
        "shredded mozzarella cheese", 
        "dried oregano", 
        "shredded cheddar cheese", 
        "cayenne pepper", 
        "tomato paste", 
        "swiss cheese"
    ], 
    "smallImageUrls": [
        "http://i.yummly.com/Pizza-English-Muffins-Allrecipes-66231.s.png"
    ], 
    "sourceDisplayName": "Taste of Home", 
    "recipeName": "Pizza English Muffins", 
    "attributes": {
        "course": [
            "Main Dishes"
        ]
    }, 
    "id": "Pizza-English-Muffins-TasteOfHome"
}{
    "flavors": {
        "sweet": 0.3333333333333333, 
        "sour": 0.5, 
        "salty": 0.5, 
        "piquant": 0.0, 
        "bitter": 0.6666666666666666, 
        "meaty": 0.6666666666666666
    }, 
    "rating": 4.43, 
    "totalTimeInSeconds": 2100.0, 
    "ingredients": [
        "baking soda", 
        "salt", 
        "egg", 
        "sugar", 
        "all-purpose flour", 
        "chopped pecans", 
        "orange juice concentrate", 
        "sour cream", 
        "melted butter"
    ], 
    "smallImageUrls": [
        "http://i.yummly.com/Orange-Sour-Cream-Muffins-Allrecipes-57372.s.png"
    ], 
    "sourceDisplayName": "Taste of Home", 
    "recipeName": "Orange Sour Cream Muffins", 
    "attributes": {
        "course": [
            "Breads"
        ]
    }, 
    "id": "Orange-Sour-Cream-Muffins-TasteOfHome"
}{
    "flavors": {
        "sweet": 1.0, 
        "sour": 0.6666666666666666, 
        "salty": 0.16666666666666666, 
        "piquant": 0.0, 
        "bitter": 0.16666666666666666, 
        "meaty": 0.5
    }, 
    "rating": 4.22, 
    "totalTimeInSeconds": 0, 
    "ingredients": [
        "milk", 
        "salt", 
        "ground cinnamon", 
        "all-purpose flour", 
        "white sugar", 
        "melted butter", 
        "egg", 
        "vegetable oil", 
        "white sugar", 
        "baking powder"
    ], 
    "smallImageUrls": [
        "http://i.yummly.com/Sugar_coated-Muffins-Allrecipes-49923.s.png"
    ], 
    "sourceDisplayName": "AllRecipes", 
    "recipeName": "Sugar-Coated Muffins", 
    "attributes": {
        "course": [
            "Breads"
        ]
    }, 
    "id": "Sugar_coated-Muffins-Allrecipes"
}{
    "flavors": {
        "sweet": 0.6666666666666666, 
        "sour": 0.5, 
        "salty": 0.5, 
        "piquant": 0.0, 
        "bitter": 0.16666666666666666, 
        "meaty": 0.6666666666666666
    }, 
    "rating": 4.63, 
    "totalTimeInSeconds": 2400.0, 
    "ingredients": [
        "butter", 
        "milk", 
        "cornmeal", 
        "active dry yeast", 
        "beaten eggs", 
        "all-purpose flour", 
        "whole wheat flour", 
        "salt", 
        "sugar", 
        "warm water"
    ], 
    "smallImageUrls": [
        "http://i.yummly.com/Whole-Wheat-English-Muffins-Allrecipes-71134.s.png"
    ], 
    "sourceDisplayName": "Taste of Home", 
    "recipeName": "Whole Wheat English Muffins", 
    "attributes": {
        "course": [
            "Breads"
        ]
    }, 
    "id": "Whole-Wheat-English-Muffins-TasteOfHome"
}{
    "flavors": {
        "sweet": 1.0, 
        "sour": 0.5, 
        "salty": 0.8333333333333334, 
        "piquant": 0.0, 
        "bitter": 0.3333333333333333, 
        "meaty": 0.5
    }, 
    "rating": 4.81, 
    "totalTimeInSeconds": 1200.0, 
    "ingredients": [
        "self rising flour", 
        "mashed bananas", 
        "egg", 
        "oil", 
        "water", 
        "sugar", 
        "baking soda"
    ], 
    "smallImageUrls": [
        "http://i.yummly.com/Banana-Muffins-Recipezaar_29-256920.s.jpg"
    ], 
    "sourceDisplayName": "Food.com", 
    "recipeName": "Banana Muffins", 
    "attributes": {
        "course": [
            "Breads", 
            "Breakfast and Brunch", 
            "Lunch and Snacks"
        ]
    }, 
    "id": "Banana-Muffins-Recipezaar_29"
}{
    "flavors": {
        "sweet": 0.3333333333333333, 
        "sour": 0.16666666666666666, 
        "salty": 0.8333333333333334, 
        "piquant": 0.0, 
        "bitter": 0.6666666666666666, 
        "meaty": 0.8333333333333334
    }, 
    "rating": 4.06, 
    "totalTimeInSeconds": 900.0, 
    "ingredients": [
        "tuna", 
        "minced onion", 
        "cheddar cheese", 
        "pepper", 
        "pickled jalapenos", 
        "english muffins"
    ], 
    "smallImageUrls": [
        "http://i.yummly.com/Simple-Tuna-Melts-Allrecipes-71716.s.png"
    ], 
    "sourceDisplayName": "AllRecipes", 
    "recipeName": "Simple Tuna Melts", 
    "attributes": {
        "course": [
            "Lunch and Snacks"
        ]
    }, 
    "id": "Simple-Tuna-Melts-Allrecipes"
}{
    "flavors": {
        "sweet": 0.16666666666666666, 
        "sour": 1.0, 
        "salty": 0.16666666666666666, 
        "piquant": 0.6666666666666666, 
        "bitter": 0.16666666666666666, 
        "meaty": 0.5
    }, 
    "rating": 4.67, 
    "totalTimeInSeconds": 1800.0, 
    "ingredients": [
        "sugar", 
        "buttermilk", 
        "cornmeal", 
        "all-purpose flour", 
        "ground pepper", 
        "vegetable oil", 
        "salt", 
        "red pepper", 
        "egg", 
        "baking powder", 
        "shredded mozzarella cheese"
    ], 
    "smallImageUrls": [
        "http://i.yummly.com/Roasted-Red-Pepper-Muffins-Allrecipes-89405.s.png", 
        "http://i.yummly.com/Roasted-Red-Pepper-Muffins-Allrecipes-89044.s.png"
    ], 
    "sourceDisplayName": "Taste of Home", 
    "recipeName": "Roasted Red Pepper Muffins", 
    "attributes": {
        "course": [
            "Breads"
        ]
    }, 
    "id": "Roasted-Red-Pepper-Muffins-TasteOfHome"
}{
    "flavors": {
        "sweet": 0.8333333333333334, 
        "sour": 0.8333333333333334, 
        "salty": 0.5, 
        "piquant": 0.0, 
        "bitter": 0.8333333333333334, 
        "meaty": 0.5
    }, 
    "rating": 4.63, 
    "totalTimeInSeconds": 3600.0, 
    "ingredients": [
        "milk", 
        "sour cream", 
        "salt", 
        "wheat bran", 
        "vegetable oil", 
        "brown sugar", 
        "vanilla extract", 
        "orange juice", 
        "blueberries", 
        "baking powder", 
        "baking soda", 
        "egg", 
        "oat bran", 
        "all-purpose flour"
    ], 
    "smallImageUrls": [
        "http://i.yummly.com/Blueberry-Orange-Bran-Muffin-AllRecipes-53596.s.png"
    ], 
    "sourceDisplayName": "AllRecipes", 
    "recipeName": "Blueberry Orange Bran Muffin", 
    "attributes": {
        "course": [
            "Breads"
        ]
    }, 
    "id": "Blueberry-Orange-Bran-Muffin-AllRecipes"
}{
    "flavors": {
        "sweet": 0.16666666666666666, 
        "sour": 0.8333333333333334, 
        "salty": 0.6666666666666666, 
        "piquant": 0.0, 
        "bitter": 0.3333333333333333, 
        "meaty": 0.3333333333333333
    }, 
    "rating": 4.71, 
    "totalTimeInSeconds": 2100.0, 
    "ingredients": [
        "ground cinnamon", 
        "ground cloves", 
        "baking soda", 
        "butter", 
        "sugar", 
        "buttermilk", 
        "egg", 
        "all-purpose flour"
    ], 
    "smallImageUrls": [
        "http://i.yummly.com/Sugar-N-Spice-Muffins-Allrecipes-57527.s.png"
    ], 
    "sourceDisplayName": "Taste of Home", 
    "recipeName": "Sugar N Spice Muffins", 
    "attributes": {
        "course": [
            "Breads"
        ]
    }, 
    "id": "Sugar-N-Spice-Muffins-TasteOfHome"
}{
    "flavors": {
        "sweet": 0.5, 
        "sour": 0.3333333333333333, 
        "salty": 0.5, 
        "piquant": 0.0, 
        "bitter": 0.16666666666666666, 
        "meaty": 0.6666666666666666
    }, 
    "rating": 5.0, 
    "totalTimeInSeconds": 1800.0, 
    "ingredients": [
        "corn muffin", 
        "egg", 
        "sharp cheddar cheese", 
        "milk", 
        "corn", 
        "soy"
    ], 
    "smallImageUrls": [
        "http://i.yummly.com/Corn-Dog-Muffins-Recipezaar_5-201542.s.jpg"
    ], 
    "sourceDisplayName": "Food.com", 
    "recipeName": "Corn Dog Muffins", 
    "attributes": {
        "course": [
            "Breads", 
            "Lunch and Snacks"
        ]
    }, 
    "id": "Corn-Dog-Muffins-Recipezaar_5"
}{
    "flavors": {
        "sweet": 0.8333333333333334, 
        "sour": 0.8333333333333334, 
        "salty": 0.6666666666666666, 
        "piquant": 0.0, 
        "bitter": 1.0, 
        "meaty": 0.6666666666666666
    }, 
    "rating": 3.82, 
    "totalTimeInSeconds": 0, 
    "ingredients": [
        "baking soda", 
        "eggs", 
        "all purpose flour", 
        "toasted wheat germ", 
        "bananas", 
        "vegetable oil", 
        "honey", 
        "dark brown sugar", 
        "chunky peanut butter", 
        "salt", 
        "vanilla extract"
    ], 
    "smallImageUrls": [
        "http://i.yummly.com/Peanut-Butter_banana-Muffins-Epicurious-1.s.jpg", 
        "http://i.yummly.com/Peanut-Butter_banana-Muffins-Epicurious.s.jpg"
    ], 
    "sourceDisplayName": "Epicurious", 
    "recipeName": "Peanut Butter-Banana Muffins", 
    "attributes": {
        "course": [
            "Breads", 
            "Breakfast and Brunch", 
            "Lunch and Snacks"
        ], 
        "cuisine": [
            "American"
        ]
    }, 
    "id": "Peanut-Butter_banana-Muffins-Epicurious"
}{
    "flavors": {
        "sweet": 0.16666666666666666, 
        "sour": 0.6666666666666666, 
        "salty": 0.6666666666666666, 
        "piquant": 0.0, 
        "bitter": 0.3333333333333333, 
        "meaty": 0.5
    }, 
    "rating": 4.45, 
    "totalTimeInSeconds": 1800.0, 
    "ingredients": [
        "quick-cooking oats", 
        "vanilla extract", 
        "all-purpose flour", 
        "ground cinnamon", 
        "baking soda", 
        "miniature semisweet chocolate chips", 
        "raspberries", 
        "baking powder", 
        "canola oil", 
        "egg", 
        "orange juice", 
        "fat free milk", 
        "sugar"
    ], 
    "smallImageUrls": [
        "http://i.yummly.com/Raspberry-Chocolate-Chip-Muffins-Allrecipes-95914.s.png", 
        "http://i.yummly.com/Raspberry-Chocolate-Chip-Muffins-Allrecipes-95087.s.png"
    ], 
    "sourceDisplayName": "Taste of Home", 
    "recipeName": "Raspberry Chocolate Chip Muffins", 
    "attributes": {
        "course": [
            "Breads"
        ]
    }, 
    "id": "Raspberry-Chocolate-Chip-Muffins-TasteOfHome"
}{
    "flavors": {
        "sweet": 1.0, 
        "sour": 0.5, 
        "salty": 0.16666666666666666, 
        "piquant": 0.0, 
        "bitter": 0.6666666666666666, 
        "meaty": 0.6666666666666666
    }, 
    "rating": 4.13, 
    "totalTimeInSeconds": 2700.0, 
    "ingredients": [
        "white sugar", 
        "almond extract", 
        "sliced almonds", 
        "all-purpose flour", 
        "baking soda", 
        "butter", 
        "salt", 
        "beaten eggs", 
        "warm water", 
        "baking powder", 
        "raspberries"
    ], 
    "smallImageUrls": [
        "http://i2.yummly.com/Raspberry-Almond-Muffins-Allrecipes.s.jpg", 
        "http://i.yummly.com/Raspberry-Almond-Muffins-Allrecipes-61702.s.png"
    ], 
    "sourceDisplayName": "AllRecipes", 
    "recipeName": "Raspberry Almond Muffins", 
    "attributes": {
        "course": [
            "Breads", 
            "Breakfast and Brunch"
        ]
    }, 
    "id": "Raspberry-Almond-Muffins-Allrecipes"
}{
    "flavors": {
        "sweet": 0.8333333333333334, 
        "sour": 0.0, 
        "salty": 0.6666666666666666, 
        "piquant": 0.0, 
        "bitter": 0.3333333333333333, 
        "meaty": 0.5
    }, 
    "rating": 3.69, 
    "totalTimeInSeconds": 0, 
    "ingredients": [
        "tapioca flour", 
        "brown rice flour", 
        "cornstarch", 
        "milk", 
        "sugar", 
        "blueberries", 
        "baking soda", 
        "maple syrup", 
        "eggs", 
        "yellow cornmeal", 
        "white rice flour", 
        "unsalted butter", 
        "baking powder", 
        "muffin", 
        "fine sea salt"
    ], 
    "smallImageUrls": [
        "http://i.yummly.com/Gluten-Free-Blueberry-Corn-Muffins-Epicurious-53396-49166.s.png"
    ], 
    "sourceDisplayName": "Epicurious", 
    "recipeName": "Gluten-Free Blueberry Corn Muffins", 
    "attributes": {
        "course": [
            "Breads"
        ], 
        "cuisine": [
            "American"
        ]
    }, 
    "id": "Gluten-Free-Blueberry-Corn-Muffins-Epicurious-53396"
}{
    "flavors": null, 
    "rating": 5.0, 
    "totalTimeInSeconds": 600.0, 
    "ingredients": [
        "sausage", 
        "english muffin", 
        "american cheese", 
        "salt", 
        "pepper", 
        "egg", 
        "butter"
    ], 
    "smallImageUrls": [
        "http://i.yummly.com/Sausage-Egg-Mc-Muffin-Recipezaar-1.s.jpg", 
        "http://i.yummly.com/Sausage-Egg-Mc-Muffin-Recipezaar.s.jpg"
    ], 
    "sourceDisplayName": "Food.com", 
    "recipeName": "Sausage Egg Mc Muffin", 
    "attributes": {
        "course": [
            "Breakfast and Brunch"
        ]
    }, 
    "id": "Sausage-Egg-Mc-Muffin-Recipezaar"
}{
    "flavors": {
        "sweet": 1.0, 
        "sour": 0.5, 
        "salty": 0.16666666666666666, 
        "piquant": 0.0, 
        "bitter": 0.16666666666666666, 
        "meaty": 0.16666666666666666
    }, 
    "rating": 3.85, 
    "totalTimeInSeconds": 1800.0, 
    "ingredients": [
        "salt", 
        "all-purpose flour", 
        "pastry flour", 
        "white sugar", 
        "mashed bananas", 
        "baking powder", 
        "blueberries", 
        "egg", 
        "water"
    ], 
    "smallImageUrls": [
        "http://i.yummly.com/Vegan-Banana-Blueberry-Muffins-Allrecipes-1.s.jpg", 
        "http://i.yummly.com/Vegan-Banana-Blueberry-Muffins-Allrecipes-52981.s.png"
    ], 
    "sourceDisplayName": "AllRecipes", 
    "recipeName": "Vegan Banana Blueberry Muffins", 
    "attributes": {
        "course": [
            "Breads"
        ]
    }, 
    "id": "Vegan-Banana-Blueberry-Muffins-Allrecipes"
}{
    "flavors": {
        "sweet": 0.6666666666666666, 
        "sour": 0.6666666666666666, 
        "salty": 0.3333333333333333, 
        "piquant": 0.0, 
        "bitter": 0.3333333333333333, 
        "meaty": 0.6666666666666666
    }, 
    "rating": 4.04, 
    "totalTimeInSeconds": 2100.0, 
    "ingredients": [
        "beaten eggs", 
        "bacon", 
        "wheat germ", 
        "vegetable oil", 
        "baking soda", 
        "salt", 
        "milk", 
        "cream style corn", 
        "baking powder", 
        "white sugar", 
        "all-purpose flour", 
        "melted butter"
    ], 
    "smallImageUrls": [
        "http://i.yummly.com/Savory-Breakfast-Muffins-Allrecipes-80290.s.png", 
        "http://i.yummly.com/Savory-Breakfast-Muffins-Allrecipes-80276.s.png"
    ], 
    "sourceDisplayName": "AllRecipes", 
    "recipeName": "Savory Breakfast Muffins", 
    "attributes": {
        "course": [
            "Breads", 
            "Breakfast and Brunch"
        ]
    }, 
    "id": "Savory-Breakfast-Muffins-Allrecipes"
}{
    "flavors": {
        "sweet": 0.3333333333333333, 
        "sour": 0.6666666666666666, 
        "salty": 0.6666666666666666, 
        "piquant": 0.0, 
        "bitter": 0.8333333333333334, 
        "meaty": 0.6666666666666666
    }, 
    "rating": 4.47, 
    "totalTimeInSeconds": 2700.0, 
    "ingredients": [
        "vanilla extract", 
        "beaten eggs", 
        "chopped pecans", 
        "melted butter", 
        "all-purpose flour", 
        "salt", 
        "baking soda", 
        "coffee", 
        "bananas", 
        "sugar"
    ], 
    "smallImageUrls": [], 
    "sourceDisplayName": "Food Network", 
    "recipeName": "Michael's Banana Coffee Muffins", 
    "attributes": {
        "cuisine": [
            "American"
        ]
    }, 
    "id": "Michael_s-Banana-Coffee-Muffins-Food-Network"
}{
    "flavors": {
        "sweet": 0.8333333333333334, 
        "sour": 0.3333333333333333, 
        "salty": 0.6666666666666666, 
        "piquant": 0.0, 
        "bitter": 0.8333333333333334, 
        "meaty": 0.6666666666666666
    }, 
    "rating": 0.0, 
    "totalTimeInSeconds": 0, 
    "ingredients": [
        "buttermilk", 
        "brandy", 
        "egg white", 
        "raisins", 
        "wheat flour", 
        "egg", 
        "salt", 
        "baking powder", 
        "all purpose flour", 
        "brown sugar", 
        "vegetable oil", 
        "baking soda", 
        "wheat bran", 
        "water"
    ], 
    "smallImageUrls": [
        "http://i.yummly.com/Brandy-Bran-Muffins-Serious-Eats-200558-40348.s.png"
    ], 
    "sourceDisplayName": "Serious Eats", 
    "recipeName": "Brandy Bran Muffins", 
    "attributes": {
        "course": [
            "Breads"
        ]
    }, 
    "id": "Brandy-Bran-Muffins-Serious-Eats-200558"
}{
    "flavors": {
        "sweet": 0.16666666666666666, 
        "sour": 0.6666666666666666, 
        "salty": 0.6666666666666666, 
        "piquant": 0.0, 
        "bitter": 0.16666666666666666, 
        "meaty": 0.6666666666666666
    }, 
    "rating": 4.5, 
    "totalTimeInSeconds": 2100.0, 
    "ingredients": [
        "pumpkin", 
        "baking soda", 
        "beaten eggs", 
        "sugar", 
        "water", 
        "baking powder", 
        "all-purpose flour", 
        "salt", 
        "ground cinnamon", 
        "vegetable oil", 
        "cashews"
    ], 
    "smallImageUrls": [
        "http://i.yummly.com/Nutty-Pumpkin-Muffins-Allrecipes-66477.s.png"
    ], 
    "sourceDisplayName": "Taste of Home", 
    "recipeName": "Nutty Pumpkin Muffins", 
    "attributes": {
        "course": [
            "Breads"
        ]
    }, 
    "id": "Nutty-Pumpkin-Muffins-TasteOfHome"
}{
    "flavors": {
        "sweet": 1.0, 
        "sour": 0.6666666666666666, 
        "salty": 1.0, 
        "piquant": 0.0, 
        "bitter": 0.8333333333333334, 
        "meaty": 0.5
    }, 
    "rating": 4.67, 
    "totalTimeInSeconds": 2400.0, 
    "ingredients": [
        "pumpkin pie spice", 
        "baking soda", 
        "water", 
        "canned pumpkin", 
        "eggs", 
        "cream cheese frosting", 
        "chopped pecans", 
        "cake mix"
    ], 
    "smallImageUrls": [
        "http://i2.yummly.com/Frosted-Pumpkin-Muffins-Allrecipes-2.s.png", 
        "http://i.yummly.com/Frosted-Pumpkin-Muffins-Allrecipes-66144.s.png"
    ], 
    "sourceDisplayName": "Taste of Home", 
    "recipeName": "Frosted Pumpkin Muffins", 
    "attributes": {
        "course": [
            "Breads"
        ]
    }, 
    "id": "Frosted-Pumpkin-Muffins-TasteOfHome"
}{
    "flavors": {
        "sweet": 1.0, 
        "sour": 0.6666666666666666, 
        "salty": 1.0, 
        "piquant": 0.0, 
        "bitter": 1.0, 
        "meaty": 0.5
    }, 
    "rating": 3.75, 
    "totalTimeInSeconds": 1800.0, 
    "ingredients": [
        "plain yogurt", 
        "vanilla extract", 
        "milk", 
        "eggs", 
        "white sugar", 
        "self rising flour", 
        "semisweet chocolate chips", 
        "softened butter"
    ], 
    "smallImageUrls": [
        "http://i.yummly.com/Chocolate-Chip-Muffins-Ii-Allrecipes-56099.s.png"
    ], 
    "sourceDisplayName": "AllRecipes", 
    "recipeName": "Chocolate Chip Muffins II", 
    "attributes": {
        "course": [
            "Breads"
        ]
    }, 
    "id": "Chocolate-Chip-Muffins-Ii-Allrecipes"
}{
    "flavors": {
        "sweet": 1.0, 
        "sour": 0.6666666666666666, 
        "salty": 0.6666666666666666, 
        "piquant": 0.0, 
        "bitter": 0.16666666666666666, 
        "meaty": 0.3333333333333333
    }, 
    "rating": 4.69, 
    "totalTimeInSeconds": 2100.0, 
    "ingredients": [
        "all-purpose flour", 
        "buttermilk", 
        "orange", 
        "ground cloves", 
        "baking soda", 
        "white sugar", 
        "baking powder", 
        "salt", 
        "butter", 
        "egg", 
        "pitted date", 
        "ground ginger"
    ], 
    "smallImageUrls": [
        "http://i.yummly.com/Date-Flecked-Orange-Muffins-Allrecipes-68454.s.png"
    ], 
    "sourceDisplayName": "AllRecipes", 
    "recipeName": "Date Flecked Orange Muffins", 
    "attributes": {
        "course": [
            "Breads"
        ]
    }, 
    "id": "Date-Flecked-Orange-Muffins-Allrecipes"
}{
    "flavors": {
        "sweet": 0.5, 
        "sour": 0.6666666666666666, 
        "salty": 0.3333333333333333, 
        "piquant": 0.0, 
        "bitter": 0.3333333333333333, 
        "meaty": 0.8333333333333334
    }, 
    "rating": 4.24, 
    "totalTimeInSeconds": 0, 
    "ingredients": [
        "cinnamon sugar", 
        "sugar", 
        "peanut butter", 
        "eggs", 
        "baking powder", 
        "all-purpose flour", 
        "salt", 
        "jelly", 
        "butter", 
        "milk"
    ], 
    "smallImageUrls": [
        "http://i.yummly.com/Peanut-Butter-Muffins-Allrecipes-61622.s.png"
    ], 
    "sourceDisplayName": "Taste of Home", 
    "recipeName": "Peanut Butter Muffins", 
    "attributes": {
        "course": [
            "Breads", 
            "Breakfast and Brunch"
        ], 
        "cuisine": [
            "American"
        ]
    }, 
    "id": "Peanut-Butter-Muffins-TasteOfHome"
}{
    "flavors": {
        "sweet": 1.0, 
        "sour": 0.3333333333333333, 
        "salty": 0.6666666666666666, 
        "piquant": 0.0, 
        "bitter": 0.6666666666666666, 
        "meaty": 0.5
    }, 
    "rating": 3.88, 
    "totalTimeInSeconds": 1800.0, 
    "ingredients": [
        "half and half", 
        "maple syrup", 
        "softened butter", 
        "salt", 
        "quick cooking oats", 
        "all-purpose flour", 
        "baking powder", 
        "baking soda", 
        "vanilla extract", 
        "dark brown sugar", 
        "egg", 
        "ground cinnamon"
    ], 
    "smallImageUrls": [
        "http://i.yummly.com/Oatmeal-Maple-Syrup-Muffins-Allrecipes-68508.s.png"
    ], 
    "sourceDisplayName": "AllRecipes", 
    "recipeName": "Oatmeal Maple Syrup Muffins", 
    "attributes": {
        "course": [
            "Breads", 
            "Breakfast and Brunch"
        ], 
        "cuisine": [
            "American"
        ]
    }, 
    "id": "Oatmeal-Maple-Syrup-Muffins-Allrecipes"
}{
    "flavors": {
        "sweet": 1.0, 
        "sour": 0.5, 
        "salty": 0.5, 
        "piquant": 0.0, 
        "bitter": 0.16666666666666666, 
        "meaty": 0.3333333333333333
    }, 
    "rating": 4.0, 
    "totalTimeInSeconds": 1800.0, 
    "ingredients": [
        "sour cream", 
        "all-purpose flour", 
        "baking powder", 
        "flaked coconut", 
        "salt", 
        "crushed pineapple", 
        "white sugar", 
        "baking soda", 
        "egg", 
        "margarine", 
        "flavoring extracts"
    ], 
    "smallImageUrls": [
        "http://i.yummly.com/Pina-Colada-Muffins-Allrecipes-50694.s.png"
    ], 
    "sourceDisplayName": "AllRecipes", 
    "recipeName": "Pina Colada Muffins", 
    "attributes": {
        "course": [
            "Breads"
        ]
    }, 
    "id": "Pina-Colada-Muffins-Allrecipes"
}{
    "flavors": {
        "sweet": 0.16666666666666666, 
        "sour": 0.16666666666666666, 
        "salty": 0.16666666666666666, 
        "piquant": 0.0, 
        "bitter": 0.16666666666666666, 
        "meaty": 0.5
    }, 
    "rating": 4.5, 
    "totalTimeInSeconds": 1800.0, 
    "ingredients": [
        "canola oil", 
        "ground cinnamon", 
        "baking powder", 
        "raisins", 
        "rye flour", 
        "honey", 
        "salt", 
        "water"
    ], 
    "smallImageUrls": [
        "http://i.yummly.com/Raisin-Rye-Muffins-Allrecipes-91535.s.png", 
        "http://i.yummly.com/Raisin-Rye-Muffins-Allrecipes-90992.s.png"
    ], 
    "sourceDisplayName": "Taste of Home", 
    "recipeName": "Raisin Rye Muffins", 
    "attributes": {
        "course": [
            "Breads"
        ]
    }, 
    "id": "Raisin-Rye-Muffins-TasteOfHome"
}{
    "flavors": {
        "sweet": 0.6666666666666666, 
        "sour": 0.5, 
        "salty": 0.16666666666666666, 
        "piquant": 0.0, 
        "bitter": 1.0, 
        "meaty": 0.6666666666666666
    }, 
    "rating": 3.81, 
    "totalTimeInSeconds": 3600.0, 
    "ingredients": [
        "milk", 
        "beaten eggs", 
        "rolled oats", 
        "baking powder", 
        "all-purpose flour", 
        "vegetable oil", 
        "blueberries", 
        "ground cinnamon", 
        "brown sugar"
    ], 
    "smallImageUrls": [
        "http://i.yummly.com/Very-Berry-Muffins-Allrecipes-95740.s.png", 
        "http://i.yummly.com/Very-Berry-Muffins-Allrecipes-94935.s.png"
    ], 
    "sourceDisplayName": "AllRecipes", 
    "recipeName": "Very Berry Muffins", 
    "attributes": {
        "course": [
            "Breads", 
            "Breakfast and Brunch"
        ]
    }, 
    "id": "Very-Berry-Muffins-Allrecipes"
}{
    "flavors": {
        "sweet": 0.8333333333333334, 
        "sour": 0.6666666666666666, 
        "salty": 0.16666666666666666, 
        "piquant": 0.0, 
        "bitter": 0.16666666666666666, 
        "meaty": 0.5
    }, 
    "rating": 3.23, 
    "totalTimeInSeconds": 2820.0, 
    "ingredients": [
        "blueberries", 
        "sugar", 
        "baking powder", 
        "brown sugar", 
        "all-purpose flour", 
        "milk", 
        "unsalted butter", 
        "egg"
    ], 
    "smallImageUrls": [], 
    "sourceDisplayName": "Food Network", 
    "recipeName": "Blueberry Muffin", 
    "attributes": {
        "course": [
            "Breads"
        ], 
        "cuisine": [
            "American"
        ]
    }, 
    "id": "Blueberry-Muffin-Food-Network"
}{
    "flavors": {
        "sweet": 0.5, 
        "sour": 0.8333333333333334, 
        "salty": 0.6666666666666666, 
        "piquant": 0.0, 
        "bitter": 0.3333333333333333, 
        "meaty": 0.5
    }, 
    "rating": 4.8, 
    "totalTimeInSeconds": 2100.0, 
    "ingredients": [
        "baking powder", 
        "ground cardamom", 
        "cranberries", 
        "vanilla extract", 
        "sour cream", 
        "butter", 
        "all-purpose flour", 
        "eggs", 
        "baking soda", 
        "sugar", 
        "salt"
    ], 
    "smallImageUrls": [
        "http://i.yummly.com/Cranberry_cardamom-Muffins-Allrecipes-66566.s.png"
    ], 
    "sourceDisplayName": "Taste of Home", 
    "recipeName": "Cranberry-Cardamom Muffins", 
    "attributes": {
        "course": [
            "Breads"
        ]
    }, 
    "id": "Cranberry_cardamom-Muffins-TasteOfHome"
}{
    "flavors": {
        "sweet": 0.6666666666666666, 
        "sour": 0.3333333333333333, 
        "salty": 0.8333333333333334, 
        "piquant": 0.0, 
        "bitter": 0.16666666666666666, 
        "meaty": 0.5
    }, 
    "rating": 5.0, 
    "totalTimeInSeconds": 1800.0, 
    "ingredients": [
        "biscuit mix", 
        "sugar", 
        "water", 
        "egg"
    ], 
    "smallImageUrls": [
        "http://i.yummly.com/Muffins-Recipezaar-155364.s.jpg"
    ], 
    "sourceDisplayName": "Food.com", 
    "recipeName": "Muffins", 
    "attributes": {
        "course": [
            "Breads", 
            "Breakfast and Brunch"
        ]
    }, 
    "id": "Muffins-Recipezaar"
}{
    "flavors": {
        "sweet": 0.8333333333333334, 
        "sour": 0.6666666666666666, 
        "salty": 0.3333333333333333, 
        "piquant": 0.0, 
        "bitter": 0.5, 
        "meaty": 0.16666666666666666
    }, 
    "rating": 3.75, 
    "totalTimeInSeconds": 2400.0, 
    "ingredients": [
        "apple juice", 
        "margarine", 
        "all-purpose flour", 
        "ground cinnamon", 
        "bran flakes", 
        "vanilla extract", 
        "apple", 
        "baking powder", 
        "brown sugar"
    ], 
    "smallImageUrls": [
        "http://i2.yummly.com/Apple-Bran-Muffins-Allrecipes.s.jpg", 
        "http://i.yummly.com/Apple-Bran-Muffins-Allrecipes-62959.s.png"
    ], 
    "sourceDisplayName": "AllRecipes", 
    "recipeName": "Apple Bran Muffins", 
    "attributes": {
        "course": [
            "Breads", 
            "Breakfast and Brunch", 
            "Lunch and Snacks"
        ]
    }, 
    "id": "Apple-Bran-Muffins-Allrecipes"
}{
    "flavors": {
        "sweet": 0.16666666666666666, 
        "sour": 0.6666666666666666, 
        "salty": 0.16666666666666666, 
        "piquant": 0.0, 
        "bitter": 0.16666666666666666, 
        "meaty": 0.3333333333333333
    }, 
    "rating": 4.12, 
    "totalTimeInSeconds": 2400.0, 
    "ingredients": [
        "baking powder", 
        "bananas", 
        "soy milk", 
        "blueberries", 
        "vegetable oil", 
        "fresh lemon juice", 
        "all purpose flour", 
        "egg", 
        "oat bran", 
        "sugar", 
        "salt"
    ], 
    "smallImageUrls": [], 
    "sourceDisplayName": "Epicurious", 
    "recipeName": "Healthy Blueberry and Banana Muffins", 
    "attributes": {
        "course": [
            "Breads", 
            "Breakfast and Brunch"
        ], 
        "cuisine": [
            "American"
        ]
    }, 
    "id": "Healthy-Blueberry-And-Banana-Muffins-Epicurious_1"
}{
    "flavors": {
        "sweet": 1.0, 
        "sour": 0.3333333333333333, 
        "salty": 0.6666666666666666, 
        "piquant": 0.0, 
        "bitter": 0.8333333333333334, 
        "meaty": 0.3333333333333333
    }, 
    "rating": 0.0, 
    "totalTimeInSeconds": 0, 
    "ingredients": [
        "salt", 
        "whole wheat flour", 
        "wheat bran", 
        "vanilla extract", 
        "egg", 
        "sugar", 
        "sauce", 
        "canola oil", 
        "baking soda", 
        "buttermilk", 
        "flour", 
        "peaches"
    ], 
    "smallImageUrls": [
        "http://i.yummly.com/Peach-bran-muffins-302565-261824.s.jpg"
    ], 
    "sourceDisplayName": "Serious Eats", 
    "recipeName": "Peach Bran Muffins", 
    "attributes": {
        "course": [
            "Breads"
        ]
    }, 
    "id": "Peach-bran-muffins-302565"
}{
    "flavors": {
        "sweet": 0.5, 
        "sour": 0.16666666666666666, 
        "salty": 0.8333333333333334, 
        "piquant": 0.0, 
        "bitter": 0.5, 
        "meaty": 0.8333333333333334
    }, 
    "rating": 5.0, 
    "totalTimeInSeconds": 5220.0, 
    "ingredients": [
        "butter", 
        "cream cheese", 
        "english muffins", 
        "clams"
    ], 
    "smallImageUrls": [
        "http://i2.yummly.com/Clam-Puffs-Food-Network.s.png"
    ], 
    "sourceDisplayName": "Food Network", 
    "recipeName": "Clam Puffs", 
    "attributes": {
        "course": [
            "Appetizers"
        ], 
        "cuisine": [
            "American"
        ]
    }, 
    "id": "Clam-Puffs-Food-Network"
}{
    "flavors": {
        "sweet": 0.16666666666666666, 
        "sour": 0.16666666666666666, 
        "salty": 0.3333333333333333, 
        "piquant": 0.3333333333333333, 
        "bitter": 0.16666666666666666, 
        "meaty": 0.5
    }, 
    "rating": 5.0, 
    "totalTimeInSeconds": 1200.0, 
    "ingredients": [
        "garlic powder", 
        "english muffins", 
        "green bell pepper", 
        "fresh mushrooms", 
        "spaghetti sauce", 
        "part-skim mozzarella cheese"
    ], 
    "smallImageUrls": [
        "http://i.yummly.com/Pizza-Muffins-Recipezaar_3-195814.s.jpg"
    ], 
    "sourceDisplayName": "Food.com", 
    "recipeName": "Pizza Muffins", 
    "attributes": {
        "course": [
            "Lunch and Snacks"
        ], 
        "cuisine": [
            "Italian"
        ]
    }, 
    "id": "Pizza-Muffins-Recipezaar_3"
}{
    "flavors": {
        "sweet": 0.16666666666666666, 
        "sour": 0.8333333333333334, 
        "salty": 0.16666666666666666, 
        "piquant": 0.0, 
        "bitter": 0.16666666666666666, 
        "meaty": 0.3333333333333333
    }, 
    "rating": 4.23, 
    "totalTimeInSeconds": 2400.0, 
    "ingredients": [
        "milk", 
        "butter", 
        "sugar", 
        "salt", 
        "all-purpose flour", 
        "lemon peel", 
        "raspberry", 
        "eggs", 
        "baking powder"
    ], 
    "smallImageUrls": [
        "http://i.yummly.com/Jam_filled-Muffins-Allrecipes-60503.s.png"
    ], 
    "sourceDisplayName": "Taste of Home", 
    "recipeName": "Jam-filled Muffins", 
    "attributes": {
        "course": [
            "Breads"
        ]
    }, 
    "id": "Jam_filled-Muffins-TasteOfHome"
}{
    "flavors": {
        "sweet": 0.5, 
        "sour": 1.0, 
        "salty": 0.16666666666666666, 
        "piquant": 0.8333333333333334, 
        "bitter": 0.16666666666666666, 
        "meaty": 0.16666666666666666
    }, 
    "rating": 4.0, 
    "totalTimeInSeconds": 1800.0, 
    "ingredients": [
        "corn", 
        "egg", 
        "cheese", 
        "green chilies", 
        "milk"
    ], 
    "smallImageUrls": [
        "http://i.yummly.com/Chili_cheese-Corn-Muffins-Allrecipes-94841.s.png", 
        "http://i.yummly.com/Chili_cheese-Corn-Muffins-Allrecipes-93995.s.png"
    ], 
    "sourceDisplayName": "Taste of Home", 
    "recipeName": "Chili-Cheese Corn Muffins", 
    "attributes": {
        "course": [
            "Breads"
        ]
    }, 
    "id": "Chili_cheese-Corn-Muffins-TasteOfHome"
}{
    "flavors": {
        "sweet": 0.5, 
        "sour": 0.6666666666666666, 
        "salty": 0.6666666666666666, 
        "piquant": 0.0, 
        "bitter": 0.3333333333333333, 
        "meaty": 0.3333333333333333
    }, 
    "rating": 0.0, 
    "totalTimeInSeconds": 0, 
    "ingredients": [
        "banana", 
        "reduced fat 2% milk", 
        "cooking spray", 
        "muffin mix"
    ], 
    "smallImageUrls": [
        "http://i.yummly.com/Banana-Corn-Muffins-My-Recipes-116502.s.png"
    ], 
    "sourceDisplayName": "MyRecipes", 
    "recipeName": "Banana Corn Muffins", 
    "attributes": {
        "course": [
            "Breads", 
            "Breakfast and Brunch", 
            "Lunch and Snacks"
        ], 
        "cuisine": [
            "American"
        ]
    }, 
    "id": "Banana-Corn-Muffins-My-Recipes"
}{
    "flavors": {
        "sweet": 1.0, 
        "sour": 0.5, 
        "salty": 0.6666666666666666, 
        "piquant": 0.0, 
        "bitter": 0.3333333333333333, 
        "meaty": 0.5
    }, 
    "rating": 0.0, 
    "totalTimeInSeconds": 0, 
    "ingredients": [
        "baking soda", 
        "unsalted butter", 
        "sugar", 
        "blueberries", 
        "eggs", 
        "greek yogurt", 
        "dried cranberries", 
        "vanilla", 
        "baking powder", 
        "flour", 
        "salt"
    ], 
    "smallImageUrls": [
        "http://i.yummly.com/Cape-cod-muffins-302160-142077.s.png"
    ], 
    "sourceDisplayName": "Serious Eats", 
    "recipeName": "Cape Cod Muffins", 
    "attributes": {}, 
    "id": "Cape-cod-muffins-302160"
}{
    "flavors": {
        "sweet": 0.0, 
        "sour": 0.6666666666666666, 
        "salty": 0.16666666666666666, 
        "piquant": 0.0, 
        "bitter": 0.16666666666666666, 
        "meaty": 0.5
    }, 
    "rating": 4.57, 
    "totalTimeInSeconds": 2400.0, 
    "ingredients": [
        "corn oil", 
        "sugar", 
        "salt", 
        "plantains", 
        "cornmeal", 
        "all-purpose flour", 
        "baking powder", 
        "melted butter", 
        "milk", 
        "eggs"
    ], 
    "smallImageUrls": [
        "http://i.yummly.com/Plantain-Corn-Muffins-AllRecipes-53742.s.png"
    ], 
    "sourceDisplayName": "AllRecipes", 
    "recipeName": "Plantain Corn Muffins", 
    "attributes": {
        "course": [
            "Breads"
        ]
    }, 
    "id": "Plantain-Corn-Muffins-AllRecipes"
}{
    "flavors": {
        "sweet": 0.3333333333333333, 
        "sour": 0.16666666666666666, 
        "salty": 0.3333333333333333, 
        "piquant": 0.0, 
        "bitter": 0.16666666666666666, 
        "meaty": 0.6666666666666666
    }, 
    "rating": 4.67, 
    "totalTimeInSeconds": 1500.0, 
    "ingredients": [
        "corn muffin", 
        "egg", 
        "corn", 
        "milk", 
        "cheese"
    ], 
    "smallImageUrls": [
        "http://i.yummly.com/Easy-Cheesy_corny-Muffins-Recipezaar-182494.s.jpg"
    ], 
    "sourceDisplayName": "Food.com", 
    "recipeName": "Easy Cheesy-Corny Muffins", 
    "attributes": {
        "course": [
            "Breads"
        ]
    }, 
    "id": "Easy-Cheesy_corny-Muffins-Recipezaar"
}{
    "flavors": {
        "sweet": 0.3333333333333333, 
        "sour": 0.6666666666666666, 
        "salty": 0.5, 
        "piquant": 0.0, 
        "bitter": 0.3333333333333333, 
        "meaty": 0.3333333333333333
    }, 
    "rating": 4.8, 
    "totalTimeInSeconds": 1130400.0, 
    "ingredients": [
        "light brown sugar", 
        "sea salt", 
        "ground cumin", 
        "vegetable oil", 
        "all-purpose flour", 
        "rye flour", 
        "egg", 
        "unsalted butter", 
        "orange zest", 
        "warm water", 
        "anise seeds", 
        "active dry yeast", 
        "salt", 
        "muffin", 
        "molasses", 
        "caraway seeds"
    ], 
    "smallImageUrls": [], 
    "sourceDisplayName": "Epicurious", 
    "recipeName": "Scandinavian Rye Muffins", 
    "attributes": {
        "course": [
            "Breads"
        ]
    }, 
    "id": "Scandinavian-Rye-Muffins-Epicurious"
}{
    "flavors": {
        "sweet": 1.0, 
        "sour": 0.3333333333333333, 
        "salty": 0.5, 
        "piquant": 0.0, 
        "bitter": 0.3333333333333333, 
        "meaty": 0.5
    }, 
    "rating": 0.0, 
    "totalTimeInSeconds": 0, 
    "ingredients": [
        "egg", 
        "wheat flour", 
        "baking powder", 
        "pure vanilla extract", 
        "salt", 
        "sour cream", 
        "muffins", 
        "baking soda", 
        "canola oil", 
        "light brown sugar", 
        "all-purpose flour"
    ], 
    "smallImageUrls": [
        "http://i.yummly.com/Banana-Muffins-Martha-Stewart-111265.s.png"
    ], 
    "sourceDisplayName": "Martha Stewart", 
    "recipeName": "Banana Muffins", 
    "attributes": {
        "course": [
            "Breads", 
            "Breakfast and Brunch", 
            "Lunch and Snacks"
        ], 
        "cuisine": [
            "American"
        ]
    }, 
    "id": "Banana-Muffins-Martha-Stewart"
}{
    "flavors": {
        "sweet": 0.3333333333333333, 
        "sour": 1.0, 
        "salty": 0.3333333333333333, 
        "piquant": 0.6666666666666666, 
        "bitter": 0.16666666666666666, 
        "meaty": 0.3333333333333333
    }, 
    "rating": 4.71, 
    "totalTimeInSeconds": 2100.0, 
    "ingredients": [
        "fresh parsley", 
        "eggs", 
        "sour cream", 
        "tarragon", 
        "red pepper", 
        "all-purpose flour", 
        "green bell pepper", 
        "dried basil", 
        "sugar", 
        "butter", 
        "green onions", 
        "salt", 
        "dijon mustard", 
        "baking soda", 
        "baking powder"
    ], 
    "smallImageUrls": [
        "http://i.yummly.com/Confetti-Muffins-Allrecipes-89795.s.png", 
        "http://i.yummly.com/Confetti-Muffins-Allrecipes-89427.s.png"
    ], 
    "sourceDisplayName": "Taste of Home", 
    "recipeName": "Confetti Muffins", 
    "attributes": {
        "course": [
            "Breads"
        ]
    }, 
    "id": "Confetti-Muffins-TasteOfHome"
}{
    "flavors": {
        "sweet": 0.6666666666666666, 
        "sour": 0.5, 
        "salty": 0.6666666666666666, 
        "piquant": 0.0, 
        "bitter": 0.3333333333333333, 
        "meaty": 0.3333333333333333
    }, 
    "rating": 4.52, 
    "totalTimeInSeconds": 0, 
    "ingredients": [
        "eggs", 
        "corn", 
        "white sugar", 
        "butter", 
        "sour cream", 
        "muffin mix"
    ], 
    "smallImageUrls": [
        "http://i.yummly.com/Scalloped-Corn-I-Allrecipes-50357.s.png"
    ], 
    "sourceDisplayName": "AllRecipes", 
    "recipeName": "Scalloped Corn I", 
    "attributes": {
        "course": [
            "Side Dishes"
        ]
    }, 
    "id": "Scalloped-Corn-I-Allrecipes"
}{
    "flavors": {
        "sweet": 1.0, 
        "sour": 0.5, 
        "salty": 0.6666666666666666, 
        "piquant": 0.0, 
        "bitter": 0.8333333333333334, 
        "meaty": 0.5
    }, 
    "rating": 4.46, 
    "totalTimeInSeconds": 0, 
    "ingredients": [
        "vanilla extract", 
        "butter", 
        "raisins", 
        "chopped walnuts", 
        "baking powder", 
        "all-purpose flour", 
        "baking soda", 
        "salt", 
        "milk", 
        "white sugar", 
        "eggs", 
        "corn syrup"
    ], 
    "smallImageUrls": [
        "http://i.yummly.com/Butter-Tart-Muffins-Allrecipes-50130.s.png"
    ], 
    "sourceDisplayName": "AllRecipes", 
    "recipeName": "Butter Tart Muffins", 
    "attributes": {
        "course": [
            "Breads", 
            "Desserts", 
            "Lunch and Snacks"
        ]
    }, 
    "id": "Butter-Tart-Muffins-Allrecipes"
}{
    "flavors": {
        "sweet": 0.8333333333333334, 
        "sour": 0.3333333333333333, 
        "salty": 0.5, 
        "piquant": 0.0, 
        "bitter": 0.16666666666666666, 
        "meaty": 0.3333333333333333
    }, 
    "rating": 0.0, 
    "totalTimeInSeconds": 0, 
    "ingredients": [
        "baking powder", 
        "cinnamon", 
        "flour", 
        "buttermilk", 
        "unsalted butter", 
        "sugar", 
        "eggs", 
        "vanilla extract", 
        "baking soda", 
        "salt", 
        "nutmeg", 
        "granny smith apples"
    ], 
    "smallImageUrls": [
        "http://i.yummly.com/Apple-Buttermilk-Muffins-Serious-Eats-200559-40349.s.png"
    ], 
    "sourceDisplayName": "Serious Eats", 
    "recipeName": "Apple Buttermilk Muffins", 
    "attributes": {
        "course": [
            "Breads"
        ]
    }, 
    "id": "Apple-Buttermilk-Muffins-Serious-Eats-200559"
}{
    "flavors": {
        "sweet": 0.16666666666666666, 
        "sour": 0.6666666666666666, 
        "salty": 0.16666666666666666, 
        "piquant": 0.0, 
        "bitter": 0.16666666666666666, 
        "meaty": 0.5
    }, 
    "rating": 4.0, 
    "totalTimeInSeconds": 3600.0, 
    "ingredients": [
        "sugar", 
        "baking powder", 
        "milk", 
        "pure vanilla extract", 
        "walnut oil", 
        "salt", 
        "muffin", 
        "all-purpose flour", 
        "large egg"
    ], 
    "smallImageUrls": [], 
    "sourceDisplayName": "Epicurious", 
    "recipeName": "Pecan Muffins", 
    "attributes": {
        "course": [
            "Breads"
        ], 
        "cuisine": [
            "American"
        ]
    }, 
    "id": "Pecan-Muffins-Epicurious"
}{
    "flavors": {
        "sweet": 1.0, 
        "sour": 0.6666666666666666, 
        "salty": 0.16666666666666666, 
        "piquant": 0.0, 
        "bitter": 0.16666666666666666, 
        "meaty": 0.3333333333333333
    }, 
    "rating": 4.13, 
    "totalTimeInSeconds": 2100.0, 
    "ingredients": [
        "eggs", 
        "baking powder", 
        "blueberries", 
        "white sugar", 
        "vanilla extract", 
        "lime juice", 
        "margarine", 
        "soy milk", 
        "salt", 
        "white sugar", 
        "all-purpose flour"
    ], 
    "smallImageUrls": [
        "http://i.yummly.com/Best-Lactose-Free-Blueberry-Muffins-Allrecipes-59524.s.png"
    ], 
    "sourceDisplayName": "AllRecipes", 
    "recipeName": "Best Lactose Free Blueberry Muffins", 
    "attributes": {
        "course": [
            "Breads"
        ]
    }, 
    "id": "Best-Lactose-Free-Blueberry-Muffins-Allrecipes"
}{
    "flavors": {
        "sweet": 0.16666666666666666, 
        "sour": 0.6666666666666666, 
        "salty": 0.3333333333333333, 
        "piquant": 0.6666666666666666, 
        "bitter": 0.16666666666666666, 
        "meaty": 0.6666666666666666
    }, 
    "rating": 4.23, 
    "totalTimeInSeconds": 1800.0, 
    "ingredients": [
        "vegetable oil", 
        "sharp cheddar cheese", 
        "salt", 
        "egg", 
        "sugar", 
        "all-purpose flour", 
        "baking powder", 
        "bacon", 
        "cayenne pepper", 
        "milk"
    ], 
    "smallImageUrls": [
        "http://i.yummly.com/Cheesy-Bacon-Muffins-Allrecipes-96175.s.png", 
        "http://i.yummly.com/Cheesy-Bacon-Muffins-Allrecipes-95339.s.png"
    ], 
    "sourceDisplayName": "Taste of Home", 
    "recipeName": "Cheesy Bacon Muffins", 
    "attributes": {
        "course": [
            "Breads", 
            "Breakfast and Brunch", 
            "Lunch and Snacks"
        ]
    }, 
    "id": "Cheesy-Bacon-Muffins-TasteOfHome"
}{
    "flavors": {
        "sweet": 0.3333333333333333, 
        "sour": 0.16666666666666666, 
        "salty": 0.3333333333333333, 
        "piquant": 0.5, 
        "bitter": 0.16666666666666666, 
        "meaty": 0.5
    }, 
    "rating": 5.0, 
    "totalTimeInSeconds": 1200.0, 
    "ingredients": [
        "dijon mustard", 
        "plain yogurt", 
        "english muffin", 
        "eggs", 
        "light mayonnaise", 
        "spinach"
    ], 
    "smallImageUrls": [
        "http://i.yummly.com/Florentine-Eggs-On-English-Muffins-Recipezaar-201989.s.jpg"
    ], 
    "sourceDisplayName": "Food.com", 
    "recipeName": "Florentine Eggs on English Muffins", 
    "attributes": {
        "course": [
            "Breakfast and Brunch"
        ]
    }, 
    "id": "Florentine-Eggs-On-English-Muffins-Recipezaar"
}{
    "flavors": {
        "sweet": 0.8333333333333334, 
        "sour": 0.6666666666666666, 
        "salty": 0.3333333333333333, 
        "piquant": 0.0, 
        "bitter": 0.5, 
        "meaty": 0.5
    }, 
    "rating": 4.02, 
    "totalTimeInSeconds": 1800.0, 
    "ingredients": [
        "poppy seeds", 
        "all-purpose flour", 
        "nonfat lemon yogurt", 
        "lemon juice", 
        "lemon extract", 
        "egg", 
        "salt", 
        "confectioners' sugar", 
        "vegetable oil", 
        "milk", 
        "baking soda", 
        "white sugar", 
        "lemon zest", 
        "baking powder"
    ], 
    "smallImageUrls": [
        "http://i.yummly.com/Lemon-Poppy-Seed-Muffins-Ii-Allrecipes-55782.s.png"
    ], 
    "sourceDisplayName": "AllRecipes", 
    "recipeName": "Lemon Poppy Seed Muffins II", 
    "attributes": {
        "course": [
            "Breads"
        ]
    }, 
    "id": "Lemon-Poppy-Seed-Muffins-Ii-Allrecipes"
}{
    "flavors": {
        "sweet": 0.8333333333333334, 
        "sour": 0.5, 
        "salty": 0.16666666666666666, 
        "piquant": 0.0, 
        "bitter": 0.16666666666666666, 
        "meaty": 0.6666666666666666
    }, 
    "rating": 4.08, 
    "totalTimeInSeconds": 0, 
    "ingredients": [
        "egg", 
        "maple syrup", 
        "sugar", 
        "salt", 
        "yellow cornmeal", 
        "unsalted butter", 
        "all purpose flour", 
        "unsalted butter", 
        "baking powder", 
        "buttermilk"
    ], 
    "smallImageUrls": [
        "http://i.yummly.com/Cornbread-Muffins-with-Maple-Butter-Epicurious-53062-48216.s.png"
    ], 
    "sourceDisplayName": "Epicurious", 
    "recipeName": "Cornbread Muffins with Maple Butter", 
    "attributes": {
        "course": [
            "Breads"
        ], 
        "cuisine": [
            "American"
        ]
    }, 
    "id": "Cornbread-Muffins-with-Maple-Butter-Epicurious-53062"
}{
    "flavors": {
        "sweet": 0.16666666666666666, 
        "sour": 0.16666666666666666, 
        "salty": 0.8333333333333334, 
        "piquant": 0.0, 
        "bitter": 0.5, 
        "meaty": 0.6666666666666666
    }, 
    "rating": 5.0, 
    "totalTimeInSeconds": 600.0, 
    "ingredients": [
        "english muffins", 
        "eggs", 
        "slice ham", 
        "cheese"
    ], 
    "smallImageUrls": [
        "http://i.yummly.com/English-Muffins-With-Eggs_-Cheese-And-Ham-Recipezaar-256380.s.jpg"
    ], 
    "sourceDisplayName": "Food.com", 
    "recipeName": "English Muffins With Eggs, Cheese and Ham", 
    "attributes": {
        "course": [
            "Breakfast and Brunch", 
            "Lunch and Snacks"
        ]
    }, 
    "id": "English-Muffins-With-Eggs_-Cheese-And-Ham-Recipezaar"
}{
    "flavors": {
        "sweet": 0.8333333333333334, 
        "sour": 0.8333333333333334, 
        "salty": 0.16666666666666666, 
        "piquant": 0.0, 
        "bitter": 0.16666666666666666, 
        "meaty": 0.5
    }, 
    "rating": 4.05, 
    "totalTimeInSeconds": 2100.0, 
    "ingredients": [
        "vegetable oil", 
        "baking powder", 
        "beaten eggs", 
        "orange juice", 
        "salt", 
        "all-purpose flour", 
        "white sugar", 
        "raisins", 
        "orange zest", 
        "milk"
    ], 
    "smallImageUrls": [
        "http://i.yummly.com/Orange-Raisin-Muffins-Allrecipes_1-80075.s.png", 
        "http://i.yummly.com/Orange-Raisin-Muffins-Allrecipes_1-80061.s.png"
    ], 
    "sourceDisplayName": "AllRecipes", 
    "recipeName": "Orange Raisin Muffins", 
    "attributes": {
        "course": [
            "Breads", 
            "Breakfast and Brunch"
        ]
    }, 
    "id": "Orange-Raisin-Muffins-Allrecipes_1"
}{
    "flavors": {
        "sweet": 1.0, 
        "sour": 0.6666666666666666, 
        "salty": 0.5, 
        "piquant": 0.0, 
        "bitter": 0.8333333333333334, 
        "meaty": 0.6666666666666666
    }, 
    "rating": 4.32, 
    "totalTimeInSeconds": 1800.0, 
    "ingredients": [
        "baking soda", 
        "vanilla extract", 
        "all-purpose flour", 
        "white sugar", 
        "sour cream", 
        "eggs", 
        "chopped walnuts", 
        "salt", 
        "ground cinnamon", 
        "butter", 
        "white sugar", 
        "baking powder", 
        "apple pie filling"
    ], 
    "smallImageUrls": [
        "http://i.yummly.com/Apple-Nut-Muffins-Allrecipes-56694.s.png"
    ], 
    "sourceDisplayName": "AllRecipes", 
    "recipeName": "Apple Nut Muffins", 
    "attributes": {
        "course": [
            "Breads", 
            "Breakfast and Brunch", 
            "Lunch and Snacks"
        ]
    }, 
    "id": "Apple-Nut-Muffins-Allrecipes"
}{
    "flavors": {
        "sweet": 0.6666666666666666, 
        "sour": 0.6666666666666666, 
        "salty": 0.6666666666666666, 
        "piquant": 0.6666666666666666, 
        "bitter": 0.5, 
        "meaty": 0.6666666666666666
    }, 
    "rating": 4.7, 
    "totalTimeInSeconds": 4200.0, 
    "ingredients": [
        "cornmeal", 
        "all-purpose flour", 
        "dried oregano", 
        "eggs", 
        "shredded zucchini", 
        "roasted red pepper", 
        "baking powder", 
        "white sugar", 
        "baking soda", 
        "olive oil", 
        "black pepper", 
        "dried basil", 
        "wheat flour", 
        "light sour cream", 
        "milk", 
        "parmesan cheese", 
        "softened butter", 
        "onion", 
        "hot pepper sauce", 
        "olive oil", 
        "chopped garlic", 
        "sun-dried tomatoes", 
        "salt"
    ], 
    "smallImageUrls": [
        "http://i.yummly.com/Savory-Zucchini-Muffins-AllRecipes-53683.s.png"
    ], 
    "sourceDisplayName": "AllRecipes", 
    "recipeName": "Savory Zucchini Muffins", 
    "attributes": {
        "course": [
            "Breads"
        ]
    }, 
    "id": "Savory-Zucchini-Muffins-AllRecipes"
}{
    "flavors": {
        "sweet": 0.8333333333333334, 
        "sour": 0.5, 
        "salty": 0.6666666666666666, 
        "piquant": 0.0, 
        "bitter": 0.3333333333333333, 
        "meaty": 0.3333333333333333
    }, 
    "rating": 3.8, 
    "totalTimeInSeconds": 2100.0, 
    "ingredients": [
        "eggs", 
        "brown sugar", 
        "quick cooking oats", 
        "white sugar", 
        "baking soda", 
        "all-purpose flour", 
        "baking powder", 
        "peaches", 
        "molasses", 
        "buttermilk", 
        "applesauce", 
        "ground cinnamon"
    ], 
    "smallImageUrls": [
        "http://i.yummly.com/Spiced-Peach-Oatmeal-Muffins-Allrecipes-92396.s.png", 
        "http://i.yummly.com/Spiced-Peach-Oatmeal-Muffins-Allrecipes-91764.s.png"
    ], 
    "sourceDisplayName": "AllRecipes", 
    "recipeName": "Spiced Peach Oatmeal Muffins", 
    "attributes": {
        "course": [
            "Breads", 
            "Breakfast and Brunch"
        ]
    }, 
    "id": "Spiced-Peach-Oatmeal-Muffins-Allrecipes"
}{
    "flavors": {
        "sweet": 0.16666666666666666, 
        "sour": 0.6666666666666666, 
        "salty": 0.8333333333333334, 
        "piquant": 0.0, 
        "bitter": 1.0, 
        "meaty": 0.8333333333333334
    }, 
    "rating": 4.8, 
    "totalTimeInSeconds": 2100.0, 
    "ingredients": [
        "all-purpose flour", 
        "cranberries", 
        "tart apples", 
        "eggs", 
        "baking soda", 
        "baking powder", 
        "salt", 
        "ground cinnamon", 
        "chopped walnuts", 
        "sugar", 
        "shredded carrots", 
        "vegetable oil"
    ], 
    "smallImageUrls": [
        "http://i.yummly.com/Empire-State-Muffins-Allrecipes-60274.s.png"
    ], 
    "sourceDisplayName": "Taste of Home", 
    "recipeName": "Empire State Muffins", 
    "attributes": {
        "course": [
            "Breads"
        ]
    }, 
    "id": "Empire-State-Muffins-TasteOfHome"
}{
    "flavors": {
        "sweet": 0.16666666666666666, 
        "sour": 0.16666666666666666, 
        "salty": 0.16666666666666666, 
        "piquant": 0.0, 
        "bitter": 0.16666666666666666, 
        "meaty": 0.16666666666666666
    }, 
    "rating": 0.0, 
    "totalTimeInSeconds": 0, 
    "ingredients": [
        "large eggs", 
        "sugar", 
        "salt", 
        "shredded cheddar cheese", 
        "cornmeal", 
        "all purpose flour", 
        "baking powder", 
        "vegetable oil", 
        "corn kernels", 
        "milk"
    ], 
    "smallImageUrls": [
        "http://i.yummly.com/Bread-Baking_-Corn-and-Cheddar-Muffins-Serious-Eats-41605-2813.s.jpg", 
        "http://i.yummly.com/Bread-Baking_-Corn-and-Cheddar-Muffins-Serious-Eats-41605-2034.s.jpg", 
        "http://i.yummly.com/Bread-Baking_-Corn-and-Cheddar-Muffins-Serious-Eats-41605-442.s.jpg"
    ], 
    "sourceDisplayName": "Serious Eats", 
    "recipeName": "Bread Baking: Corn and Cheddar Muffins", 
    "attributes": {
        "course": [
            "Breads"
        ]
    }, 
    "id": "Bread-Baking_-Corn-and-Cheddar-Muffins-Serious-Eats-41605"
}{
    "flavors": {
        "sweet": 0.16666666666666666, 
        "sour": 0.6666666666666666, 
        "salty": 0.6666666666666666, 
        "piquant": 0.0, 
        "bitter": 0.16666666666666666, 
        "meaty": 0.6666666666666666
    }, 
    "rating": 4.06, 
    "totalTimeInSeconds": 1800.0, 
    "ingredients": [
        "buttermilk", 
        "sugar", 
        "ground nutmeg", 
        "beaten eggs", 
        "baking soda", 
        "all-purpose flour", 
        "ground cinnamon", 
        "strawberry jam", 
        "salt", 
        "vegetable oil"
    ], 
    "smallImageUrls": [
        "http://i.yummly.com/Strawberry-Muffins-Allrecipes_1-59920.s.png"
    ], 
    "sourceDisplayName": "Taste of Home", 
    "recipeName": "Strawberry Muffins", 
    "attributes": {
        "course": [
            "Breads", 
            "Breakfast and Brunch", 
            "Lunch and Snacks"
        ], 
        "cuisine": [
            "American"
        ]
    }, 
    "id": "Strawberry-Muffins-TasteOfHome_1"
}{
    "flavors": {
        "sweet": 0.8333333333333334, 
        "sour": 0.16666666666666666, 
        "salty": 0.5, 
        "piquant": 0.0, 
        "bitter": 0.5, 
        "meaty": 0.5
    }, 
    "rating": 3.45, 
    "totalTimeInSeconds": 0, 
    "ingredients": [
        "white sugar", 
        "ground cinnamon", 
        "baking powder", 
        "ground nutmeg", 
        "pumpkin puree", 
        "almond extract", 
        "wheat flour", 
        "unsweetened applesauce", 
        "baking soda", 
        "beaten eggs", 
        "vegetable oil"
    ], 
    "smallImageUrls": [
        "http://i.yummly.com/Pumpkin-Spice-Muffins-Allrecipes-58495.s.png"
    ], 
    "sourceDisplayName": "AllRecipes", 
    "recipeName": "Pumpkin Spice Muffins", 
    "attributes": {
        "course": [
            "Breads", 
            "Breakfast and Brunch"
        ], 
        "holiday": [
            "Thanksgiving", 
            "Halloween"
        ]
    }, 
    "id": "Pumpkin-Spice-Muffins-Allrecipes"
}{
    "flavors": {
        "sweet": 0.8333333333333334, 
        "sour": 0.6666666666666666, 
        "salty": 0.5, 
        "piquant": 0.0, 
        "bitter": 0.16666666666666666, 
        "meaty": 0.5
    }, 
    "rating": 4.32, 
    "totalTimeInSeconds": 2400.0, 
    "ingredients": [
        "cranberries", 
        "vanilla extract", 
        "baking powder", 
        "pumpkin puree", 
        "salt", 
        "ground nutmeg", 
        "all-purpose flour", 
        "brown sugar", 
        "ground ginger", 
        "ground cloves", 
        "baking soda", 
        "melted butter", 
        "eggs", 
        "ground cinnamon", 
        "buttermilk"
    ], 
    "smallImageUrls": [
        "http://i.yummly.com/Cranberry-Pumpkin-Muffins-Allrecipes-54368.s.png"
    ], 
    "sourceDisplayName": "AllRecipes", 
    "recipeName": "Cranberry Pumpkin Muffins", 
    "attributes": {
        "course": [
            "Breads"
        ], 
        "holiday": [
            "Thanksgiving"
        ]
    }, 
    "id": "Cranberry-Pumpkin-Muffins-Allrecipes"
}{
    "flavors": {
        "sweet": 0.16666666666666666, 
        "sour": 0.6666666666666666, 
        "salty": 0.3333333333333333, 
        "piquant": 0.0, 
        "bitter": 0.3333333333333333, 
        "meaty": 0.6666666666666666
    }, 
    "rating": 3.67, 
    "totalTimeInSeconds": 2400.0, 
    "ingredients": [
        "milk", 
        "salt", 
        "all-purpose flour", 
        "raisins", 
        "shredded cheddar cheese", 
        "egg", 
        "butter", 
        "baking powder", 
        "paprika"
    ], 
    "smallImageUrls": [
        "http://i.yummly.com/Cheddar-Muffins-Allrecipes-49567.s.png"
    ], 
    "sourceDisplayName": "AllRecipes", 
    "recipeName": "Cheddar Muffins", 
    "attributes": {
        "course": [
            "Breads", 
            "Lunch and Snacks"
        ]
    }, 
    "id": "Cheddar-Muffins-Allrecipes"
}{
    "flavors": {
        "sweet": 0.3333333333333333, 
        "sour": 0.6666666666666666, 
        "salty": 0.16666666666666666, 
        "piquant": 0.0, 
        "bitter": 0.16666666666666666, 
        "meaty": 0.3333333333333333
    }, 
    "rating": 4.1, 
    "totalTimeInSeconds": 1500.0, 
    "ingredients": [
        "baking powder", 
        "ground cinnamon", 
        "ground nutmeg", 
        "sugar", 
        "skim milk", 
        "salt", 
        "all-purpose flour", 
        "margarine", 
        "ground allspice", 
        "margarine", 
        "sugar", 
        "egg"
    ], 
    "smallImageUrls": [
        "http://i.yummly.com/Cinnamon-Mini_muffins-Allrecipes-60549.s.png"
    ], 
    "sourceDisplayName": "Taste of Home", 
    "recipeName": "Cinnamon Mini-Muffins", 
    "attributes": {
        "course": [
            "Breads"
        ]
    }, 
    "id": "Cinnamon-Mini_muffins-TasteOfHome"
}{
    "flavors": {
        "sweet": 0.8333333333333334, 
        "sour": 0.3333333333333333, 
        "salty": 0.3333333333333333, 
        "piquant": 0.0, 
        "bitter": 0.3333333333333333, 
        "meaty": 0.6666666666666666
    }, 
    "rating": 4.63, 
    "totalTimeInSeconds": 2100.0, 
    "ingredients": [
        "bacon", 
        "all-purpose flour", 
        "maple syrup", 
        "egg", 
        "vegetable oil", 
        "baking powder", 
        "milk", 
        "salt"
    ], 
    "smallImageUrls": [
        "http://i.yummly.com/Maple-Bacon-Muffins-Allrecipes-1.s.jpg", 
        "http://i.yummly.com/Maple-Bacon-Muffins-Allrecipes-70319.s.png"
    ], 
    "sourceDisplayName": "Taste of Home", 
    "recipeName": "Maple Bacon Muffins", 
    "attributes": {
        "course": [
            "Breads", 
            "Breakfast and Brunch"
        ]
    }, 
    "id": "Maple-Bacon-Muffins-TasteOfHome"
}{
    "flavors": {
        "sweet": 0.8333333333333334, 
        "sour": 0.5, 
        "salty": 0.3333333333333333, 
        "piquant": 0.0, 
        "bitter": 0.5, 
        "meaty": 0.5
    }, 
    "rating": 0.0, 
    "totalTimeInSeconds": 0, 
    "ingredients": [
        "vegetable oil", 
        "all-purpose flour", 
        "softened butter", 
        "sugar", 
        "salt", 
        "chopped parsley", 
        "pork", 
        "beaten eggs", 
        "cornmeal", 
        "baking powder", 
        "milk"
    ], 
    "smallImageUrls": [
        "http://i.yummly.com/Sausage-Stuffed-Corn-Muffins-Serious-Eats-291839-136661.s.png"
    ], 
    "sourceDisplayName": "Serious Eats", 
    "recipeName": "Sausage-Stuffed Corn Muffins", 
    "attributes": {
        "course": [
            "Breads"
        ], 
        "holiday": [
            "Thanksgiving"
        ]
    }, 
    "id": "Sausage-Stuffed-Corn-Muffins-Serious-Eats-291839"
}{
    "flavors": {
        "sweet": 0.8333333333333334, 
        "sour": 0.16666666666666666, 
        "salty": 0.6666666666666666, 
        "piquant": 0.0, 
        "bitter": 0.6666666666666666, 
        "meaty": 0.8333333333333334
    }, 
    "rating": 4.73, 
    "totalTimeInSeconds": 780.0, 
    "ingredients": [
        "brown sugar", 
        "english muffins", 
        "apple", 
        "margarine", 
        "ground cinnamon", 
        "peanut butter"
    ], 
    "smallImageUrls": [
        "http://i2.yummly.com/Breakfast-Rounds-Allrecipes.s.png", 
        "http://i.yummly.com/Breakfast-Rounds-Allrecipes-51901.s.png"
    ], 
    "sourceDisplayName": "AllRecipes", 
    "recipeName": "Breakfast Rounds", 
    "attributes": {
        "course": [
            "Breakfast and Brunch"
        ]
    }, 
    "id": "Breakfast-Rounds-Allrecipes"
}{
    "flavors": {
        "sweet": 1.0, 
        "sour": 0.8333333333333334, 
        "salty": 0.5, 
        "piquant": 0.0, 
        "bitter": 1.0, 
        "meaty": 0.3333333333333333
    }, 
    "rating": 4.0, 
    "totalTimeInSeconds": 2700.0, 
    "ingredients": [
        "eggs", 
        "baking soda", 
        "semisweet chocolate", 
        "salt", 
        "white sugar", 
        "buttermilk", 
        "all-purpose flour", 
        "orange zest", 
        "baking powder", 
        "margarine", 
        "orange juice"
    ], 
    "smallImageUrls": [
        "http://i.yummly.com/Orange-Chocolate-Muffins-Allrecipes_1-67774.s.png"
    ], 
    "sourceDisplayName": "AllRecipes", 
    "recipeName": "Orange Chocolate Muffins", 
    "attributes": {
        "course": [
            "Breads"
        ]
    }, 
    "id": "Orange-Chocolate-Muffins-Allrecipes_1"
}{
    "flavors": {
        "sweet": 0.3333333333333333, 
        "sour": 0.5, 
        "salty": 0.3333333333333333, 
        "piquant": 0.0, 
        "bitter": 0.16666666666666666, 
        "meaty": 0.5
    }, 
    "rating": 4.23, 
    "totalTimeInSeconds": 0, 
    "ingredients": [
        "sour cream", 
        "baking powder", 
        "all-purpose flour", 
        "vanilla", 
        "egg", 
        "unsalted butter", 
        "salt", 
        "sugar", 
        "baking soda"
    ], 
    "smallImageUrls": [], 
    "sourceDisplayName": "Epicurious", 
    "recipeName": "Mix-in Muffins", 
    "attributes": {
        "course": [
            "Breads"
        ]
    }, 
    "id": "Mix_in-Muffins-Epicurious"
}{
    "flavors": {
        "sweet": 0.16666666666666666, 
        "sour": 0.16666666666666666, 
        "salty": 0.3333333333333333, 
        "piquant": 0.0, 
        "bitter": 0.16666666666666666, 
        "meaty": 0.5
    }, 
    "rating": 4.95, 
    "totalTimeInSeconds": 240.0, 
    "ingredients": [
        "bacon", 
        "egg", 
        "cheese", 
        "salt", 
        "pepper", 
        "english muffin"
    ], 
    "smallImageUrls": [
        "http://i.yummly.com/Egg-Muffin-Sandwich-Recipezaar-180823.s.jpg"
    ], 
    "sourceDisplayName": "Food.com", 
    "recipeName": "Egg Muffin sandwich", 
    "attributes": {
        "course": [
            "Breakfast and Brunch", 
            "Lunch and Snacks"
        ]
    }, 
    "id": "Egg-Muffin-Sandwich-Recipezaar"
}{
    "flavors": {
        "sweet": 1.0, 
        "sour": 0.5, 
        "salty": 0.6666666666666666, 
        "piquant": 0.0, 
        "bitter": 0.16666666666666666, 
        "meaty": 0.5
    }, 
    "rating": 4.56, 
    "totalTimeInSeconds": 0, 
    "ingredients": [
        "white sugar", 
        "cereal", 
        "water", 
        "salt", 
        "ground cinnamon", 
        "egg", 
        "applesauce", 
        "ground allspice", 
        "all-purpose flour", 
        "raisins", 
        "vegetable oil", 
        "baking soda"
    ], 
    "smallImageUrls": [
        "http://i.yummly.com/Muesli_applesauce-Muffins-Allrecipes-75969.s.png"
    ], 
    "sourceDisplayName": "AllRecipes", 
    "recipeName": "Muesli-Applesauce Muffins", 
    "attributes": {
        "course": [
            "Breads", 
            "Breakfast and Brunch"
        ]
    }, 
    "id": "Muesli_applesauce-Muffins-Allrecipes"
}{
    "flavors": {
        "sweet": 0.6666666666666666, 
        "sour": 0.5, 
        "salty": 1.0, 
        "piquant": 0.0, 
        "bitter": 0.8333333333333334, 
        "meaty": 0.5
    }, 
    "rating": 4.76, 
    "totalTimeInSeconds": 0, 
    "ingredients": [
        "beaten eggs", 
        "cream style corn", 
        "sour cream", 
        "muffin mix", 
        "butter", 
        "corn kernels"
    ], 
    "smallImageUrls": [
        "http://i.yummly.com/Baked-Corn-Ii-Allrecipes_1-50462.s.png"
    ], 
    "sourceDisplayName": "AllRecipes", 
    "recipeName": "Baked Corn II", 
    "attributes": {
        "course": [
            "Side Dishes"
        ]
    }, 
    "id": "Baked-Corn-Ii-Allrecipes_1"
}{
    "flavors": {
        "sweet": 0.3333333333333333, 
        "sour": 0.6666666666666666, 
        "salty": 0.6666666666666666, 
        "piquant": 0.0, 
        "bitter": 0.3333333333333333, 
        "meaty": 0.8333333333333334
    }, 
    "rating": 4.28, 
    "totalTimeInSeconds": 2400.0, 
    "ingredients": [
        "sugar", 
        "canola oil", 
        "pumpkin pie spice", 
        "canned pumpkin", 
        "eggs", 
        "all-purpose flour", 
        "cream cheese", 
        "sugar", 
        "baking soda", 
        "pecan halves", 
        "egg", 
        "salt"
    ], 
    "smallImageUrls": [
        "http://i.yummly.com/Cream-Cheese-Pumpkin-Muffins-Allrecipes-81483.s.png", 
        "http://i.yummly.com/Cream-Cheese-Pumpkin-Muffins-Allrecipes-81420.s.png"
    ], 
    "sourceDisplayName": "Taste of Home", 
    "recipeName": "Cream Cheese Pumpkin Muffins", 
    "attributes": {
        "course": [
            "Breads"
        ]
    }, 
    "id": "Cream-Cheese-Pumpkin-Muffins-TasteOfHome"
}{
    "flavors": null, 
    "rating": 5.0, 
    "totalTimeInSeconds": 2100.0, 
    "ingredients": [
        "honey", 
        "baking powder", 
        "oat bran", 
        "blueberries", 
        "vegetable oil", 
        "egg whites", 
        "nonfat milk", 
        "brown sugar", 
        "salt"
    ], 
    "smallImageUrls": [], 
    "recipeName": "Quaker Oat Bran Muffins", 
    "attributes": {
        "course": [
            "Breads"
        ]
    }, 
    "id": "Quaker-Oat-Bran-Muffins-katiecski-42291"
}{
    "flavors": {
        "sweet": 0.16666666666666666, 
        "sour": 0.6666666666666666, 
        "salty": 0.6666666666666666, 
        "piquant": 0.0, 
        "bitter": 0.3333333333333333, 
        "meaty": 0.3333333333333333
    }, 
    "rating": 5.0, 
    "totalTimeInSeconds": 1020.0, 
    "ingredients": [
        "mashed banana", 
        "quick oats", 
        "mini chocolate chips", 
        "egg", 
        "milk", 
        "muffin mix"
    ], 
    "smallImageUrls": [
        "http://i.yummly.com/Banana-Chip-Muffins-Recipezaar_5-253011.s.jpg"
    ], 
    "sourceDisplayName": "Food.com", 
    "recipeName": "Banana Chip Muffins", 
    "attributes": {
        "course": [
            "Breads", 
            "Breakfast and Brunch", 
            "Lunch and Snacks"
        ], 
        "cuisine": [
            "Southern & Soul Food"
        ]
    }, 
    "id": "Banana-Chip-Muffins-Recipezaar_5"
}{
    "flavors": {
        "sweet": 0.8333333333333334, 
        "sour": 0.6666666666666666, 
        "salty": 0.16666666666666666, 
        "piquant": 0.0, 
        "bitter": 0.6666666666666666, 
        "meaty": 0.6666666666666666
    }, 
    "rating": 4.61, 
    "totalTimeInSeconds": 1800.0, 
    "ingredients": [
        "salt", 
        "brown sugar", 
        "baking powder", 
        "all-purpose flour", 
        "peaches", 
        "chopped pecans", 
        "vegetable oil", 
        "brown sugar", 
        "milk", 
        "vanilla extract", 
        "butter", 
        "chopped pecans", 
        "egg"
    ], 
    "smallImageUrls": [
        "http://i.yummly.com/Peach-Praline-Muffins-Allrecipes-77656.s.png"
    ], 
    "sourceDisplayName": "Taste of Home", 
    "recipeName": "Peach Praline Muffins", 
    "attributes": {
        "course": [
            "Breads"
        ]
    }, 
    "id": "Peach-Praline-Muffins-TasteOfHome"
}{
    "flavors": {
        "sweet": 0.6666666666666666, 
        "sour": 0.6666666666666666, 
        "salty": 0.16666666666666666, 
        "piquant": 0.0, 
        "bitter": 0.16666666666666666, 
        "meaty": 0.5
    }, 
    "rating": 4.7, 
    "totalTimeInSeconds": 3300.0, 
    "ingredients": [
        "salt", 
        "ground cinnamon", 
        "baking powder", 
        "all-purpose flour", 
        "eggs", 
        "carrots", 
        "ground ginger", 
        "orange", 
        "ground nutmeg", 
        "sugar", 
        "granulated sugar", 
        "relish", 
        "unsalted butter"
    ], 
    "smallImageUrls": [
        "http://i2.yummly.com/Cranberry_carrot-Muffins-Food-Network-1.s.png", 
        "http://i.yummly.com/Cranberry_carrot-Muffins-Food-Network-146012.s.jpg"
    ], 
    "sourceDisplayName": "Food Network", 
    "recipeName": "Cranberry-Carrot Muffins", 
    "attributes": {
        "course": [
            "Breads"
        ]
    }, 
    "id": "Cranberry_carrot-Muffins-Food-Network"
}{
    "flavors": {
        "sweet": 0.3333333333333333, 
        "sour": 0.16666666666666666, 
        "salty": 0.6666666666666666, 
        "piquant": 0.0, 
        "bitter": 0.3333333333333333, 
        "meaty": 0.8333333333333334
    }, 
    "rating": 5.0, 
    "totalTimeInSeconds": 1500.0, 
    "ingredients": [
        "pepperoni", 
        "english muffins", 
        "mozzarella cheese", 
        "spaghetti sauce"
    ], 
    "smallImageUrls": [
        "http://i2.yummly.com/English-Muffin-Pizzas-Recipezaar_1.s.png"
    ], 
    "sourceDisplayName": "Food.com", 
    "recipeName": "English Muffin Pizzas", 
    "attributes": {
        "course": [
            "Lunch and Snacks"
        ]
    }, 
    "id": "English-Muffin-Pizzas-Recipezaar_1"
}{
    "flavors": {
        "sweet": 0.8333333333333334, 
        "sour": 0.3333333333333333, 
        "salty": 0.16666666666666666, 
        "piquant": 0.0, 
        "bitter": 0.16666666666666666, 
        "meaty": 0.3333333333333333
    }, 
    "rating": 4.19, 
    "totalTimeInSeconds": 1500.0, 
    "ingredients": [
        "baking powder", 
        "all-purpose flour", 
        "egg", 
        "salt", 
        "canola oil", 
        "milk", 
        "ground cinnamon", 
        "quick-cooking oats", 
        "unsweetened applesauce", 
        "brown sugar"
    ], 
    "smallImageUrls": [
        "http://i.yummly.com/Applesauce-Oat-Muffins-Allrecipes-77503.s.png"
    ], 
    "sourceDisplayName": "Taste of Home", 
    "recipeName": "Applesauce Oat Muffins", 
    "attributes": {
        "course": [
            "Breads", 
            "Breakfast and Brunch"
        ]
    }, 
    "id": "Applesauce-Oat-Muffins-TasteOfHome"
}{
    "flavors": {
        "sweet": 0.3333333333333333, 
        "sour": 0.16666666666666666, 
        "salty": 0.16666666666666666, 
        "piquant": 0.0, 
        "bitter": 0.16666666666666666, 
        "meaty": 0.16666666666666666
    }, 
    "rating": 0.0, 
    "totalTimeInSeconds": 0, 
    "ingredients": [
        "candied pineapple", 
        "vanilla extract", 
        "sugar", 
        "salt", 
        "glace cherries", 
        "raisins", 
        "unsalted butter", 
        "candied orange peel", 
        "eggs", 
        "all purpose flour", 
        "dates"
    ], 
    "smallImageUrls": [
        "http://i.yummly.com/Fruit-Cake-Muffins-Serious-Eats-42113-3049.s.jpg", 
        "http://i.yummly.com/Fruit-Cake-Muffins-Serious-Eats-42113-2296.s.jpg", 
        "http://i.yummly.com/Fruit-Cake-Muffins-Serious-Eats-42113-944.s.jpg"
    ], 
    "sourceDisplayName": "Serious Eats", 
    "recipeName": "Fruit Cake Muffins", 
    "attributes": {
        "course": [
            "Breads", 
            "Desserts"
        ], 
        "holiday": [
            "Christmas"
        ]
    }, 
    "id": "Fruit-Cake-Muffins-Serious-Eats-42113"
}{
    "flavors": {
        "sweet": 0.8333333333333334, 
        "sour": 0.6666666666666666, 
        "salty": 0.5, 
        "piquant": 0.0, 
        "bitter": 1.0, 
        "meaty": 0.6666666666666666
    }, 
    "rating": 4.68, 
    "totalTimeInSeconds": 1500.0, 
    "ingredients": [
        "bran flakes", 
        "flax seed", 
        "flax seed", 
        "wheat flour", 
        "honey", 
        "buttermilk", 
        "salt", 
        "all-purpose flour", 
        "egg", 
        "dried cranberries", 
        "canola oil", 
        "baking soda", 
        "egg whites", 
        "brown sugar", 
        "baking powder", 
        "ground cinnamon"
    ], 
    "smallImageUrls": [
        "http://i.yummly.com/Cranberry-Flax-Muffins-AllRecipes-91710.s.png", 
        "http://i.yummly.com/Cranberry-Flax-Muffins-AllRecipes-91119.s.png"
    ], 
    "sourceDisplayName": "Taste of Home", 
    "recipeName": "Cranberry Flax Muffins", 
    "attributes": {
        "course": [
            "Breads", 
            "Breakfast and Brunch"
        ]
    }, 
    "id": "Cranberry-Flax-Muffins-TasteOfHome"
}{
    "flavors": {
        "sweet": 0.6666666666666666, 
        "sour": 0.3333333333333333, 
        "salty": 0.3333333333333333, 
        "piquant": 0.0, 
        "bitter": 0.16666666666666666, 
        "meaty": 0.3333333333333333
    }, 
    "rating": 4.19, 
    "totalTimeInSeconds": 1800.0, 
    "ingredients": [
        "all-purpose flour", 
        "cocoa", 
        "coffee granules", 
        "egg yolk", 
        "salt", 
        "sugar", 
        "brown sugar", 
        "softened butter", 
        "baking soda", 
        "baking powder", 
        "boiling water", 
        "miniature semisweet chocolate chips", 
        "vanilla extract", 
        "quick-cooking oats"
    ], 
    "smallImageUrls": [
        "http://i.yummly.com/Cafe-Mocha-Mini-Muffins-Allrecipes-81961.s.png", 
        "http://i.yummly.com/Cafe-Mocha-Mini-Muffins-Allrecipes-81882.s.png"
    ], 
    "sourceDisplayName": "Taste of Home", 
    "recipeName": "Cafe Mocha Mini Muffins", 
    "attributes": {
        "course": [
            "Breads", 
            "Breakfast and Brunch"
        ]
    }, 
    "id": "Cafe-Mocha-Mini-Muffins-TasteOfHome"
}{
    "flavors": {
        "sweet": 0.16666666666666666, 
        "sour": 0.16666666666666666, 
        "salty": 0.3333333333333333, 
        "piquant": 0.0, 
        "bitter": 0.16666666666666666, 
        "meaty": 0.5
    }, 
    "rating": 4.75, 
    "totalTimeInSeconds": 600.0, 
    "ingredients": [
        "granulated garlic", 
        "mayonnaise", 
        "onion flakes", 
        "english muffin", 
        "cheddar cheese", 
        "tuna"
    ], 
    "smallImageUrls": [], 
    "sourceDisplayName": "Food.com", 
    "recipeName": "Tuna Muffins", 
    "attributes": {
        "course": [
            "Lunch and Snacks"
        ]
    }, 
    "id": "Tuna-Muffins-Recipezaar"
}{
    "flavors": {
        "sweet": 0.16666666666666666, 
        "sour": 0.8333333333333334, 
        "salty": 0.16666666666666666, 
        "piquant": 0.0, 
        "bitter": 0.16666666666666666, 
        "meaty": 0.5
    }, 
    "rating": 3.68, 
    "totalTimeInSeconds": 1800.0, 
    "ingredients": [
        "vegetable oil", 
        "baking powder", 
        "all-purpose flour", 
        "lime peel", 
        "lime juice", 
        "milk", 
        "egg", 
        "sugar", 
        "salt"
    ], 
    "smallImageUrls": [
        "http://i.yummly.com/Lime-Muffins-Allrecipes-93208.s.png", 
        "http://i.yummly.com/Lime-Muffins-Allrecipes-92551.s.png"
    ], 
    "sourceDisplayName": "Taste of Home", 
    "recipeName": "Lime Muffins", 
    "attributes": {
        "course": [
            "Breads"
        ]
    }, 
    "id": "Lime-Muffins-TasteOfHome"
}{
    "flavors": {
        "sweet": 0.6666666666666666, 
        "sour": 0.3333333333333333, 
        "salty": 1.0, 
        "piquant": 0.5, 
        "bitter": 1.0, 
        "meaty": 1.0
    }, 
    "rating": 4.27, 
    "totalTimeInSeconds": 1500.0, 
    "ingredients": [
        "yellow cornmeal", 
        "baking powder", 
        "taco seasoning", 
        "white sugar", 
        "hot dogs", 
        "shredded monterey jack cheese", 
        "milk", 
        "all-purpose flour", 
        "beaten eggs", 
        "mayonnaise", 
        "sour cream", 
        "garlic powder", 
        "canola oil", 
        "salt", 
        "chili powder", 
        "ground cumin"
    ], 
    "smallImageUrls": [
        "http://i.yummly.com/Mini-Southwestern-Corn-Pup-Muffins-With-Fiesta-Dipping-Sauce-Allrecipes-81056.s.png", 
        "http://i.yummly.com/Mini-Southwestern-Corn-Pup-Muffins-With-Fiesta-Dipping-Sauce-Allrecipes-81014.s.png"
    ], 
    "sourceDisplayName": "AllRecipes", 
    "recipeName": "Mini Southwestern Corn Pup Muffins with Fiesta Dipping Sauce", 
    "attributes": {
        "cuisine": [
            "American"
        ]
    }, 
    "id": "Mini-Southwestern-Corn-Pup-Muffins-With-Fiesta-Dipping-Sauce-Allrecipes"
}{
    "flavors": {
        "sweet": 0.0, 
        "sour": 0.6666666666666666, 
        "salty": 1.0, 
        "piquant": 0.0, 
        "bitter": 0.5, 
        "meaty": 0.3333333333333333
    }, 
    "rating": 3.19, 
    "totalTimeInSeconds": 2220.0, 
    "ingredients": [
        "honey", 
        "prunes", 
        "self rising flour", 
        "water"
    ], 
    "smallImageUrls": [
        "http://i.yummly.com/Fat-Free-Mini-Prune-Honey-Muffins-Allrecipes-94167.s.png", 
        "http://i.yummly.com/Fat-Free-Mini-Prune-Honey-Muffins-Allrecipes-93382.s.png"
    ], 
    "sourceDisplayName": "AllRecipes", 
    "recipeName": "Fat Free Mini Prune Honey Muffins", 
    "attributes": {
        "course": [
            "Breads"
        ]
    }, 
    "id": "Fat-Free-Mini-Prune-Honey-Muffins-Allrecipes"
}{
    "flavors": {
        "sweet": 0.16666666666666666, 
        "sour": 0.8333333333333334, 
        "salty": 0.16666666666666666, 
        "piquant": 0.0, 
        "bitter": 0.8333333333333334, 
        "meaty": 0.6666666666666666
    }, 
    "rating": 4.64, 
    "totalTimeInSeconds": 2100.0, 
    "ingredients": [
        "baking powder", 
        "cranberries", 
        "eggs", 
        "butter", 
        "lemon peel", 
        "milk", 
        "salt", 
        "sugar", 
        "chopped pecans", 
        "all-purpose flour"
    ], 
    "smallImageUrls": [
        "http://i.yummly.com/Pecan-Cranberry-Muffins-Allrecipes-60616.s.png"
    ], 
    "sourceDisplayName": "Taste of Home", 
    "recipeName": "Pecan Cranberry Muffins", 
    "attributes": {
        "course": [
            "Breads"
        ]
    }, 
    "id": "Pecan-Cranberry-Muffins-TasteOfHome"
}{
    "flavors": {
        "sweet": 0.16666666666666666, 
        "sour": 0.5, 
        "salty": 0.8333333333333334, 
        "piquant": 0.0, 
        "bitter": 0.5, 
        "meaty": 0.8333333333333334
    }, 
    "rating": 3.59, 
    "totalTimeInSeconds": 3300.0, 
    "ingredients": [
        "milk", 
        "baking soda", 
        "all-purpose flour", 
        "shredded cheddar cheese", 
        "spinach", 
        "egg", 
        "melted butter", 
        "baking powder", 
        "salt"
    ], 
    "smallImageUrls": [
        "http://i.yummly.com/Spinach-Cheddar-Muffins-Allrecipes-78959.s.png"
    ], 
    "sourceDisplayName": "AllRecipes", 
    "recipeName": "Spinach Cheddar Muffins", 
    "attributes": {
        "course": [
            "Breads"
        ]
    }, 
    "id": "Spinach-Cheddar-Muffins-Allrecipes"
}{
    "flavors": null, 
    "rating": 0.0, 
    "totalTimeInSeconds": 0, 
    "ingredients": [
        "english muffins", 
        "plums", 
        "honey", 
        "goat cheese", 
        "toasted walnuts"
    ], 
    "smallImageUrls": [], 
    "sourceDisplayName": "MyRecipes", 
    "recipeName": "Brunch Muffins", 
    "attributes": {
        "course": [
            "Breads", 
            "Breakfast and Brunch"
        ]
    }, 
    "id": "Brunch-Muffins-MyRecipes-264936"
}{
    "flavors": {
        "sweet": 1.0, 
        "sour": 0.5, 
        "salty": 0.3333333333333333, 
        "piquant": 0.0, 
        "bitter": 0.3333333333333333, 
        "meaty": 0.6666666666666666
    }, 
    "rating": 4.75, 
    "totalTimeInSeconds": 3300.0, 
    "ingredients": [
        "eggs", 
        "salt", 
        "all-purpose flour", 
        "butter", 
        "white sugar", 
        "peanut butter", 
        "cornmeal", 
        "buttermilk", 
        "baking powder", 
        "honey", 
        "banana"
    ], 
    "smallImageUrls": [
        "http://i.yummly.com/Breakfast-Corn-Muffins-AllRecipes-53645.s.png"
    ], 
    "sourceDisplayName": "AllRecipes", 
    "recipeName": "Breakfast Corn Muffins", 
    "attributes": {
        "course": [
            "Breads", 
            "Breakfast and Brunch"
        ]
    }, 
    "id": "Breakfast-Corn-Muffins-AllRecipes"
}{
    "flavors": {
        "sweet": 0.6666666666666666, 
        "sour": 0.8333333333333334, 
        "salty": 0.16666666666666666, 
        "piquant": 0.0, 
        "bitter": 0.16666666666666666, 
        "meaty": 0.3333333333333333
    }, 
    "rating": 4.36, 
    "totalTimeInSeconds": 2100.0, 
    "ingredients": [
        "nuts", 
        "all-purpose flour", 
        "sugar", 
        "baking powder", 
        "lemon juice", 
        "ground nutmeg", 
        "butter", 
        "all-purpose flour", 
        "eggs", 
        "salt", 
        "brown sugar"
    ], 
    "smallImageUrls": [
        "http://i.yummly.com/Lemon-Streusel-Muffins-Allrecipes-68996.s.png"
    ], 
    "sourceDisplayName": "Taste of Home", 
    "recipeName": "Lemon Streusel Muffins", 
    "attributes": {
        "course": [
            "Breads", 
            "Breakfast and Brunch"
        ]
    }, 
    "id": "Lemon-Streusel-Muffins-TasteOfHome"
}{
    "flavors": {
        "sweet": 0.5, 
        "sour": 0.6666666666666666, 
        "salty": 0.16666666666666666, 
        "piquant": 0.0, 
        "bitter": 0.16666666666666666, 
        "meaty": 0.5
    }, 
    "rating": 4.44, 
    "totalTimeInSeconds": 2100.0, 
    "ingredients": [
        "salt", 
        "all-purpose flour", 
        "vegetable oil", 
        "milk", 
        "miniature semisweet chocolate chips", 
        "banana", 
        "egg", 
        "sugar", 
        "unsweetened applesauce", 
        "baking powder"
    ], 
    "smallImageUrls": [
        "http://i.yummly.com/Banana-Chip-Muffins-Allrecipes-77574.s.png"
    ], 
    "sourceDisplayName": "Taste of Home", 
    "recipeName": "Banana Chip Muffins", 
    "attributes": {
        "course": [
            "Breads", 
            "Breakfast and Brunch", 
            "Lunch and Snacks"
        ]
    }, 
    "id": "Banana-Chip-Muffins-TasteOfHome"
}{
    "flavors": {
        "sweet": 1.0, 
        "sour": 0.5, 
        "salty": 0.8333333333333334, 
        "piquant": 0.0, 
        "bitter": 0.5, 
        "meaty": 0.5
    }, 
    "rating": 4.89, 
    "totalTimeInSeconds": 1920.0, 
    "ingredients": [
        "baking powder", 
        "salt", 
        "baking soda", 
        "flour", 
        "brown sugar", 
        "flour", 
        "sugar", 
        "cinnamon", 
        "mashed bananas", 
        "melted butter", 
        "nuts", 
        "butter", 
        "egg"
    ], 
    "smallImageUrls": [
        "http://i.yummly.com/Crumb-Topped-Banana-Muffins-Food_com-85330-252695.s.jpg"
    ], 
    "sourceDisplayName": "Food.com", 
    "recipeName": "Crumb Topped Banana Muffins", 
    "attributes": {
        "course": [
            "Breads", 
            "Breakfast and Brunch", 
            "Lunch and Snacks"
        ]
    }, 
    "id": "Crumb-Topped-Banana-Muffins-Food_com-85330"
}{
    "flavors": {
        "sweet": 0.16666666666666666, 
        "sour": 0.8333333333333334, 
        "salty": 0.6666666666666666, 
        "piquant": 0.0, 
        "bitter": 0.3333333333333333, 
        "meaty": 0.8333333333333334
    }, 
    "rating": 4.24, 
    "totalTimeInSeconds": 3900.0, 
    "ingredients": [
        "baking powder", 
        "buttermilk", 
        "sugar", 
        "vanilla extract", 
        "baking soda", 
        "sugar", 
        "softened butter", 
        "salt", 
        "eggs", 
        "all-purpose flour", 
        "blueberries"
    ], 
    "smallImageUrls": [
        "http://i.yummly.com/Blueberry-Mini-Muffins-Allrecipes-68993.s.png"
    ], 
    "sourceDisplayName": "Taste of Home", 
    "recipeName": "Blueberry Mini Muffins", 
    "attributes": {
        "course": [
            "Breads"
        ]
    }, 
    "id": "Blueberry-Mini-Muffins-TasteOfHome"
}{
    "flavors": {
        "sweet": 0.6666666666666666, 
        "sour": 0.5, 
        "salty": 1.0, 
        "piquant": 0.6666666666666666, 
        "bitter": 0.8333333333333334, 
        "meaty": 0.8333333333333334
    }, 
    "rating": 4.5, 
    "totalTimeInSeconds": 2700.0, 
    "ingredients": [
        "ground beef", 
        "muffin mix", 
        "tomato sauce", 
        "corn kernels", 
        "dried oregano", 
        "shredded cheddar cheese", 
        "picante sauce"
    ], 
    "smallImageUrls": [
        "http://i.yummly.com/Beef-And-Cornbread-Bake-Allrecipes-83044.s.png", 
        "http://i.yummly.com/Beef-And-Cornbread-Bake-Allrecipes-82923.s.png"
    ], 
    "sourceDisplayName": "AllRecipes", 
    "recipeName": "Beef and Cornbread Bake", 
    "attributes": {
        "course": [
            "Main Dishes"
        ]
    }, 
    "id": "Beef-And-Cornbread-Bake-Allrecipes"
}{
    "flavors": {
        "sweet": 1.0, 
        "sour": 0.6666666666666666, 
        "salty": 0.6666666666666666, 
        "piquant": 0.0, 
        "bitter": 1.0, 
        "meaty": 0.5
    }, 
    "rating": 4.62, 
    "totalTimeInSeconds": 0, 
    "ingredients": [
        "lemon", 
        "shredded zucchini", 
        "orange", 
        "all-purpose flour", 
        "canola", 
        "baking soda", 
        "unsalted butter", 
        "granulated sugar", 
        "buttermilk", 
        "eggs", 
        "cocoa powder", 
        "chopped pecans", 
        "ground cinnamon", 
        "neufchatel", 
        "kosher salt", 
        "confectioners' sugar", 
        "vanilla extract"
    ], 
    "smallImageUrls": [
        "http://i.yummly.com/Chocolate-Zucchini-Mini_muffins-Epicurious-48510.s.png"
    ], 
    "sourceDisplayName": "Epicurious", 
    "recipeName": "Chocolate Zucchini Mini-Muffins", 
    "attributes": {}, 
    "id": "Chocolate-Zucchini-Mini_muffins-Epicurious"
}{
    "flavors": {
        "sweet": 0.16666666666666666, 
        "sour": 0.6666666666666666, 
        "salty": 0.8333333333333334, 
        "piquant": 0.0, 
        "bitter": 0.3333333333333333, 
        "meaty": 0.5
    }, 
    "rating": 5.0, 
    "totalTimeInSeconds": 1800.0, 
    "ingredients": [
        "all-purpose flour", 
        "nuts", 
        "sugar", 
        "eggs", 
        "vanilla extract", 
        "salt", 
        "apples", 
        "baking soda", 
        "raisins", 
        "vegetable oil", 
        "ground cinnamon"
    ], 
    "smallImageUrls": [
        "http://i.yummly.com/Fruit-And-Nut-Muffins-Allrecipes-60090.s.png"
    ], 
    "sourceDisplayName": "Taste of Home", 
    "recipeName": "Fruit and Nut Muffins", 
    "attributes": {
        "course": [
            "Breads"
        ]
    }, 
    "id": "Fruit-And-Nut-Muffins-TasteOfHome"
}{
    "flavors": {
        "sweet": 0.5, 
        "sour": 0.8333333333333334, 
        "salty": 0.5, 
        "piquant": 0.0, 
        "bitter": 0.16666666666666666, 
        "meaty": 0.5
    }, 
    "rating": 0.0, 
    "totalTimeInSeconds": 0, 
    "ingredients": [
        "unsalted butter", 
        "baking soda", 
        "salt", 
        "orange", 
        "egg", 
        "sugar", 
        "all purpose flour", 
        "honey", 
        "baking powder", 
        "fresh orange juice", 
        "dates"
    ], 
    "smallImageUrls": [
        "http://i.yummly.com/Orange-Honey-Muffins-with-Dates-Serious-Eats-200430-40220.s.png"
    ], 
    "sourceDisplayName": "Serious Eats", 
    "recipeName": "Orange Honey Muffins with Dates", 
    "attributes": {
        "course": [
            "Breads"
        ]
    }, 
    "id": "Orange-Honey-Muffins-with-Dates-Serious-Eats-200430"
}{
    "flavors": {
        "sweet": 1.0, 
        "sour": 0.6666666666666666, 
        "salty": 0.16666666666666666, 
        "piquant": 0.0, 
        "bitter": 0.5, 
        "meaty": 0.5
    }, 
    "rating": 3.82, 
    "totalTimeInSeconds": 0, 
    "ingredients": [
        "brown sugar", 
        "salt", 
        "white sugar", 
        "milk", 
        "egg", 
        "chopped walnuts", 
        "all-purpose flour", 
        "softened butter", 
        "baking powder", 
        "vegetable oil", 
        "ground cinnamon"
    ], 
    "smallImageUrls": [
        "http://i.yummly.com/Streusel_topped-Muffins-Allrecipes-49924.s.png"
    ], 
    "sourceDisplayName": "AllRecipes", 
    "recipeName": "Streusel-Topped Muffins", 
    "attributes": {
        "course": [
            "Breads"
        ]
    }, 
    "id": "Streusel_topped-Muffins-Allrecipes"
}{
    "flavors": {
        "sweet": 1.0, 
        "sour": 0.5, 
        "salty": 0.16666666666666666, 
        "piquant": 0.0, 
        "bitter": 0.8333333333333334, 
        "meaty": 0.6666666666666666
    }, 
    "rating": 4.0, 
    "totalTimeInSeconds": 1800.0, 
    "ingredients": [
        "milk", 
        "softened butter", 
        "eggs", 
        "chopped pecans", 
        "sweet cherries", 
        "salt", 
        "baking powder", 
        "white sugar", 
        "all-purpose flour"
    ], 
    "smallImageUrls": [
        "http://i.yummly.com/Cherry-Nut-Muffins-Allrecipes-94233.s.png", 
        "http://i.yummly.com/Cherry-Nut-Muffins-Allrecipes-93428.s.png"
    ], 
    "sourceDisplayName": "AllRecipes", 
    "recipeName": "Cherry Nut Muffins", 
    "attributes": {
        "course": [
            "Breads"
        ]
    }, 
    "id": "Cherry-Nut-Muffins-Allrecipes"
}{
    "flavors": {
        "sweet": 0.16666666666666666, 
        "sour": 0.8333333333333334, 
        "salty": 1.0, 
        "piquant": 0.0, 
        "bitter": 0.8333333333333334, 
        "meaty": 0.5
    }, 
    "rating": 3.5, 
    "totalTimeInSeconds": 1800.0, 
    "ingredients": [
        "self rising flour", 
        "mayonnaise", 
        "fully cooked ham", 
        "baking soda", 
        "shredded cheddar cheese", 
        "milk"
    ], 
    "smallImageUrls": [
        "http://i.yummly.com/Ham-And-Cheese-Muffins-Allrecipes-60421.s.png"
    ], 
    "sourceDisplayName": "Taste of Home", 
    "recipeName": "Ham and Cheese Muffins", 
    "attributes": {
        "course": [
            "Breads", 
            "Breakfast and Brunch", 
            "Lunch and Snacks"
        ], 
        "holiday": [
            "Game Day"
        ]
    }, 
    "id": "Ham-And-Cheese-Muffins-TasteOfHome"
}{
    "flavors": {
        "sweet": 1.0, 
        "sour": 0.5, 
        "salty": 0.16666666666666666, 
        "piquant": 0.0, 
        "bitter": 0.16666666666666666, 
        "meaty": 0.5
    }, 
    "rating": 4.03, 
    "totalTimeInSeconds": 2100.0, 
    "ingredients": [
        "muffin", 
        "salt", 
        "all-purpose flour", 
        "granulated sugar", 
        "granulated sugar", 
        "unsalted butter", 
        "egg yolks", 
        "baking powder", 
        "yellow cornmeal", 
        "egg", 
        "milk", 
        "raspberries", 
        "lemon zest"
    ], 
    "smallImageUrls": [], 
    "sourceDisplayName": "Epicurious", 
    "recipeName": "Raspberry-Lemon Corn Muffins", 
    "attributes": {
        "course": [
            "Breads"
        ], 
        "cuisine": [
            "American"
        ]
    }, 
    "id": "Raspberry_lemon-Corn-Muffins-Epicurious"
}{
    "flavors": {
        "sweet": 0.6666666666666666, 
        "sour": 0.5, 
        "salty": 0.6666666666666666, 
        "piquant": 0.0, 
        "bitter": 0.16666666666666666, 
        "meaty": 0.5
    }, 
    "rating": 3.97, 
    "totalTimeInSeconds": 0, 
    "ingredients": [
        "corn", 
        "salt", 
        "eggs", 
        "all-purpose flour", 
        "yellow cornmeal", 
        "baking powder", 
        "white sugar", 
        "baking soda", 
        "melted butter", 
        "buttermilk"
    ], 
    "smallImageUrls": [
        "http://i.yummly.com/Savory-Corn-Muffins-Allrecipes-62986.s.png"
    ], 
    "sourceDisplayName": "AllRecipes", 
    "recipeName": "Savory Corn Muffins", 
    "attributes": {
        "course": [
            "Breads"
        ]
    }, 
    "id": "Savory-Corn-Muffins-Allrecipes"
}{
    "flavors": {
        "sweet": 1.0, 
        "sour": 0.6666666666666666, 
        "salty": 0.3333333333333333, 
        "piquant": 0.0, 
        "bitter": 0.16666666666666666, 
        "meaty": 0.6666666666666666
    }, 
    "rating": 4.84, 
    "totalTimeInSeconds": 3300.0, 
    "ingredients": [
        "baking powder", 
        "cranberries", 
        "large eggs", 
        "ground ginger", 
        "toasted hazelnuts", 
        "unsalted butter", 
        "milk", 
        "granulated sugar", 
        "calimyrna figs", 
        "baking soda", 
        "ground cinnamon", 
        "all-purpose flour", 
        "salt", 
        "brown sugar"
    ], 
    "smallImageUrls": [], 
    "sourceDisplayName": "Food Network", 
    "recipeName": "Cranberry Harvest Muffins", 
    "attributes": {
        "course": [
            "Breads"
        ], 
        "holiday": [
            "Thanksgiving"
        ], 
        "cuisine": [
            "American"
        ]
    }, 
    "id": "Cranberry-Harvest-Muffins-Food-Network"
}{
    "flavors": {
        "sweet": 0.16666666666666666, 
        "sour": 0.5, 
        "salty": 0.8333333333333334, 
        "piquant": 0.0, 
        "bitter": 0.16666666666666666, 
        "meaty": 0.3333333333333333
    }, 
    "rating": 3.13, 
    "totalTimeInSeconds": 0, 
    "ingredients": [
        "baking soda", 
        "vegetable oil", 
        "all-purpose flour", 
        "honey", 
        "beaten eggs", 
        "cornmeal", 
        "baking powder", 
        "buttermilk"
    ], 
    "smallImageUrls": [
        "http://i.yummly.com/Buttermilk-Cornbread-Muffins-Allrecipes-58583.s.png"
    ], 
    "sourceDisplayName": "AllRecipes", 
    "recipeName": "Buttermilk Cornbread Muffins", 
    "attributes": {
        "course": [
            "Breads"
        ], 
        "holiday": [
            "Thanksgiving"
        ]
    }, 
    "id": "Buttermilk-Cornbread-Muffins-Allrecipes"
}{
    "flavors": {
        "sweet": 0.8333333333333334, 
        "sour": 0.6666666666666666, 
        "salty": 1.0, 
        "piquant": 0.0, 
        "bitter": 0.6666666666666666, 
        "meaty": 0.3333333333333333
    }, 
    "rating": 3.64, 
    "totalTimeInSeconds": 1800.0, 
    "ingredients": [
        "butter", 
        "vanilla extract", 
        "milk", 
        "self rising flour", 
        "candy sprinkles", 
        "white chocolate chips", 
        "white sugar", 
        "flavoring", 
        "egg"
    ], 
    "smallImageUrls": [
        "http://i.yummly.com/Sprinkles-Muffins-Allrecipes-61748.s.png"
    ], 
    "sourceDisplayName": "AllRecipes", 
    "recipeName": "Sprinkles Muffins", 
    "attributes": {
        "course": [
            "Breads"
        ]
    }, 
    "id": "Sprinkles-Muffins-Allrecipes"
}{
    "flavors": {
        "sweet": 1.0, 
        "sour": 0.5, 
        "salty": 0.6666666666666666, 
        "piquant": 0.0, 
        "bitter": 0.6666666666666666, 
        "meaty": 0.5
    }, 
    "rating": 3.89, 
    "totalTimeInSeconds": 0, 
    "ingredients": [
        "golden brown sugar", 
        "egg", 
        "vegetable oil", 
        "light molasses", 
        "brandy", 
        "all purpose flour", 
        "crystallized ginger", 
        "baking soda", 
        "vanilla extract", 
        "dried currants", 
        "low-fat buttermilk", 
        "ground ginger", 
        "pumpkin pie spice", 
        "pumpkin puree", 
        "salt", 
        "egg whites"
    ], 
    "smallImageUrls": [
        "http://i.yummly.com/Ginger_pumpkin-Muffins-Epicurious-2.s.jpg"
    ], 
    "sourceDisplayName": "Epicurious", 
    "recipeName": "Ginger-Pumpkin Muffins", 
    "attributes": {
        "course": [
            "Breads"
        ], 
        "holiday": [
            "Thanksgiving", 
            "Christmas"
        ]
    }, 
    "id": "Ginger_pumpkin-Muffins-Epicurious"
}{
    "flavors": {
        "sweet": 1.0, 
        "sour": 0.8333333333333334, 
        "salty": 0.3333333333333333, 
        "piquant": 0.0, 
        "bitter": 0.16666666666666666, 
        "meaty": 0.3333333333333333
    }, 
    "rating": 4.05, 
    "totalTimeInSeconds": 1800.0, 
    "ingredients": [
        "vanilla extract", 
        "all-purpose flour", 
        "baking soda", 
        "salt", 
        "toasted almonds", 
        "orange zest", 
        "extra virgin olive oil", 
        "baking powder", 
        "orange juice", 
        "unsweetened coconut milk", 
        "shredded coconut", 
        "white sugar"
    ], 
    "smallImageUrls": [
        "http://i.yummly.com/Golden-Coconut-Almond-Muffins-Allrecipes-67778.s.png"
    ], 
    "sourceDisplayName": "AllRecipes", 
    "recipeName": "Golden Coconut Almond Muffins", 
    "attributes": {
        "course": [
            "Breads"
        ]
    }, 
    "id": "Golden-Coconut-Almond-Muffins-Allrecipes"
}{
    "flavors": {
        "sweet": 0.5, 
        "sour": 0.5, 
        "salty": 0.8333333333333334, 
        "piquant": 0.0, 
        "bitter": 0.6666666666666666, 
        "meaty": 0.3333333333333333
    }, 
    "rating": 4.17, 
    "totalTimeInSeconds": 1800.0, 
    "ingredients": [
        "all-purpose flour", 
        "baking powder", 
        "salt", 
        "buttermilk", 
        "corn kernels", 
        "canola oil", 
        "yellow cornmeal", 
        "egg", 
        "sugar"
    ], 
    "smallImageUrls": [
        "http://i.yummly.com/Sunny-Corn-Bread-Muffins-Allrecipes-81307.s.png", 
        "http://i.yummly.com/Sunny-Corn-Bread-Muffins-Allrecipes-81306.s.png"
    ], 
    "sourceDisplayName": "Taste of Home", 
    "recipeName": "Sunny Corn Bread Muffins", 
    "attributes": {
        "course": [
            "Breads"
        ]
    }, 
    "id": "Sunny-Corn-Bread-Muffins-TasteOfHome"
}{
    "flavors": {
        "sweet": 1.0, 
        "sour": 0.6666666666666666, 
        "salty": 0.3333333333333333, 
        "piquant": 0.0, 
        "bitter": 0.16666666666666666, 
        "meaty": 0.3333333333333333
    }, 
    "rating": 4.0, 
    "totalTimeInSeconds": 1500.0, 
    "ingredients": [
        "white sugar", 
        "ground cinnamon", 
        "baking soda", 
        "grated lemon zest", 
        "ground nutmeg", 
        "salt", 
        "all-purpose flour", 
        "lemon juice", 
        "ground ginger", 
        "eggs", 
        "lemon juice", 
        "butter", 
        "lemon flavor yogurt", 
        "confectioners' sugar"
    ], 
    "smallImageUrls": [
        "http://i.yummly.com/Lemon-Yogurt-Muffins-Allrecipes_1-67635.s.png"
    ], 
    "sourceDisplayName": "AllRecipes", 
    "recipeName": "Lemon Yogurt Muffins", 
    "attributes": {
        "course": [
            "Breads", 
            "Breakfast and Brunch", 
            "Lunch and Snacks"
        ]
    }, 
    "id": "Lemon-Yogurt-Muffins-Allrecipes_1"
}{
    "flavors": {
        "sweet": 1.0, 
        "sour": 0.16666666666666666, 
        "salty": 0.6666666666666666, 
        "piquant": 0.0, 
        "bitter": 0.3333333333333333, 
        "meaty": 0.8333333333333334
    }, 
    "rating": 4.82, 
    "totalTimeInSeconds": 2100.0, 
    "ingredients": [
        "whole wheat flour", 
        "wheat germ", 
        "olive oil", 
        "eggs", 
        "hot water", 
        "bananas", 
        "baking soda", 
        "honey", 
        "salt"
    ], 
    "smallImageUrls": [
        "http://i.yummly.com/Whole-Wheat-Honey-Banana-Muffins-Recipezaar-193588.s.jpg"
    ], 
    "sourceDisplayName": "Food.com", 
    "recipeName": "Whole Wheat Honey Banana Muffins", 
    "attributes": {
        "course": [
            "Breads", 
            "Breakfast and Brunch"
        ]
    }, 
    "id": "Whole-Wheat-Honey-Banana-Muffins-Recipezaar"
}{
    "flavors": {
        "sweet": 1.0, 
        "sour": 0.6666666666666666, 
        "salty": 0.16666666666666666, 
        "piquant": 0.0, 
        "bitter": 0.16666666666666666, 
        "meaty": 0.5
    }, 
    "rating": 3.56, 
    "totalTimeInSeconds": 1800.0, 
    "ingredients": [
        "all-purpose flour", 
        "vegetable oil", 
        "salt", 
        "beaten eggs", 
        "white sugar", 
        "white sugar", 
        "milk", 
        "brown sugar", 
        "miniature semisweet chocolate chips", 
        "baking powder"
    ], 
    "smallImageUrls": [
        "http://i.yummly.com/Nora_s-Special-Chocolate-Chip-Muffins-Allrecipes-94772.s.png", 
        "http://i.yummly.com/Nora_s-Special-Chocolate-Chip-Muffins-Allrecipes-93911.s.png"
    ], 
    "sourceDisplayName": "AllRecipes", 
    "recipeName": "Nora's Special Chocolate Chip Muffins", 
    "attributes": {
        "course": [
            "Breads"
        ]
    }, 
    "id": "Nora_s-Special-Chocolate-Chip-Muffins-Allrecipes"
}{
    "flavors": {
        "sweet": 0.3333333333333333, 
        "sour": 0.3333333333333333, 
        "salty": 0.6666666666666666, 
        "piquant": 0.0, 
        "bitter": 0.5, 
        "meaty": 0.5
    }, 
    "rating": 4.18, 
    "totalTimeInSeconds": 900.0, 
    "ingredients": [
        "crab meat", 
        "softened butter", 
        "english muffins", 
        "cheese spread", 
        "paprika", 
        "mayonnaise"
    ], 
    "smallImageUrls": [
        "http://i.yummly.com/Crab-Snacks-Allrecipes-62589.s.png"
    ], 
    "sourceDisplayName": "AllRecipes", 
    "recipeName": "Crab Snacks", 
    "attributes": {
        "course": [
            "Appetizers", 
            "Lunch and Snacks"
        ]
    }, 
    "id": "Crab-Snacks-Allrecipes"
}{
    "flavors": {
        "sweet": 0.8333333333333334, 
        "sour": 0.3333333333333333, 
        "salty": 0.5, 
        "piquant": 0.0, 
        "bitter": 0.16666666666666666, 
        "meaty": 0.3333333333333333
    }, 
    "rating": 5.0, 
    "totalTimeInSeconds": 2100.0, 
    "ingredients": [
        "mayonnaise", 
        "flour", 
        "bananas", 
        "baking soda", 
        "sugar"
    ], 
    "smallImageUrls": [
        "http://i.yummly.com/Banana-Muffins-Recipezaar_14-172376.s.jpg"
    ], 
    "sourceDisplayName": "Food.com", 
    "recipeName": "Banana Muffins", 
    "attributes": {
        "course": [
            "Breads", 
            "Breakfast and Brunch", 
            "Lunch and Snacks"
        ]
    }, 
    "id": "Banana-Muffins-Recipezaar_14"
}{
    "flavors": {
        "sweet": 0.8333333333333334, 
        "sour": 0.5, 
        "salty": 0.5, 
        "piquant": 0.0, 
        "bitter": 0.5, 
        "meaty": 0.5
    }, 
    "rating": 4.25, 
    "totalTimeInSeconds": 2400.0, 
    "ingredients": [
        "raisins", 
        "softened butter", 
        "ground cinnamon", 
        "ground ginger", 
        "molasses", 
        "all-purpose flour", 
        "water", 
        "wheat flour", 
        "buttermilk", 
        "baking soda", 
        "white sugar", 
        "eggs"
    ], 
    "smallImageUrls": [
        "http://i.yummly.com/Molasses-Spice-Muffins-Allrecipes-52108.s.png"
    ], 
    "sourceDisplayName": "AllRecipes", 
    "recipeName": "Molasses Spice Muffins", 
    "attributes": {
        "course": [
            "Breads"
        ]
    }, 
    "id": "Molasses-Spice-Muffins-Allrecipes"
}{
    "flavors": {
        "sweet": 0.0, 
        "sour": 0.0, 
        "salty": 1.0, 
        "piquant": 0.0, 
        "bitter": 0.8333333333333334, 
        "meaty": 0.3333333333333333
    }, 
    "rating": 0.0, 
    "totalTimeInSeconds": 0, 
    "ingredients": [
        "baking soda", 
        "unsalted butter", 
        "white cornmeal", 
        "sorghum molasses", 
        "coarse salt", 
        "eggs", 
        "buttermilk"
    ], 
    "smallImageUrls": [
        "http://i.yummly.com/Corn-Muffin-Recipe-Martha-Stewart-110740.s.png"
    ], 
    "sourceDisplayName": "Martha Stewart", 
    "recipeName": "Corn Muffin", 
    "attributes": {
        "course": [
            "Breads"
        ]
    }, 
    "id": "Corn-Muffin-Recipe-Martha-Stewart"
}{
    "flavors": {
        "sweet": 0.8333333333333334, 
        "sour": 0.8333333333333334, 
        "salty": 0.16666666666666666, 
        "piquant": 0.0, 
        "bitter": 0.6666666666666666, 
        "meaty": 0.5
    }, 
    "rating": 4.67, 
    "totalTimeInSeconds": 1800.0, 
    "ingredients": [
        "butter", 
        "chopped walnuts", 
        "eggs", 
        "baking powder", 
        "all-purpose flour", 
        "salt", 
        "orange peel", 
        "dates", 
        "orange juice", 
        "brown sugar", 
        "wheat flour"
    ], 
    "smallImageUrls": [
        "http://i.yummly.com/Orange-Date-Muffins-Allrecipes-77641.s.png"
    ], 
    "sourceDisplayName": "AllRecipes", 
    "recipeName": "Orange Date Muffins", 
    "attributes": {
        "course": [
            "Breads"
        ], 
        "holiday": [
            "Christmas"
        ]
    }, 
    "id": "Orange-Date-Muffins-Allrecipes"
}{
    "flavors": {
        "sweet": 0.8333333333333334, 
        "sour": 0.3333333333333333, 
        "salty": 1.0, 
        "piquant": 0.0, 
        "bitter": 0.5, 
        "meaty": 0.8333333333333334
    }, 
    "rating": 4.68, 
    "totalTimeInSeconds": 1200.0, 
    "ingredients": [
        "eggs", 
        "cornbread mix", 
        "brown sugar", 
        "cheddar cheese", 
        "milk", 
        "corn", 
        "hot dogs"
    ], 
    "smallImageUrls": [
        "http://i.yummly.com/Corn-Dog-Muffins-Recipezaar_3-198916.s.jpg"
    ], 
    "sourceDisplayName": "Food.com", 
    "recipeName": "Corn Dog Muffins", 
    "attributes": {
        "course": [
            "Breads", 
            "Lunch and Snacks"
        ]
    }, 
    "id": "Corn-Dog-Muffins-Recipezaar_3"
}{
    "flavors": {
        "sweet": 0.16666666666666666, 
        "sour": 0.5, 
        "salty": 0.3333333333333333, 
        "piquant": 0.0, 
        "bitter": 0.3333333333333333, 
        "meaty": 0.6666666666666666
    }, 
    "rating": 4.07, 
    "totalTimeInSeconds": 2100.0, 
    "ingredients": [
        "ground cinnamon", 
        "all-purpose flour", 
        "egg whites", 
        "water", 
        "baking powder", 
        "salt", 
        "sugar", 
        "baking soda", 
        "blueberries", 
        "vegetable oil", 
        "quick-cooking oats", 
        "sugar"
    ], 
    "smallImageUrls": [
        "http://i.yummly.com/Blueberry-Oat-Muffins-Allrecipes_1-84695.s.png", 
        "http://i.yummly.com/Blueberry-Oat-Muffins-Allrecipes_1-84499.s.png"
    ], 
    "sourceDisplayName": "AllRecipes", 
    "recipeName": "Blueberry Oat Muffins", 
    "attributes": {
        "course": [
            "Breads", 
            "Breakfast and Brunch"
        ]
    }, 
    "id": "Blueberry-Oat-Muffins-Allrecipes_1"
}{
    "flavors": {
        "sweet": 0.16666666666666666, 
        "sour": 0.16666666666666666, 
        "salty": 0.16666666666666666, 
        "piquant": 0.0, 
        "bitter": 0.16666666666666666, 
        "meaty": 0.16666666666666666
    }, 
    "rating": 0.0, 
    "totalTimeInSeconds": 0, 
    "ingredients": [
        "milk", 
        "nonfat greek yogurt", 
        "blueberry", 
        "blueberry", 
        "honey", 
        "ground cinnamon", 
        "pure vanilla extract"
    ], 
    "smallImageUrls": [
        "http://i.yummly.com/Zero-Proof_-Blueberry-Muffin-Smoothie-Serious-Eats-45767-6666.s.jpg"
    ], 
    "sourceDisplayName": "Serious Eats", 
    "recipeName": "Zero Proof: Blueberry Muffin Smoothie", 
    "attributes": {
        "course": [
            "Beverages", 
            "Breakfast and Brunch"
        ]
    }, 
    "id": "Zero-Proof_-Blueberry-Muffin-Smoothie-Serious-Eats-45767"
}{
    "flavors": {
        "sweet": 0.5, 
        "sour": 0.16666666666666666, 
        "salty": 0.3333333333333333, 
        "piquant": 0.0, 
        "bitter": 0.16666666666666666, 
        "meaty": 0.5
    }, 
    "rating": 4.5, 
    "totalTimeInSeconds": 480.0, 
    "ingredients": [
        "milk", 
        "english muffin", 
        "eggs", 
        "chives", 
        "butter", 
        "mayonnaise", 
        "wafer"
    ], 
    "smallImageUrls": [
        "http://i.yummly.com/English-Muffin-With-Scrambled-Egg-And-Ham-Recipezaar-201121.s.jpg"
    ], 
    "sourceDisplayName": "Food.com", 
    "recipeName": "English Muffin With Scrambled Egg and Ham", 
    "attributes": {
        "course": [
            "Lunch and Snacks"
        ]
    }, 
    "id": "English-Muffin-With-Scrambled-Egg-And-Ham-Recipezaar"
}{
    "flavors": {
        "sweet": 0.5, 
        "sour": 1.0, 
        "salty": 0.3333333333333333, 
        "piquant": 0.0, 
        "bitter": 0.3333333333333333, 
        "meaty": 0.6666666666666666
    }, 
    "rating": 4.03, 
    "totalTimeInSeconds": 3000.0, 
    "ingredients": [
        "sugar", 
        "all-purpose flour", 
        "lemon juice", 
        "eggs", 
        "salt", 
        "lemon peel", 
        "sour cream", 
        "lemon juice", 
        "baking soda", 
        "butter", 
        "sugar", 
        "all-purpose flour", 
        "butter", 
        "confectioners' sugar"
    ], 
    "smallImageUrls": [
        "http://i.yummly.com/Glazed-Lemon-Muffins-Allrecipes-96990.s.png", 
        "http://i.yummly.com/Glazed-Lemon-Muffins-Allrecipes-96082.s.png"
    ], 
    "sourceDisplayName": "Taste of Home", 
    "recipeName": "Glazed Lemon Muffins", 
    "attributes": {
        "course": [
            "Breads", 
            "Breakfast and Brunch"
        ], 
        "cuisine": [
            "American"
        ]
    }, 
    "id": "Glazed-Lemon-Muffins-TasteOfHome"
}{
    "flavors": {
        "sweet": 0.6666666666666666, 
        "sour": 0.3333333333333333, 
        "salty": 0.6666666666666666, 
        "piquant": 0.0, 
        "bitter": 0.8333333333333334, 
        "meaty": 0.5
    }, 
    "rating": 4.34, 
    "totalTimeInSeconds": 0, 
    "ingredients": [
        "vanilla extract", 
        "canola oil", 
        "low-fat buttermilk", 
        "raw sugar", 
        "wheat flour", 
        "salt", 
        "canola oil", 
        "baking soda", 
        "egg", 
        "unsweetened applesauce", 
        "wheat bran", 
        "all-purpose flour"
    ], 
    "smallImageUrls": [], 
    "sourceDisplayName": "Epicurious", 
    "recipeName": "Buttermilk Bran Muffins", 
    "attributes": {
        "course": [
            "Breads", 
            "Breakfast and Brunch"
        ]
    }, 
    "id": "Buttermilk-Bran-Muffins-Epicurious"
}{
    "flavors": {
        "sweet": 0.16666666666666666, 
        "sour": 0.6666666666666666, 
        "salty": 0.6666666666666666, 
        "piquant": 0.5, 
        "bitter": 0.5, 
        "meaty": 0.6666666666666666
    }, 
    "rating": 3.33, 
    "totalTimeInSeconds": 3000.0, 
    "ingredients": [
        "black pepper", 
        "eggs", 
        "baking powder", 
        "baking soda", 
        "freshly grated parmesan", 
        "sugar", 
        "salt", 
        "all-purpose flour", 
        "fresh rosemary", 
        "chopped garlic", 
        "milk", 
        "extra-virgin olive oil"
    ], 
    "smallImageUrls": [
        "http://i.yummly.com/Parmesan-Muffins-Epicurious-44114.s.png"
    ], 
    "sourceDisplayName": "Epicurious", 
    "recipeName": "Parmesan Muffins", 
    "attributes": {
        "course": [
            "Breads"
        ], 
        "cuisine": [
            "American"
        ]
    }, 
    "id": "Parmesan-Muffins-Epicurious"
}{
    "flavors": {
        "sweet": 0.6666666666666666, 
        "sour": 1.0, 
        "salty": 0.5, 
        "piquant": 0.0, 
        "bitter": 0.16666666666666666, 
        "meaty": 0.3333333333333333
    }, 
    "rating": 4.0, 
    "totalTimeInSeconds": 1800.0, 
    "ingredients": [
        "navel oranges", 
        "baking soda", 
        "egg", 
        "sugar", 
        "orange juice", 
        "salt", 
        "baking powder", 
        "raisins", 
        "all-purpose flour", 
        "butter"
    ], 
    "smallImageUrls": [
        "http://i.yummly.com/Orange-Raisin-Muffins-Allrecipes-77552.s.png"
    ], 
    "sourceDisplayName": "AllRecipes", 
    "recipeName": "Orange Raisin Muffins", 
    "attributes": {
        "course": [
            "Breads", 
            "Breakfast and Brunch"
        ]
    }, 
    "id": "Orange-Raisin-Muffins-Allrecipes"
}{
    "flavors": {
        "sweet": 0.5, 
        "sour": 1.0, 
        "salty": 0.3333333333333333, 
        "piquant": 0.0, 
        "bitter": 0.8333333333333334, 
        "meaty": 0.8333333333333334
    }, 
    "rating": 4.55, 
    "totalTimeInSeconds": 1800.0, 
    "ingredients": [
        "orange juice", 
        "baking soda", 
        "baking powder", 
        "all-purpose flour", 
        "nuts", 
        "salt", 
        "sugar", 
        "cinnamon", 
        "blueberries", 
        "orange zest", 
        "beaten eggs", 
        "rolled oats", 
        "vegetable oil", 
        "sugar"
    ], 
    "smallImageUrls": [
        "http://i.yummly.com/Blueberry_orange-Muffins-Allrecipes-60027.s.png"
    ], 
    "sourceDisplayName": "Taste of Home", 
    "recipeName": "Blueberry-Orange Muffins", 
    "attributes": {
        "course": [
            "Breads", 
            "Breakfast and Brunch"
        ]
    }, 
    "id": "Blueberry_orange-Muffins-TasteOfHome"
}{
    "flavors": {
        "sweet": 0.3333333333333333, 
        "sour": 0.16666666666666666, 
        "salty": 0.6666666666666666, 
        "piquant": 0.0, 
        "bitter": 0.3333333333333333, 
        "meaty": 0.3333333333333333
    }, 
    "rating": 0.0, 
    "totalTimeInSeconds": 0, 
    "ingredients": [
        "egg whites", 
        "nonstick cooking spray", 
        "turkey bacon", 
        "grated parmesan cheese", 
        "egg", 
        "chickpeas", 
        "skim milk"
    ], 
    "smallImageUrls": [
        "http://i.yummly.com/Scrambled-Egg-Muffins-Martha-Stewart-196279-111626.s.png"
    ], 
    "sourceDisplayName": "Martha Stewart", 
    "recipeName": "Scrambled Egg Muffins", 
    "attributes": {
        "course": [
            "Breakfast and Brunch"
        ]
    }, 
    "id": "Scrambled-Egg-Muffins-Martha-Stewart-196279"
}{
    "flavors": {
        "sweet": 1.0, 
        "sour": 0.6666666666666666, 
        "salty": 0.6666666666666666, 
        "piquant": 0.0, 
        "bitter": 0.16666666666666666, 
        "meaty": 0.3333333333333333
    }, 
    "rating": 4.0, 
    "totalTimeInSeconds": 1800.0, 
    "ingredients": [
        "milk", 
        "salt", 
        "brown sugar", 
        "baking soda", 
        "vanilla extract", 
        "shortening", 
        "egg", 
        "all-purpose flour"
    ], 
    "smallImageUrls": [
        "http://i.yummly.com/Brown-Sugar-Muffins-Allrecipes-77560.s.png"
    ], 
    "sourceDisplayName": "Taste of Home", 
    "recipeName": "Brown Sugar Muffins", 
    "attributes": {
        "course": [
            "Breads", 
            "Breakfast and Brunch", 
            "Lunch and Snacks"
        ]
    }, 
    "id": "Brown-Sugar-Muffins-TasteOfHome"
}{
    "flavors": {
        "sweet": 0.16666666666666666, 
        "sour": 0.16666666666666666, 
        "salty": 0.16666666666666666, 
        "piquant": 0.0, 
        "bitter": 0.8333333333333334, 
        "meaty": 0.3333333333333333
    }, 
    "rating": 4.68, 
    "totalTimeInSeconds": 600.0, 
    "ingredients": [
        "egg", 
        "fat free yogurt", 
        "baking powder", 
        "sugar substitute", 
        "flax seeds", 
        "cinnamon"
    ], 
    "smallImageUrls": [
        "http://i2.yummly.com/South-Beach-Muffin-Recipezaar.s.png", 
        "http://i.yummly.com/South-Beach-Muffin-Recipezaar-222725.s.jpg"
    ], 
    "sourceDisplayName": "Food.com", 
    "recipeName": "South Beach Muffin", 
    "attributes": {
        "course": [
            "Breads", 
            "Breakfast and Brunch"
        ]
    }, 
    "id": "South-Beach-Muffin-Recipezaar"
}{
    "flavors": {
        "sweet": 0.5, 
        "sour": 0.5, 
        "salty": 1.0, 
        "piquant": 0.0, 
        "bitter": 0.8333333333333334, 
        "meaty": 0.5
    }, 
    "rating": 4.6, 
    "totalTimeInSeconds": 2700.0, 
    "ingredients": [
        "cooked chicken", 
        "cream of chicken soup", 
        "corn kernels", 
        "shredded cheddar cheese", 
        "muffin mix", 
        "milk", 
        "egg"
    ], 
    "smallImageUrls": [
        "http://i.yummly.com/Cornbread-Chicken-Pot-Pie-AllRecipes-57764.s.png"
    ], 
    "sourceDisplayName": "AllRecipes", 
    "recipeName": "Cornbread Chicken Pot Pie", 
    "attributes": {
        "course": [
            "Main Dishes"
        ]
    }, 
    "id": "Cornbread-Chicken-Pot-Pie-AllRecipes"
}{
    "flavors": {
        "sweet": 0.5, 
        "sour": 0.5, 
        "salty": 0.5, 
        "piquant": 0.0, 
        "bitter": 1.0, 
        "meaty": 0.5
    }, 
    "rating": 0.0, 
    "totalTimeInSeconds": 0, 
    "ingredients": [
        "apple", 
        "chunky peanut butter", 
        "english muffins", 
        "toasted wheat germ"
    ], 
    "smallImageUrls": [
        "http://i.yummly.com/Peanut_Butter-Apple-Muffin-Martha-Stewart-109628.s.png"
    ], 
    "sourceDisplayName": "Martha Stewart", 
    "recipeName": "Peanut-Butter Apple Muffin", 
    "attributes": {
        "course": [
            "Breads", 
            "Lunch and Snacks"
        ]
    }, 
    "id": "Peanut_Butter-Apple-Muffin-Martha-Stewart"
}{
    "flavors": {
        "sweet": 0.8333333333333334, 
        "sour": 0.16666666666666666, 
        "salty": 0.8333333333333334, 
        "piquant": 0.0, 
        "bitter": 1.0, 
        "meaty": 0.8333333333333334
    }, 
    "rating": 4.56, 
    "totalTimeInSeconds": 1800.0, 
    "ingredients": [
        "vanilla extract", 
        "shredded carrots", 
        "wheat flour", 
        "baking soda", 
        "vegetable oil", 
        "sunflower seeds", 
        "semisweet chocolate chips", 
        "ground cinnamon", 
        "sugar", 
        "mashed banana", 
        "flaked coconut", 
        "eggs", 
        "dried apricots"
    ], 
    "smallImageUrls": [
        "http://i.yummly.com/Hearty-Morning-Muffins-Allrecipes-69124.s.png"
    ], 
    "sourceDisplayName": "Taste of Home", 
    "recipeName": "Hearty Morning Muffins", 
    "attributes": {
        "course": [
            "Breads", 
            "Breakfast and Brunch"
        ]
    }, 
    "id": "Hearty-Morning-Muffins-TasteOfHome"
}{
    "flavors": {
        "sweet": 0.0, 
        "sour": 0.5, 
        "salty": 0.8333333333333334, 
        "piquant": 0.0, 
        "bitter": 0.3333333333333333, 
        "meaty": 0.3333333333333333
    }, 
    "rating": 3.94, 
    "totalTimeInSeconds": 3600.0, 
    "ingredients": [
        "chicken", 
        "cream of celery soup", 
        "salt", 
        "muffin mix", 
        "pepper", 
        "condensed cream of chicken soup"
    ], 
    "smallImageUrls": [
        "http://i.yummly.com/Chicken-Stuff-Allrecipes-62591.s.png"
    ], 
    "sourceDisplayName": "AllRecipes", 
    "recipeName": "Chicken Stuff", 
    "attributes": {
        "course": [
            "Main Dishes"
        ]
    }, 
    "id": "Chicken-Stuff-Allrecipes"
}{
    "flavors": {
        "sweet": 0.16666666666666666, 
        "sour": 0.5, 
        "salty": 1.0, 
        "piquant": 0.0, 
        "bitter": 1.0, 
        "meaty": 0.6666666666666666
    }, 
    "rating": 4.57, 
    "totalTimeInSeconds": 2400.0, 
    "ingredients": [
        "shallot", 
        "muffin", 
        "vegetable oil", 
        "king crab", 
        "fresh lime juice", 
        "won ton wrappers", 
        "california avocado", 
        "wasabi paste"
    ], 
    "smallImageUrls": [
        "http://i.yummly.com/Alaska-King-Crab-_Nachos_-Epicurious-50785-41425.s.png"
    ], 
    "sourceDisplayName": "Epicurious", 
    "recipeName": "Alaska King Crab &quot;Nachos&quot;", 
    "attributes": {
        "course": [
            "Appetizers"
        ], 
        "holiday": [
            "Game Day"
        ], 
        "cuisine": [
            "American"
        ]
    }, 
    "id": "Alaska-King-Crab-_Nachos_-Epicurious-50785"
}{
    "flavors": {
        "sweet": 0.8333333333333334, 
        "sour": 0.6666666666666666, 
        "salty": 0.3333333333333333, 
        "piquant": 0.0, 
        "bitter": 0.6666666666666666, 
        "meaty": 0.6666666666666666
    }, 
    "rating": 3.75, 
    "totalTimeInSeconds": 1800.0, 
    "ingredients": [
        "chopped pecans", 
        "all-purpose flour", 
        "milk", 
        "instant coffee", 
        "salt", 
        "melted butter", 
        "brown sugar", 
        "chopped pecans", 
        "egg", 
        "vanilla extract", 
        "brown sugar", 
        "baking powder"
    ], 
    "smallImageUrls": [
        "http://i.yummly.com/Coffee-Praline-Muffins-Allrecipes-62594.s.png"
    ], 
    "sourceDisplayName": "AllRecipes", 
    "recipeName": "Coffee Praline Muffins", 
    "attributes": {
        "course": [
            "Breads"
        ]
    }, 
    "id": "Coffee-Praline-Muffins-Allrecipes"
}{
    "flavors": {
        "sweet": 0.16666666666666666, 
        "sour": 0.6666666666666666, 
        "salty": 0.8333333333333334, 
        "piquant": 0.0, 
        "bitter": 0.5, 
        "meaty": 0.3333333333333333
    }, 
    "rating": 2.89, 
    "totalTimeInSeconds": 0, 
    "ingredients": [
        "milk", 
        "mozzarella cheese", 
        "corn kernels", 
        "egg", 
        "fresh basil", 
        "muffin mix"
    ], 
    "smallImageUrls": [], 
    "sourceDisplayName": "Epicurious", 
    "recipeName": "Double-Corn and Cheese Muffins", 
    "attributes": {
        "course": [
            "Breads"
        ], 
        "cuisine": [
            "American", 
            "Southern & Soul Food"
        ]
    }, 
    "id": "Double_corn-And-Cheese-Muffins-Epicurious"
}{
    "flavors": {
        "sweet": 0.16666666666666666, 
        "sour": 0.16666666666666666, 
        "salty": 0.16666666666666666, 
        "piquant": 0.0, 
        "bitter": 0.16666666666666666, 
        "meaty": 0.16666666666666666
    }, 
    "rating": 0.0, 
    "totalTimeInSeconds": 0, 
    "ingredients": [
        "unsalted butter", 
        "sour cream", 
        "salt", 
        "baking soda", 
        "flour", 
        "lemon zest", 
        "poppy seeds", 
        "lemon juice", 
        "eggs", 
        "baking powder", 
        "sugar"
    ], 
    "smallImageUrls": [
        "http://i.yummly.com/Lemon-Poppy-Seed-Mini-Muffins-Serious-Eats-42010-2944.s.jpg", 
        "http://i.yummly.com/Lemon-Poppy-Seed-Mini-Muffins-Serious-Eats-42010-2200.s.jpg", 
        "http://i.yummly.com/Lemon-Poppy-Seed-Mini-Muffins-Serious-Eats-42010-842.s.jpg"
    ], 
    "sourceDisplayName": "Serious Eats", 
    "recipeName": "Lemon Poppy Seed Mini Muffins", 
    "attributes": {
        "course": [
            "Breads"
        ]
    }, 
    "id": "Lemon-Poppy-Seed-Mini-Muffins-Serious-Eats-42010"
}{
    "flavors": {
        "sweet": 0.16666666666666666, 
        "sour": 0.8333333333333334, 
        "salty": 0.16666666666666666, 
        "piquant": 0.0, 
        "bitter": 0.16666666666666666, 
        "meaty": 0.3333333333333333
    }, 
    "rating": 4.27, 
    "totalTimeInSeconds": 2100.0, 
    "ingredients": [
        "all-purpose flour", 
        "winter squash", 
        "salt", 
        "ground nutmeg", 
        "sugar", 
        "butter", 
        "milk", 
        "eggs", 
        "ground cinnamon", 
        "baking powder"
    ], 
    "smallImageUrls": [
        "http://i.yummly.com/Leftover-Squash-Muffins-Allrecipes-66493.s.png"
    ], 
    "sourceDisplayName": "Taste of Home", 
    "recipeName": "Leftover Squash Muffins", 
    "attributes": {
        "course": [
            "Breads"
        ]
    }, 
    "id": "Leftover-Squash-Muffins-TasteOfHome"
}{
    "flavors": {
        "sweet": 1.0, 
        "sour": 0.6666666666666666, 
        "salty": 0.3333333333333333, 
        "piquant": 0.0, 
        "bitter": 0.8333333333333334, 
        "meaty": 0.6666666666666666
    }, 
    "rating": 3.78, 
    "totalTimeInSeconds": 0, 
    "ingredients": [
        "salt", 
        "liquid", 
        "cinnamon", 
        "granulated sugar", 
        "unsalted butter", 
        "wheat germ", 
        "granulated sugar", 
        "ground cinnamon", 
        "pecans", 
        "baking soda", 
        "muffin", 
        "orange zest", 
        "egg", 
        "salt", 
        "unsalted butter", 
        "cranberries", 
        "all-purpose flour", 
        "orange extract", 
        "vegetable spray", 
        "chopped walnuts", 
        "baking powder", 
        "all-purpose flour"
    ], 
    "smallImageUrls": [
        "http://i.yummly.com/Cranberry-Pecan-Streusel-Muffins-Epicurious-53250-48691.s.png"
    ], 
    "sourceDisplayName": "Epicurious", 
    "recipeName": "Cranberry Pecan Streusel Muffins", 
    "attributes": {
        "course": [
            "Breads"
        ], 
        "cuisine": [
            "American"
        ]
    }, 
    "id": "Cranberry-Pecan-Streusel-Muffins-Epicurious-53250"
}{
    "flavors": {
        "sweet": 0.0, 
        "sour": 0.5, 
        "salty": 0.5, 
        "piquant": 0.0, 
        "bitter": 0.16666666666666666, 
        "meaty": 0.5
    }, 
    "rating": 3.0, 
    "totalTimeInSeconds": 1800.0, 
    "ingredients": [
        "unsalted butter", 
        "buttermilk", 
        "baking powder", 
        "salt", 
        "yellow cornmeal", 
        "pimentos", 
        "eggs", 
        "muffin", 
        "baking soda", 
        "all-purpose flour"
    ], 
    "smallImageUrls": [
        "http://i.yummly.com/Pimento-Corn-Muffins-Epicurious-48257.s.png"
    ], 
    "sourceDisplayName": "Epicurious", 
    "recipeName": "Pimento Corn Muffins", 
    "attributes": {
        "course": [
            "Breads"
        ], 
        "cuisine": [
            "American", 
            "Southern & Soul Food"
        ]
    }, 
    "id": "Pimento-Corn-Muffins-Epicurious"
}{
    "flavors": {
        "sweet": 1.0, 
        "sour": 0.3333333333333333, 
        "salty": 1.0, 
        "piquant": 0.0, 
        "bitter": 0.6666666666666666, 
        "meaty": 0.6666666666666666
    }, 
    "rating": 3.9, 
    "totalTimeInSeconds": 2700.0, 
    "ingredients": [
        "egg", 
        "all-purpose flour", 
        "all-purpose flour", 
        "wheat flour", 
        "sour cream", 
        "honey", 
        "white sugar", 
        "blueberries", 
        "cream cheese", 
        "egg", 
        "white sugar", 
        "baking soda", 
        "olive oil", 
        "buttermilk", 
        "vanilla extract", 
        "salt"
    ], 
    "smallImageUrls": [
        "http://i.yummly.com/Blueberry-Cream-Cheese-Muffins-Allrecipes-92679.s.png", 
        "http://i.yummly.com/Blueberry-Cream-Cheese-Muffins-Allrecipes-92017.s.png"
    ], 
    "sourceDisplayName": "AllRecipes", 
    "recipeName": "Blueberry Cream Cheese Muffins", 
    "attributes": {
        "course": [
            "Breads"
        ], 
        "cuisine": [
            "Southern & Soul Food"
        ]
    }, 
    "id": "Blueberry-Cream-Cheese-Muffins-Allrecipes"
}{
    "flavors": {
        "sweet": 0.3333333333333333, 
        "sour": 0.6666666666666666, 
        "salty": 0.5, 
        "piquant": 0.0, 
        "bitter": 0.5, 
        "meaty": 0.6666666666666666
    }, 
    "rating": 4.35, 
    "totalTimeInSeconds": 1800.0, 
    "ingredients": [
        "poppy seeds", 
        "eggs", 
        "sour cream", 
        "vegetable oil", 
        "lemon extract", 
        "milk", 
        "all-purpose flour", 
        "salt", 
        "baking powder", 
        "sugar", 
        "vanilla extract", 
        "baking soda"
    ], 
    "smallImageUrls": [
        "http://i.yummly.com/Poppy-Seed-Mini-Muffins-Allrecipes-60132.s.png"
    ], 
    "sourceDisplayName": "Taste of Home", 
    "recipeName": "Poppy Seed Mini Muffins", 
    "attributes": {
        "course": [
            "Breads"
        ]
    }, 
    "id": "Poppy-Seed-Mini-Muffins-TasteOfHome"
}{
    "flavors": {
        "sweet": 0.3333333333333333, 
        "sour": 0.16666666666666666, 
        "salty": 0.8333333333333334, 
        "piquant": 0.0, 
        "bitter": 0.6666666666666666, 
        "meaty": 0.8333333333333334
    }, 
    "rating": 4.63, 
    "totalTimeInSeconds": 2700.0, 
    "ingredients": [
        "bacon", 
        "baked beans", 
        "cheddar cheese", 
        "english muffins", 
        "onion", 
        "tomatoes"
    ], 
    "smallImageUrls": [
        "http://i.yummly.com/Baked-Bean-Sandwiches-Allrecipes-63370.s.png"
    ], 
    "sourceDisplayName": "AllRecipes", 
    "recipeName": "Baked Bean Sandwiches", 
    "attributes": {
        "course": [
            "Lunch and Snacks"
        ]
    }, 
    "id": "Baked-Bean-Sandwiches-Allrecipes"
}{
    "flavors": {
        "sweet": 0.0, 
        "sour": 0.0, 
        "salty": 0.16666666666666666, 
        "piquant": 0.0, 
        "bitter": 0.0, 
        "meaty": 0.8333333333333334
    }, 
    "rating": 0.0, 
    "totalTimeInSeconds": 7800.0, 
    "ingredients": [
        "honey", 
        "unsalted butter", 
        "corn muffin", 
        "blueberries"
    ], 
    "smallImageUrls": [], 
    "sourceDisplayName": "Food Network", 
    "recipeName": "Grilled Corn Muffins with Blueberry-Honey Butter", 
    "attributes": {
        "course": [
            "Breads"
        ], 
        "cuisine": [
            "American"
        ]
    }, 
    "id": "Grilled-Corn-Muffins-with-Blueberry-Honey-Butter-Food-Network-217201"
}{
    "flavors": {
        "sweet": 0.16666666666666666, 
        "sour": 0.5, 
        "salty": 0.16666666666666666, 
        "piquant": 0.0, 
        "bitter": 0.8333333333333334, 
        "meaty": 0.6666666666666666
    }, 
    "rating": 4.42, 
    "totalTimeInSeconds": 3300.0, 
    "ingredients": [
        "cornmeal", 
        "active dry yeast", 
        "wheat flour", 
        "all-purpose flour", 
        "butter", 
        "poppy seeds", 
        "milk", 
        "salt", 
        "warm water", 
        "sugar", 
        "sesame seeds"
    ], 
    "smallImageUrls": [
        "http://i.yummly.com/Wonderful-English-Muffins-Allrecipes-66439.s.png"
    ], 
    "sourceDisplayName": "Taste of Home", 
    "recipeName": "Wonderful English Muffins", 
    "attributes": {
        "course": [
            "Breads"
        ]
    }, 
    "id": "Wonderful-English-Muffins-TasteOfHome"
}{
    "flavors": {
        "sweet": 0.6666666666666666, 
        "sour": 0.5, 
        "salty": 1.0, 
        "piquant": 0.0, 
        "bitter": 0.8333333333333334, 
        "meaty": 0.5
    }, 
    "rating": 4.27, 
    "totalTimeInSeconds": 5700.0, 
    "ingredients": [
        "pepper", 
        "cream style corn", 
        "salt", 
        "corn kernels", 
        "sour cream", 
        "muffin mix"
    ], 
    "smallImageUrls": [
        "http://i.yummly.com/Cornbread-Pudding-Allrecipes-56536.s.png"
    ], 
    "sourceDisplayName": "AllRecipes", 
    "recipeName": "Cornbread Pudding", 
    "attributes": {
        "course": [
            "Side Dishes", 
            "Breads"
        ], 
        "cuisine": [
            "American"
        ]
    }, 
    "id": "Cornbread-Pudding-Allrecipes"
}{
    "flavors": {
        "sweet": 0.8333333333333334, 
        "sour": 0.6666666666666666, 
        "salty": 0.3333333333333333, 
        "piquant": 0.0, 
        "bitter": 1.0, 
        "meaty": 0.6666666666666666
    }, 
    "rating": 3.95, 
    "totalTimeInSeconds": 0, 
    "ingredients": [
        "pure vanilla extract", 
        "unsweetened cocoa powder", 
        "salt", 
        "baking soda", 
        "bittersweet chocolate", 
        "egg", 
        "unsalted butter", 
        "sugar", 
        "baking powder", 
        "all-purpose flour", 
        "buttermilk"
    ], 
    "smallImageUrls": [
        "http://i2.yummly.com/Chocolate_chocolate-Chunk-Muffins-Epicurious.s.png"
    ], 
    "sourceDisplayName": "Epicurious", 
    "recipeName": "Chocolate-Chocolate Chunk Muffins", 
    "attributes": {
        "course": [
            "Breads", 
            "Lunch and Snacks"
        ]
    }, 
    "id": "Chocolate_chocolate-Chunk-Muffins-Epicurious"
}{
    "flavors": {
        "sweet": 1.0, 
        "sour": 0.6666666666666666, 
        "salty": 0.5, 
        "piquant": 0.0, 
        "bitter": 0.3333333333333333, 
        "meaty": 0.3333333333333333
    }, 
    "rating": 4.67, 
    "totalTimeInSeconds": 1500.0, 
    "ingredients": [
        "ground nutmeg", 
        "baking powder", 
        "milk", 
        "all-purpose flour", 
        "granulated sugar", 
        "granulated sugar", 
        "butter", 
        "vanilla", 
        "salt", 
        "large eggs", 
        "blueberries"
    ], 
    "smallImageUrls": [
        "http://i.yummly.com/The-Best-Blueberry-Muffins-Food_com-105674-260882.s.jpg"
    ], 
    "sourceDisplayName": "Food.com", 
    "recipeName": "The Best Blueberry Muffins", 
    "attributes": {
        "course": [
            "Breads"
        ]
    }, 
    "id": "The-Best-Blueberry-Muffins-Food_com-105674"
}{
    "flavors": {
        "sweet": 0.16666666666666666, 
        "sour": 0.6666666666666666, 
        "salty": 0.16666666666666666, 
        "piquant": 0.0, 
        "bitter": 0.16666666666666666, 
        "meaty": 0.5
    }, 
    "rating": 4.39, 
    "totalTimeInSeconds": 0, 
    "ingredients": [
        "vegetable oil", 
        "milk", 
        "bananas", 
        "all-purpose flour", 
        "toasted wheat germ", 
        "baking powder", 
        "vanilla extract", 
        "sugar", 
        "eggs", 
        "salt"
    ], 
    "smallImageUrls": [], 
    "sourceDisplayName": "Epicurious", 
    "recipeName": "Wheat Germ and Banana Muffins", 
    "attributes": {
        "course": [
            "Breads"
        ]
    }, 
    "id": "Wheat-Germ-And-Banana-Muffins-Epicurious"
}{
    "flavors": {
        "sweet": 0.8333333333333334, 
        "sour": 0.8333333333333334, 
        "salty": 0.16666666666666666, 
        "piquant": 0.0, 
        "bitter": 0.16666666666666666, 
        "meaty": 0.3333333333333333
    }, 
    "rating": 4.58, 
    "totalTimeInSeconds": 2100.0, 
    "ingredients": [
        "baking powder", 
        "all-purpose flour", 
        "vanilla extract", 
        "almond extract", 
        "maraschino cherries", 
        "salt", 
        "butter", 
        "maraschino cherry", 
        "egg", 
        "sugar", 
        "vanilla", 
        "milk"
    ], 
    "smallImageUrls": [
        "http://i.yummly.com/Maraschino-Mini-Muffins-Allrecipes-54240.s.png"
    ], 
    "sourceDisplayName": "Taste of Home", 
    "recipeName": "Maraschino Mini Muffins", 
    "attributes": {
        "course": [
            "Breads"
        ]
    }, 
    "id": "Maraschino-Mini-Muffins-TasteOfHome"
}{
    "flavors": {
        "sweet": 0.5, 
        "sour": 0.0, 
        "salty": 0.0, 
        "piquant": 0.0, 
        "bitter": 0.16666666666666666, 
        "meaty": 0.16666666666666666
    }, 
    "rating": 0.0, 
    "totalTimeInSeconds": 0, 
    "ingredients": [
        "milk", 
        "strawberry", 
        "white rice flour", 
        "oiled", 
        "xanthan gum", 
        "granulated sugar", 
        "raspberry", 
        "sweet rice flour", 
        "large eggs", 
        "salt", 
        "vanilla extract", 
        "potato starch", 
        "gluten", 
        "blueberry", 
        "baking powder"
    ], 
    "smallImageUrls": [
        "http://i.yummly.com/Gluten-Free-Tuesday_-Berry-Muffins-Serious-Eats-41761-2907.s.jpg", 
        "http://i.yummly.com/Gluten-Free-Tuesday_-Berry-Muffins-Serious-Eats-41761-2153.s.jpg", 
        "http://i.yummly.com/Gluten-Free-Tuesday_-Berry-Muffins-Serious-Eats-41761-594.s.jpg"
    ], 
    "sourceDisplayName": "Serious Eats", 
    "recipeName": "Gluten-Free Tuesday: Berry Muffins", 
    "attributes": {
        "course": [
            "Breads"
        ]
    }, 
    "id": "Gluten-Free-Tuesday_-Berry-Muffins-Serious-Eats-41761"
}{
    "flavors": {
        "sweet": 0.5, 
        "sour": 0.8333333333333334, 
        "salty": 0.3333333333333333, 
        "piquant": 0.0, 
        "bitter": 0.3333333333333333, 
        "meaty": 0.3333333333333333
    }, 
    "rating": 3.71, 
    "totalTimeInSeconds": 2400.0, 
    "ingredients": [
        "shredded mozzarella cheese", 
        "egg", 
        "salt", 
        "diced tomatoes", 
        "dried oregano", 
        "baking powder", 
        "grated parmesan cheese", 
        "all-purpose flour", 
        "melted butter", 
        "sugar"
    ], 
    "smallImageUrls": [
        "http://i.yummly.com/Pizza-Muffins-Allrecipes_1-65934.s.png"
    ], 
    "sourceDisplayName": "AllRecipes", 
    "recipeName": "Pizza Muffins", 
    "attributes": {
        "course": [
            "Breads", 
            "Appetizers", 
            "Lunch and Snacks"
        ], 
        "cuisine": [
            "Italian"
        ]
    }, 
    "id": "Pizza-Muffins-Allrecipes_1"
}{
    "flavors": {
        "sweet": 1.0, 
        "sour": 0.5, 
        "salty": 0.3333333333333333, 
        "piquant": 0.0, 
        "bitter": 0.8333333333333334, 
        "meaty": 0.5
    }, 
    "rating": 4.2, 
    "totalTimeInSeconds": 2100.0, 
    "ingredients": [
        "pumpkin puree", 
        "ground cloves", 
        "pumpkin seeds", 
        "baking powder", 
        "baking soda", 
        "vanilla extract", 
        "ground cinnamon", 
        "eggs", 
        "salt", 
        "chopped walnuts", 
        "molasses", 
        "unsweetened applesauce", 
        "flax seed meal", 
        "rolled oats", 
        "canola oil", 
        "all-purpose flour", 
        "nonfat plain yogurt", 
        "ground ginger", 
        "wheat flour", 
        "dark brown sugar", 
        "ground nutmeg", 
        "golden raisins"
    ], 
    "smallImageUrls": [
        "http://i.yummly.com/Spiced-Pumpkin-Molasses-Muffins-AllRecipes-53310.s.png"
    ], 
    "sourceDisplayName": "AllRecipes", 
    "recipeName": "Spiced Pumpkin Molasses Muffins", 
    "attributes": {
        "course": [
            "Breads"
        ], 
        "holiday": [
            "Thanksgiving", 
            "Halloween"
        ]
    }, 
    "id": "Spiced-Pumpkin-Molasses-Muffins-AllRecipes"
}{
    "flavors": {
        "sweet": 1.0, 
        "sour": 0.8333333333333334, 
        "salty": 0.16666666666666666, 
        "piquant": 0.0, 
        "bitter": 0.16666666666666666, 
        "meaty": 0.5
    }, 
    "rating": 4.43, 
    "totalTimeInSeconds": 3000.0, 
    "ingredients": [
        "mincemeat", 
        "apple", 
        "apple cider", 
        "vegetable oil", 
        "apple cider", 
        "confectioners' sugar", 
        "all-purpose flour", 
        "egg", 
        "cinnamon", 
        "baking powder", 
        "cinnamon", 
        "white sugar"
    ], 
    "smallImageUrls": [
        "http://i.yummly.com/Holiday-Mincemeat-Muffins-AllRecipes-73929.s.png"
    ], 
    "sourceDisplayName": "AllRecipes", 
    "recipeName": "Holiday Mincemeat Muffins", 
    "attributes": {
        "course": [
            "Desserts"
        ], 
        "holiday": [
            "Thanksgiving", 
            "Christmas"
        ]
    }, 
    "id": "Holiday-Mincemeat-Muffins-AllRecipes"
}{
    "flavors": {
        "sweet": 0.8333333333333334, 
        "sour": 0.6666666666666666, 
        "salty": 0.16666666666666666, 
        "piquant": 0.0, 
        "bitter": 0.16666666666666666, 
        "meaty": 0.5
    }, 
    "rating": 4.0, 
    "totalTimeInSeconds": 1800.0, 
    "ingredients": [
        "oatmeal", 
        "salt", 
        "white sugar", 
        "baking powder", 
        "vegetable oil", 
        "beaten eggs", 
        "all-purpose flour", 
        "all-purpose flour", 
        "ground cinnamon", 
        "brown sugar", 
        "milk", 
        "butter"
    ], 
    "smallImageUrls": [
        "http://i.yummly.com/Brown-Sugar-Instant-Oatmeal-Muffins-Allrecipes-74995.s.png"
    ], 
    "sourceDisplayName": "AllRecipes", 
    "recipeName": "Brown Sugar Instant Oatmeal Muffins", 
    "attributes": {
        "course": [
            "Breads", 
            "Breakfast and Brunch"
        ]
    }, 
    "id": "Brown-Sugar-Instant-Oatmeal-Muffins-Allrecipes"
}{
    "flavors": {
        "sweet": 0.0, 
        "sour": 0.5, 
        "salty": 0.3333333333333333, 
        "piquant": 0.0, 
        "bitter": 0.3333333333333333, 
        "meaty": 0.5
    }, 
    "rating": 5.0, 
    "totalTimeInSeconds": 1800.0, 
    "ingredients": [
        "wheat flour", 
        "all-purpose flour", 
        "egg", 
        "baking powder", 
        "honey", 
        "milk", 
        "melted butter", 
        "salt"
    ], 
    "smallImageUrls": [
        "http://i.yummly.com/Honey_wheat-Muffins-Allrecipes-88796.s.png", 
        "http://i.yummly.com/Honey_wheat-Muffins-Allrecipes-88439.s.png"
    ], 
    "sourceDisplayName": "Taste of Home", 
    "recipeName": "Honey-Wheat Muffins", 
    "attributes": {
        "course": [
            "Breads"
        ]
    }, 
    "id": "Honey_wheat-Muffins-TasteOfHome"
}{
    "flavors": {
        "sweet": 0.8333333333333334, 
        "sour": 0.3333333333333333, 
        "salty": 0.6666666666666666, 
        "piquant": 0.0, 
        "bitter": 0.3333333333333333, 
        "meaty": 0.5
    }, 
    "rating": 4.79, 
    "totalTimeInSeconds": 1800.0, 
    "ingredients": [
        "baking powder", 
        "butter", 
        "salt", 
        "baking soda", 
        "all-purpose flour", 
        "egg", 
        "white sugar", 
        "walnuts", 
        "bananas"
    ], 
    "smallImageUrls": [
        "http://i.yummly.com/Banana-Muffins-Recipezaar_27-178112.s.jpg"
    ], 
    "sourceDisplayName": "Food.com", 
    "recipeName": "Banana Muffins", 
    "attributes": {
        "course": [
            "Breads", 
            "Breakfast and Brunch", 
            "Lunch and Snacks"
        ]
    }, 
    "id": "Banana-Muffins-Recipezaar_27"
}{
    "flavors": {
        "sweet": 0.6666666666666666, 
        "sour": 0.3333333333333333, 
        "salty": 1.0, 
        "piquant": 0.8333333333333334, 
        "bitter": 0.6666666666666666, 
        "meaty": 1.0
    }, 
    "rating": 4.38, 
    "totalTimeInSeconds": 2700.0, 
    "ingredients": [
        "cheese", 
        "bisquick", 
        "milk", 
        "chorizo sausage", 
        "cornmeal", 
        "eggs"
    ], 
    "smallImageUrls": [
        "http://i.yummly.com/Sausage-Breakfast-Muffins-_oamc_-Recipezaar-188879.s.jpg"
    ], 
    "sourceDisplayName": "Food.com", 
    "recipeName": "Sausage Breakfast Muffins (OAMC)", 
    "attributes": {
        "course": [
            "Breads", 
            "Breakfast and Brunch"
        ]
    }, 
    "id": "Sausage-Breakfast-Muffins-_oamc_-Recipezaar"
}{
    "flavors": {
        "sweet": 0.6666666666666666, 
        "sour": 0.5, 
        "salty": 0.6666666666666666, 
        "piquant": 0.0, 
        "bitter": 0.16666666666666666, 
        "meaty": 0.3333333333333333
    }, 
    "rating": 4.29, 
    "totalTimeInSeconds": 2700.0, 
    "ingredients": [
        "salt", 
        "pastry flour", 
        "all-purpose flour", 
        "honey", 
        "lemons juice", 
        "plain yogurt", 
        "ground nutmeg", 
        "unsweetened applesauce", 
        "baking soda", 
        "beaten eggs"
    ], 
    "smallImageUrls": [
        "http://i.yummly.com/Lemon-Honey-Muffins-Allrecipes-67787.s.png"
    ], 
    "sourceDisplayName": "AllRecipes", 
    "recipeName": "Lemon Honey Muffins", 
    "attributes": {
        "course": [
            "Breads"
        ]
    }, 
    "id": "Lemon-Honey-Muffins-Allrecipes"
}{
    "flavors": {
        "sweet": 0.8333333333333334, 
        "sour": 0.5, 
        "salty": 0.6666666666666666, 
        "piquant": 0.0, 
        "bitter": 1.0, 
        "meaty": 0.5
    }, 
    "rating": 4.23, 
    "totalTimeInSeconds": 5400.0, 
    "ingredients": [
        "vegetable shortening", 
        "white sugar", 
        "buttermilk", 
        "wheat bran", 
        "eggs", 
        "salt", 
        "raisins", 
        "all-purpose flour", 
        "molasses", 
        "baking soda"
    ], 
    "smallImageUrls": [
        "http://i.yummly.com/Deep-Dark-Old-Recipe-Bran-Muffins-AllRecipes-60720.s.png"
    ], 
    "sourceDisplayName": "AllRecipes", 
    "recipeName": "Deep Dark Old Recipe Bran Muffins", 
    "attributes": {
        "course": [
            "Breads"
        ]
    }, 
    "id": "Deep-Dark-Old-Recipe-Bran-Muffins-AllRecipes"
}{
    "flavors": {
        "sweet": 0.0, 
        "sour": 0.8333333333333334, 
        "salty": 0.16666666666666666, 
        "piquant": 0.0, 
        "bitter": 0.16666666666666666, 
        "meaty": 0.5
    }, 
    "rating": 4.77, 
    "totalTimeInSeconds": 3300.0, 
    "ingredients": [
        "active dry yeast", 
        "all-purpose flour", 
        "baking soda", 
        "sugar", 
        "warm water", 
        "milk", 
        "cornmeal", 
        "salt"
    ], 
    "smallImageUrls": [
        "http://i.yummly.com/English-Muffin-Bread-Allrecipes-66514.s.png"
    ], 
    "sourceDisplayName": "Taste of Home", 
    "recipeName": "English Muffin Bread", 
    "attributes": {
        "course": [
            "Breads", 
            "Breakfast and Brunch"
        ], 
        "cuisine": [
            "English"
        ]
    }, 
    "id": "English-Muffin-Bread-TasteOfHome"
}{
    "flavors": {
        "sweet": 0.8333333333333334, 
        "sour": 0.3333333333333333, 
        "salty": 0.5, 
        "piquant": 0.0, 
        "bitter": 0.3333333333333333, 
        "meaty": 0.5
    }, 
    "rating": 4.33, 
    "totalTimeInSeconds": 0, 
    "ingredients": [
        "salt", 
        "all-purpose flour", 
        "raisins", 
        "unsalted butter", 
        "dark molasses", 
        "beaten eggs", 
        "bran", 
        "light brown sugar", 
        "baking soda", 
        "sour cream"
    ], 
    "smallImageUrls": [], 
    "sourceDisplayName": "Epicurious", 
    "recipeName": "Sour Cream Bran Muffins", 
    "attributes": {
        "course": [
            "Breads"
        ]
    }, 
    "id": "Sour-Cream-Bran-Muffins-Epicurious"
}{
    "flavors": {
        "sweet": 0.16666666666666666, 
        "sour": 0.16666666666666666, 
        "salty": 0.16666666666666666, 
        "piquant": 0.0, 
        "bitter": 0.16666666666666666, 
        "meaty": 0.3333333333333333
    }, 
    "rating": 4.44, 
    "totalTimeInSeconds": 1500.0, 
    "ingredients": [
        "vegetable oil", 
        "applesauce", 
        "sugar", 
        "milk", 
        "ground cinnamon", 
        "egg", 
        "ground cinnamon", 
        "butter", 
        "sugar"
    ], 
    "smallImageUrls": [
        "http://i.yummly.com/Sugar_topped-Applesauce-Muffins-Allrecipes-75198.s.png"
    ], 
    "sourceDisplayName": "Taste of Home", 
    "recipeName": "Sugar-Topped Applesauce Muffins", 
    "attributes": {
        "course": [
            "Breads", 
            "Breakfast and Brunch"
        ]
    }, 
    "id": "Sugar_topped-Applesauce-Muffins-TasteOfHome"
}{
    "flavors": {
        "sweet": 0.16666666666666666, 
        "sour": 0.6666666666666666, 
        "salty": 0.3333333333333333, 
        "piquant": 0.0, 
        "bitter": 0.16666666666666666, 
        "meaty": 0.5
    }, 
    "rating": 4.18, 
    "totalTimeInSeconds": 2100.0, 
    "ingredients": [
        "eggs", 
        "baking soda", 
        "vegetable oil", 
        "ground cinnamon", 
        "vanilla extract", 
        "salt", 
        "sugar", 
        "peaches", 
        "all-purpose flour"
    ], 
    "smallImageUrls": [
        "http://i2.yummly.com/Golden-Peach-Muffins-Allrecipes.s.jpg", 
        "http://i.yummly.com/Golden-Peach-Muffins-Allrecipes-75313.s.png"
    ], 
    "sourceDisplayName": "Taste of Home", 
    "recipeName": "Golden Peach Muffins", 
    "attributes": {
        "course": [
            "Breads"
        ]
    }, 
    "id": "Golden-Peach-Muffins-TasteOfHome"
}{
    "flavors": {
        "sweet": 1.0, 
        "sour": 0.5, 
        "salty": 0.16666666666666666, 
        "piquant": 0.0, 
        "bitter": 0.16666666666666666, 
        "meaty": 0.5
    }, 
    "rating": 4.17, 
    "totalTimeInSeconds": 2100.0, 
    "ingredients": [
        "buttermilk", 
        "buttermilk", 
        "vegetable oil", 
        "confectioners sugar", 
        "carrots", 
        "crushed pineapple", 
        "brown sugar", 
        "baking powder", 
        "ground allspice", 
        "ground cinnamon", 
        "vanilla extract", 
        "white sugar", 
        "ground cinnamon", 
        "all-purpose flour", 
        "flaked coconut", 
        "ground nutmeg", 
        "salt", 
        "eggs"
    ], 
    "smallImageUrls": [
        "http://i.yummly.com/Carrot-Cake-Muffins-With-Cinnamon-Glaze-Allrecipes-50549.s.png"
    ], 
    "sourceDisplayName": "AllRecipes", 
    "recipeName": "Carrot Cake Muffins with Cinnamon Glaze", 
    "attributes": {}, 
    "id": "Carrot-Cake-Muffins-With-Cinnamon-Glaze-Allrecipes"
}{
    "flavors": {
        "sweet": 0.8333333333333334, 
        "sour": 0.5, 
        "salty": 0.5, 
        "piquant": 0.0, 
        "bitter": 0.16666666666666666, 
        "meaty": 0.3333333333333333
    }, 
    "rating": 3.67, 
    "totalTimeInSeconds": 2400.0, 
    "ingredients": [
        "buttermilk", 
        "old-fashioned oats", 
        "brown sugar", 
        "eggs", 
        "ground cinnamon", 
        "baking powder", 
        "baking soda", 
        "all-purpose flour"
    ], 
    "smallImageUrls": [
        "http://i.yummly.com/Oatmeal_cinnamon-Muffins-Allrecipes-66479.s.png"
    ], 
    "sourceDisplayName": "Taste of Home", 
    "recipeName": "Oatmeal-Cinnamon Muffins", 
    "attributes": {
        "course": [
            "Breads", 
            "Breakfast and Brunch"
        ]
    }, 
    "id": "Oatmeal_cinnamon-Muffins-TasteOfHome"
}{
    "flavors": null, 
    "rating": 0.0, 
    "totalTimeInSeconds": 2400.0, 
    "ingredients": [
        "milk", 
        "sugar", 
        "vanilla extract", 
        "eggs", 
        "canola oil", 
        "baking powder", 
        "white flour", 
        "semisweet chocolate chips", 
        "whole wheat flour"
    ], 
    "smallImageUrls": [
        "http://i.yummly.com/11da194e-ddcd-4574-8ef0-a9ebc8b3569c.s.jpg"
    ], 
    "recipeName": "Mama's (Healthy) Chocolate Chip Muffins", 
    "attributes": {
        "course": [
            "Breads", 
            "Breakfast and Brunch"
        ]
    }, 
    "id": "Mama_s-_Healthy_-Chocolate-Chip-Muffins-AmyStrother-291923"
}{
    "flavors": {
        "sweet": 1.0, 
        "sour": 0.5, 
        "salty": 0.5, 
        "piquant": 0.0, 
        "bitter": 0.5, 
        "meaty": 0.5
    }, 
    "rating": 4.67, 
    "totalTimeInSeconds": 2100.0, 
    "ingredients": [
        "white sugar", 
        "all-purpose flour", 
        "salt", 
        "milk", 
        "vegetable oil", 
        "egg", 
        "baking powder"
    ], 
    "smallImageUrls": [
        "http://i.yummly.com/Best-Ever-_and-Most-Versatile_-Muffins_-Recipezaar-157103.s.jpg"
    ], 
    "sourceDisplayName": "Food.com", 
    "recipeName": "Best Ever (And Most Versatile) Muffins!", 
    "attributes": {
        "course": [
            "Breads", 
            "Lunch and Snacks"
        ]
    }, 
    "id": "Best-Ever-_and-Most-Versatile_-Muffins_-Recipezaar"
}{
    "flavors": {
        "sweet": 0.8333333333333334, 
        "sour": 0.3333333333333333, 
        "salty": 0.6666666666666666, 
        "piquant": 0.0, 
        "bitter": 0.16666666666666666, 
        "meaty": 0.5
    }, 
    "rating": 4.56, 
    "totalTimeInSeconds": 1080.0, 
    "ingredients": [
        "blueberries", 
        "sugar", 
        "egg", 
        "bisquick", 
        "milk", 
        "vegetable oil"
    ], 
    "smallImageUrls": [
        "http://i2.yummly.com/Bisquick-Blueberry-Muffins-Recipezaar.s.jpg", 
        "http://i.yummly.com/Bisquick-Blueberry-Muffins-Recipezaar-193947.s.jpg"
    ], 
    "sourceDisplayName": "Food.com", 
    "recipeName": "Bisquick Blueberry Muffins", 
    "attributes": {
        "course": [
            "Breads", 
            "Breakfast and Brunch"
        ]
    }, 
    "id": "Bisquick-Blueberry-Muffins-Recipezaar"
}{
    "flavors": {
        "sweet": 0.8333333333333334, 
        "sour": 0.5, 
        "salty": 0.3333333333333333, 
        "piquant": 0.0, 
        "bitter": 1.0, 
        "meaty": 0.8333333333333334
    }, 
    "rating": 3.55, 
    "totalTimeInSeconds": 0, 
    "ingredients": [
        "ground allspice", 
        "baking powder", 
        "raisins", 
        "brown sugar", 
        "carrots", 
        "salt", 
        "eggs", 
        "milk", 
        "ground cinnamon", 
        "molasses", 
        "chopped walnuts", 
        "melted butter", 
        "wheat flour", 
        "all-purpose flour"
    ], 
    "smallImageUrls": [
        "http://i.yummly.com/Carrot-Muffins-Allrecipes_1-96965.s.png", 
        "http://i.yummly.com/Carrot-Muffins-Allrecipes_1-96069.s.png"
    ], 
    "sourceDisplayName": "AllRecipes", 
    "recipeName": "Carrot Muffins", 
    "attributes": {
        "course": [
            "Breads", 
            "Breakfast and Brunch", 
            "Lunch and Snacks"
        ]
    }, 
    "id": "Carrot-Muffins-Allrecipes_1"
}{
    "flavors": {
        "sweet": 0.3333333333333333, 
        "sour": 0.6666666666666666, 
        "salty": 1.0, 
        "piquant": 0.0, 
        "bitter": 0.6666666666666666, 
        "meaty": 0.5
    }, 
    "rating": 0.0, 
    "totalTimeInSeconds": 1500.0, 
    "ingredients": [
        "self rising flour", 
        "margarine", 
        "cooking spray", 
        "sour cream"
    ], 
    "smallImageUrls": [
        "http://i.yummly.com/Easiest-Muffins-Food-Network-242668-146296.s.jpg"
    ], 
    "sourceDisplayName": "Food Network", 
    "recipeName": "Easiest Muffins", 
    "attributes": {
        "course": [
            "Breads"
        ]
    }, 
    "id": "Easiest-Muffins-Food-Network-242668"
}{
    "flavors": {
        "sweet": 0.5, 
        "sour": 1.0, 
        "salty": 0.6666666666666666, 
        "piquant": 0.0, 
        "bitter": 0.5, 
        "meaty": 0.6666666666666666
    }, 
    "rating": 0.0, 
    "totalTimeInSeconds": 0, 
    "ingredients": [
        "butter", 
        "broccoli", 
        "large eggs", 
        "muffin mix", 
        "shredded cheddar cheese", 
        "onion"
    ], 
    "smallImageUrls": [
        "http://i.yummly.com/Broccoli-Cornbread-Muffins-My-Recipes-123691.s.png"
    ], 
    "sourceDisplayName": "MyRecipes", 
    "recipeName": "Broccoli Cornbread Muffins", 
    "attributes": {
        "course": [
            "Breads"
        ], 
        "cuisine": [
            "American"
        ]
    }, 
    "id": "Broccoli-Cornbread-Muffins-My-Recipes"
}{
    "flavors": {
        "sweet": 1.0, 
        "sour": 0.8333333333333334, 
        "salty": 0.5, 
        "piquant": 0.0, 
        "bitter": 0.8333333333333334, 
        "meaty": 0.5
    }, 
    "rating": 3.53, 
    "totalTimeInSeconds": 2700.0, 
    "ingredients": [
        "buttermilk", 
        "baking powder", 
        "melted butter", 
        "ground cinnamon", 
        "vanilla extract", 
        "brown sugar", 
        "all-purpose flour", 
        "chips", 
        "bran flakes"
    ], 
    "smallImageUrls": [
        "http://i.yummly.com/Cinnamon-Bran-Muffins-Allrecipes-65164.s.png"
    ], 
    "sourceDisplayName": "AllRecipes", 
    "recipeName": "Cinnamon Bran Muffins", 
    "attributes": {
        "course": [
            "Breads"
        ], 
        "cuisine": [
            "American"
        ]
    }, 
    "id": "Cinnamon-Bran-Muffins-Allrecipes"
}{
    "flavors": {
        "sweet": 0.6666666666666666, 
        "sour": 0.16666666666666666, 
        "salty": 0.6666666666666666, 
        "piquant": 0.0, 
        "bitter": 0.8333333333333334, 
        "meaty": 0.6666666666666666
    }, 
    "rating": 4.6, 
    "totalTimeInSeconds": 2400.0, 
    "ingredients": [
        "wheat flour", 
        "quick cooking oats", 
        "wheat germ", 
        "raisins", 
        "plain yogurt", 
        "melted butter", 
        "ground cloves", 
        "beaten eggs", 
        "salt", 
        "baking soda", 
        "molasses", 
        "ground ginger", 
        "ground cinnamon"
    ], 
    "smallImageUrls": [
        "http://i.yummly.com/Molasses-Raisin-Muffins-Allrecipes-64128.s.png"
    ], 
    "sourceDisplayName": "AllRecipes", 
    "recipeName": "Molasses Raisin Muffins", 
    "attributes": {
        "course": [
            "Breads", 
            "Breakfast and Brunch"
        ]
    }, 
    "id": "Molasses-Raisin-Muffins-Allrecipes"
}{
    "flavors": null, 
    "rating": 5.0, 
    "totalTimeInSeconds": 1800.0, 
    "ingredients": [
        "pumpkin", 
        "vanilla", 
        "pecans", 
        "cake mix", 
        "chocolate chips"
    ], 
    "smallImageUrls": [
        "http://i.yummly.com/Healthy-Mystery-Muffins-Recipezaar-167899.s.jpg"
    ], 
    "sourceDisplayName": "Food.com", 
    "recipeName": "Healthy Mystery Muffins", 
    "attributes": {
        "course": [
            "Breads"
        ]
    }, 
    "id": "Healthy-Mystery-Muffins-Recipezaar"
}{
    "flavors": {
        "sweet": 0.16666666666666666, 
        "sour": 0.3333333333333333, 
        "salty": 0.16666666666666666, 
        "piquant": 0.0, 
        "bitter": 0.6666666666666666, 
        "meaty": 0.6666666666666666
    }, 
    "rating": 3.94, 
    "totalTimeInSeconds": 1800.0, 
    "ingredients": [
        "ground cinnamon", 
        "salt", 
        "raisins", 
        "ground nutmeg", 
        "eggs", 
        "baking powder", 
        "buttermilk", 
        "vegetable oil", 
        "ground cloves", 
        "applesauce", 
        "shredded carrots", 
        "honey", 
        "wheat flour", 
        "all-purpose flour"
    ], 
    "smallImageUrls": [
        "http://i.yummly.com/Dark-Carrot-Raisin-Muffins-Allrecipes-73516.s.png"
    ], 
    "sourceDisplayName": "AllRecipes", 
    "recipeName": "Dark Carrot Raisin Muffins", 
    "attributes": {
        "course": [
            "Breads"
        ]
    }, 
    "id": "Dark-Carrot-Raisin-Muffins-Allrecipes"
}{
    "flavors": {
        "sweet": 0.16666666666666666, 
        "sour": 0.6666666666666666, 
        "salty": 0.8333333333333334, 
        "piquant": 0.0, 
        "bitter": 0.3333333333333333, 
        "meaty": 0.3333333333333333
    }, 
    "rating": 4.5, 
    "totalTimeInSeconds": 1500.0, 
    "ingredients": [
        "egg substitute", 
        "margarine", 
        "garlic powder", 
        "onion powder", 
        "grated parmesan cheese", 
        "nonfat buttermilk", 
        "all-purpose flour", 
        "salt", 
        "baking powder", 
        "old-fashioned oats", 
        "crumbles", 
        "baking soda"
    ], 
    "smallImageUrls": [
        "http://i.yummly.com/Savory-Sausage_-Cheese-And-Oat-Muffins-Allrecipes-50696.s.png"
    ], 
    "sourceDisplayName": "AllRecipes", 
    "recipeName": "Savory Sausage, Cheese and Oat Muffins", 
    "attributes": {
        "course": [
            "Breads", 
            "Breakfast and Brunch"
        ]
    }, 
    "id": "Savory-Sausage_-Cheese-And-Oat-Muffins-Allrecipes"
}{
    "flavors": {
        "sweet": 1.0, 
        "sour": 0.16666666666666666, 
        "salty": 0.3333333333333333, 
        "piquant": 0.0, 
        "bitter": 0.3333333333333333, 
        "meaty": 0.8333333333333334
    }, 
    "rating": 4.82, 
    "totalTimeInSeconds": 1980.0, 
    "ingredients": [
        "eggs", 
        "chopped pecans", 
        "all-purpose flour", 
        "light brown sugar", 
        "salted butter"
    ], 
    "smallImageUrls": [
        "http://i.yummly.com/Mini-Pecan-Muffins-Recipezaar-187405.s.jpg"
    ], 
    "sourceDisplayName": "Food.com", 
    "recipeName": "Mini Pecan Muffins", 
    "attributes": {
        "course": [
            "Breads"
        ], 
        "cuisine": [
            "American"
        ]
    }, 
    "id": "Mini-Pecan-Muffins-Recipezaar"
}{
    "flavors": {
        "sweet": 0.16666666666666666, 
        "sour": 0.6666666666666666, 
        "salty": 0.6666666666666666, 
        "piquant": 0.0, 
        "bitter": 0.3333333333333333, 
        "meaty": 0.5
    }, 
    "rating": 4.63, 
    "totalTimeInSeconds": 2700.0, 
    "ingredients": [
        "egg", 
        "ground cinnamon", 
        "tart apples", 
        "baking soda", 
        "egg whites", 
        "baking powder", 
        "buttermilk", 
        "milk", 
        "salt", 
        "reduced fat ricotta cheese", 
        "vanilla extract", 
        "canola oil", 
        "all-purpose flour", 
        "sugar"
    ], 
    "smallImageUrls": [
        "http://i.yummly.com/Cinnamon-Apple-Muffins-Allrecipes-95503.s.png", 
        "http://i.yummly.com/Cinnamon-Apple-Muffins-Allrecipes-94642.s.png"
    ], 
    "sourceDisplayName": "Taste of Home", 
    "recipeName": "Cinnamon Apple Muffins", 
    "attributes": {
        "course": [
            "Breads", 
            "Breakfast and Brunch"
        ]
    }, 
    "id": "Cinnamon-Apple-Muffins-TasteOfHome"
}{
    "flavors": {
        "sweet": 0.8333333333333334, 
        "sour": 0.6666666666666666, 
        "salty": 0.16666666666666666, 
        "piquant": 0.0, 
        "bitter": 0.5, 
        "meaty": 0.6666666666666666
    }, 
    "rating": 4.11, 
    "totalTimeInSeconds": 2100.0, 
    "ingredients": [
        "instant vanilla pudding mix", 
        "all-purpose flour", 
        "vanilla extract", 
        "baking powder", 
        "instant butterscotch pudding mix", 
        "salt", 
        "water", 
        "chopped pecans", 
        "brown sugar", 
        "eggs", 
        "ground cinnamon", 
        "sugar", 
        "canola oil"
    ], 
    "smallImageUrls": [
        "http://i.yummly.com/Butterscotch-Muffins-Allrecipes-77590.s.png"
    ], 
    "sourceDisplayName": "Taste of Home", 
    "recipeName": "Butterscotch Muffins", 
    "attributes": {
        "course": [
            "Breads"
        ]
    }, 
    "id": "Butterscotch-Muffins-TasteOfHome"
}{
    "flavors": {
        "sweet": 1.0, 
        "sour": 0.3333333333333333, 
        "salty": 0.5, 
        "piquant": 0.0, 
        "bitter": 0.3333333333333333, 
        "meaty": 0.3333333333333333
    }, 
    "rating": 4.0, 
    "totalTimeInSeconds": 600.0, 
    "ingredients": [
        "honey", 
        "bananas", 
        "peanut butter cups", 
        "english muffins"
    ], 
    "smallImageUrls": [
        "http://i.yummly.com/Breakfast-Muffin-Recipezaar-163506.s.jpg"
    ], 
    "sourceDisplayName": "Food.com", 
    "recipeName": "Breakfast Muffin", 
    "attributes": {
        "course": [
            "Breads", 
            "Breakfast and Brunch"
        ]
    }, 
    "id": "Breakfast-Muffin-Recipezaar"
}{
    "flavors": {
        "sweet": 0.16666666666666666, 
        "sour": 0.6666666666666666, 
        "salty": 0.8333333333333334, 
        "piquant": 0.0, 
        "bitter": 1.0, 
        "meaty": 0.8333333333333334
    }, 
    "rating": 4.71, 
    "totalTimeInSeconds": 2100.0, 
    "ingredients": [
        "sugar", 
        "baking powder", 
        "salt", 
        "vegetable oil", 
        "baking soda", 
        "all-purpose flour", 
        "cranberries", 
        "apples", 
        "chopped walnuts", 
        "shredded carrots", 
        "eggs", 
        "ground cinnamon"
    ], 
    "smallImageUrls": [
        "http://i.yummly.com/New-York-State-Muffins-Allrecipes-66475.s.png"
    ], 
    "sourceDisplayName": "Taste of Home", 
    "recipeName": "New York State Muffins", 
    "attributes": {
        "course": [
            "Breads"
        ], 
        "cuisine": [
            "American"
        ]
    }, 
    "id": "New-York-State-Muffins-TasteOfHome"
}{
    "flavors": {
        "sweet": 0.3333333333333333, 
        "sour": 0.3333333333333333, 
        "salty": 0.5, 
        "piquant": 0.0, 
        "bitter": 0.3333333333333333, 
        "meaty": 0.5
    }, 
    "rating": 4.21, 
    "totalTimeInSeconds": 2700.0, 
    "ingredients": [
        "parsley", 
        "nonstick cooking spray", 
        "chives", 
        "round", 
        "english muffins", 
        "sliced tomato", 
        "eggs"
    ], 
    "smallImageUrls": [
        "http://i2.yummly.com/Healthy-Breakfast-Sandwich-Food-Network-1.s.png", 
        "http://i.yummly.com/Healthy-Breakfast-Sandwich-Food-Network-146362.s.jpg"
    ], 
    "sourceDisplayName": "Food Network", 
    "recipeName": "Healthy Breakfast Sandwich", 
    "attributes": {
        "course": [
            "Breakfast and Brunch"
        ]
    }, 
    "id": "Healthy-Breakfast-Sandwich-Food-Network"
}{
    "flavors": {
        "sweet": 1.0, 
        "sour": 0.5, 
        "salty": 0.6666666666666666, 
        "piquant": 0.0, 
        "bitter": 0.16666666666666666, 
        "meaty": 0.3333333333333333
    }, 
    "rating": 4.0, 
    "totalTimeInSeconds": 2400.0, 
    "ingredients": [
        "all-purpose flour", 
        "egg", 
        "vanilla extract", 
        "baking powder", 
        "white sugar", 
        "yellow cornmeal", 
        "baking soda", 
        "salt", 
        "vegetable oil", 
        "buttermilk", 
        "blueberries"
    ], 
    "smallImageUrls": [
        "http://i.yummly.com/Berry_blue-Corn-Muffins-Allrecipes-67496.s.png"
    ], 
    "sourceDisplayName": "AllRecipes", 
    "recipeName": "Berry-Blue Corn Muffins", 
    "attributes": {
        "course": [
            "Breads"
        ]
    }, 
    "id": "Berry_blue-Corn-Muffins-Allrecipes"
}{
    "flavors": {
        "sweet": 0.8333333333333334, 
        "sour": 0.6666666666666666, 
        "salty": 0.16666666666666666, 
        "piquant": 0.0, 
        "bitter": 0.16666666666666666, 
        "meaty": 0.3333333333333333
    }, 
    "rating": 4.69, 
    "totalTimeInSeconds": 0, 
    "ingredients": [
        "apple juice", 
        "pecans", 
        "granulated sugar", 
        "vegetable oil", 
        "egg", 
        "mincemeat", 
        "all-purpose flour", 
        "cinnamon", 
        "confectioners' sugar", 
        "baking powder", 
        "apple juice", 
        "apple", 
        "cinnamon"
    ], 
    "smallImageUrls": [], 
    "sourceDisplayName": "Epicurious", 
    "recipeName": "Mincemeat Muffins", 
    "attributes": {
        "course": [
            "Desserts", 
            "Breakfast and Brunch"
        ], 
        "holiday": [
            "Christmas"
        ]
    }, 
    "id": "Mincemeat-Muffins-Epicurious-50169"
}{
    "flavors": {
        "sweet": 0.0, 
        "sour": 0.6666666666666666, 
        "salty": 1.0, 
        "piquant": 0.0, 
        "bitter": 0.5, 
        "meaty": 0.3333333333333333
    }, 
    "rating": 4.75, 
    "totalTimeInSeconds": 1200.0, 
    "ingredients": [
        "milk", 
        "self rising flour", 
        "mayonnaise"
    ], 
    "smallImageUrls": [
        "http://i.yummly.com/Fluffy-Biscuit-Muffins-Allrecipes-72656.s.png"
    ], 
    "sourceDisplayName": "Taste of Home", 
    "recipeName": "Fluffy Biscuit Muffins", 
    "attributes": {
        "course": [
            "Breads"
        ]
    }, 
    "id": "Fluffy-Biscuit-Muffins-TasteOfHome"
}{
    "flavors": {
        "sweet": 0.6666666666666666, 
        "sour": 0.5, 
        "salty": 0.16666666666666666, 
        "piquant": 0.0, 
        "bitter": 0.8333333333333334, 
        "meaty": 0.5
    }, 
    "rating": 4.19, 
    "totalTimeInSeconds": 2100.0, 
    "ingredients": [
        "chopped walnuts", 
        "tart apples", 
        "sugar", 
        "wheat flour", 
        "margarine", 
        "ground cinnamon", 
        "all-purpose flour", 
        "ground cinnamon", 
        "granola cereal", 
        "brown sugar", 
        "egg", 
        "fat free milk", 
        "salt", 
        "baking powder", 
        "fat free milk"
    ], 
    "smallImageUrls": [
        "http://i.yummly.com/Crunchy-Apple-Muffins-Allrecipes-54217.s.png"
    ], 
    "sourceDisplayName": "Taste of Home", 
    "recipeName": "Crunchy Apple Muffins", 
    "attributes": {
        "course": [
            "Breads", 
            "Breakfast and Brunch"
        ]
    }, 
    "id": "Crunchy-Apple-Muffins-TasteOfHome"
}{
    "flavors": {
        "sweet": 0.8333333333333334, 
        "sour": 0.0, 
        "salty": 0.8333333333333334, 
        "piquant": 0.0, 
        "bitter": 0.16666666666666666, 
        "meaty": 0.3333333333333333
    }, 
    "rating": 4.6, 
    "totalTimeInSeconds": 2400.0, 
    "ingredients": [
        "couscous", 
        "brown sugar", 
        "salt", 
        "mashed bananas", 
        "baking powder", 
        "cornmeal", 
        "vanilla extract", 
        "eggs", 
        "buttermilk", 
        "vegetable oil", 
        "dried mango", 
        "baking soda"
    ], 
    "smallImageUrls": [
        "http://i.yummly.com/Gritty-Banana-Mango-Corn-Muffins-AllRecipes-53738.s.png"
    ], 
    "sourceDisplayName": "AllRecipes", 
    "recipeName": "Gritty Banana Mango Corn Muffins", 
    "attributes": {
        "course": [
            "Breads"
        ]
    }, 
    "id": "Gritty-Banana-Mango-Corn-Muffins-AllRecipes"
}{
    "flavors": {
        "sweet": 0.8333333333333334, 
        "sour": 0.5, 
        "salty": 1.0, 
        "piquant": 0.5, 
        "bitter": 0.6666666666666666, 
        "meaty": 1.0
    }, 
    "rating": 5.0, 
    "totalTimeInSeconds": 1680.0, 
    "ingredients": [
        "brown sugar", 
        "buttermilk biscuit", 
        "ketchup", 
        "chili powder", 
        "cider vinegar", 
        "shredded cheddar cheese", 
        "ground beef"
    ], 
    "smallImageUrls": [
        "http://i.yummly.com/Bbq-Muffins-Recipezaar-164956.s.jpg"
    ], 
    "sourceDisplayName": "Food.com", 
    "recipeName": "BBQ Muffins", 
    "attributes": {
        "course": [
            "Breads"
        ]
    }, 
    "id": "Bbq-Muffins-Recipezaar"
}{
    "flavors": {
        "sweet": 0.6666666666666666, 
        "sour": 1.0, 
        "salty": 1.0, 
        "piquant": 0.8333333333333334, 
        "bitter": 0.8333333333333334, 
        "meaty": 0.8333333333333334
    }, 
    "rating": 4.62, 
    "totalTimeInSeconds": 5400.0, 
    "ingredients": [
        "sour cream", 
        "shredded cheddar cheese", 
        "green chilies", 
        "onion", 
        "muffin mix", 
        "cream style corn", 
        "beaten eggs", 
        "melted butter", 
        "corn kernels"
    ], 
    "smallImageUrls": [
        "http://i.yummly.com/Corn-Casserole-I-Allrecipes-56499.s.png"
    ], 
    "sourceDisplayName": "AllRecipes", 
    "recipeName": "Corn Casserole I", 
    "attributes": {
        "course": [
            "Side Dishes"
        ]
    }, 
    "id": "Corn-Casserole-I-Allrecipes"
}{
    "flavors": {
        "sweet": 0.16666666666666666, 
        "sour": 0.5, 
        "salty": 0.16666666666666666, 
        "piquant": 0.0, 
        "bitter": 0.16666666666666666, 
        "meaty": 0.5
    }, 
    "rating": 4.0, 
    "totalTimeInSeconds": 2400.0, 
    "ingredients": [
        "sugar", 
        "blueberries", 
        "vegetable oil", 
        "milk", 
        "egg whites", 
        "cornmeal", 
        "all-purpose flour", 
        "baking powder", 
        "salt"
    ], 
    "smallImageUrls": [
        "http://i.yummly.com/Blueberry-Cornmeal-Muffins-Allrecipes_1-66539.s.png"
    ], 
    "sourceDisplayName": "AllRecipes", 
    "recipeName": "Blueberry Cornmeal Muffins", 
    "attributes": {
        "course": [
            "Breads"
        ]
    }, 
    "id": "Blueberry-Cornmeal-Muffins-Allrecipes_1"
}{
    "flavors": {
        "sweet": 1.0, 
        "sour": 0.8333333333333334, 
        "salty": 0.6666666666666666, 
        "piquant": 0.0, 
        "bitter": 0.16666666666666666, 
        "meaty": 0.5
    }, 
    "rating": 4.58, 
    "totalTimeInSeconds": 1380.0, 
    "ingredients": [
        "strawberries", 
        "baking soda", 
        "cinnamon", 
        "all-purpose flour", 
        "vegetable oil", 
        "salt", 
        "eggs", 
        "sugar"
    ], 
    "smallImageUrls": [
        "http://i.yummly.com/Berry_smash-Muffins-_strawberry-Muffins_-Recipezaar-232469.s.jpg"
    ], 
    "sourceDisplayName": "Food.com", 
    "recipeName": "Berry-Smash Muffins (Strawberry Muffins)", 
    "attributes": {
        "course": [
            "Breads"
        ]
    }, 
    "id": "Berry_smash-Muffins-_strawberry-Muffins_-Recipezaar"
}{
    "flavors": {
        "sweet": 0.0, 
        "sour": 0.6666666666666666, 
        "salty": 0.6666666666666666, 
        "piquant": 0.0, 
        "bitter": 0.16666666666666666, 
        "meaty": 0.3333333333333333
    }, 
    "rating": 3.59, 
    "totalTimeInSeconds": 1800.0, 
    "ingredients": [
        "shortening", 
        "salt", 
        "dried cherries", 
        "baking soda", 
        "egg", 
        "buttermilk", 
        "all-purpose flour", 
        "sugar"
    ], 
    "smallImageUrls": [
        "http://i.yummly.com/Dried-Cherry-Muffins-Allrecipes-82549.s.png", 
        "http://i.yummly.com/Dried-Cherry-Muffins-Allrecipes-82414.s.png"
    ], 
    "sourceDisplayName": "Taste of Home", 
    "recipeName": "Dried Cherry Muffins", 
    "attributes": {
        "course": [
            "Breads"
        ]
    }, 
    "id": "Dried-Cherry-Muffins-TasteOfHome"
}{
    "flavors": {
        "sweet": 0.16666666666666666, 
        "sour": 0.8333333333333334, 
        "salty": 0.8333333333333334, 
        "piquant": 0.0, 
        "bitter": 0.5, 
        "meaty": 0.5
    }, 
    "rating": 3.87, 
    "totalTimeInSeconds": 0, 
    "ingredients": [
        "butter", 
        "ground cinnamon", 
        "muffin mix", 
        "apple pie filling"
    ], 
    "smallImageUrls": [
        "http://i.yummly.com/Apple-Dump-Cake-Allrecipes-49809.s.png"
    ], 
    "sourceDisplayName": "AllRecipes", 
    "recipeName": "Apple Dump Cake", 
    "attributes": {
        "course": [
            "Desserts"
        ]
    }, 
    "id": "Apple-Dump-Cake-Allrecipes"
}{
    "flavors": {
        "sweet": 1.0, 
        "sour": 0.0, 
        "salty": 0.5, 
        "piquant": 0.0, 
        "bitter": 0.16666666666666666, 
        "meaty": 0.6666666666666666
    }, 
    "rating": 4.86, 
    "totalTimeInSeconds": 1920.0, 
    "ingredients": [
        "peanut butter", 
        "muffin", 
        "rice cereal", 
        "brown sugar", 
        "corn syrup"
    ], 
    "smallImageUrls": [], 
    "sourceDisplayName": "Food Network", 
    "recipeName": "Chocolate-Peanut Butter Crispies", 
    "attributes": {
        "course": [
            "Desserts"
        ], 
        "cuisine": [
            "American"
        ]
    }, 
    "id": "Chocolate_peanut-Butter-Crispies-Food-Network"
}{
    "flavors": {
        "sweet": 0.5, 
        "sour": 0.8333333333333334, 
        "salty": 0.16666666666666666, 
        "piquant": 0.0, 
        "bitter": 0.16666666666666666, 
        "meaty": 0.6666666666666666
    }, 
    "rating": 4.4, 
    "totalTimeInSeconds": 3600.0, 
    "ingredients": [
        "sugar", 
        "ground cinnamon", 
        "baking powder", 
        "eggs", 
        "all-purpose flour", 
        "apple", 
        "cranberries", 
        "vegetable oil", 
        "vanilla extract", 
        "cranberry juice", 
        "salt", 
        "sugar"
    ], 
    "smallImageUrls": [
        "http://i.yummly.com/Apple_filled-Cranberry-Muffins-Allrecipes-66546.s.png"
    ], 
    "sourceDisplayName": "Taste of Home", 
    "recipeName": "Apple-Filled Cranberry Muffins", 
    "attributes": {
        "course": [
            "Breakfast and Brunch"
        ]
    }, 
    "id": "Apple_filled-Cranberry-Muffins-TasteOfHome"
}{
    "flavors": {
        "sweet": 0.6666666666666666, 
        "sour": 0.5, 
        "salty": 1.0, 
        "piquant": 0.0, 
        "bitter": 0.8333333333333334, 
        "meaty": 0.5
    }, 
    "rating": 4.5, 
    "totalTimeInSeconds": 2700.0, 
    "ingredients": [
        "corn kernels", 
        "cream of chicken soup", 
        "eggs", 
        "grated parmesan cheese", 
        "muffin mix", 
        "french fried onions", 
        "milk"
    ], 
    "smallImageUrls": [
        "http://i.yummly.com/Campbell_s-Kitchen-Baked-Corn-Casserole-AllRecipes-64261.s.png"
    ], 
    "sourceDisplayName": "AllRecipes", 
    "recipeName": "Campbell's Kitchen Baked Corn Casserole", 
    "attributes": {
        "course": [
            "Side Dishes"
        ]
    }, 
    "id": "Campbell_s-Kitchen-Baked-Corn-Casserole-AllRecipes"
}{
    "flavors": {
        "sweet": 0.8333333333333334, 
        "sour": 0.16666666666666666, 
        "salty": 0.3333333333333333, 
        "piquant": 0.0, 
        "bitter": 0.16666666666666666, 
        "meaty": 0.6666666666666666
    }, 
    "rating": 4.63, 
    "totalTimeInSeconds": 2040.0, 
    "ingredients": [
        "whole wheat flour", 
        "canola oil", 
        "unsweetened applesauce", 
        "cinnamon", 
        "baking soda", 
        "raisins", 
        "brown sugar"
    ], 
    "smallImageUrls": [
        "http://i.yummly.com/Whole-Wheat-Breakfast-Muffins-Recipezaar_1-189365.s.jpg"
    ], 
    "sourceDisplayName": "Food.com", 
    "recipeName": "Whole Wheat Breakfast Muffins", 
    "attributes": {
        "course": [
            "Breads", 
            "Breakfast and Brunch"
        ]
    }, 
    "id": "Whole-Wheat-Breakfast-Muffins-Recipezaar_1"
}{
    "flavors": {
        "sweet": 0.8333333333333334, 
        "sour": 0.3333333333333333, 
        "salty": 0.6666666666666666, 
        "piquant": 0.0, 
        "bitter": 0.16666666666666666, 
        "meaty": 0.6666666666666666
    }, 
    "rating": 5.0, 
    "totalTimeInSeconds": 1620.0, 
    "ingredients": [
        "vegetable oil", 
        "milk", 
        "water", 
        "eggs", 
        "corn muffin", 
        "yellow cake mix"
    ], 
    "smallImageUrls": [], 
    "sourceDisplayName": "Food.com", 
    "recipeName": "Sunshine Muffins", 
    "attributes": {
        "course": [
            "Breads"
        ]
    }, 
    "id": "Sunshine-Muffins-Recipezaar"
}{
    "flavors": {
        "sweet": 1.0, 
        "sour": 0.5, 
        "salty": 0.6666666666666666, 
        "piquant": 0.0, 
        "bitter": 1.0, 
        "meaty": 0.5
    }, 
    "rating": 0.0, 
    "totalTimeInSeconds": 0, 
    "ingredients": [
        "baking powder", 
        "large egg", 
        "brown sugar", 
        "pure vanilla extract", 
        "quinoa", 
        "salt", 
        "raisins", 
        "vegetable oil", 
        "whole milk", 
        "flour"
    ], 
    "smallImageUrls": [
        "http://i.yummly.com/Quinoa-Muffins-Martha-Stewart-107260.s.png"
    ], 
    "sourceDisplayName": "Martha Stewart", 
    "recipeName": "Quinoa Muffins", 
    "attributes": {
        "course": [
            "Breads", 
            "Breakfast and Brunch"
        ]
    }, 
    "id": "Quinoa-Muffins-Martha-Stewart"
}{
    "flavors": {
        "sweet": 0.6666666666666666, 
        "sour": 0.3333333333333333, 
        "salty": 0.5, 
        "piquant": 0.0, 
        "bitter": 0.16666666666666666, 
        "meaty": 0.3333333333333333
    }, 
    "rating": 4.5, 
    "totalTimeInSeconds": 420.0, 
    "ingredients": [
        "red onions", 
        "cooked bacon", 
        "miracle whip light", 
        "english muffins", 
        "fresh basil", 
        "sliced tomato"
    ], 
    "smallImageUrls": [
        "http://i.yummly.com/Brunch-B-T-On-English-Muffins-Recipezaar-248915.s.jpg"
    ], 
    "sourceDisplayName": "Food.com", 
    "recipeName": "Brunch B T on English Muffins", 
    "attributes": {
        "course": [
            "Breakfast and Brunch", 
            "Lunch and Snacks"
        ]
    }, 
    "id": "Brunch-B-T-On-English-Muffins-Recipezaar"
}{
    "flavors": {
        "sweet": 0.3333333333333333, 
        "sour": 1.0, 
        "salty": 0.16666666666666666, 
        "piquant": 0.0, 
        "bitter": 0.16666666666666666, 
        "meaty": 0.6666666666666666
    }, 
    "rating": 4.57, 
    "totalTimeInSeconds": 0, 
    "ingredients": [
        "active dry yeast", 
        "water", 
        "cornmeal", 
        "baking soda", 
        "white sugar", 
        "salt", 
        "milk", 
        "all-purpose flour"
    ], 
    "smallImageUrls": [
        "http://i.yummly.com/English-Muffin-Loaves-Allrecipes_2-55716.s.png"
    ], 
    "sourceDisplayName": "AllRecipes", 
    "recipeName": "English Muffin Loaves", 
    "attributes": {
        "course": [
            "Breads"
        ]
    }, 
    "id": "English-Muffin-Loaves-Allrecipes_2"
}{
    "flavors": {
        "sweet": 0.16666666666666666, 
        "sour": 0.6666666666666666, 
        "salty": 0.3333333333333333, 
        "piquant": 0.0, 
        "bitter": 0.3333333333333333, 
        "meaty": 0.8333333333333334
    }, 
    "rating": 4.1, 
    "totalTimeInSeconds": 1800.0, 
    "ingredients": [
        "pepper", 
        "buttermilk", 
        "honey", 
        "vegetable oil", 
        "shredded cheddar cheese", 
        "baking powder", 
        "all-purpose flour", 
        "salt", 
        "egg"
    ], 
    "smallImageUrls": [
        "http://i.yummly.com/Peppery-Cheddar-Muffins-Allrecipes-68935.s.png"
    ], 
    "sourceDisplayName": "Taste of Home", 
    "recipeName": "Peppery Cheddar Muffins", 
    "attributes": {
        "course": [
            "Breads"
        ]
    }, 
    "id": "Peppery-Cheddar-Muffins-TasteOfHome"
}{
    "flavors": {
        "sweet": 1.0, 
        "sour": 0.6666666666666666, 
        "salty": 0.8333333333333334, 
        "piquant": 0.0, 
        "bitter": 0.6666666666666666, 
        "meaty": 0.8333333333333334
    }, 
    "rating": 3.93, 
    "totalTimeInSeconds": 3600.0, 
    "ingredients": [
        "granulated sugar", 
        "unsalted butter", 
        "baking soda", 
        "wheat flour", 
        "raisins", 
        "eggs", 
        "all-purpose flour", 
        "quick-cooking oats", 
        "buttermilk", 
        "brown sugar", 
        "bran cereal", 
        "muffin", 
        "bran cereal", 
        "salt", 
        "grape nuts cereal"
    ], 
    "smallImageUrls": [], 
    "sourceDisplayName": "Epicurious", 
    "recipeName": "Bran Raisin Muffins", 
    "attributes": {
        "course": [
            "Breads"
        ], 
        "cuisine": [
            "American"
        ]
    }, 
    "id": "Bran-Raisin-Muffins-Epicurious"
}{
    "flavors": {
        "sweet": 0.6666666666666666, 
        "sour": 0.3333333333333333, 
        "salty": 0.3333333333333333, 
        "piquant": 0.0, 
        "bitter": 0.3333333333333333, 
        "meaty": 0.3333333333333333
    }, 
    "rating": 4.57, 
    "totalTimeInSeconds": 1500.0, 
    "ingredients": [
        "english muffins", 
        "ranch style salad dressing", 
        "smoked cheddar cheese", 
        "sweet onion", 
        "alfalfa sprouts", 
        "toasted sesame seeds", 
        "tomato", 
        "avocado"
    ], 
    "smallImageUrls": [
        "http://i.yummly.com/The-Best-Veggie-Sandwich-Allrecipes-65254.s.png"
    ], 
    "sourceDisplayName": "AllRecipes", 
    "recipeName": "The Best Veggie Sandwich", 
    "attributes": {
        "course": [
            "Lunch and Snacks"
        ]
    }, 
    "id": "The-Best-Veggie-Sandwich-Allrecipes"
}{
    "flavors": {
        "sweet": 0.3333333333333333, 
        "sour": 0.3333333333333333, 
        "salty": 0.5, 
        "piquant": 0.0, 
        "bitter": 0.5, 
        "meaty": 0.3333333333333333
    }, 
    "rating": 4.0, 
    "totalTimeInSeconds": 1800.0, 
    "ingredients": [
        "eggs", 
        "english muffins", 
        "condensed cream of chicken soup", 
        "milk", 
        "bacon"
    ], 
    "smallImageUrls": [
        "http://i.yummly.com/Dad_s-Souper-Brunch-Allrecipes-74575.s.png"
    ], 
    "sourceDisplayName": "AllRecipes", 
    "recipeName": "Dad's Souper Brunch", 
    "attributes": {
        "course": [
            "Breakfast and Brunch"
        ]
    }, 
    "id": "Dad_s-Souper-Brunch-Allrecipes"
}{
    "flavors": {
        "sweet": 0.16666666666666666, 
        "sour": 0.0, 
        "salty": 0.8333333333333334, 
        "piquant": 0.0, 
        "bitter": 0.8333333333333334, 
        "meaty": 0.5
    }, 
    "rating": 3.5, 
    "totalTimeInSeconds": 1800.0, 
    "ingredients": [
        "baking soda", 
        "buttermilk", 
        "baking powder", 
        "molasses", 
        "wheat flour", 
        "salt", 
        "vegetable oil", 
        "soy flour", 
        "beaten eggs", 
        "rye flour"
    ], 
    "smallImageUrls": [
        "http://i.yummly.com/Multigrain-Muffins-Allrecipes-96578.s.png", 
        "http://i.yummly.com/Multigrain-Muffins-Allrecipes-95694.s.png"
    ], 
    "sourceDisplayName": "AllRecipes", 
    "recipeName": "Multigrain Muffins", 
    "attributes": {
        "course": [
            "Breads"
        ], 
        "cuisine": [
            "American"
        ]
    }, 
    "id": "Multigrain-Muffins-Allrecipes"
}{
    "flavors": null, 
    "rating": 0.0, 
    "totalTimeInSeconds": 2160.0, 
    "ingredients": [
        "sweet paprika", 
        "corn muffin", 
        "bacon", 
        "extra-virgin olive oil", 
        "cheddar", 
        "chives"
    ], 
    "smallImageUrls": [], 
    "sourceDisplayName": "Food Network", 
    "recipeName": "Corn Muffins with Bacon Bits and Cheddar Cheese", 
    "attributes": {
        "course": [
            "Breads"
        ]
    }, 
    "id": "Corn-Muffins-with-Bacon-Bits-and-Cheddar-Cheese-Food-Network-276357"
}{
    "flavors": {
        "sweet": 0.0, 
        "sour": 0.5, 
        "salty": 0.16666666666666666, 
        "piquant": 0.0, 
        "bitter": 0.16666666666666666, 
        "meaty": 0.3333333333333333
    }, 
    "rating": 4.5, 
    "totalTimeInSeconds": 1500.0, 
    "ingredients": [
        "all-purpose flour", 
        "egg substitute", 
        "canola oil", 
        "salt", 
        "sugar", 
        "fat-free evaporated milk", 
        "baking powder", 
        "cornmeal"
    ], 
    "smallImageUrls": [
        "http://i.yummly.com/Mini-Corn-Muffins-Allrecipes-75191.s.png"
    ], 
    "sourceDisplayName": "Taste of Home", 
    "recipeName": "Mini Corn Muffins", 
    "attributes": {
        "course": [
            "Breads"
        ]
    }, 
    "id": "Mini-Corn-Muffins-TasteOfHome"
}{
    "flavors": {
        "sweet": 0.8333333333333334, 
        "sour": 0.5, 
        "salty": 0.5, 
        "piquant": 0.0, 
        "bitter": 1.0, 
        "meaty": 0.6666666666666666
    }, 
    "rating": 4.0, 
    "totalTimeInSeconds": 2400.0, 
    "ingredients": [
        "all-purpose flour", 
        "melted butter", 
        "egg whites", 
        "rolled oats", 
        "baking soda", 
        "baking powder", 
        "milk", 
        "salt", 
        "brown sugar", 
        "applesauce", 
        "pitted date"
    ], 
    "smallImageUrls": [
        "http://i.yummly.com/Date-Oat-Muffins-Allrecipes-62610.s.png"
    ], 
    "sourceDisplayName": "AllRecipes", 
    "recipeName": "Date Oat Muffins", 
    "attributes": {
        "course": [
            "Breads", 
            "Breakfast and Brunch"
        ]
    }, 
    "id": "Date-Oat-Muffins-Allrecipes"
}{
    "flavors": {
        "sweet": 0.16666666666666666, 
        "sour": 0.0, 
        "salty": 0.16666666666666666, 
        "piquant": 0.0, 
        "bitter": 0.16666666666666666, 
        "meaty": 0.3333333333333333
    }, 
    "rating": 0.0, 
    "totalTimeInSeconds": 2400.0, 
    "ingredients": [
        "2% milk", 
        "eggs", 
        "welch's reduced sugar grape jelly", 
        "skippy natural creamy peanut butter spread", 
        "original pancake and baking mix", 
        "breakfast sausage"
    ], 
    "smallImageUrls": [
        "http://i.yummly.com/Pancake-_n-sausage-breakfast-muffins-298411-267135.s.jpg"
    ], 
    "sourceDisplayName": "Skippy", 
    "recipeName": "Pancake 'n Sausage Breakfast Muffins", 
    "attributes": {
        "course": [
            "Breakfast and Brunch"
        ]
    }, 
    "id": "Pancake-_n-sausage-breakfast-muffins-298411"
}{
    "flavors": {
        "sweet": 1.0, 
        "sour": 0.5, 
        "salty": 0.3333333333333333, 
        "piquant": 0.0, 
        "bitter": 1.0, 
        "meaty": 0.5
    }, 
    "rating": 3.29, 
    "totalTimeInSeconds": 3600.0, 
    "ingredients": [
        "unsalted butter", 
        "baking soda", 
        "baking powder", 
        "all-purpose flour", 
        "milk", 
        "bittersweet chocolate", 
        "unsweetened cocoa powder", 
        "eggs", 
        "brown sugar", 
        "salt", 
        "sour cherries"
    ], 
    "smallImageUrls": [
        "http://i.yummly.com/Chocolate-Cherry-Muffins-Epicurious-44119.s.png"
    ], 
    "sourceDisplayName": "Epicurious", 
    "recipeName": "Chocolate Cherry Muffins", 
    "attributes": {
        "course": [
            "Breads", 
            "Lunch and Snacks"
        ]
    }, 
    "id": "Chocolate-Cherry-Muffins-Epicurious"
}{
    "flavors": {
        "sweet": 0.5, 
        "sour": 0.16666666666666666, 
        "salty": 0.6666666666666666, 
        "piquant": 0.0, 
        "bitter": 0.8333333333333334, 
        "meaty": 0.5
    }, 
    "rating": 0.0, 
    "totalTimeInSeconds": 0, 
    "ingredients": [
        "potato starch", 
        "large egg", 
        "diced onion", 
        "gluten", 
        "sorghum flour", 
        "salt", 
        "xanthan gum", 
        "baking powder", 
        "grated parmesan cheese", 
        "clove garlic", 
        "brown rice flour", 
        "butter", 
        "milk", 
        "black pepper"
    ], 
    "smallImageUrls": [
        "http://i.yummly.com/Gluten-free-garlic-onion-muffins-302172-142089.s.png"
    ], 
    "sourceDisplayName": "Serious Eats", 
    "recipeName": "Gluten-Free Garlic Onion Muffins", 
    "attributes": {
        "course": [
            "Breads"
        ]
    }, 
    "id": "Gluten-free-garlic-onion-muffins-302172"
}{
    "flavors": {
        "sweet": 0.8333333333333334, 
        "sour": 0.8333333333333334, 
        "salty": 0.5, 
        "piquant": 0.0, 
        "bitter": 0.16666666666666666, 
        "meaty": 0.3333333333333333
    }, 
    "rating": 3.83, 
    "totalTimeInSeconds": 2100.0, 
    "ingredients": [
        "white sugar", 
        "salt", 
        "beaten eggs", 
        "sour cream", 
        "orange", 
        "all-purpose flour", 
        "baking powder", 
        "orange juice", 
        "baking soda", 
        "dates"
    ], 
    "smallImageUrls": [
        "http://i.yummly.com/Orange-Date-Muffins-Allrecipes_1-80060.s.png", 
        "http://i.yummly.com/Orange-Date-Muffins-Allrecipes_1-80048.s.png"
    ], 
    "sourceDisplayName": "AllRecipes", 
    "recipeName": "Orange Date Muffins", 
    "attributes": {
        "course": [
            "Breads"
        ], 
        "holiday": [
            "Christmas"
        ]
    }, 
    "id": "Orange-Date-Muffins-Allrecipes_1"
}{
    "flavors": {
        "sweet": 0.0, 
        "sour": 0.5, 
        "salty": 0.16666666666666666, 
        "piquant": 0.0, 
        "bitter": 0.3333333333333333, 
        "meaty": 0.6666666666666666
    }, 
    "rating": 3.06, 
    "totalTimeInSeconds": 2100.0, 
    "ingredients": [
        "all-purpose flour", 
        "applesauce", 
        "dried blueberries", 
        "milk", 
        "baking powder", 
        "vegetable oil", 
        "salt", 
        "wheat flour"
    ], 
    "smallImageUrls": [
        "http://i.yummly.com/Applesauce-Wheat-Blueberry-Muffins-Allrecipes-50548.s.png"
    ], 
    "sourceDisplayName": "AllRecipes", 
    "recipeName": "Applesauce Wheat Blueberry Muffins", 
    "attributes": {
        "course": [
            "Breads", 
            "Breakfast and Brunch"
        ], 
        "cuisine": [
            "American"
        ]
    }, 
    "id": "Applesauce-Wheat-Blueberry-Muffins-Allrecipes"
}{
    "flavors": {
        "sweet": 0.16666666666666666, 
        "sour": 0.8333333333333334, 
        "salty": 0.16666666666666666, 
        "piquant": 0.0, 
        "bitter": 0.16666666666666666, 
        "meaty": 0.6666666666666666
    }, 
    "rating": 0.0, 
    "totalTimeInSeconds": 0, 
    "ingredients": [
        "sugar", 
        "milk", 
        "salt", 
        "blueberries", 
        "unsalted butter", 
        "egg", 
        "egg yolks", 
        "all-purpose flour", 
        "pure vanilla extract", 
        "baking powder"
    ], 
    "smallImageUrls": [
        "http://i.yummly.com/Blueberry-Muffins-Martha-Stewart-110212.s.png"
    ], 
    "sourceDisplayName": "Martha Stewart", 
    "recipeName": "Blueberry Muffins", 
    "attributes": {
        "course": [
            "Breads", 
            "Breakfast and Brunch", 
            "Lunch and Snacks"
        ], 
        "cuisine": [
            "American"
        ]
    }, 
    "id": "Blueberry-Muffins-Martha-Stewart"
}{
    "flavors": {
        "sweet": 0.8333333333333334, 
        "sour": 0.16666666666666666, 
        "salty": 0.5, 
        "piquant": 0.0, 
        "bitter": 0.3333333333333333, 
        "meaty": 0.5
    }, 
    "rating": 4.58, 
    "totalTimeInSeconds": 1200.0, 
    "ingredients": [
        "cinnamon", 
        "eggs", 
        "sugar", 
        "butter", 
        "english muffins", 
        "maple syrup", 
        "milk"
    ], 
    "smallImageUrls": [
        "http://i.yummly.com/English-Muffin-French-Toast_-Recipezaar-259606.s.jpg"
    ], 
    "sourceDisplayName": "Food.com", 
    "recipeName": "English Muffin French Toast!", 
    "attributes": {
        "course": [
            "Breads", 
            "Breakfast and Brunch"
        ]
    }, 
    "id": "English-Muffin-French-Toast_-Recipezaar"
}{
    "flavors": {
        "sweet": 0.0, 
        "sour": 0.8333333333333334, 
        "salty": 0.16666666666666666, 
        "piquant": 0.0, 
        "bitter": 0.16666666666666666, 
        "meaty": 0.5
    }, 
    "rating": 4.0, 
    "totalTimeInSeconds": 1800.0, 
    "ingredients": [
        "baking powder", 
        "milk", 
        "dried apricots", 
        "vegetable oil", 
        "grated orange", 
        "sugar", 
        "all-purpose flour", 
        "salt", 
        "eggs"
    ], 
    "smallImageUrls": [
        "http://i.yummly.com/Apricot-Muffins-Allrecipes_1-77288.s.png"
    ], 
    "sourceDisplayName": "AllRecipes", 
    "recipeName": "Apricot Muffins", 
    "attributes": {
        "course": [
            "Breads", 
            "Breakfast and Brunch"
        ]
    }, 
    "id": "Apricot-Muffins-Allrecipes_1"
}{
    "flavors": {
        "sweet": 0.3333333333333333, 
        "sour": 0.3333333333333333, 
        "salty": 0.3333333333333333, 
        "piquant": 0.0, 
        "bitter": 0.5, 
        "meaty": 0.8333333333333334
    }, 
    "rating": 3.82, 
    "totalTimeInSeconds": 2100.0, 
    "ingredients": [
        "all-purpose flour", 
        "sugar", 
        "milk", 
        "eggs", 
        "baking powder", 
        "wheat flour", 
        "seasoned salt", 
        "cream cheese", 
        "bacon", 
        "shredded cheddar cheese", 
        "vegetable oil", 
        "salt"
    ], 
    "smallImageUrls": [
        "http://i.yummly.com/Breakfast-In-A-Muffin-Allrecipes-66570.s.png"
    ], 
    "sourceDisplayName": "Taste of Home", 
    "recipeName": "Breakfast in a Muffin", 
    "attributes": {
        "course": [
            "Breads"
        ]
    }, 
    "id": "Breakfast-In-A-Muffin-TasteOfHome"
}{
    "flavors": {
        "sweet": 0.8333333333333334, 
        "sour": 0.5, 
        "salty": 0.5, 
        "piquant": 0.0, 
        "bitter": 0.8333333333333334, 
        "meaty": 0.6666666666666666
    }, 
    "rating": 4.22, 
    "totalTimeInSeconds": 1800.0, 
    "ingredients": [
        "chopped walnuts", 
        "ground nutmeg", 
        "vanilla extract", 
        "salt", 
        "white sugar", 
        "milk", 
        "nonfat yogurt plain", 
        "baking soda", 
        "wheat flour", 
        "all-purpose flour", 
        "baking powder"
    ], 
    "smallImageUrls": [
        "http://i.yummly.com/Whole-Wheat-And-Nuts-Muffins-Allrecipes-93918.s.png", 
        "http://i.yummly.com/Whole-Wheat-And-Nuts-Muffins-Allrecipes-93165.s.png"
    ], 
    "sourceDisplayName": "AllRecipes", 
    "recipeName": "Whole Wheat and Nuts Muffins", 
    "attributes": {
        "course": [
            "Breads", 
            "Breakfast and Brunch"
        ]
    }, 
    "id": "Whole-Wheat-And-Nuts-Muffins-Allrecipes"
}{
    "flavors": {
        "sweet": 0.3333333333333333, 
        "sour": 0.3333333333333333, 
        "salty": 0.8333333333333334, 
        "piquant": 0.0, 
        "bitter": 0.5, 
        "meaty": 0.6666666666666666
    }, 
    "rating": 4.7, 
    "totalTimeInSeconds": 1020.0, 
    "ingredients": [
        "sauce", 
        "garlic salt", 
        "crabmeat", 
        "english muffins", 
        "softened butter", 
        "seasoning salt"
    ], 
    "smallImageUrls": [], 
    "sourceDisplayName": "AllRecipes", 
    "recipeName": "Crabmeat Canapes", 
    "attributes": {
        "course": [
            "Appetizers"
        ], 
        "holiday": [
            "New Year"
        ], 
        "cuisine": [
            "American"
        ]
    }, 
    "id": "Crabmeat-Canapes-Allrecipes"
}{
    "flavors": {
        "sweet": 0.3333333333333333, 
        "sour": 0.3333333333333333, 
        "salty": 0.8333333333333334, 
        "piquant": 0.0, 
        "bitter": 0.6666666666666666, 
        "meaty": 0.5
    }, 
    "rating": 3.97, 
    "totalTimeInSeconds": 1800.0, 
    "ingredients": [
        "crabmeat", 
        "mayonnaise", 
        "grated parmesan cheese", 
        "english muffins", 
        "artichoke hearts", 
        "onion"
    ], 
    "smallImageUrls": [
        "http://i.yummly.com/Artichoke-And-Crabmeat-Triangles-Allrecipes-87031.s.png", 
        "http://i.yummly.com/Artichoke-And-Crabmeat-Triangles-Allrecipes-86691.s.png"
    ], 
    "sourceDisplayName": "AllRecipes", 
    "recipeName": "Artichoke and Crabmeat Triangles", 
    "attributes": {
        "course": [
            "Appetizers"
        ]
    }, 
    "id": "Artichoke-And-Crabmeat-Triangles-Allrecipes"
}{
    "flavors": {
        "sweet": 0.16666666666666666, 
        "sour": 0.6666666666666666, 
        "salty": 0.16666666666666666, 
        "piquant": 0.0, 
        "bitter": 0.16666666666666666, 
        "meaty": 0.3333333333333333
    }, 
    "rating": 4.33, 
    "totalTimeInSeconds": 2400.0, 
    "ingredients": [
        "sugar", 
        "vanilla extract", 
        "ground cinnamon", 
        "strawberry", 
        "ground nutmeg", 
        "sugar", 
        "butter", 
        "salt", 
        "milk", 
        "egg", 
        "butter", 
        "baking powder", 
        "all-purpose flour"
    ], 
    "smallImageUrls": [
        "http://i.yummly.com/Jelly_filled-Muffins-Allrecipes-15089.s.png", 
        "http://i.yummly.com/Jelly_filled-Muffins-Allrecipes-92053.s.png", 
        "http://i.yummly.com/Jelly_filled-Muffins-Allrecipes-91407.s.png"
    ], 
    "sourceDisplayName": "Taste of Home", 
    "recipeName": "Jelly-Filled Muffins", 
    "attributes": {
        "course": [
            "Breads"
        ]
    }, 
    "id": "Jelly_filled-Muffins-TasteOfHome"
}{
    "flavors": {
        "sweet": 0.8333333333333334, 
        "sour": 0.16666666666666666, 
        "salty": 0.5, 
        "piquant": 0.0, 
        "bitter": 0.3333333333333333, 
        "meaty": 0.5
    }, 
    "rating": 5.0, 
    "totalTimeInSeconds": 1200.0, 
    "ingredients": [
        "apple", 
        "sharp cheddar cheese", 
        "apple butter", 
        "english muffins", 
        "honey"
    ], 
    "smallImageUrls": [
        "http://i.yummly.com/Double-Apple-English-Muffins-Recipezaar-255265.s.jpg"
    ], 
    "sourceDisplayName": "Food.com", 
    "recipeName": "Double Apple English Muffins", 
    "attributes": {
        "course": [
            "Breads", 
            "Breakfast and Brunch"
        ]
    }, 
    "id": "Double-Apple-English-Muffins-Recipezaar"
}{
    "flavors": {
        "sweet": 0.0, 
        "sour": 0.5, 
        "salty": 0.16666666666666666, 
        "piquant": 0.0, 
        "bitter": 0.16666666666666666, 
        "meaty": 0.5
    }, 
    "rating": 3.89, 
    "totalTimeInSeconds": 0, 
    "ingredients": [
        "yellow cornmeal", 
        "unsalted butter", 
        "double-acting baking powder", 
        "milk", 
        "all-purpose flour", 
        "honey", 
        "blueberries", 
        "sugar", 
        "egg", 
        "salt"
    ], 
    "smallImageUrls": [], 
    "sourceDisplayName": "Epicurious", 
    "recipeName": "Blueberry Corn Muffins", 
    "attributes": {
        "course": [
            "Breads"
        ]
    }, 
    "id": "Blueberry-Corn-Muffins-Epicurious"
}{
    "flavors": {
        "sweet": 0.0, 
        "sour": 0.0, 
        "salty": 0.16666666666666666, 
        "piquant": 0.0, 
        "bitter": 0.6666666666666666, 
        "meaty": 0.8333333333333334
    }, 
    "rating": 5.0, 
    "totalTimeInSeconds": 2400.0, 
    "ingredients": [
        "old-fashioned oats", 
        "salt", 
        "sugar", 
        "vegetable oil", 
        "wheat flour", 
        "milk", 
        "eggs", 
        "raisins", 
        "eggs", 
        "baking powder"
    ], 
    "smallImageUrls": [
        "http://i.yummly.com/Nestled-Egg-Muffins-Allrecipes-66474.s.png"
    ], 
    "sourceDisplayName": "Taste of Home", 
    "recipeName": "Nestled Egg Muffins", 
    "attributes": {
        "course": [
            "Breakfast and Brunch"
        ]
    }, 
    "id": "Nestled-Egg-Muffins-TasteOfHome"
}{
    "flavors": null, 
    "rating": 4.75, 
    "totalTimeInSeconds": 2700.0, 
    "ingredients": [
        "parmigiano-reggiano", 
        "salt", 
        "unsalted butter", 
        "english muffins", 
        "dijon mustard", 
        "boneless chicken breast", 
        "black pepper", 
        "white wine vinegar"
    ], 
    "smallImageUrls": [], 
    "sourceDisplayName": "Food Network", 
    "recipeName": "Parmesan Chicken", 
    "attributes": {
        "course": [
            "Main Dishes"
        ]
    }, 
    "id": "Parmesan-Chicken-Food-Network_1"
}{
    "flavors": {
        "sweet": 1.0, 
        "sour": 0.5, 
        "salty": 0.6666666666666666, 
        "piquant": 0.0, 
        "bitter": 0.8333333333333334, 
        "meaty": 0.6666666666666666
    }, 
    "rating": 4.64, 
    "totalTimeInSeconds": 1500.0, 
    "ingredients": [
        "walnuts", 
        "melted butter", 
        "milk chocolate chips", 
        "milk", 
        "sugar", 
        "vanilla", 
        "eggs", 
        "baking powder", 
        "light brown sugar", 
        "all-purpose flour", 
        "salt"
    ], 
    "smallImageUrls": [
        "http://i.yummly.com/Chocolate-Chip-Muffins-Recipezaar_9-259098.s.jpg"
    ], 
    "sourceDisplayName": "Food.com", 
    "recipeName": "Chocolate Chip Muffins", 
    "attributes": {
        "course": [
            "Breads", 
            "Breakfast and Brunch", 
            "Lunch and Snacks"
        ]
    }, 
    "id": "Chocolate-Chip-Muffins-Recipezaar_9"
}{
    "flavors": {
        "sweet": 1.0, 
        "sour": 0.6666666666666666, 
        "salty": 0.16666666666666666, 
        "piquant": 0.0, 
        "bitter": 0.16666666666666666, 
        "meaty": 0.5
    }, 
    "rating": 4.09, 
    "totalTimeInSeconds": 3300.0, 
    "ingredients": [
        "all-purpose flour", 
        "baking powder", 
        "milk", 
        "salt", 
        "ground cinnamon", 
        "ground nutmeg", 
        "egg whites", 
        "white sugar", 
        "ground ginger", 
        "applesauce", 
        "ground allspice", 
        "pumpkin puree"
    ], 
    "smallImageUrls": [
        "http://i.yummly.com/Kim_s-Virtuous-Mini-Pumpkin-Muffins-Allrecipes-54722.s.png"
    ], 
    "sourceDisplayName": "AllRecipes", 
    "recipeName": "Kim's Virtuous Mini Pumpkin Muffins", 
    "attributes": {
        "course": [
            "Breads"
        ]
    }, 
    "id": "Kim_s-Virtuous-Mini-Pumpkin-Muffins-Allrecipes"
}{
    "flavors": {
        "sweet": 1.0, 
        "sour": 0.5, 
        "salty": 0.3333333333333333, 
        "piquant": 0.0, 
        "bitter": 1.0, 
        "meaty": 0.5
    }, 
    "rating": 0.0, 
    "totalTimeInSeconds": 0, 
    "ingredients": [
        "all-purpose flour", 
        "baking soda", 
        "vegetable oil", 
        "chocolate chips", 
        "oats", 
        "butter", 
        "milk", 
        "baking powder", 
        "cocoa", 
        "beaten eggs", 
        "brown sugar", 
        "sugar"
    ], 
    "smallImageUrls": [
        "http://i.yummly.com/Choclate-chunk-muffins-with-cocoa-nib-streusel-302439-142342.s.jpg"
    ], 
    "sourceDisplayName": "Serious Eats", 
    "recipeName": "Choclate Chunk Muffins with Cocoa Nib Streusel", 
    "attributes": {
        "course": [
            "Breads"
        ]
    }, 
    "id": "Choclate-chunk-muffins-with-cocoa-nib-streusel-302439"
}{
    "flavors": {
        "sweet": 0.3333333333333333, 
        "sour": 0.5, 
        "salty": 0.16666666666666666, 
        "piquant": 0.0, 
        "bitter": 0.3333333333333333, 
        "meaty": 0.3333333333333333
    }, 
    "rating": 0.0, 
    "totalTimeInSeconds": 0, 
    "ingredients": [
        "garlic clove", 
        "poppy seeds", 
        "unsalted butter", 
        "english muffins", 
        "minced onion"
    ], 
    "smallImageUrls": [
        "http://i.yummly.com/English-Muffin-Tid-Bits-Martha-Stewart-196586-111899.s.png"
    ], 
    "sourceDisplayName": "Martha Stewart", 
    "recipeName": "English Muffin Tid-Bits", 
    "attributes": {}, 
    "id": "English-Muffin-Tid-Bits-Martha-Stewart-196586"
}{
    "flavors": {
        "sweet": 0.6666666666666666, 
        "sour": 0.5, 
        "salty": 0.3333333333333333, 
        "piquant": 0.0, 
        "bitter": 0.3333333333333333, 
        "meaty": 0.6666666666666666
    }, 
    "rating": 4.59, 
    "totalTimeInSeconds": 2100.0, 
    "ingredients": [
        "baking powder", 
        "milk", 
        "sugar", 
        "all-purpose flour", 
        "margarine"
    ], 
    "smallImageUrls": [
        "http://i.yummly.com/Southern-Biscuit-Muffins-Recipezaar-190292.s.jpg"
    ], 
    "sourceDisplayName": "Food.com", 
    "recipeName": "Southern Biscuit Muffins", 
    "attributes": {
        "course": [
            "Breads", 
            "Breakfast and Brunch"
        ]
    }, 
    "id": "Southern-Biscuit-Muffins-Recipezaar"
}{
    "flavors": {
        "sweet": 0.16666666666666666, 
        "sour": 0.0, 
        "salty": 0.16666666666666666, 
        "piquant": 0.0, 
        "bitter": 0.0, 
        "meaty": 0.0
    }, 
    "rating": 4.75, 
    "totalTimeInSeconds": 2400.0, 
    "ingredients": [
        "sugar", 
        "double-acting baking powder", 
        "eggs", 
        "blueberry", 
        "butter", 
        "milk", 
        "sugar", 
        "vanilla extract", 
        "salt", 
        "flour"
    ], 
    "smallImageUrls": [
        "http://i.yummly.com/Blueberry-Muffins-Food_com-129377-207103.s.jpg"
    ], 
    "sourceDisplayName": "Food.com", 
    "recipeName": "Blueberry Muffins", 
    "attributes": {
        "course": [
            "Breads", 
            "Breakfast and Brunch", 
            "Lunch and Snacks"
        ]
    }, 
    "id": "Blueberry-Muffins-Food_com-129377"
}{
    "flavors": {
        "sweet": 0.0, 
        "sour": 0.5, 
        "salty": 0.16666666666666666, 
        "piquant": 0.0, 
        "bitter": 0.16666666666666666, 
        "meaty": 0.5
    }, 
    "rating": 4.0, 
    "totalTimeInSeconds": 1800.0, 
    "ingredients": [
        "fat free milk", 
        "sugar", 
        "canola oil", 
        "wheat", 
        "egg substitute", 
        "baking powder", 
        "salt", 
        "raspberries", 
        "all-purpose flour"
    ], 
    "smallImageUrls": [
        "http://i.yummly.com/Raspberry-Bran-Muffins-Allrecipes-75306.s.png"
    ], 
    "sourceDisplayName": "Taste of Home", 
    "recipeName": "Raspberry Bran Muffins", 
    "attributes": {
        "course": [
            "Breads", 
            "Breakfast and Brunch"
        ]
    }, 
    "id": "Raspberry-Bran-Muffins-TasteOfHome"
}{
    "flavors": {
        "sweet": 0.8333333333333334, 
        "sour": 0.5, 
        "salty": 0.16666666666666666, 
        "piquant": 0.0, 
        "bitter": 1.0, 
        "meaty": 0.6666666666666666
    }, 
    "rating": 3.4, 
    "totalTimeInSeconds": 2400.0, 
    "ingredients": [
        "baking powder", 
        "white sugar", 
        "cocoa powder", 
        "egg", 
        "all-purpose flour", 
        "raisins", 
        "vegetable oil", 
        "milk", 
        "salt", 
        "rolled oats"
    ], 
    "smallImageUrls": [
        "http://i.yummly.com/Chocolate-Raisin-Oatmeal-Muffins-Allrecipes-62654.s.png"
    ], 
    "sourceDisplayName": "AllRecipes", 
    "recipeName": "Chocolate Raisin Oatmeal Muffins", 
    "attributes": {
        "course": [
            "Breads"
        ]
    }, 
    "id": "Chocolate-Raisin-Oatmeal-Muffins-Allrecipes"
}{
    "flavors": {
        "sweet": 0.16666666666666666, 
        "sour": 0.8333333333333334, 
        "salty": 0.16666666666666666, 
        "piquant": 0.0, 
        "bitter": 0.16666666666666666, 
        "meaty": 0.3333333333333333
    }, 
    "rating": 3.5, 
    "totalTimeInSeconds": 2100.0, 
    "ingredients": [
        "plum tomatoes", 
        "sugar", 
        "fresh parsley", 
        "cooked bacon", 
        "all-purpose flour", 
        "mayonnaise", 
        "milk", 
        "baking powder"
    ], 
    "smallImageUrls": [
        "http://i.yummly.com/Blt-Muffins-Allrecipes-68681.s.png"
    ], 
    "sourceDisplayName": "Taste of Home", 
    "recipeName": "BLT Muffins", 
    "attributes": {
        "course": [
            "Breads", 
            "Lunch and Snacks"
        ]
    }, 
    "id": "Blt-Muffins-TasteOfHome"
}{
    "flavors": null, 
    "rating": 0.0, 
    "totalTimeInSeconds": 0, 
    "ingredients": [
        "sea salt", 
        "banana", 
        "semi-sweet chocolate", 
        "gluten-free baking powder", 
        "turbinado sugar", 
        "all purpose flour", 
        "eggs", 
        "unsalted butter"
    ], 
    "smallImageUrls": [
        "http://i.yummly.com/Chocolate-Chip-Banana-Muffins-AllRecipes-40177-71312.s.png"
    ], 
    "sourceDisplayName": "AllRecipes", 
    "recipeName": "Chocolate Chip Banana Muffins", 
    "attributes": {
        "course": [
            "Breads", 
            "Breakfast and Brunch", 
            "Lunch and Snacks"
        ]
    }, 
    "id": "Chocolate-Chip-Banana-Muffins-AllRecipes-40177"
}{
    "flavors": {
        "sweet": 1.0, 
        "sour": 0.3333333333333333, 
        "salty": 0.5, 
        "piquant": 0.0, 
        "bitter": 0.8333333333333334, 
        "meaty": 0.6666666666666666
    }, 
    "rating": 4.85, 
    "totalTimeInSeconds": 0, 
    "ingredients": [
        "sugar", 
        "salt", 
        "cocoa", 
        "egg", 
        "flour", 
        "bananas", 
        "miniature semisweet chocolate chips", 
        "vegetable oil", 
        "baking powder", 
        "baking soda"
    ], 
    "smallImageUrls": [
        "http://i.yummly.com/Double-Chocolate-Banana-Muffins-Recipezaar-178131.s.jpg"
    ], 
    "sourceDisplayName": "Food.com", 
    "recipeName": "Double Chocolate Banana Muffins", 
    "attributes": {
        "course": [
            "Breads"
        ]
    }, 
    "id": "Double-Chocolate-Banana-Muffins-Recipezaar"
}{
    "flavors": {
        "sweet": 0.8333333333333334, 
        "sour": 0.6666666666666666, 
        "salty": 0.16666666666666666, 
        "piquant": 0.8333333333333334, 
        "bitter": 0.16666666666666666, 
        "meaty": 0.3333333333333333
    }, 
    "rating": 4.43, 
    "totalTimeInSeconds": 2100.0, 
    "ingredients": [
        "jalapeno peppers", 
        "fat free milk", 
        "reduced fat shredded cheddar cheese", 
        "egg", 
        "brown sugar", 
        "spinach", 
        "canola oil", 
        "baking powder", 
        "all-purpose flour", 
        "cornmeal", 
        "salt"
    ], 
    "smallImageUrls": [
        "http://i.yummly.com/Spinach-Corn-Muffins-Allrecipes-57094.s.png"
    ], 
    "sourceDisplayName": "Taste of Home", 
    "recipeName": "Spinach Corn Muffins", 
    "attributes": {
        "course": [
            "Breads"
        ]
    }, 
    "id": "Spinach-Corn-Muffins-TasteOfHome"
}{
    "flavors": {
        "sweet": 1.0, 
        "sour": 0.8333333333333334, 
        "salty": 0.16666666666666666, 
        "piquant": 0.0, 
        "bitter": 0.16666666666666666, 
        "meaty": 0.6666666666666666
    }, 
    "rating": 4.71, 
    "totalTimeInSeconds": 9900.0, 
    "ingredients": [
        "salt", 
        "all-purpose flour", 
        "milk", 
        "melted butter", 
        "active dry yeast", 
        "eggs", 
        "white sugar", 
        "warm water"
    ], 
    "smallImageUrls": [
        "http://i.yummly.com/Portuguese-Muffins-_-Bolo-Levedo-Allrecipes-51875.s.png"
    ], 
    "sourceDisplayName": "AllRecipes", 
    "recipeName": "Portuguese Muffins - Bolo Levedo", 
    "attributes": {
        "course": [
            "Breads"
        ]
    }, 
    "id": "Portuguese-Muffins-_-Bolo-Levedo-Allrecipes"
}{
    "flavors": {
        "sweet": 0.8333333333333334, 
        "sour": 0.6666666666666666, 
        "salty": 0.16666666666666666, 
        "piquant": 0.0, 
        "bitter": 0.16666666666666666, 
        "meaty": 0.3333333333333333
    }, 
    "rating": 3.67, 
    "totalTimeInSeconds": 0, 
    "ingredients": [
        "shortening", 
        "beaten eggs", 
        "all-purpose flour", 
        "white sugar", 
        "milk", 
        "salt", 
        "baking powder"
    ], 
    "smallImageUrls": [
        "http://i.yummly.com/Old_fashioned-Sally-Lunn-Muffins-Allrecipes-55875.s.png"
    ], 
    "sourceDisplayName": "AllRecipes", 
    "recipeName": "Old-Fashioned Sally Lunn Muffins", 
    "attributes": {
        "course": [
            "Breads", 
            "Breakfast and Brunch"
        ]
    }, 
    "id": "Old_fashioned-Sally-Lunn-Muffins-Allrecipes"
}{
    "flavors": {
        "sweet": 0.3333333333333333, 
        "sour": 0.3333333333333333, 
        "salty": 0.8333333333333334, 
        "piquant": 0.0, 
        "bitter": 0.6666666666666666, 
        "meaty": 0.8333333333333334
    }, 
    "rating": 4.48, 
    "totalTimeInSeconds": 780.0, 
    "ingredients": [
        "english muffins", 
        "green onion", 
        "cheddar cheese", 
        "curry powder", 
        "tuna", 
        "lemon juice", 
        "mayonnaise", 
        "chopped celery"
    ], 
    "smallImageUrls": [
        "http://i.yummly.com/Hot-Curried-Tuna-Sandwiches-Allrecipes-52093.s.png"
    ], 
    "sourceDisplayName": "AllRecipes", 
    "recipeName": "Hot Curried Tuna Sandwiches", 
    "attributes": {
        "course": [
            "Lunch and Snacks"
        ]
    }, 
    "id": "Hot-Curried-Tuna-Sandwiches-Allrecipes"
}{
    "flavors": {
        "sweet": 0.6666666666666666, 
        "sour": 0.16666666666666666, 
        "salty": 0.6666666666666666, 
        "piquant": 0.0, 
        "bitter": 0.16666666666666666, 
        "meaty": 0.5
    }, 
    "rating": 4.67, 
    "totalTimeInSeconds": 1980.0, 
    "ingredients": [
        "baking soda", 
        "egg", 
        "all-purpose flour", 
        "salt", 
        "sour cream", 
        "sugar", 
        "cornmeal"
    ], 
    "smallImageUrls": [
        "http://i.yummly.com/Dot_s-Corn-Muffins-Recipezaar-190909.s.jpg"
    ], 
    "sourceDisplayName": "Food.com", 
    "recipeName": "Dot's Corn Muffins", 
    "attributes": {
        "course": [
            "Breads"
        ]
    }, 
    "id": "Dot_s-Corn-Muffins-Recipezaar"
}{
    "flavors": {
        "sweet": 0.8333333333333334, 
        "sour": 0.3333333333333333, 
        "salty": 0.6666666666666666, 
        "piquant": 0.0, 
        "bitter": 0.16666666666666666, 
        "meaty": 0.3333333333333333
    }, 
    "rating": 4.83, 
    "totalTimeInSeconds": 2100.0, 
    "ingredients": [
        "baking soda", 
        "butter", 
        "salt", 
        "baking powder", 
        "egg", 
        "all-purpose flour", 
        "bananas", 
        "sugar"
    ], 
    "smallImageUrls": [
        "http://i.yummly.com/Banana-Muffins-Recipezaar_30-156149.s.jpg"
    ], 
    "sourceDisplayName": "Food.com", 
    "recipeName": "Banana Muffins", 
    "attributes": {
        "course": [
            "Breads", 
            "Breakfast and Brunch", 
            "Lunch and Snacks"
        ]
    }, 
    "id": "Banana-Muffins-Recipezaar_30"
}{
    "flavors": {
        "sweet": 0.16666666666666666, 
        "sour": 0.3333333333333333, 
        "salty": 0.8333333333333334, 
        "piquant": 0.0, 
        "bitter": 0.8333333333333334, 
        "meaty": 0.6666666666666666
    }, 
    "rating": 4.2, 
    "totalTimeInSeconds": 2400.0, 
    "ingredients": [
        "raisins", 
        "honey", 
        "carrot", 
        "vegetable oil", 
        "pumpkin pie spice", 
        "orange juice", 
        "vanilla extract", 
        "salt", 
        "baking soda", 
        "wheat flour", 
        "vanilla yogurt"
    ], 
    "smallImageUrls": [
        "http://i.yummly.com/Whole-Wheat-Carrot_Raisin-Muffins-AllRecipes-53593.s.png"
    ], 
    "sourceDisplayName": "AllRecipes", 
    "recipeName": "Whole Wheat Carrot-Raisin Muffins", 
    "attributes": {
        "course": [
            "Breads", 
            "Breakfast and Brunch"
        ]
    }, 
    "id": "Whole-Wheat-Carrot_Raisin-Muffins-AllRecipes"
}{
    "flavors": {
        "sweet": 0.5, 
        "sour": 1.0, 
        "salty": 0.16666666666666666, 
        "piquant": 0.0, 
        "bitter": 0.16666666666666666, 
        "meaty": 0.3333333333333333
    }, 
    "rating": 4.5, 
    "totalTimeInSeconds": 2100.0, 
    "ingredients": [
        "sugar", 
        "grated orange", 
        "eggs", 
        "baking powder", 
        "flavoring", 
        "vanilla extract", 
        "salt", 
        "all-purpose flour", 
        "orange extract", 
        "orange juice"
    ], 
    "smallImageUrls": [
        "http://i.yummly.com/California-Orange-Muffins-Allrecipes-75332.s.png"
    ], 
    "sourceDisplayName": "Taste of Home", 
    "recipeName": "California Orange Muffins", 
    "attributes": {
        "course": [
            "Breads"
        ], 
        "cuisine": [
            "American"
        ]
    }, 
    "id": "California-Orange-Muffins-TasteOfHome"
}{
    "flavors": {
        "sweet": 0.16666666666666666, 
        "sour": 0.6666666666666666, 
        "salty": 0.6666666666666666, 
        "piquant": 0.5, 
        "bitter": 0.5, 
        "meaty": 0.8333333333333334
    }, 
    "rating": 4.29, 
    "totalTimeInSeconds": 1800.0, 
    "ingredients": [
        "shredded cheddar cheese", 
        "buttermilk", 
        "hot pepper sauce", 
        "beaten eggs", 
        "baking powder", 
        "mustard", 
        "melted butter", 
        "baking soda", 
        "sugar", 
        "all-purpose flour", 
        "salt"
    ], 
    "smallImageUrls": [
        "http://i.yummly.com/Golden-Cheddar-Muffins-Allrecipes-81781.s.png", 
        "http://i.yummly.com/Golden-Cheddar-Muffins-Allrecipes-81684.s.png"
    ], 
    "sourceDisplayName": "Taste of Home", 
    "recipeName": "Golden Cheddar Muffins", 
    "attributes": {
        "course": [
            "Breads"
        ]
    }, 
    "id": "Golden-Cheddar-Muffins-TasteOfHome"
}{
    "flavors": {
        "sweet": 0.3333333333333333, 
        "sour": 0.3333333333333333, 
        "salty": 0.6666666666666666, 
        "piquant": 0.0, 
        "bitter": 0.5, 
        "meaty": 0.5
    }, 
    "rating": 0.0, 
    "totalTimeInSeconds": 900.0, 
    "ingredients": [
        "english muffins", 
        "dijon mustard", 
        "cooked bacon", 
        "softened butter"
    ], 
    "smallImageUrls": [
        "http://i.yummly.com/English-Muffins-With-Bacon-Butter-Food_com-109480-262379.s.jpg"
    ], 
    "sourceDisplayName": "Food.com", 
    "recipeName": "English Muffins With Bacon Butter", 
    "attributes": {
        "course": [
            "Breakfast and Brunch"
        ]
    }, 
    "id": "English-Muffins-With-Bacon-Butter-Food_com-109480"
}{
    "flavors": {
        "sweet": 0.16666666666666666, 
        "sour": 0.8333333333333334, 
        "salty": 0.16666666666666666, 
        "piquant": 0.0, 
        "bitter": 0.16666666666666666, 
        "meaty": 0.3333333333333333
    }, 
    "rating": 4.0, 
    "totalTimeInSeconds": 1500.0, 
    "ingredients": [
        "sunflower kernels", 
        "butter", 
        "shredded carrots", 
        "eggs", 
        "baking powder", 
        "crushed pineapple", 
        "vanilla extract", 
        "ground cinnamon", 
        "sugar", 
        "all-purpose flour", 
        "ground ginger"
    ], 
    "smallImageUrls": [
        "http://i.yummly.com/Pineapple-Sunshine-Muffins-Allrecipes-96538.s.png", 
        "http://i.yummly.com/Pineapple-Sunshine-Muffins-Allrecipes-95644.s.png"
    ], 
    "sourceDisplayName": "Taste of Home", 
    "recipeName": "Pineapple Sunshine Muffins", 
    "attributes": {
        "course": [
            "Breads", 
            "Breakfast and Brunch"
        ]
    }, 
    "id": "Pineapple-Sunshine-Muffins-TasteOfHome"
}{
    "flavors": {
        "sweet": 0.8333333333333334, 
        "sour": 0.5, 
        "salty": 0.6666666666666666, 
        "piquant": 0.0, 
        "bitter": 0.6666666666666666, 
        "meaty": 0.6666666666666666
    }, 
    "rating": 5.0, 
    "totalTimeInSeconds": 2100.0, 
    "ingredients": [
        "all-purpose flour", 
        "baking soda", 
        "sugar", 
        "vegetable oil", 
        "graham cracker crumbs", 
        "egg", 
        "chopped pecans", 
        "milk", 
        "salt", 
        "baking powder"
    ], 
    "smallImageUrls": [
        "http://i.yummly.com/Pecan-Graham-Muffins-Allrecipes-77729.s.png"
    ], 
    "sourceDisplayName": "Taste of Home", 
    "recipeName": "Pecan Graham Muffins", 
    "attributes": {
        "course": [
            "Breads"
        ]
    }, 
    "id": "Pecan-Graham-Muffins-TasteOfHome"
}{
    "flavors": {
        "sweet": 0.5, 
        "sour": 0.5, 
        "salty": 1.0, 
        "piquant": 0.0, 
        "bitter": 1.0, 
        "meaty": 1.0
    }, 
    "rating": 5.0, 
    "totalTimeInSeconds": 1500.0, 
    "ingredients": [
        "brown sugar", 
        "eggs", 
        "hot dogs", 
        "hot sauce", 
        "muffin mix", 
        "milk"
    ], 
    "smallImageUrls": [], 
    "sourceDisplayName": "Food.com", 
    "recipeName": "Corn Dog Muffins", 
    "attributes": {
        "course": [
            "Breads", 
            "Lunch and Snacks"
        ]
    }, 
    "id": "Corn-Dog-Muffins-Recipezaar_7"
}{
    "flavors": {
        "sweet": 0.8333333333333334, 
        "sour": 0.16666666666666666, 
        "salty": 1.0, 
        "piquant": 0.0, 
        "bitter": 1.0, 
        "meaty": 1.0
    }, 
    "rating": 4.43, 
    "totalTimeInSeconds": 4500.0, 
    "ingredients": [
        "muffin", 
        "fresh tarragon", 
        "fresh tarragon", 
        "creme fraiche", 
        "unsalted butter", 
        "large eggs", 
        "virginia ham", 
        "salt", 
        "shallot", 
        "mushrooms", 
        "black pepper"
    ], 
    "smallImageUrls": [
        "http://i.yummly.com/Baked-Eggs-And-Mushrooms-In-Ham-Crisps-Epicurious-42182.s.png"
    ], 
    "sourceDisplayName": "Epicurious", 
    "recipeName": "Baked Eggs and Mushrooms in Ham Crisps", 
    "attributes": {
        "cuisine": [
            "American"
        ]
    }, 
    "id": "Baked-Eggs-And-Mushrooms-In-Ham-Crisps-Epicurious"
}{
    "flavors": {
        "sweet": 0.6666666666666666, 
        "sour": 1.0, 
        "salty": 1.0, 
        "piquant": 0.8333333333333334, 
        "bitter": 0.8333333333333334, 
        "meaty": 0.3333333333333333
    }, 
    "rating": 3.9, 
    "totalTimeInSeconds": 2400.0, 
    "ingredients": [
        "milk", 
        "water", 
        "beaten eggs", 
        "corn kernels", 
        "pork sausage", 
        "green chilies"
    ], 
    "smallImageUrls": [], 
    "sourceDisplayName": "Taste of Home", 
    "recipeName": "Sausage Brunch Muffins", 
    "attributes": {
        "course": [
            "Breads", 
            "Breakfast and Brunch"
        ]
    }, 
    "id": "Sausage-Brunch-Muffins-TasteOfHome"
}{
    "flavors": {
        "sweet": 0.8333333333333334, 
        "sour": 0.6666666666666666, 
        "salty": 0.16666666666666666, 
        "piquant": 0.0, 
        "bitter": 0.8333333333333334, 
        "meaty": 0.6666666666666666
    }, 
    "rating": 3.75, 
    "totalTimeInSeconds": 3300.0, 
    "ingredients": [
        "vegetable oil", 
        "baking powder", 
        "blueberries", 
        "white sugar", 
        "milk", 
        "salt", 
        "egg", 
        "chopped walnuts", 
        "all-purpose flour"
    ], 
    "smallImageUrls": [
        "http://i.yummly.com/Blueberry-Nut-Muffins-AllRecipes-58176.s.png"
    ], 
    "sourceDisplayName": "AllRecipes", 
    "recipeName": "Blueberry Nut Muffins", 
    "attributes": {
        "course": [
            "Breads"
        ]
    }, 
    "id": "Blueberry-Nut-Muffins-AllRecipes"
}{
    "flavors": {
        "sweet": 1.0, 
        "sour": 0.3333333333333333, 
        "salty": 0.5, 
        "piquant": 0.0, 
        "bitter": 0.16666666666666666, 
        "meaty": 0.5
    }, 
    "rating": 4.79, 
    "totalTimeInSeconds": 3000.0, 
    "ingredients": [
        "eggs", 
        "baking powder", 
        "ground cloves", 
        "cinnamon", 
        "flour", 
        "ginger", 
        "nutmeg", 
        "shortening", 
        "sugar", 
        "salt", 
        "baking soda", 
        "water", 
        "pumpkin"
    ], 
    "smallImageUrls": [
        "http://i.yummly.com/Pumpkin-Muffins-Recipezaar_29-195296.s.jpg"
    ], 
    "sourceDisplayName": "Food.com", 
    "recipeName": "Pumpkin Muffins", 
    "attributes": {
        "course": [
            "Breads", 
            "Breakfast and Brunch", 
            "Lunch and Snacks"
        ], 
        "holiday": [
            "Thanksgiving", 
            "Halloween"
        ]
    }, 
    "id": "Pumpkin-Muffins-Recipezaar_29"
}{
    "flavors": {
        "sweet": 0.6666666666666666, 
        "sour": 0.6666666666666666, 
        "salty": 0.16666666666666666, 
        "piquant": 0.0, 
        "bitter": 0.16666666666666666, 
        "meaty": 0.3333333333333333
    }, 
    "rating": 3.5, 
    "totalTimeInSeconds": 2400.0, 
    "ingredients": [
        "olive oil", 
        "all-purpose flour", 
        "egg whites", 
        "soy milk", 
        "salt", 
        "bran cereal", 
        "baking powder", 
        "brown sugar"
    ], 
    "smallImageUrls": [
        "http://i.yummly.com/Healthier-Bran-Muffins-Allrecipes-63825.s.png"
    ], 
    "sourceDisplayName": "AllRecipes", 
    "recipeName": "Healthier Bran Muffins", 
    "attributes": {
        "course": [
            "Breads"
        ]
    }, 
    "id": "Healthier-Bran-Muffins-Allrecipes"
}{
    "flavors": {
        "sweet": 0.8333333333333334, 
        "sour": 0.3333333333333333, 
        "salty": 0.5, 
        "piquant": 0.0, 
        "bitter": 0.16666666666666666, 
        "meaty": 0.3333333333333333
    }, 
    "rating": 4.8, 
    "totalTimeInSeconds": 2100.0, 
    "ingredients": [
        "baking powder", 
        "oil", 
        "flour", 
        "soymilk", 
        "blueberries", 
        "salt", 
        "sugar"
    ], 
    "smallImageUrls": [
        "http://i.yummly.com/Very-Simple-Blueberry-Muffins-Recipezaar-220576.s.jpg"
    ], 
    "sourceDisplayName": "Food.com", 
    "recipeName": "Very Simple Blueberry Muffins", 
    "attributes": {
        "course": [
            "Breads", 
            "Breakfast and Brunch"
        ]
    }, 
    "id": "Very-Simple-Blueberry-Muffins-Recipezaar"
}{
    "flavors": {
        "sweet": 0.3333333333333333, 
        "sour": 0.5, 
        "salty": 0.8333333333333334, 
        "piquant": 0.0, 
        "bitter": 0.5, 
        "meaty": 0.3333333333333333
    }, 
    "rating": 0.0, 
    "totalTimeInSeconds": 3000.0, 
    "ingredients": [
        "eggs", 
        "milk", 
        "fine salt", 
        "all-purpose flour", 
        "unsalted butter", 
        "granulated sugar"
    ], 
    "smallImageUrls": [
        "http://i.yummly.com/Muffin-Pan-Popovers-Recipe-Chow-57870-100500.s.png"
    ], 
    "sourceDisplayName": "Chow", 
    "recipeName": "Muffin Pan Popovers Recipe", 
    "attributes": {
        "course": [
            "Breads", 
            "Breakfast and Brunch"
        ]
    }, 
    "id": "Muffin-Pan-Popovers-Recipe-Chow-57870"
}{
    "flavors": {
        "sweet": 0.6666666666666666, 
        "sour": 0.6666666666666666, 
        "salty": 0.5, 
        "piquant": 0.0, 
        "bitter": 0.5, 
        "meaty": 0.5
    }, 
    "rating": 4.33, 
    "totalTimeInSeconds": 2100.0, 
    "ingredients": [
        "bran cereal", 
        "honey", 
        "dried cranberries", 
        "melted butter", 
        "baking powder", 
        "orange peel", 
        "beaten eggs", 
        "wheat flour", 
        "salt", 
        "baking soda", 
        "orange juice", 
        "all-purpose flour", 
        "plain yogurt"
    ], 
    "smallImageUrls": [
        "http://i.yummly.com/Cran_orange-Bran-Muffins-Allrecipes-54162.s.png"
    ], 
    "sourceDisplayName": "Taste of Home", 
    "recipeName": "Cran-Orange Bran Muffins", 
    "attributes": {
        "course": [
            "Breads", 
            "Breakfast and Brunch"
        ]
    }, 
    "id": "Cran_orange-Bran-Muffins-TasteOfHome"
}{
    "flavors": {
        "sweet": 0.8333333333333334, 
        "sour": 0.5, 
        "salty": 0.3333333333333333, 
        "piquant": 0.0, 
        "bitter": 1.0, 
        "meaty": 0.8333333333333334
    }, 
    "rating": 0.0, 
    "totalTimeInSeconds": 3600.0, 
    "ingredients": [
        "plain low-fat yogurt", 
        "pumpkin pie spice", 
        "chopped walnuts", 
        "baking soda", 
        "wheat flour", 
        "pumpkin puree", 
        "all-purpose flour", 
        "vegetable oil", 
        "baking powder", 
        "turbinado sugar", 
        "eggs"
    ], 
    "smallImageUrls": [
        "http://i.yummly.com/Pumpkin-Muffins-Martha-Stewart-101918.s.png"
    ], 
    "sourceDisplayName": "Martha Stewart", 
    "recipeName": "Pumpkin Muffins", 
    "attributes": {
        "course": [
            "Breads", 
            "Breakfast and Brunch", 
            "Lunch and Snacks"
        ], 
        "holiday": [
            "Thanksgiving", 
            "Halloween"
        ], 
        "cuisine": [
            "American"
        ]
    }, 
    "id": "Pumpkin-Muffins-Martha-Stewart"
}{
    "flavors": {
        "sweet": 0.8333333333333334, 
        "sour": 0.6666666666666666, 
        "salty": 0.3333333333333333, 
        "piquant": 0.0, 
        "bitter": 1.0, 
        "meaty": 0.6666666666666666
    }, 
    "rating": 4.2, 
    "totalTimeInSeconds": 2400.0, 
    "ingredients": [
        "kosher salt", 
        "baking powder", 
        "bananas", 
        "wheat bran", 
        "pure vanilla extract", 
        "unsalted butter", 
        "all-purpose flour", 
        "large eggs", 
        "buttermilk", 
        "orange zest", 
        "baking soda", 
        "raisins", 
        "unsulphured molasses", 
        "light brown sugar", 
        "chopped walnuts"
    ], 
    "smallImageUrls": [], 
    "sourceDisplayName": "Food Network", 
    "recipeName": "Chunky Banana Bran Muffins", 
    "attributes": {
        "course": [
            "Breads"
        ], 
        "cuisine": [
            "American"
        ]
    }, 
    "id": "Chunky-Banana-Bran-Muffins-Food-Network"
}{
    "flavors": {
        "bitter": 0.16666666666666666, 
        "sweet": 0.16666666666666666, 
        "sour": 0.16666666666666666, 
        "salty": 0.5, 
        "meaty": 0.6666666666666666
    }, 
    "rating": 5.0, 
    "totalTimeInSeconds": 2400.0, 
    "ingredients": [
        "rice", 
        "grating cheese", 
        "onions", 
        "black olives", 
        "canned salmon", 
        "egg"
    ], 
    "smallImageUrls": [
        "http://i.yummly.com/Leftover-Rice-Muffins-Recipezaar-229716.s.jpg"
    ], 
    "sourceDisplayName": "Food.com", 
    "recipeName": "leftover rice muffins", 
    "attributes": {
        "course": [
            "Lunch and Snacks"
        ]
    }, 
    "id": "Leftover-Rice-Muffins-Recipezaar"
}{
    "flavors": {
        "sweet": 0.8333333333333334, 
        "sour": 0.3333333333333333, 
        "salty": 0.6666666666666666, 
        "piquant": 0.0, 
        "bitter": 0.16666666666666666, 
        "meaty": 0.5
    }, 
    "rating": 4.8, 
    "totalTimeInSeconds": 1800.0, 
    "ingredients": [
        "all-purpose flour", 
        "salt", 
        "nuts", 
        "egg", 
        "white sugar", 
        "baking soda", 
        "bananas", 
        "baking powder", 
        "melted butter", 
        "chocolate chips"
    ], 
    "smallImageUrls": [
        "http://i.yummly.com/Easy-Banana-Muffins-Recipezaar-178025.s.jpg"
    ], 
    "sourceDisplayName": "Food.com", 
    "recipeName": "Easy Banana Muffins", 
    "attributes": {
        "course": [
            "Breads"
        ]
    }, 
    "id": "Easy-Banana-Muffins-Recipezaar"
}{
    "flavors": {
        "sweet": 0.8333333333333334, 
        "sour": 0.5, 
        "salty": 0.16666666666666666, 
        "piquant": 0.0, 
        "bitter": 0.8333333333333334, 
        "meaty": 0.6666666666666666
    }, 
    "rating": 4.0, 
    "totalTimeInSeconds": 1800.0, 
    "ingredients": [
        "vegetable oil", 
        "salt", 
        "chopped walnuts", 
        "egg", 
        "all-purpose flour", 
        "milk", 
        "brown sugar", 
        "quick-cooking oats", 
        "baking powder", 
        "raisins", 
        "honey"
    ], 
    "smallImageUrls": [
        "http://i.yummly.com/Honey-Oat-Muffins-Allrecipes-77161.s.png"
    ], 
    "sourceDisplayName": "Taste of Home", 
    "recipeName": "Honey Oat Muffins", 
    "attributes": {
        "course": [
            "Breads", 
            "Breakfast and Brunch"
        ]
    }, 
    "id": "Honey-Oat-Muffins-TasteOfHome"
}{
    "flavors": {
        "sweet": 0.3333333333333333, 
        "sour": 1.0, 
        "salty": 0.5, 
        "piquant": 0.0, 
        "bitter": 0.3333333333333333, 
        "meaty": 0.6666666666666666
    }, 
    "rating": 5.0, 
    "totalTimeInSeconds": 1200.0, 
    "ingredients": [
        "clove garlic", 
        "dried oregano", 
        "grated parmesan cheese", 
        "whole wheat english muffins", 
        "mozzarella cheese", 
        "ricotta cheese", 
        "roasted red pepper", 
        "broccoli florets"
    ], 
    "smallImageUrls": [
        "http://i.yummly.com/Vegetarian-Pizza-Muffins-Recipezaar-194201.s.jpg"
    ], 
    "sourceDisplayName": "Food.com", 
    "recipeName": "Vegetarian Pizza Muffins", 
    "attributes": {
        "course": [
            "Main Dishes", 
            "Appetizers", 
            "Lunch and Snacks"
        ]
    }, 
    "id": "Vegetarian-Pizza-Muffins-Recipezaar"
}{
    "flavors": {
        "bitter": 0.5, 
        "sweet": 0.6666666666666666, 
        "sour": 0.8333333333333334, 
        "salty": 0.16666666666666666, 
        "meaty": 0.3333333333333333
    }, 
    "rating": 5.0, 
    "totalTimeInSeconds": 1380.0, 
    "ingredients": [
        "water", 
        "spice cake mix", 
        "pumpkin", 
        "nonstick cooking spray"
    ], 
    "smallImageUrls": [
        "http://i2.yummly.com/Weight-Watchers-Pumpkin-Spice-Muffins-Recipezaar.s.jpg"
    ], 
    "sourceDisplayName": "Food.com", 
    "recipeName": "Weight Watchers Pumpkin Spice Muffins", 
    "attributes": {
        "course": [
            "Breads"
        ]
    }, 
    "id": "Weight-Watchers-Pumpkin-Spice-Muffins-Recipezaar"
}{
    "flavors": {
        "sweet": 1.0, 
        "sour": 0.5, 
        "salty": 0.5, 
        "piquant": 0.0, 
        "bitter": 0.8333333333333334, 
        "meaty": 0.8333333333333334
    }, 
    "rating": 3.5, 
    "totalTimeInSeconds": 2100.0, 
    "ingredients": [
        "ground nutmeg", 
        "vegetable oil", 
        "strawberries", 
        "baking soda", 
        "white sugar", 
        "salt", 
        "all-purpose flour", 
        "ground cinnamon", 
        "eggs", 
        "chopped walnuts"
    ], 
    "smallImageUrls": [
        "http://i.yummly.com/Strawberry-Nut-Muffins-Allrecipes-67535.s.png"
    ], 
    "sourceDisplayName": "AllRecipes", 
    "recipeName": "Strawberry Nut Muffins", 
    "attributes": {
        "course": [
            "Breads"
        ]
    }, 
    "id": "Strawberry-Nut-Muffins-Allrecipes"
}{
    "flavors": {
        "sweet": 0.3333333333333333, 
        "sour": 0.5, 
        "salty": 0.3333333333333333, 
        "piquant": 0.0, 
        "bitter": 0.8333333333333334, 
        "meaty": 0.8333333333333334
    }, 
    "rating": 4.3, 
    "totalTimeInSeconds": 0, 
    "ingredients": [
        "egg whites", 
        "salt", 
        "chopped pecans", 
        "milk", 
        "oat bran", 
        "melted butter", 
        "sugar", 
        "all purpose flour", 
        "baking powder", 
        "bananas", 
        "vanilla"
    ], 
    "smallImageUrls": [], 
    "sourceDisplayName": "Epicurious", 
    "recipeName": "Quick Oat Bran and Banana Muffins", 
    "attributes": {
        "course": [
            "Breads", 
            "Breakfast and Brunch"
        ]
    }, 
    "id": "Quick-Oat-Bran-And-Banana-Muffins-Epicurious"
}{
    "flavors": {
        "sweet": 1.0, 
        "sour": 0.6666666666666666, 
        "salty": 0.8333333333333334, 
        "piquant": 0.0, 
        "bitter": 0.5, 
        "meaty": 0.5
    }, 
    "rating": 5.0, 
    "totalTimeInSeconds": 1200.0, 
    "ingredients": [
        "cake mix", 
        "milk", 
        "muffin mix", 
        "eggs", 
        "water"
    ], 
    "smallImageUrls": [], 
    "sourceDisplayName": "Food.com", 
    "recipeName": "Joyce's  Jiffy Corn Muffins", 
    "attributes": {
        "course": [
            "Breads", 
            "Breakfast and Brunch"
        ]
    }, 
    "id": "Joyce_s-Jiffy-Corn-Muffins-Recipezaar"
}{
    "flavors": {
        "sweet": 0.16666666666666666, 
        "sour": 0.16666666666666666, 
        "salty": 0.5, 
        "piquant": 0.8333333333333334, 
        "bitter": 0.16666666666666666, 
        "meaty": 0.8333333333333334
    }, 
    "rating": 5.0, 
    "totalTimeInSeconds": 900.0, 
    "ingredients": [
        "ground sirloin", 
        "mustard", 
        "butter", 
        "english muffins", 
        "salt", 
        "pepper"
    ], 
    "smallImageUrls": [], 
    "sourceDisplayName": "Food.com", 
    "recipeName": "Hamburger Mustards on English Muffins", 
    "attributes": {
        "course": [
            "Lunch and Snacks"
        ]
    }, 
    "id": "Hamburger-Mustards-On-English-Muffins-Recipezaar"
}{
    "flavors": {
        "sweet": 0.16666666666666666, 
        "sour": 0.6666666666666666, 
        "salty": 0.3333333333333333, 
        "piquant": 0.0, 
        "bitter": 0.3333333333333333, 
        "meaty": 0.8333333333333334
    }, 
    "rating": 4.25, 
    "totalTimeInSeconds": 2100.0, 
    "ingredients": [
        "all-purpose flour", 
        "poppy seeds", 
        "vegetable oil", 
        "milk", 
        "sugar", 
        "shredded cheddar cheese", 
        "baking powder", 
        "salt", 
        "egg"
    ], 
    "smallImageUrls": [
        "http://i.yummly.com/Poppy-Cheddar-Muffins-Allrecipes-72169.s.png"
    ], 
    "sourceDisplayName": "Taste of Home", 
    "recipeName": "Poppy Cheddar Muffins", 
    "attributes": {
        "course": [
            "Breads"
        ]
    }, 
    "id": "Poppy-Cheddar-Muffins-TasteOfHome"
}{
    "flavors": {
        "sweet": 0.3333333333333333, 
        "sour": 0.16666666666666666, 
        "salty": 0.6666666666666666, 
        "piquant": 0.0, 
        "bitter": 0.5, 
        "meaty": 0.6666666666666666
    }, 
    "rating": 4.62, 
    "totalTimeInSeconds": 2580.0, 
    "ingredients": [
        "baking soda", 
        "salt", 
        "low-fat buttermilk", 
        "whole wheat flour", 
        "oat bran", 
        "baking powder", 
        "canola oil"
    ], 
    "smallImageUrls": [
        "http://i.yummly.com/Whole-Wheat-Dinner-Muffins-Recipezaar-189867.s.jpg"
    ], 
    "sourceDisplayName": "Food.com", 
    "recipeName": "Whole Wheat Dinner Muffins", 
    "attributes": {
        "course": [
            "Breads"
        ]
    }, 
    "id": "Whole-Wheat-Dinner-Muffins-Recipezaar"
}{
    "flavors": {
        "sweet": 0.6666666666666666, 
        "sour": 0.5, 
        "salty": 1.0, 
        "piquant": 0.0, 
        "bitter": 0.6666666666666666, 
        "meaty": 0.6666666666666666
    }, 
    "rating": 4.0, 
    "totalTimeInSeconds": 2700.0, 
    "ingredients": [
        "dried oregano", 
        "english muffins", 
        "tomato paste", 
        "italian sausage", 
        "garlic salt", 
        "crushed pineapple", 
        "shredded mozzarella cheese"
    ], 
    "smallImageUrls": [
        "http://i.yummly.com/Pineapple-Pizzas-Allrecipes-76871.s.png"
    ], 
    "sourceDisplayName": "AllRecipes", 
    "recipeName": "Pineapple Pizzas", 
    "attributes": {
        "holiday": [
            "Game Day"
        ]
    }, 
    "id": "Pineapple-Pizzas-Allrecipes"
}{
    "flavors": {
        "sweet": 0.6666666666666666, 
        "sour": 0.6666666666666666, 
        "salty": 0.16666666666666666, 
        "piquant": 0.0, 
        "bitter": 0.16666666666666666, 
        "meaty": 0.5
    }, 
    "rating": 4.67, 
    "totalTimeInSeconds": 2400.0, 
    "ingredients": [
        "all-purpose flour", 
        "sugar", 
        "baking powder", 
        "butter", 
        "orange marmalade", 
        "egg", 
        "salt", 
        "brown sugar", 
        "all-purpose flour", 
        "ground cinnamon", 
        "vegetable oil", 
        "milk"
    ], 
    "smallImageUrls": [
        "http://i.yummly.com/Orange-Streusel-Muffins-Allrecipes-72301.s.png"
    ], 
    "sourceDisplayName": "Taste of Home", 
    "recipeName": "Orange Streusel Muffins", 
    "attributes": {
        "course": [
            "Breads", 
            "Breakfast and Brunch"
        ]
    }, 
    "id": "Orange-Streusel-Muffins-TasteOfHome"
}{
    "flavors": {
        "sweet": 0.0, 
        "sour": 0.0, 
        "salty": 1.0, 
        "piquant": 0.0, 
        "bitter": 0.8333333333333334, 
        "meaty": 0.0
    }, 
    "rating": 5.0, 
    "totalTimeInSeconds": 1800.0, 
    "ingredients": [
        "sugar", 
        "mashed bananas", 
        "miracle whip", 
        "flour", 
        "baking soda"
    ], 
    "smallImageUrls": [
        "http://i.yummly.com/Banana-Muffins-Recipezaar_3-227417.s.jpg"
    ], 
    "sourceDisplayName": "Food.com", 
    "recipeName": "Banana Muffins", 
    "attributes": {
        "course": [
            "Breads", 
            "Lunch and Snacks"
        ]
    }, 
    "id": "Banana-Muffins-Recipezaar_3"
}{
    "flavors": {
        "sweet": 0.16666666666666666, 
        "sour": 0.8333333333333334, 
        "salty": 0.16666666666666666, 
        "piquant": 0.0, 
        "bitter": 0.16666666666666666, 
        "meaty": 0.16666666666666666
    }, 
    "rating": 4.68, 
    "totalTimeInSeconds": 2400.0, 
    "ingredients": [
        "muffin mix", 
        "all-purpose flour", 
        "onion", 
        "baking powder", 
        "summer squash", 
        "oil", 
        "beaten eggs", 
        "salt"
    ], 
    "smallImageUrls": [
        "http://i.yummly.com/Summer-Squash-Puffs-Allrecipes-59660.s.png"
    ], 
    "sourceDisplayName": "AllRecipes", 
    "recipeName": "Summer Squash Puffs", 
    "attributes": {}, 
    "id": "Summer-Squash-Puffs-Allrecipes"
}{
    "flavors": {
        "sweet": 0.3333333333333333, 
        "sour": 0.0, 
        "salty": 0.8333333333333334, 
        "piquant": 0.0, 
        "bitter": 0.6666666666666666, 
        "meaty": 0.8333333333333334
    }, 
    "rating": 4.48, 
    "totalTimeInSeconds": 1680.0, 
    "ingredients": [
        "softened butter", 
        "corn kernels", 
        "corn muffin", 
        "monterey jack", 
        "scallions"
    ], 
    "smallImageUrls": [], 
    "sourceDisplayName": "Food Network", 
    "recipeName": "Cracked Corn and Cheese Squares", 
    "attributes": {
        "cuisine": [
            "American"
        ]
    }, 
    "id": "Cracked-Corn-And-Cheese-Squares-Food-Network"
}{
    "flavors": {
        "sweet": 0.6666666666666666, 
        "sour": 0.5, 
        "salty": 1.0, 
        "piquant": 0.5, 
        "bitter": 0.5, 
        "meaty": 0.8333333333333334
    }, 
    "rating": 0.0, 
    "totalTimeInSeconds": 0, 
    "ingredients": [
        "ketchup", 
        "apple cider vinegar", 
        "chili powder", 
        "buttermilk biscuits", 
        "lean ground beef", 
        "brown sugar", 
        "shredded cheddar cheese"
    ], 
    "smallImageUrls": [
        "http://i2.yummly.com/Barbecue-Muffins-My-Recipes-2.s.png"
    ], 
    "sourceDisplayName": "MyRecipes", 
    "recipeName": "Barbecue Muffins", 
    "attributes": {
        "course": [
            "Lunch and Snacks"
        ]
    }, 
    "id": "Barbecue-Muffins-My-Recipes"
}{
    "flavors": {
        "sweet": 0.16666666666666666, 
        "sour": 0.5, 
        "salty": 0.16666666666666666, 
        "piquant": 0.0, 
        "bitter": 0.16666666666666666, 
        "meaty": 0.5
    }, 
    "rating": 3.85, 
    "totalTimeInSeconds": 0, 
    "ingredients": [
        "grated nutmeg", 
        "sugar", 
        "egg", 
        "all-purpose flour", 
        "cinnamon", 
        "baking powder", 
        "sugar", 
        "salt", 
        "unsalted butter", 
        "milk"
    ], 
    "smallImageUrls": [], 
    "sourceDisplayName": "Epicurious", 
    "recipeName": "Cinnamon Sugar Muffins", 
    "attributes": {
        "course": [
            "Breads", 
            "Breakfast and Brunch"
        ]
    }, 
    "id": "Cinnamon-Sugar-Muffins-Epicurious-50431"
}{
    "flavors": {
        "sweet": 0.8333333333333334, 
        "sour": 0.16666666666666666, 
        "salty": 0.5, 
        "piquant": 0.0, 
        "bitter": 0.5, 
        "meaty": 0.5
    }, 
    "rating": 4.22, 
    "totalTimeInSeconds": 2700.0, 
    "ingredients": [
        "heavy cream", 
        "orange zest", 
        "light brown sugar", 
        "muffin", 
        "chocolate wafers", 
        "unsalted butter", 
        "cream cheese", 
        "chocolate shavings"
    ], 
    "smallImageUrls": [
        "http://i.yummly.com/Chocolate-Orange-Cheesecakes-Epicurious-43847.s.png"
    ], 
    "sourceDisplayName": "Epicurious", 
    "recipeName": "Chocolate Orange Cheesecakes", 
    "attributes": {
        "course": [
            "Desserts"
        ], 
        "cuisine": [
            "American"
        ]
    }, 
    "id": "Chocolate-Orange-Cheesecakes-Epicurious"
}{
    "flavors": {
        "sweet": 0.8333333333333334, 
        "sour": 0.6666666666666666, 
        "salty": 0.16666666666666666, 
        "piquant": 0.0, 
        "bitter": 0.16666666666666666, 
        "meaty": 0.6666666666666666
    }, 
    "rating": 4.5, 
    "totalTimeInSeconds": 1800.0, 
    "ingredients": [
        "milk", 
        "brown sugar", 
        "salt", 
        "vegetable oil", 
        "all-purpose flour", 
        "vanilla extract", 
        "dried apricots", 
        "eggs", 
        "raisins", 
        "peanuts", 
        "granola", 
        "baking powder", 
        "miniature semisweet chocolate chips"
    ], 
    "smallImageUrls": [
        "http://i.yummly.com/Trail-Mix-Muffins-Allrecipes-76966.s.png"
    ], 
    "sourceDisplayName": "Taste of Home", 
    "recipeName": "Trail Mix Muffins", 
    "attributes": {
        "course": [
            "Breads", 
            "Breakfast and Brunch", 
            "Lunch and Snacks"
        ]
    }, 
    "id": "Trail-Mix-Muffins-TasteOfHome"
}{
    "flavors": {
        "sweet": 0.8333333333333334, 
        "sour": 0.5, 
        "salty": 0.3333333333333333, 
        "piquant": 0.0, 
        "bitter": 1.0, 
        "meaty": 0.5
    }, 
    "rating": 3.53, 
    "totalTimeInSeconds": 2400.0, 
    "ingredients": [
        "carrots", 
        "brown sugar", 
        "ground nutmeg", 
        "milk", 
        "baking soda", 
        "molasses", 
        "vegetable oil", 
        "ground cinnamon", 
        "wheat germ", 
        "wheat bran", 
        "eggs", 
        "toasted walnuts", 
        "all-purpose flour", 
        "raisins"
    ], 
    "smallImageUrls": [
        "http://i.yummly.com/Carrot-Spice-Muffins-Allrecipes-71726.s.png"
    ], 
    "sourceDisplayName": "AllRecipes", 
    "recipeName": "Carrot Spice Muffins", 
    "attributes": {
        "course": [
            "Breads"
        ]
    }, 
    "id": "Carrot-Spice-Muffins-Allrecipes"
}{
    "flavors": {
        "sweet": 0.3333333333333333, 
        "sour": 0.6666666666666666, 
        "salty": 0.5, 
        "piquant": 0.0, 
        "bitter": 0.3333333333333333, 
        "meaty": 0.5
    }, 
    "rating": 4.0, 
    "totalTimeInSeconds": 2100.0, 
    "ingredients": [
        "tart apples", 
        "baking soda", 
        "sugar", 
        "cream cheese", 
        "all-purpose flour", 
        "eggs", 
        "baking powder", 
        "butter", 
        "sugar", 
        "vanilla extract", 
        "salt", 
        "bran flakes", 
        "lemon juice", 
        "milk", 
        "ground cinnamon"
    ], 
    "smallImageUrls": [
        "http://i.yummly.com/Cream-Cheese-Apple-Muffins-Allrecipes-75138.s.png"
    ], 
    "sourceDisplayName": "Taste of Home", 
    "recipeName": "Cream Cheese Apple Muffins", 
    "attributes": {
        "course": [
            "Breads"
        ]
    }, 
    "id": "Cream-Cheese-Apple-Muffins-TasteOfHome"
}{
    "flavors": {
        "sweet": 0.8333333333333334, 
        "sour": 0.6666666666666666, 
        "salty": 0.16666666666666666, 
        "piquant": 0.0, 
        "bitter": 0.8333333333333334, 
        "meaty": 0.6666666666666666
    }, 
    "rating": 4.33, 
    "totalTimeInSeconds": 3000.0, 
    "ingredients": [
        "all-purpose flour", 
        "baking powder", 
        "ground cinnamon", 
        "chopped pecans", 
        "brown sugar", 
        "eggs", 
        "salt", 
        "butter", 
        "vanilla extract", 
        "brown sugar", 
        "vegetable oil", 
        "milk"
    ], 
    "smallImageUrls": [
        "http://i.yummly.com/Pecan-Sticky-Muffins-Allrecipes-72526.s.png"
    ], 
    "sourceDisplayName": "Taste of Home", 
    "recipeName": "Pecan Sticky Muffins", 
    "attributes": {
        "course": [
            "Breads", 
            "Breakfast and Brunch"
        ], 
        "cuisine": [
            "American", 
            "Southern & Soul Food"
        ]
    }, 
    "id": "Pecan-Sticky-Muffins-TasteOfHome"
}{
    "flavors": {
        "sweet": 0.16666666666666666, 
        "sour": 0.0, 
        "salty": 0.3333333333333333, 
        "piquant": 0.0, 
        "bitter": 0.3333333333333333, 
        "meaty": 1.0
    }, 
    "rating": 4.78, 
    "totalTimeInSeconds": 2700.0, 
    "ingredients": [
        "water", 
        "eggs", 
        "flavoring", 
        "ground beef"
    ], 
    "smallImageUrls": [
        "http://i.yummly.com/Meatloaf-Muffins-With-Stove-Top-Stuffing-Recipezaar-17377.s.png", 
        "http://i.yummly.com/Meatloaf-Muffins-With-Stove-Top-Stuffing-Recipezaar-157006.s.jpg"
    ], 
    "sourceDisplayName": "Food.com", 
    "recipeName": "Meatloaf Muffins With Stove Top Stuffing", 
    "attributes": {
        "course": [
            "Main Dishes"
        ]
    }, 
    "id": "Meatloaf-Muffins-With-Stove-Top-Stuffing-Recipezaar"
}{
    "flavors": {
        "sweet": 0.6666666666666666, 
        "sour": 0.6666666666666666, 
        "salty": 0.16666666666666666, 
        "piquant": 0.0, 
        "bitter": 0.16666666666666666, 
        "meaty": 0.5
    }, 
    "rating": 3.74, 
    "totalTimeInSeconds": 2400.0, 
    "ingredients": [
        "milk", 
        "baking powder", 
        "strawberries", 
        "sour cream", 
        "all-purpose flour", 
        "vegetable oil", 
        "butter", 
        "eggs", 
        "ground cinnamon", 
        "brown sugar", 
        "sugar", 
        "salt", 
        "all-purpose flour"
    ], 
    "smallImageUrls": [
        "http://i.yummly.com/Strawberry-Streusel-Muffins-Allrecipes-66445.s.png"
    ], 
    "sourceDisplayName": "Taste of Home", 
    "recipeName": "Strawberry Streusel Muffins", 
    "attributes": {
        "course": [
            "Breads", 
            "Breakfast and Brunch"
        ], 
        "cuisine": [
            "American"
        ]
    }, 
    "id": "Strawberry-Streusel-Muffins-TasteOfHome"
}{
    "flavors": {
        "sweet": 0.8333333333333334, 
        "sour": 0.3333333333333333, 
        "salty": 0.6666666666666666, 
        "piquant": 0.0, 
        "bitter": 1.0, 
        "meaty": 0.6666666666666666
    }, 
    "rating": 4.36, 
    "totalTimeInSeconds": 2400.0, 
    "ingredients": [
        "eggs", 
        "oat bran", 
        "baking soda", 
        "egg white", 
        "wheat flour", 
        "buttermilk", 
        "chopped walnuts", 
        "fine salt", 
        "dried fruit", 
        "vegetable oil", 
        "all-purpose flour", 
        "baking powder", 
        "dark brown sugar"
    ], 
    "smallImageUrls": [], 
    "sourceDisplayName": "Food Network", 
    "recipeName": "Multigrain Muffin", 
    "attributes": {
        "course": [
            "Breads", 
            "Breakfast and Brunch"
        ], 
        "cuisine": [
            "American"
        ]
    }, 
    "id": "Multigrain-Muffin-Food-Network"
}{
    "flavors": {
        "sweet": 0.8333333333333334, 
        "sour": 0.8333333333333334, 
        "salty": 0.6666666666666666, 
        "piquant": 0.0, 
        "bitter": 0.3333333333333333, 
        "meaty": 0.3333333333333333
    }, 
    "rating": 4.0, 
    "totalTimeInSeconds": 2400.0, 
    "ingredients": [
        "muffin mix", 
        "applesauce", 
        "egg whites", 
        "blueberries"
    ], 
    "smallImageUrls": [
        "http://i.yummly.com/Apple_blueberry-Corn-Muffins-Recipezaar-252010.s.jpg"
    ], 
    "sourceDisplayName": "Food.com", 
    "recipeName": "Apple-Blueberry Corn Muffins", 
    "attributes": {
        "course": [
            "Breads"
        ]
    }, 
    "id": "Apple_blueberry-Corn-Muffins-Recipezaar"
}{
    "flavors": {
        "sweet": 0.6666666666666666, 
        "sour": 0.5, 
        "salty": 1.0, 
        "piquant": 0.0, 
        "bitter": 0.8333333333333334, 
        "meaty": 1.0
    }, 
    "rating": 4.58, 
    "totalTimeInSeconds": 3600.0, 
    "ingredients": [
        "ground beef", 
        "finely chopped onion", 
        "garlic powder", 
        "black olives", 
        "hot water", 
        "pepper", 
        "salt", 
        "muffin mix", 
        "corn kernels", 
        "shredded cheddar cheese", 
        "seasoning mix", 
        "diced tomatoes"
    ], 
    "smallImageUrls": [
        "http://i.yummly.com/Mexican-Shepherd_s-Pie-Allrecipes-25675.s.png", 
        "http://i.yummly.com/Mexican-Shepherd_s-Pie-Allrecipes-65626.s.png"
    ], 
    "sourceDisplayName": "AllRecipes", 
    "recipeName": "Mexican Shepherd's Pie", 
    "attributes": {
        "course": [
            "Main Dishes"
        ], 
        "cuisine": [
            "Mexican"
        ]
    }, 
    "id": "Mexican-Shepherd_s-Pie-Allrecipes"
}{
    "flavors": {
        "sweet": 0.8333333333333334, 
        "sour": 0.8333333333333334, 
        "salty": 0.5, 
        "piquant": 0.0, 
        "bitter": 0.16666666666666666, 
        "meaty": 0.5
    }, 
    "rating": 4.62, 
    "totalTimeInSeconds": 2100.0, 
    "ingredients": [
        "white sugar", 
        "all-purpose flour", 
        "egg", 
        "baking powder", 
        "orange juice", 
        "orange", 
        "butter", 
        "baking soda"
    ], 
    "smallImageUrls": [
        "http://i2.yummly.com/Fresh-Orange-Muffins-Recipezaar_1.s.jpg", 
        "http://i.yummly.com/Fresh-Orange-Muffins-Recipezaar_1-178774.s.jpg"
    ], 
    "sourceDisplayName": "Food.com", 
    "recipeName": "Fresh Orange Muffins", 
    "attributes": {
        "course": [
            "Breads", 
            "Breakfast and Brunch"
        ]
    }, 
    "id": "Fresh-Orange-Muffins-Recipezaar_1"
}{
    "flavors": {
        "sweet": 0.16666666666666666, 
        "sour": 0.3333333333333333, 
        "salty": 0.3333333333333333, 
        "piquant": 0.0, 
        "bitter": 0.3333333333333333, 
        "meaty": 0.8333333333333334
    }, 
    "rating": 5.0, 
    "totalTimeInSeconds": 1800.0, 
    "ingredients": [
        "caraway seeds", 
        "beaten eggs", 
        "milk", 
        "sugar", 
        "all-purpose flour", 
        "baking powder", 
        "rye flour", 
        "salt", 
        "shredded cheddar cheese", 
        "vegetable oil"
    ], 
    "smallImageUrls": [
        "http://i.yummly.com/Caraway-Rye-Muffins-Allrecipes-78014.s.png"
    ], 
    "sourceDisplayName": "Taste of Home", 
    "recipeName": "Caraway Rye Muffins", 
    "attributes": {
        "course": [
            "Breads"
        ]
    }, 
    "id": "Caraway-Rye-Muffins-TasteOfHome"
}{
    "flavors": {
        "sweet": 0.6666666666666666, 
        "sour": 0.3333333333333333, 
        "salty": 0.5, 
        "piquant": 0.0, 
        "bitter": 0.6666666666666666, 
        "meaty": 0.6666666666666666
    }, 
    "rating": 4.19, 
    "totalTimeInSeconds": 2700.0, 
    "ingredients": [
        "applesauce", 
        "baking powder", 
        "baking soda", 
        "rolled oats", 
        "coffee", 
        "salt", 
        "flour"
    ], 
    "smallImageUrls": [
        "http://i.yummly.com/Diana_s-Awesome-Oatmeal-Muffins-Recipezaar-190513.s.jpg"
    ], 
    "sourceDisplayName": "Food.com", 
    "recipeName": "Diana's Awesome Oatmeal Muffins", 
    "attributes": {
        "course": [
            "Breads"
        ]
    }, 
    "id": "Diana_s-Awesome-Oatmeal-Muffins-Recipezaar"
}{
    "flavors": {
        "sweet": 0.5, 
        "sour": 0.5, 
        "salty": 0.6666666666666666, 
        "piquant": 0.0, 
        "bitter": 0.3333333333333333, 
        "meaty": 0.3333333333333333
    }, 
    "rating": 4.17, 
    "totalTimeInSeconds": 0, 
    "ingredients": [
        "salt", 
        "plain yogurt", 
        "unsalted butter", 
        "sugar", 
        "all-purpose flour", 
        "double-acting baking powder", 
        "yellow cornmeal", 
        "baking soda", 
        "eggs", 
        "raspberries"
    ], 
    "smallImageUrls": [], 
    "sourceDisplayName": "Epicurious", 
    "recipeName": "Raspberry Corn Muffins", 
    "attributes": {
        "course": [
            "Breads", 
            "Breakfast and Brunch", 
            "Lunch and Snacks"
        ]
    }, 
    "id": "Raspberry-Corn-Muffins-Epicurious"
}{
    "flavors": {
        "sweet": 0.3333333333333333, 
        "sour": 0.6666666666666666, 
        "salty": 0.3333333333333333, 
        "piquant": 0.0, 
        "bitter": 0.16666666666666666, 
        "meaty": 0.3333333333333333
    }, 
    "rating": 3.5, 
    "totalTimeInSeconds": 2400.0, 
    "ingredients": [
        "all-purpose flour", 
        "sugar", 
        "baking powder", 
        "vegetable oil", 
        "green olives", 
        "tuna", 
        "salt", 
        "egg", 
        "chopped garlic", 
        "skim milk", 
        "green onion", 
        "nonfat yogurt plain"
    ], 
    "smallImageUrls": [
        "http://i.yummly.com/Tuna-Salad-Muffins-Allrecipes-84441.s.png", 
        "http://i.yummly.com/Tuna-Salad-Muffins-Allrecipes-84286.s.png"
    ], 
    "sourceDisplayName": "AllRecipes", 
    "recipeName": "Tuna Salad Muffins", 
    "attributes": {
        "course": [
            "Lunch and Snacks"
        ], 
        "cuisine": [
            "American"
        ]
    }, 
    "id": "Tuna-Salad-Muffins-Allrecipes"
}{
    "flavors": {
        "sweet": 0.8333333333333334, 
        "sour": 0.5, 
        "salty": 0.16666666666666666, 
        "piquant": 0.0, 
        "bitter": 0.3333333333333333, 
        "meaty": 0.5
    }, 
    "rating": 4.11, 
    "totalTimeInSeconds": 1800.0, 
    "ingredients": [
        "all-purpose flour", 
        "sugar", 
        "baking powder", 
        "cream cheese", 
        "maraschino cherries", 
        "egg", 
        "salt", 
        "chopped pecans", 
        "miniature semisweet chocolate chips", 
        "confectioners' sugar", 
        "vegetable oil", 
        "milk"
    ], 
    "smallImageUrls": [
        "http://i.yummly.com/Cherry-Chip-Muffins-Allrecipes-72010.s.png"
    ], 
    "sourceDisplayName": "Taste of Home", 
    "recipeName": "Cherry Chip Muffins", 
    "attributes": {
        "course": [
            "Breads"
        ]
    }, 
    "id": "Cherry-Chip-Muffins-TasteOfHome"
}{
    "flavors": {
        "sweet": 0.16666666666666666, 
        "sour": 0.8333333333333334, 
        "salty": 0.5, 
        "piquant": 0.0, 
        "bitter": 0.3333333333333333, 
        "meaty": 0.8333333333333334
    }, 
    "rating": 3.88, 
    "totalTimeInSeconds": 2100.0, 
    "ingredients": [
        "all-purpose flour", 
        "baking powder", 
        "eggs", 
        "milk", 
        "shredded cheddar cheese", 
        "melted butter", 
        "sugar", 
        "dill weed", 
        "salt"
    ], 
    "smallImageUrls": [
        "http://i.yummly.com/Cheddar-Dill-Muffins-Allrecipes-54220.s.png"
    ], 
    "sourceDisplayName": "Taste of Home", 
    "recipeName": "Cheddar Dill Muffins", 
    "attributes": {
        "course": [
            "Breads"
        ]
    }, 
    "id": "Cheddar-Dill-Muffins-TasteOfHome"
}{
    "flavors": {
        "sweet": 0.16666666666666666, 
        "sour": 0.16666666666666666, 
        "salty": 0.5, 
        "piquant": 0.0, 
        "bitter": 0.3333333333333333, 
        "meaty": 0.5
    }, 
    "rating": 0.0, 
    "totalTimeInSeconds": 120.0, 
    "ingredients": [
        "deli ham", 
        "egg", 
        "english muffin", 
        "cheese"
    ], 
    "smallImageUrls": [
        "http://i.yummly.com/A-Faster-Egg-Muffin-Food_com-79026-249457.s.jpg"
    ], 
    "sourceDisplayName": "Food.com", 
    "recipeName": "A Faster Egg Muffin", 
    "attributes": {
        "course": [
            "Breakfast and Brunch"
        ]
    }, 
    "id": "A-Faster-Egg-Muffin-Food_com-79026"
}{
    "flavors": {
        "sweet": 1.0, 
        "sour": 0.6666666666666666, 
        "salty": 0.6666666666666666, 
        "piquant": 0.0, 
        "bitter": 0.5, 
        "meaty": 0.3333333333333333
    }, 
    "rating": 4.15, 
    "totalTimeInSeconds": 0, 
    "ingredients": [
        "powdered sugar", 
        "ground cinnamon", 
        "unsalted butter", 
        "cold water", 
        "ground cloves", 
        "eggs", 
        "light molasses", 
        "salt", 
        "ground ginger", 
        "baking soda", 
        "sugar", 
        "fresh lemon juice", 
        "all purpose flour", 
        "whipped cream"
    ], 
    "smallImageUrls": [], 
    "sourceDisplayName": "Epicurious", 
    "recipeName": "Gingerbread Muffins with Lemon Glaze", 
    "attributes": {
        "course": [
            "Breads"
        ], 
        "cuisine": [
            "American"
        ]
    }, 
    "id": "Gingerbread-Muffins-with-Lemon-Glaze-Epicurious-50977"
}{
    "flavors": {
        "sweet": 0.16666666666666666, 
        "sour": 0.16666666666666666, 
        "salty": 0.16666666666666666, 
        "piquant": 0.5, 
        "bitter": 0.16666666666666666, 
        "meaty": 0.16666666666666666
    }, 
    "rating": 4.91, 
    "totalTimeInSeconds": 1800.0, 
    "ingredients": [
        "muffin mix", 
        "corn", 
        "eggs", 
        "milk", 
        "cheddar cheese", 
        "jalapeno pepper"
    ], 
    "smallImageUrls": [], 
    "sourceDisplayName": "Food.com", 
    "recipeName": "Deluxe Corn Muffins", 
    "attributes": {
        "course": [
            "Breads"
        ]
    }, 
    "id": "Deluxe-Corn-Muffins-Food_com-155915"
}{
    "flavors": {
        "sweet": 0.3333333333333333, 
        "sour": 0.6666666666666666, 
        "salty": 0.3333333333333333, 
        "piquant": 0.0, 
        "bitter": 0.6666666666666666, 
        "meaty": 0.5
    }, 
    "rating": 4.0, 
    "totalTimeInSeconds": 0, 
    "ingredients": [
        "baking powder", 
        "egg", 
        "salt", 
        "peach preserves", 
        "chopped pecans", 
        "sour cream", 
        "vanilla extract", 
        "sugar", 
        "baking soda", 
        "all purpose flour"
    ], 
    "smallImageUrls": [], 
    "sourceDisplayName": "Epicurious", 
    "recipeName": "Pecan Muffins", 
    "attributes": {
        "course": [
            "Breads"
        ], 
        "cuisine": [
            "American"
        ]
    }, 
    "id": "Pecan-Muffins-Epicurious_1"
}{
    "flavors": null, 
    "rating": 0.0, 
    "totalTimeInSeconds": 2220.0, 
    "ingredients": [
        "light brown sugar", 
        "ground cinnamon", 
        "quick-cooking oats", 
        "unsalted butter", 
        "all-purpose flour", 
        "chopped pecans", 
        "all-purpose flour", 
        "baking soda", 
        "ground cinnamon", 
        "granulated sugar", 
        "mashed banana", 
        "light brown sugar", 
        "unsalted butter", 
        "large eggs", 
        "pecans", 
        "baking powder", 
        "salt", 
        "whole wheat flour"
    ], 
    "smallImageUrls": [
        "http://i2.yummly.com/84fee266-0425-4052-b641-0d8c837a67f1.s.png"
    ], 
    "recipeName": "Banana Streusel Muffins", 
    "attributes": {
        "course": [
            "Breads", 
            "Breakfast and Brunch", 
            "Lunch and Snacks"
        ]
    }, 
    "id": "Banana-Streusel-Muffins-foodgalnyc"
}{
    "flavors": {
        "sweet": 0.3333333333333333, 
        "sour": 1.0, 
        "salty": 0.3333333333333333, 
        "piquant": 0.8333333333333334, 
        "bitter": 0.3333333333333333, 
        "meaty": 0.6666666666666666
    }, 
    "rating": 4.2, 
    "totalTimeInSeconds": 1800.0, 
    "ingredients": [
        "seasoned salt", 
        "dijon mustard", 
        "shredded cheddar cheese", 
        "beaten eggs", 
        "butter", 
        "green chilies", 
        "milk", 
        "baking powder", 
        "black pepper", 
        "all-purpose flour"
    ], 
    "smallImageUrls": [
        "http://i.yummly.com/Southwestern-Mini-Muffins-Allrecipes-60124.s.png"
    ], 
    "sourceDisplayName": "Taste of Home", 
    "recipeName": "Southwestern Mini Muffins", 
    "attributes": {
        "course": [
            "Breads"
        ]
    }, 
    "id": "Southwestern-Mini-Muffins-TasteOfHome"
}{
    "flavors": {
        "sweet": 0.8333333333333334, 
        "sour": 0.8333333333333334, 
        "salty": 0.16666666666666666, 
        "piquant": 0.0, 
        "bitter": 0.3333333333333333, 
        "meaty": 0.5
    }, 
    "rating": 4.0, 
    "totalTimeInSeconds": 2700.0, 
    "ingredients": [
        "egg", 
        "canola oil", 
        "milk", 
        "white sugar", 
        "quick cooking oats", 
        "all-purpose flour", 
        "white sugar", 
        "baking powder", 
        "orange zest", 
        "orange juice", 
        "raisins"
    ], 
    "smallImageUrls": [
        "http://i.yummly.com/Tasty-Orange_Oatmeal-Muffins-AllRecipes-89769.s.png", 
        "http://i.yummly.com/Tasty-Orange_Oatmeal-Muffins-AllRecipes-89398.s.png"
    ], 
    "sourceDisplayName": "AllRecipes", 
    "recipeName": "Tasty Orange-Oatmeal Muffins", 
    "attributes": {
        "course": [
            "Breads"
        ]
    }, 
    "id": "Tasty-Orange_Oatmeal-Muffins-AllRecipes"
}{
    "flavors": {
        "sweet": 0.8333333333333334, 
        "sour": 0.3333333333333333, 
        "salty": 0.3333333333333333, 
        "piquant": 0.0, 
        "bitter": 0.5, 
        "meaty": 0.8333333333333334
    }, 
    "rating": 4.21, 
    "totalTimeInSeconds": 0, 
    "ingredients": [
        "large eggs", 
        "bran", 
        "sugar", 
        "salt", 
        "blueberries", 
        "double-acting baking powder", 
        "sunflower seeds", 
        "milk", 
        "all-purpose flour", 
        "unsalted butter"
    ], 
    "smallImageUrls": [], 
    "sourceDisplayName": "Epicurious", 
    "recipeName": "Blueberry Bran Sunflower Muffins", 
    "attributes": {
        "course": [
            "Breads", 
            "Breakfast and Brunch"
        ]
    }, 
    "id": "Blueberry-Bran-Sunflower-Muffins-Epicurious"
}{
    "flavors": {
        "sweet": 0.16666666666666666, 
        "sour": 0.0, 
        "salty": 0.5, 
        "piquant": 0.0, 
        "bitter": 0.3333333333333333, 
        "meaty": 0.6666666666666666
    }, 
    "rating": 4.44, 
    "totalTimeInSeconds": 1800.0, 
    "ingredients": [
        "milk", 
        "baking mix", 
        "shredded cheddar cheese", 
        "sausage", 
        "eggs"
    ], 
    "smallImageUrls": [
        "http://i.yummly.com/Crustless-Breakfast-Quiche-Muffins-Recipezaar-18637.s.png", 
        "http://i.yummly.com/Crustless-Breakfast-Quiche-Muffins-Recipezaar-225236.s.jpg"
    ], 
    "sourceDisplayName": "Food.com", 
    "recipeName": "Crustless Breakfast Quiche Muffins", 
    "attributes": {
        "course": [
            "Breads", 
            "Breakfast and Brunch"
        ]
    }, 
    "id": "Crustless-Breakfast-Quiche-Muffins-Recipezaar"
}{
    "flavors": null, 
    "rating": 4.21, 
    "totalTimeInSeconds": 1500.0, 
    "ingredients": [
        "salt", 
        "nutmeg", 
        "milk", 
        "oiled", 
        "cinnamon", 
        "flour", 
        "baking powder", 
        "sugar", 
        "eggs"
    ], 
    "smallImageUrls": [
        "http://i.yummly.com/Doughnut-Muffins-Food_com-125181-206700.s.jpg"
    ], 
    "sourceDisplayName": "Food.com", 
    "recipeName": "Doughnut Muffins", 
    "attributes": {
        "course": [
            "Breads", 
            "Breakfast and Brunch", 
            "Lunch and Snacks"
        ]
    }, 
    "id": "Doughnut-Muffins-Food_com-125181"
}{
    "flavors": {
        "sweet": 1.0, 
        "sour": 0.6666666666666666, 
        "salty": 1.0, 
        "piquant": 0.0, 
        "bitter": 1.0, 
        "meaty": 0.6666666666666666
    }, 
    "rating": 3.5, 
    "totalTimeInSeconds": 2400.0, 
    "ingredients": [
        "brown sugar", 
        "baking soda", 
        "bananas", 
        "all-purpose flour", 
        "semisweet chocolate chips", 
        "vanilla extract", 
        "chopped walnuts", 
        "sugar", 
        "eggs", 
        "butter"
    ], 
    "smallImageUrls": [
        "http://i.yummly.com/Chocolate-Banana-Muffins-Allrecipes-93270.s.png", 
        "http://i.yummly.com/Chocolate-Banana-Muffins-Allrecipes-92614.s.png"
    ], 
    "sourceDisplayName": "Taste of Home", 
    "recipeName": "Chocolate Banana Muffins", 
    "attributes": {
        "course": [
            "Breakfast and Brunch", 
            "Lunch and Snacks"
        ]
    }, 
    "id": "Chocolate-Banana-Muffins-TasteOfHome"
}{
    "flavors": {
        "sweet": 1.0, 
        "sour": 0.5, 
        "salty": 0.5, 
        "piquant": 0.0, 
        "bitter": 0.5, 
        "meaty": 0.5
    }, 
    "rating": 4.47, 
    "totalTimeInSeconds": 2400.0, 
    "ingredients": [
        "brown sugar", 
        "milk", 
        "salt", 
        "sugar", 
        "oil", 
        "cinnamon", 
        "baking powder", 
        "beaten eggs", 
        "flour"
    ], 
    "smallImageUrls": [
        "http://i.yummly.com/Cinnamon-Muffins-Recipezaar_7-155750.s.jpg"
    ], 
    "sourceDisplayName": "Food.com", 
    "recipeName": "Cinnamon Muffins", 
    "attributes": {
        "course": [
            "Breads", 
            "Breakfast and Brunch", 
            "Lunch and Snacks"
        ]
    }, 
    "id": "Cinnamon-Muffins-Recipezaar_7"
}{
    "flavors": {
        "sweet": 0.16666666666666666, 
        "sour": 0.16666666666666666, 
        "salty": 0.6666666666666666, 
        "piquant": 0.0, 
        "bitter": 0.3333333333333333, 
        "meaty": 0.5
    }, 
    "rating": 4.0, 
    "totalTimeInSeconds": 2400.0, 
    "ingredients": [
        "pepperoni", 
        "shredded mozzarella cheese", 
        "italian seasoning", 
        "dried minced onion", 
        "ripe olives", 
        "condensed tomato soup", 
        "water", 
        "shredded cheddar cheese"
    ], 
    "smallImageUrls": [
        "http://i.yummly.com/Pepperoni-Pizza-Muffins-Allrecipes-66245.s.png"
    ], 
    "sourceDisplayName": "Taste of Home", 
    "recipeName": "Pepperoni Pizza Muffins", 
    "attributes": {
        "course": [
            "Lunch and Snacks"
        ]
    }, 
    "id": "Pepperoni-Pizza-Muffins-TasteOfHome"
}{
    "flavors": {
        "sweet": 0.8333333333333334, 
        "sour": 0.6666666666666666, 
        "salty": 0.16666666666666666, 
        "piquant": 0.0, 
        "bitter": 0.6666666666666666, 
        "meaty": 0.6666666666666666
    }, 
    "rating": 4.67, 
    "totalTimeInSeconds": 2400.0, 
    "ingredients": [
        "quick-cooking oats", 
        "fat free milk", 
        "salt", 
        "pumpkin pie spice", 
        "canola oil", 
        "dark brown sugar", 
        "dried apricots", 
        "sugar", 
        "egg substitute", 
        "chopped walnuts", 
        "baking powder", 
        "all-purpose flour"
    ], 
    "smallImageUrls": [
        "http://i.yummly.com/Apricot-Oat-Muffins-Allrecipes-57457.s.png"
    ], 
    "sourceDisplayName": "Taste of Home", 
    "recipeName": "Apricot Oat Muffins", 
    "attributes": {
        "course": [
            "Breads"
        ]
    }, 
    "id": "Apricot-Oat-Muffins-TasteOfHome"
}{
    "flavors": {
        "sweet": 1.0, 
        "sour": 0.5, 
        "salty": 0.3333333333333333, 
        "piquant": 0.0, 
        "bitter": 0.16666666666666666, 
        "meaty": 0.3333333333333333
    }, 
    "rating": 4.81, 
    "totalTimeInSeconds": 3000.0, 
    "ingredients": [
        "baking powder", 
        "flour", 
        "salt", 
        "unsweetened applesauce", 
        "blueberries", 
        "sugar", 
        "vanilla", 
        "soymilk", 
        "margarine"
    ], 
    "smallImageUrls": [
        "http://i.yummly.com/Vegan-Blueberry-Muffins-Recipezaar_2-1.s.jpg", 
        "http://i2.yummly.com/Vegan-Blueberry-Muffins-Recipezaar_2.s.png", 
        "http://i.yummly.com/Vegan-Blueberry-Muffins-Recipezaar_2-195300.s.jpg"
    ], 
    "sourceDisplayName": "Food.com", 
    "recipeName": "Vegan Blueberry Muffins", 
    "attributes": {
        "course": [
            "Breads", 
            "Breakfast and Brunch", 
            "Lunch and Snacks"
        ]
    }, 
    "id": "Vegan-Blueberry-Muffins-Recipezaar_2"
}{
    "flavors": {
        "sweet": 0.16666666666666666, 
        "sour": 0.16666666666666666, 
        "salty": 0.16666666666666666, 
        "piquant": 0.0, 
        "bitter": 0.16666666666666666, 
        "meaty": 0.16666666666666666
    }, 
    "rating": 4.76, 
    "totalTimeInSeconds": 2100.0, 
    "ingredients": [
        "sugar", 
        "butter", 
        "vanilla extract", 
        "beaten eggs", 
        "coffee granules", 
        "miniature semisweet chocolate chips", 
        "milk", 
        "miniature semisweet chocolate chips", 
        "vanilla extract", 
        "cream cheese", 
        "coffee granules", 
        "all-purpose flour", 
        "ground cinnamon", 
        "sugar", 
        "salt", 
        "baking powder"
    ], 
    "smallImageUrls": [
        "http://i.yummly.com/Cappuccino-Muffins-Food_com-139821-208530.s.jpg"
    ], 
    "sourceDisplayName": "Food.com", 
    "recipeName": "Cappuccino Muffins", 
    "attributes": {
        "course": [
            "Breads"
        ]
    }, 
    "id": "Cappuccino-Muffins-Food_com-139821"
}{
    "flavors": {
        "sweet": 0.16666666666666666, 
        "sour": 0.16666666666666666, 
        "salty": 0.8333333333333334, 
        "piquant": 0.0, 
        "bitter": 0.6666666666666666, 
        "meaty": 0.3333333333333333
    }, 
    "rating": 4.57, 
    "totalTimeInSeconds": 900.0, 
    "ingredients": [
        "lemon pepper seasoning", 
        "chopped celery", 
        "american cheese", 
        "pineapple", 
        "english muffins", 
        "tuna", 
        "mayonnaise", 
        "salt"
    ], 
    "smallImageUrls": [
        "http://i.yummly.com/Tropical-Tuna-Melts-Allrecipes-92993.s.png", 
        "http://i.yummly.com/Tropical-Tuna-Melts-Allrecipes-92311.s.png"
    ], 
    "sourceDisplayName": "Taste of Home", 
    "recipeName": "Tropical Tuna Melts", 
    "attributes": {
        "course": [
            "Lunch and Snacks"
        ]
    }, 
    "id": "Tropical-Tuna-Melts-TasteOfHome"
}{
    "flavors": {
        "sweet": 0.6666666666666666, 
        "sour": 0.5, 
        "salty": 0.6666666666666666, 
        "piquant": 0.0, 
        "bitter": 0.3333333333333333, 
        "meaty": 0.3333333333333333
    }, 
    "rating": 3.58, 
    "totalTimeInSeconds": 2100.0, 
    "ingredients": [
        "nonfat plain yogurt", 
        "salt", 
        "baking powder", 
        "sugar", 
        "orange peel", 
        "baking soda", 
        "skim milk", 
        "cranberries", 
        "all-purpose flour"
    ], 
    "smallImageUrls": [
        "http://i.yummly.com/Cranberry-Yogurt-Muffins-Allrecipes-66528.s.png"
    ], 
    "sourceDisplayName": "Taste of Home", 
    "recipeName": "Cranberry Yogurt Muffins", 
    "attributes": {
        "course": [
            "Breads"
        ]
    }, 
    "id": "Cranberry-Yogurt-Muffins-TasteOfHome"
}{
    "flavors": {
        "sweet": 0.3333333333333333, 
        "sour": 0.3333333333333333, 
        "salty": 0.8333333333333334, 
        "piquant": 0.0, 
        "bitter": 0.5, 
        "meaty": 0.5
    }, 
    "rating": 0.0, 
    "totalTimeInSeconds": 0, 
    "ingredients": [
        "cheese spread", 
        "butter", 
        "green onion", 
        "sliced tomato", 
        "english muffins", 
        "bacon"
    ], 
    "smallImageUrls": [], 
    "sourceDisplayName": "MyRecipes", 
    "recipeName": "English Cheese Muffins", 
    "attributes": {
        "course": [
            "Breakfast and Brunch"
        ], 
        "holiday": [
            "New Year", 
            "Game Day", 
            "Christmas"
        ], 
        "cuisine": [
            "American"
        ]
    }, 
    "id": "English-Cheese-Muffins-My-Recipes"
}{
    "flavors": {
        "sweet": 1.0, 
        "sour": 0.5, 
        "salty": 1.0, 
        "piquant": 0.0, 
        "bitter": 1.0, 
        "meaty": 1.0
    }, 
    "rating": 4.1, 
    "totalTimeInSeconds": 2100.0, 
    "ingredients": [
        "sour cream", 
        "melted butter", 
        "self rising flour"
    ], 
    "smallImageUrls": [], 
    "sourceDisplayName": "Food Network", 
    "recipeName": "Sour Cream Muffins", 
    "attributes": {
        "course": [
            "Breads", 
            "Breakfast and Brunch"
        ]
    }, 
    "id": "Sour-Cream-Muffins-Food-Network"
}{
    "flavors": {
        "sweet": 0.8333333333333334, 
        "sour": 0.3333333333333333, 
        "salty": 0.8333333333333334, 
        "piquant": 0.0, 
        "bitter": 0.3333333333333333, 
        "meaty": 0.8333333333333334
    }, 
    "rating": 5.0, 
    "totalTimeInSeconds": 1380.0, 
    "ingredients": [
        "large eggs", 
        "milk", 
        "beef", 
        "shredded cheddar cheese", 
        "cornbread mix"
    ], 
    "smallImageUrls": [
        "http://i.yummly.com/Corn-Dog-Muffins-Recipezaar_4-201528.s.jpg"
    ], 
    "sourceDisplayName": "Food.com", 
    "recipeName": "Corn Dog Muffins", 
    "attributes": {
        "course": [
            "Breads", 
            "Lunch and Snacks"
        ]
    }, 
    "id": "Corn-Dog-Muffins-Recipezaar_4"
}{
    "flavors": {
        "sweet": 0.16666666666666666, 
        "sour": 0.8333333333333334, 
        "salty": 0.3333333333333333, 
        "piquant": 0.0, 
        "bitter": 0.16666666666666666, 
        "meaty": 0.5
    }, 
    "rating": 4.0, 
    "totalTimeInSeconds": 2100.0, 
    "ingredients": [
        "baking powder", 
        "ground cinnamon", 
        "egg", 
        "sugar", 
        "chocolate", 
        "coffee granules", 
        "salt", 
        "buttermilk", 
        "sugar", 
        "baking soda", 
        "ground cinnamon", 
        "all-purpose flour", 
        "vegetable oil", 
        "vanilla extract"
    ], 
    "smallImageUrls": [
        "http://i.yummly.com/Cappuccino-Muffins-Allrecipes-57374.s.png"
    ], 
    "sourceDisplayName": "Taste of Home", 
    "recipeName": "Cappuccino Muffins", 
    "attributes": {
        "course": [
            "Breads"
        ]
    }, 
    "id": "Cappuccino-Muffins-TasteOfHome"
}{
    "flavors": {
        "sweet": 0.5, 
        "sour": 0.16666666666666666, 
        "salty": 0.8333333333333334, 
        "piquant": 0.0, 
        "bitter": 0.3333333333333333, 
        "meaty": 1.0
    }, 
    "rating": 4.69, 
    "totalTimeInSeconds": 2100.0, 
    "ingredients": [
        "cheese", 
        "bacon bits", 
        "stuffing", 
        "eggs"
    ], 
    "smallImageUrls": [
        "http://i.yummly.com/Stuffin-Egg-Muffins-Recipezaar-222523.s.jpg"
    ], 
    "sourceDisplayName": "Food.com", 
    "recipeName": "Stuffin Egg Muffins", 
    "attributes": {
        "course": [
            "Breakfast and Brunch"
        ]
    }, 
    "id": "Stuffin-Egg-Muffins-Recipezaar"
}{
    "flavors": {
        "sweet": 0.6666666666666666, 
        "sour": 0.6666666666666666, 
        "salty": 0.5, 
        "piquant": 0.0, 
        "bitter": 0.5, 
        "meaty": 1.0
    }, 
    "rating": 3.73, 
    "totalTimeInSeconds": 2700.0, 
    "ingredients": [
        "eggs", 
        "creamy peanut butter", 
        "vegetable oil", 
        "sugar", 
        "cooking spray", 
        "all purpose flour", 
        "salt", 
        "baking powder", 
        "sugar", 
        "jam", 
        "milk"
    ], 
    "smallImageUrls": [
        "http://i.yummly.com/P-B-and-J-Muffins-AllRecipes-64022.s.png"
    ], 
    "sourceDisplayName": "AllRecipes", 
    "recipeName": "P B and J Muffins", 
    "attributes": {
        "course": [
            "Breads"
        ], 
        "cuisine": [
            "American"
        ]
    }, 
    "id": "P-B-and-J-Muffins-AllRecipes"
}{
    "flavors": {
        "sweet": 0.16666666666666666, 
        "sour": 0.16666666666666666, 
        "salty": 1.0, 
        "piquant": 0.0, 
        "bitter": 0.6666666666666666, 
        "meaty": 0.6666666666666666
    }, 
    "rating": 0.0, 
    "totalTimeInSeconds": 0, 
    "ingredients": [
        "english muffins", 
        "canadian bacon", 
        "white vinegar", 
        "eggs"
    ], 
    "smallImageUrls": [
        "http://i.yummly.com/Eggs-Benedict-Martha-Stewart_1-107265.s.png"
    ], 
    "sourceDisplayName": "Martha Stewart", 
    "recipeName": "Eggs Benedict", 
    "attributes": {
        "course": [
            "Breakfast and Brunch", 
            "Lunch and Snacks"
        ], 
        "cuisine": [
            "American"
        ]
    }, 
    "id": "Eggs-Benedict-Martha-Stewart_1"
}{
    "flavors": {
        "sweet": 1.0, 
        "sour": 0.6666666666666666, 
        "salty": 0.8333333333333334, 
        "piquant": 0.0, 
        "bitter": 0.3333333333333333, 
        "meaty": 0.5
    }, 
    "rating": 0.0, 
    "totalTimeInSeconds": 3600.0, 
    "ingredients": [
        "baking powder", 
        "unsalted butter", 
        "ground allspice", 
        "ground cinnamon", 
        "granulated sugar", 
        "light brown sugar", 
        "coarse salt", 
        "buttermilk", 
        "all-purpose flour", 
        "ground nutmeg", 
        "baking soda", 
        "unsalted butter", 
        "pumpkin puree", 
        "eggs"
    ], 
    "smallImageUrls": [
        "http://i.yummly.com/Pumpkin-Doughnut-Muffins-Martha-Stewart-193373-107077.s.png"
    ], 
    "sourceDisplayName": "Martha Stewart", 
    "recipeName": "Pumpkin Doughnut Muffins", 
    "attributes": {
        "course": [
            "Breads"
        ], 
        "holiday": [
            "Thanksgiving"
        ]
    }, 
    "id": "Pumpkin-Doughnut-Muffins-Martha-Stewart-193373"
}{
    "flavors": {
        "sweet": 0.3333333333333333, 
        "sour": 0.3333333333333333, 
        "salty": 0.8333333333333334, 
        "piquant": 0.0, 
        "bitter": 0.5, 
        "meaty": 1.0
    }, 
    "rating": 0.0, 
    "totalTimeInSeconds": 2700.0, 
    "ingredients": [
        "eggs", 
        "spinach", 
        "diced onion", 
        "blue cheese", 
        "lean ground beef", 
        "worcestershire sauce", 
        "bread crumbs"
    ], 
    "smallImageUrls": [
        "http://i.yummly.com/Blue-Cheese_-Spinach-Meat-Loaf-Muffins-AllRecipes-36978-83351.s.png", 
        "http://i.yummly.com/Blue-Cheese_-Spinach-Meat-Loaf-Muffins-AllRecipes-36978-83285.s.png"
    ], 
    "sourceDisplayName": "AllRecipes", 
    "recipeName": "Blue Cheese, Spinach Meat Loaf Muffins", 
    "attributes": {}, 
    "id": "Blue-Cheese_-Spinach-Meat-Loaf-Muffins-AllRecipes-36978"
}{
    "flavors": {
        "sweet": 0.8333333333333334, 
        "sour": 0.6666666666666666, 
        "salty": 0.5, 
        "piquant": 0.0, 
        "bitter": 0.3333333333333333, 
        "meaty": 0.5
    }, 
    "rating": 4.67, 
    "totalTimeInSeconds": 2100.0, 
    "ingredients": [
        "orange juice", 
        "all-purpose flour", 
        "brown sugar", 
        "wheat flour", 
        "baking powder", 
        "orange peel", 
        "salt", 
        "egg", 
        "baking soda", 
        "dates", 
        "vegetable oil", 
        "orange"
    ], 
    "smallImageUrls": [
        "http://i.yummly.com/Orange-Muffins-With-Dates-Allrecipes-66465.s.png"
    ], 
    "sourceDisplayName": "Taste of Home", 
    "recipeName": "Orange Muffins with Dates", 
    "attributes": {
        "course": [
            "Breads"
        ]
    }, 
    "id": "Orange-Muffins-With-Dates-TasteOfHome"
}{
    "flavors": {
        "sweet": 1.0, 
        "sour": 0.5, 
        "salty": 0.6666666666666666, 
        "piquant": 0.0, 
        "bitter": 0.3333333333333333, 
        "meaty": 0.3333333333333333
    }, 
    "rating": 4.57, 
    "totalTimeInSeconds": 1320.0, 
    "ingredients": [
        "pumpkin", 
        "ground cinnamon", 
        "ground cloves", 
        "ground nutmeg", 
        "yellow cake mix"
    ], 
    "smallImageUrls": [
        "http://i.yummly.com/Too-Easy-Pumpkin-Muffins-Recipezaar-191187.s.jpg"
    ], 
    "sourceDisplayName": "Food.com", 
    "recipeName": "Too Easy Pumpkin Muffins", 
    "attributes": {
        "course": [
            "Breads", 
            "Lunch and Snacks"
        ]
    }, 
    "id": "Too-Easy-Pumpkin-Muffins-Recipezaar"
}{
    "flavors": null, 
    "rating": 0.0, 
    "totalTimeInSeconds": 0, 
    "ingredients": [
        "egg", 
        "baking soda", 
        "sharp cheddar cheese", 
        "zucchini", 
        "melted butter", 
        "dressing", 
        "self-rising cornmeal", 
        "low fat buttermilk"
    ], 
    "smallImageUrls": [
        "http://i.yummly.com/Zucchini-Corn-Bread-Muffins-AllRecipes-69334.s.png"
    ], 
    "sourceDisplayName": "AllRecipes", 
    "recipeName": "Zucchini Corn Bread Muffins", 
    "attributes": {
        "course": [
            "Breads"
        ]
    }, 
    "id": "Zucchini-Corn-Bread-Muffins-AllRecipes"
}{
    "flavors": {
        "sweet": 0.8333333333333334, 
        "sour": 0.5, 
        "salty": 0.16666666666666666, 
        "piquant": 0.0, 
        "bitter": 0.8333333333333334, 
        "meaty": 0.8333333333333334
    }, 
    "rating": 3.94, 
    "totalTimeInSeconds": 0, 
    "ingredients": [
        "baking powder", 
        "apples", 
        "sugar", 
        "vegetable oil", 
        "brown sugar", 
        "butter", 
        "eggs", 
        "ground cinnamon", 
        "chopped walnuts", 
        "solid pack pumpkin", 
        "pumpkin pie spice", 
        "raisins", 
        "all purpose flour", 
        "all purpose flour", 
        "wheat flour"
    ], 
    "smallImageUrls": [], 
    "sourceDisplayName": "Epicurious", 
    "recipeName": "Pumpkin-Apple Muffins", 
    "attributes": {
        "course": [
            "Breads", 
            "Breakfast and Brunch"
        ]
    }, 
    "id": "Pumpkin-Apple-Muffins-Epicurious-49294"
}{
    "flavors": {
        "sweet": 0.0, 
        "sour": 0.8333333333333334, 
        "salty": 0.16666666666666666, 
        "piquant": 0.0, 
        "bitter": 0.16666666666666666, 
        "meaty": 0.5
    }, 
    "rating": 4.14, 
    "totalTimeInSeconds": 0, 
    "ingredients": [
        "milk", 
        "eggs", 
        "baking powder", 
        "sugar", 
        "mincemeat", 
        "salt", 
        "unsalted butter", 
        "orange peel", 
        "all purpose flour"
    ], 
    "smallImageUrls": [], 
    "sourceDisplayName": "Epicurious", 
    "recipeName": "Mincemeat Muffins", 
    "attributes": {
        "course": [
            "Breads", 
            "Breakfast and Brunch"
        ], 
        "holiday": [
            "Christmas"
        ]
    }, 
    "id": "Mincemeat-Muffins-Epicurious"
}{
    "flavors": {
        "bitter": 0.6666666666666666, 
        "sweet": 0.8333333333333334, 
        "sour": 0.16666666666666666, 
        "salty": 0.3333333333333333, 
        "meaty": 0.6666666666666666
    }, 
    "rating": 4.83, 
    "totalTimeInSeconds": 1800.0, 
    "ingredients": [
        "chocolate chip", 
        "vegetable oil", 
        "water", 
        "chocolate instant pudding", 
        "fudge cake mix", 
        "almond extract", 
        "eggs"
    ], 
    "smallImageUrls": [
        "http://i.yummly.com/Double-Chocolate-Chip-Mega-Muffins-Recipezaar-185351.s.jpg"
    ], 
    "sourceDisplayName": "Food.com", 
    "recipeName": "Double Chocolate Chip Mega Muffins", 
    "attributes": {
        "course": [
            "Breads"
        ]
    }, 
    "id": "Double-Chocolate-Chip-Mega-Muffins-Recipezaar"
}{
    "flavors": {
        "sweet": 0.16666666666666666, 
        "sour": 0.3333333333333333, 
        "salty": 0.16666666666666666, 
        "piquant": 0.0, 
        "bitter": 0.8333333333333334, 
        "meaty": 0.6666666666666666
    }, 
    "rating": 4.11, 
    "totalTimeInSeconds": 0, 
    "ingredients": [
        "double-acting baking powder", 
        "sugar", 
        "salt", 
        "ground cloves", 
        "milk", 
        "zucchini", 
        "unsalted butter", 
        "chopped walnuts", 
        "vanilla", 
        "cinnamon", 
        "bran", 
        "eggs", 
        "raisins", 
        "wheat flour", 
        "all-purpose flour"
    ], 
    "smallImageUrls": [], 
    "sourceDisplayName": "Epicurious", 
    "recipeName": "Zucchini Raisin Bran Muffins", 
    "attributes": {
        "course": [
            "Breads", 
            "Lunch and Snacks"
        ]
    }, 
    "id": "Zucchini-Raisin-Bran-Muffins-Epicurious"
}{
    "flavors": {
        "sweet": 1.0, 
        "sour": 0.3333333333333333, 
        "salty": 0.16666666666666666, 
        "piquant": 0.0, 
        "bitter": 0.16666666666666666, 
        "meaty": 0.16666666666666666
    }, 
    "rating": 3.6, 
    "totalTimeInSeconds": 2220.0, 
    "ingredients": [
        "all-purpose flour", 
        "cherry pie filling", 
        "egg", 
        "white sugar", 
        "ground cinnamon", 
        "milk", 
        "brown sugar", 
        "melted butter", 
        "baking mix"
    ], 
    "smallImageUrls": [
        "http://i.yummly.com/Cherry-Cobbler-Muffins-Allrecipes-84500.s.png", 
        "http://i.yummly.com/Cherry-Cobbler-Muffins-Allrecipes-84347.s.png"
    ], 
    "sourceDisplayName": "AllRecipes", 
    "recipeName": "Cherry Cobbler Muffins", 
    "attributes": {
        "course": [
            "Breads", 
            "Desserts"
        ]
    }, 
    "id": "Cherry-Cobbler-Muffins-Allrecipes"
}{
    "flavors": {
        "sweet": 0.16666666666666666, 
        "sour": 0.6666666666666666, 
        "salty": 0.16666666666666666, 
        "piquant": 0.0, 
        "bitter": 0.16666666666666666, 
        "meaty": 0.5
    }, 
    "rating": 0.0, 
    "totalTimeInSeconds": 4500.0, 
    "ingredients": [
        "eggs", 
        "baking powder", 
        "grated lemon zest", 
        "yellow cornmeal", 
        "milk", 
        "all-purpose flour", 
        "salt", 
        "sugar", 
        "blueberries", 
        "unsalted butter"
    ], 
    "smallImageUrls": [
        "http://i.yummly.com/Double-Blueberry-Muffins-Martha-Stewart-108969.s.png"
    ], 
    "sourceDisplayName": "Martha Stewart", 
    "recipeName": "Double Blueberry Muffins", 
    "attributes": {
        "course": [
            "Breads", 
            "Breakfast and Brunch"
        ], 
        "cuisine": [
            "American"
        ]
    }, 
    "id": "Double-Blueberry-Muffins-Martha-Stewart"
}{
    "flavors": {
        "sweet": 0.8333333333333334, 
        "sour": 0.5, 
        "salty": 0.3333333333333333, 
        "piquant": 0.0, 
        "bitter": 1.0, 
        "meaty": 0.5
    }, 
    "rating": 0.0, 
    "totalTimeInSeconds": 0, 
    "ingredients": [
        "salt", 
        "milk", 
        "sugar", 
        "melted butter", 
        "vanilla", 
        "chocolate chips", 
        "beaten eggs", 
        "baking powder", 
        "shredded coconut", 
        "all-purpose flour"
    ], 
    "smallImageUrls": [], 
    "sourceDisplayName": "Serious Eats", 
    "recipeName": "Chocolate Coconut Muffins", 
    "attributes": {
        "course": [
            "Breads"
        ]
    }, 
    "id": "Chocolate-Coconut-Muffins-Serious-Eats-203284"
}{
    "flavors": {
        "sweet": 1.0, 
        "sour": 0.6666666666666666, 
        "salty": 0.16666666666666666, 
        "piquant": 0.0, 
        "bitter": 0.16666666666666666, 
        "meaty": 0.3333333333333333
    }, 
    "rating": 4.0, 
    "totalTimeInSeconds": 2700.0, 
    "ingredients": [
        "baking powder", 
        "butter", 
        "shortening", 
        "milk", 
        "peaches", 
        "eggs", 
        "brown sugar", 
        "sugar", 
        "salt", 
        "all-purpose flour"
    ], 
    "smallImageUrls": [
        "http://i.yummly.com/Upside_down-Peach-Muffins-Allrecipes-60504.s.png"
    ], 
    "sourceDisplayName": "Taste of Home", 
    "recipeName": "Upside-Down Peach Muffins", 
    "attributes": {
        "course": [
            "Breads"
        ]
    }, 
    "id": "Upside_down-Peach-Muffins-TasteOfHome"
}{
    "flavors": {
        "sweet": 0.16666666666666666, 
        "sour": 0.5, 
        "salty": 0.5, 
        "piquant": 0.0, 
        "bitter": 0.3333333333333333, 
        "meaty": 0.8333333333333334
    }, 
    "rating": 4.14, 
    "totalTimeInSeconds": 1800.0, 
    "ingredients": [
        "eggs", 
        "baking powder", 
        "onion", 
        "salt", 
        "fully cooked ham", 
        "dried thyme", 
        "all-purpose flour", 
        "grated parmesan cheese", 
        "dried oregano", 
        "garlic powder", 
        "vegetable oil", 
        "parsley flakes", 
        "broccoli"
    ], 
    "smallImageUrls": [
        "http://i.yummly.com/Broccoli-Quiche-Muffins-Allrecipes-72222.s.png"
    ], 
    "sourceDisplayName": "Taste of Home", 
    "recipeName": "Broccoli Quiche Muffins", 
    "attributes": {
        "course": [
            "Breads", 
            "Breakfast and Brunch"
        ]
    }, 
    "id": "Broccoli-Quiche-Muffins-TasteOfHome"
}{
    "flavors": {
        "sweet": 0.5, 
        "sour": 0.16666666666666666, 
        "salty": 0.16666666666666666, 
        "piquant": 0.0, 
        "bitter": 0.16666666666666666, 
        "meaty": 0.3333333333333333
    }, 
    "rating": 4.71, 
    "totalTimeInSeconds": 2100.0, 
    "ingredients": [
        "sugar", 
        "sugar", 
        "eggs", 
        "blueberries", 
        "sour cream", 
        "baking mix"
    ], 
    "smallImageUrls": [
        "http://i.yummly.com/Sour-Cream-Blueberry-Muffins-Recipezaar_1-220874.s.jpg"
    ], 
    "sourceDisplayName": "Food.com", 
    "recipeName": "Sour Cream Blueberry Muffins", 
    "attributes": {
        "course": [
            "Breads", 
            "Breakfast and Brunch"
        ]
    }, 
    "id": "Sour-Cream-Blueberry-Muffins-Recipezaar_1"
}{
    "flavors": {
        "sweet": 0.5, 
        "sour": 0.8333333333333334, 
        "salty": 0.5, 
        "piquant": 0.8333333333333334, 
        "bitter": 0.16666666666666666, 
        "meaty": 0.6666666666666666
    }, 
    "rating": 4.88, 
    "totalTimeInSeconds": 2100.0, 
    "ingredients": [
        "corn muffin", 
        "cheese", 
        "pimiento", 
        "poblano peppers", 
        "chopped cilantro", 
        "cooking spray"
    ], 
    "smallImageUrls": [
        "http://i.yummly.com/Corn-Muffins-In-Poblano-Cups-Recipezaar-162975.s.jpg"
    ], 
    "sourceDisplayName": "Food.com", 
    "recipeName": "Corn Muffins in Poblano Cups", 
    "attributes": {
        "course": [
            "Side Dishes", 
            "Breads", 
            "Appetizers"
        ]
    }, 
    "id": "Corn-Muffins-In-Poblano-Cups-Recipezaar"
}{
    "flavors": {
        "sweet": 1.0, 
        "sour": 0.3333333333333333, 
        "salty": 0.16666666666666666, 
        "piquant": 0.0, 
        "bitter": 1.0, 
        "meaty": 0.8333333333333334
    }, 
    "rating": 4.6, 
    "totalTimeInSeconds": 5400.0, 
    "ingredients": [
        "unsweetened chocolate", 
        "eggs", 
        "unsweetened cocoa powder", 
        "granulated sugar", 
        "muffin", 
        "salt", 
        "confectioners sugar", 
        "unsalted butter", 
        "all-purpose flour", 
        "vegetable oil cooking spray"
    ], 
    "smallImageUrls": [
        "http://i2.yummly.com/Mini-Brownie-Cupcakes-Epicurious-2.s.png", 
        "http://i.yummly.com/Mini-Brownie-Cupcakes-Epicurious-41207.s.png"
    ], 
    "sourceDisplayName": "Epicurious", 
    "recipeName": "Mini Brownie Cupcakes", 
    "attributes": {
        "course": [
            "Desserts"
        ], 
        "cuisine": [
            "American"
        ]
    }, 
    "id": "Mini-Brownie-Cupcakes-Epicurious"
}{
    "flavors": {
        "sweet": 0.5, 
        "sour": 1.0, 
        "salty": 0.8333333333333334, 
        "piquant": 0.0, 
        "bitter": 0.3333333333333333, 
        "meaty": 0.5
    }, 
    "rating": 0.0, 
    "totalTimeInSeconds": 0, 
    "ingredients": [
        "large egg", 
        "melted butter", 
        "muffin mix", 
        "orange juice"
    ], 
    "smallImageUrls": [], 
    "sourceDisplayName": "MyRecipes", 
    "recipeName": "Orange-Date Muffins", 
    "attributes": {
        "course": [
            "Breads", 
            "Breakfast and Brunch"
        ], 
        "cuisine": [
            "American"
        ]
    }, 
    "id": "Orange_date-Muffins-My-Recipes"
}{
    "flavors": {
        "sweet": 0.16666666666666666, 
        "sour": 0.16666666666666666, 
        "salty": 0.6666666666666666, 
        "piquant": 0.6666666666666666, 
        "bitter": 0.3333333333333333, 
        "meaty": 0.5
    }, 
    "rating": 5.0, 
    "totalTimeInSeconds": 480.0, 
    "ingredients": [
        "english muffin", 
        "gruyere cheese", 
        "ham", 
        "mustard"
    ], 
    "smallImageUrls": [], 
    "sourceDisplayName": "Food.com", 
    "recipeName": "English Muffin With Wafer Thin Ham, Gruyere, and Mustard", 
    "attributes": {
        "course": [
            "Lunch and Snacks"
        ]
    }, 
    "id": "English-Muffin-With-Wafer-Thin-Ham_-Gruyere_-And-Mustard-Recipezaar"
}{
    "flavors": {
        "sweet": 0.8333333333333334, 
        "sour": 0.3333333333333333, 
        "salty": 0.8333333333333334, 
        "piquant": 0.0, 
        "bitter": 0.16666666666666666, 
        "meaty": 0.5
    }, 
    "rating": 5.0, 
    "totalTimeInSeconds": 1980.0, 
    "ingredients": [
        "egg", 
        "granulated sugar", 
        "cranberry sauce", 
        "milk", 
        "brown sugar", 
        "bisquick", 
        "bisquick"
    ], 
    "smallImageUrls": [
        "http://i.yummly.com/Cranberry-Streusel-Muffins-Recipezaar_1-193854.s.jpg"
    ], 
    "sourceDisplayName": "Food.com", 
    "recipeName": "Cranberry Streusel Muffins", 
    "attributes": {
        "course": [
            "Breads", 
            "Breakfast and Brunch"
        ], 
        "cuisine": [
            "American"
        ]
    }, 
    "id": "Cranberry-Streusel-Muffins-Recipezaar_1"
}{
    "flavors": null, 
    "rating": 0.0, 
    "totalTimeInSeconds": 0, 
    "ingredients": [
        "large eggs", 
        "black truffle oil", 
        "milk", 
        "kosher salt", 
        "mushrooms", 
        "grated parmesan cheese", 
        "olive oil"
    ], 
    "smallImageUrls": [
        "http://i.yummly.com/Wild-mushroom-and-truffle-muffin-tin-omelets-306761-270036.s.jpg"
    ], 
    "sourceDisplayName": "Serious Eats", 
    "recipeName": "Wild Mushroom and Truffle Muffin-Tin Omelets", 
    "attributes": {}, 
    "id": "Wild-mushroom-and-truffle-muffin-tin-omelets-306761"
}{
    "flavors": {
        "sweet": 1.0, 
        "sour": 0.3333333333333333, 
        "salty": 0.16666666666666666, 
        "piquant": 0.0, 
        "bitter": 0.8333333333333334, 
        "meaty": 0.5
    }, 
    "rating": 4.84, 
    "totalTimeInSeconds": 1500.0, 
    "ingredients": [
        "milk", 
        "flour", 
        "butter", 
        "orange juice", 
        "chocolate chips", 
        "orange zest", 
        "eggs", 
        "sugar"
    ], 
    "smallImageUrls": [
        "http://i.yummly.com/Jaffa-Muffins-Recipezaar-189067.s.jpg"
    ], 
    "sourceDisplayName": "Food.com", 
    "recipeName": "Jaffa Muffins", 
    "attributes": {
        "course": [
            "Breads", 
            "Lunch and Snacks"
        ]
    }, 
    "id": "Jaffa-Muffins-Recipezaar"
}{
    "flavors": {
        "sweet": 0.16666666666666666, 
        "sour": 0.0, 
        "salty": 0.3333333333333333, 
        "piquant": 0.0, 
        "bitter": 0.16666666666666666, 
        "meaty": 0.16666666666666666
    }, 
    "rating": 4.78, 
    "totalTimeInSeconds": 900.0, 
    "ingredients": [
        "baking powder", 
        "baking soda", 
        "sugar", 
        "vanilla", 
        "butter", 
        "flour", 
        "buttermilk", 
        "salt", 
        "beaten eggs", 
        "blueberry"
    ], 
    "smallImageUrls": [
        "http://i.yummly.com/Blueberry-Buttermilk-Muffins-Food_com-170071-212833.s.jpg"
    ], 
    "sourceDisplayName": "Food.com", 
    "recipeName": "Blueberry Buttermilk Muffins", 
    "attributes": {
        "course": [
            "Breads", 
            "Breakfast and Brunch"
        ]
    }, 
    "id": "Blueberry-Buttermilk-Muffins-Food_com-170071"
}{
    "flavors": {
        "sweet": 0.3333333333333333, 
        "sour": 0.3333333333333333, 
        "salty": 0.8333333333333334, 
        "piquant": 0.0, 
        "bitter": 0.5, 
        "meaty": 0.8333333333333334
    }, 
    "rating": 3.97, 
    "totalTimeInSeconds": 1800.0, 
    "ingredients": [
        "lemon juice", 
        "english muffins", 
        "melted butter", 
        "distilled white vinegar", 
        "worcestershire sauce", 
        "water", 
        "bacon", 
        "softened butter", 
        "eggs", 
        "egg yolks", 
        "ground white pepper", 
        "salt"
    ], 
    "smallImageUrls": [
        "http://i.yummly.com/Eggs-Benedict-Allrecipes-62716.s.png"
    ], 
    "sourceDisplayName": "AllRecipes", 
    "recipeName": "Eggs Benedict", 
    "attributes": {
        "course": [
            "Breakfast and Brunch", 
            "Lunch and Snacks"
        ], 
        "cuisine": [
            "American"
        ]
    }, 
    "id": "Eggs-Benedict-Allrecipes"
}{
    "flavors": {
        "sweet": 1.0, 
        "sour": 0.5, 
        "salty": 0.3333333333333333, 
        "piquant": 0.0, 
        "bitter": 0.16666666666666666, 
        "meaty": 0.3333333333333333
    }, 
    "rating": 3.83, 
    "totalTimeInSeconds": 2100.0, 
    "ingredients": [
        "white sugar", 
        "vegetable oil", 
        "salt", 
        "starter breads", 
        "white sugar", 
        "unsweetened cocoa powder", 
        "egg", 
        "vanilla extract", 
        "baking powder", 
        "cocoa powder", 
        "all-purpose flour", 
        "baking soda"
    ], 
    "smallImageUrls": [
        "http://i.yummly.com/Friendship-Cocoa-Muffins-Allrecipes-59276.s.png"
    ], 
    "sourceDisplayName": "AllRecipes", 
    "recipeName": "Friendship Cocoa Muffins", 
    "attributes": {
        "course": [
            "Breads"
        ]
    }, 
    "id": "Friendship-Cocoa-Muffins-Allrecipes"
}{
    "flavors": {
        "sweet": 0.8333333333333334, 
        "sour": 0.6666666666666666, 
        "salty": 0.16666666666666666, 
        "piquant": 0.0, 
        "bitter": 0.16666666666666666, 
        "meaty": 0.3333333333333333
    }, 
    "rating": 3.11, 
    "totalTimeInSeconds": 0, 
    "ingredients": [
        "applesauce", 
        "milk", 
        "salt", 
        "anise seed", 
        "ground ginger", 
        "apple", 
        "all-purpose flour", 
        "baking powder", 
        "white sugar", 
        "ground cinnamon"
    ], 
    "smallImageUrls": [
        "http://i.yummly.com/Spiced-Apple-Muffins-Allrecipes-55820.s.png"
    ], 
    "sourceDisplayName": "AllRecipes", 
    "recipeName": "Spiced Apple Muffins", 
    "attributes": {
        "course": [
            "Breads", 
            "Breakfast and Brunch"
        ]
    }, 
    "id": "Spiced-Apple-Muffins-Allrecipes"
}{
    "flavors": {
        "sweet": 1.0, 
        "sour": 0.3333333333333333, 
        "salty": 0.5, 
        "piquant": 0.0, 
        "bitter": 1.0, 
        "meaty": 0.3333333333333333
    }, 
    "rating": 4.11, 
    "totalTimeInSeconds": 0, 
    "ingredients": [
        "all-purpose flour", 
        "baking soda", 
        "confectioners sugar", 
        "white sugar", 
        "softened butter", 
        "applesauce", 
        "quick cooking oats", 
        "egg", 
        "peanut butter cups", 
        "brown sugar", 
        "cocoa powder", 
        "vanilla extract", 
        "ground cinnamon"
    ], 
    "smallImageUrls": [
        "http://i.yummly.com/Fudgey-Peanut-Butter-Chip-Muffins-Allrecipes-62156.s.png"
    ], 
    "sourceDisplayName": "AllRecipes", 
    "recipeName": "Fudgey Peanut Butter Chip Muffins", 
    "attributes": {
        "course": [
            "Breads", 
            "Desserts"
        ]
    }, 
    "id": "Fudgey-Peanut-Butter-Chip-Muffins-Allrecipes"
}{
    "flavors": {
        "sweet": 0.16666666666666666, 
        "sour": 0.0, 
        "salty": 0.16666666666666666, 
        "piquant": 0.0, 
        "bitter": 0.16666666666666666, 
        "meaty": 0.3333333333333333
    }, 
    "rating": 4.37, 
    "totalTimeInSeconds": 1800.0, 
    "ingredients": [
        "eggs", 
        "sugar", 
        "soy flour", 
        "cottage cheese"
    ], 
    "smallImageUrls": [
        "http://i.yummly.com/Zero-Carb-Muffins_-Recipezaar-22676.s.png"
    ], 
    "sourceDisplayName": "Food.com", 
    "recipeName": "Zero Carb Muffins!", 
    "attributes": {
        "course": [
            "Breads", 
            "Breakfast and Brunch"
        ]
    }, 
    "id": "Zero-Carb-Muffins_-Recipezaar"
}{
    "flavors": {
        "sweet": 1.0, 
        "sour": 0.3333333333333333, 
        "salty": 0.3333333333333333, 
        "piquant": 0.0, 
        "bitter": 1.0, 
        "meaty": 0.5
    }, 
    "rating": 4.0, 
    "totalTimeInSeconds": 0, 
    "ingredients": [
        "semisweet chocolate chunks", 
        "all-purpose flour", 
        "baking soda", 
        "eggs", 
        "unsalted butter", 
        "unsweetened chocolate", 
        "milk", 
        "salt", 
        "vanilla", 
        "light brown sugar"
    ], 
    "smallImageUrls": [], 
    "sourceDisplayName": "Epicurious", 
    "recipeName": "Chocolate Chunk Muffins", 
    "attributes": {
        "course": [
            "Breads"
        ]
    }, 
    "id": "Chocolate-Chunk-Muffins-Epicurious"
}{
    "flavors": {
        "sweet": 0.8333333333333334, 
        "sour": 0.6666666666666666, 
        "salty": 0.3333333333333333, 
        "piquant": 0.0, 
        "bitter": 0.16666666666666666, 
        "meaty": 0.5
    }, 
    "rating": 4.33, 
    "totalTimeInSeconds": 2400.0, 
    "ingredients": [
        "tart apple", 
        "vegetable oil", 
        "orange peel", 
        "salt", 
        "sugar", 
        "baking soda", 
        "orange juice", 
        "milk", 
        "ground cinnamon", 
        "confectioners' sugar", 
        "baking powder", 
        "all-purpose flour", 
        "cranberry sauce", 
        "egg"
    ], 
    "smallImageUrls": [
        "http://i.yummly.com/Cran_apple-Muffins-Allrecipes-75103.s.png"
    ], 
    "sourceDisplayName": "Taste of Home", 
    "recipeName": "Cran-Apple Muffins", 
    "attributes": {
        "course": [
            "Breads", 
            "Breakfast and Brunch"
        ]
    }, 
    "id": "Cran_apple-Muffins-TasteOfHome"
}{
    "flavors": {
        "sweet": 0.8333333333333334, 
        "sour": 0.5, 
        "salty": 0.16666666666666666, 
        "piquant": 0.0, 
        "bitter": 0.8333333333333334, 
        "meaty": 0.5
    }, 
    "rating": 3.11, 
    "totalTimeInSeconds": 2700.0, 
    "ingredients": [
        "rolled oats", 
        "coconut milk", 
        "baking powder", 
        "beaten eggs", 
        "wheat bran", 
        "white sugar", 
        "crushed pineapple", 
        "coconut extract", 
        "mashed banana", 
        "water", 
        "all-purpose flour", 
        "ground nutmeg"
    ], 
    "smallImageUrls": [
        "http://i.yummly.com/Calypso-Muffins-Allrecipes-61963.s.png"
    ], 
    "sourceDisplayName": "AllRecipes", 
    "recipeName": "Calypso Muffins", 
    "attributes": {
        "course": [
            "Breads"
        ]
    }, 
    "id": "Calypso-Muffins-Allrecipes"
}{
    "flavors": {
        "sweet": 0.5, 
        "sour": 0.5, 
        "salty": 0.5, 
        "piquant": 0.0, 
        "bitter": 0.3333333333333333, 
        "meaty": 0.5
    }, 
    "rating": 0.0, 
    "totalTimeInSeconds": 2100.0, 
    "ingredients": [
        "sugar", 
        "egg", 
        "baking soda", 
        "low-fat buttermilk", 
        "wheat flour", 
        "baking powder", 
        "vegetable oil", 
        "pure vanilla extract", 
        "ground cinnamon", 
        "strawberries", 
        "all-purpose flour", 
        "salt"
    ], 
    "smallImageUrls": [
        "http://i.yummly.com/Strawberry-Muffins-Martha-Stewart-190905-102151.s.png"
    ], 
    "sourceDisplayName": "Martha Stewart", 
    "recipeName": "Strawberry Muffins", 
    "attributes": {
        "course": [
            "Breads", 
            "Breakfast and Brunch", 
            "Lunch and Snacks"
        ], 
        "cuisine": [
            "American"
        ]
    }, 
    "id": "Strawberry-Muffins-Martha-Stewart-190905"
}{
    "flavors": {
        "sweet": 0.3333333333333333, 
        "sour": 0.3333333333333333, 
        "salty": 0.5, 
        "piquant": 0.0, 
        "bitter": 0.5, 
        "meaty": 0.3333333333333333
    }, 
    "rating": 0.0, 
    "totalTimeInSeconds": 0, 
    "ingredients": [
        "english muffins", 
        "turkey ham", 
        "egg substitute", 
        "margarine", 
        "reduced fat american cheese"
    ], 
    "smallImageUrls": [], 
    "sourceDisplayName": "MyRecipes", 
    "recipeName": "Rise-and-Shine Muffins", 
    "attributes": {
        "course": [
            "Breads", 
            "Breakfast and Brunch"
        ]
    }, 
    "id": "Rise_and_shine-Muffins-My-Recipes"
}{
    "flavors": {
        "sweet": 0.5, 
        "sour": 0.16666666666666666, 
        "salty": 0.5, 
        "piquant": 0.0, 
        "bitter": 0.3333333333333333, 
        "meaty": 0.5
    }, 
    "rating": 0.0, 
    "totalTimeInSeconds": 2100.0, 
    "ingredients": [
        "melted butter", 
        "sour cream", 
        "sugar", 
        "eggs", 
        "blackberries", 
        "white cornmeal"
    ], 
    "smallImageUrls": [
        "http://i.yummly.com/Blackberry-Cornbread-Muffins-MyRecipes-240022-128464.s.png"
    ], 
    "sourceDisplayName": "MyRecipes", 
    "recipeName": "Blackberry Cornbread Muffins", 
    "attributes": {
        "course": [
            "Breads"
        ], 
        "cuisine": [
            "American"
        ]
    }, 
    "id": "Blackberry-Cornbread-Muffins-MyRecipes-240022"
}{
    "flavors": {
        "sweet": 0.8333333333333334, 
        "sour": 0.6666666666666666, 
        "salty": 1.0, 
        "piquant": 0.0, 
        "bitter": 0.6666666666666666, 
        "meaty": 0.5
    }, 
    "rating": 4.75, 
    "totalTimeInSeconds": 1200.0, 
    "ingredients": [
        "milk", 
        "biscuit mix", 
        "sugar", 
        "egg", 
        "ham", 
        "cheese"
    ], 
    "smallImageUrls": [
        "http://i.yummly.com/Ham-And-Cheese-Muffins-Recipezaar_2-218463.s.jpg"
    ], 
    "sourceDisplayName": "Food.com", 
    "recipeName": "Ham and Cheese Muffins", 
    "attributes": {
        "course": [
            "Breads", 
            "Breakfast and Brunch", 
            "Lunch and Snacks"
        ], 
        "holiday": [
            "Game Day"
        ], 
        "cuisine": [
            "American"
        ]
    }, 
    "id": "Ham-And-Cheese-Muffins-Recipezaar_2"
}{
    "flavors": {
        "sweet": 0.0, 
        "sour": 0.6666666666666666, 
        "salty": 0.16666666666666666, 
        "piquant": 0.0, 
        "bitter": 0.16666666666666666, 
        "meaty": 0.5
    }, 
    "rating": 4.2, 
    "totalTimeInSeconds": 2100.0, 
    "ingredients": [
        "sugar", 
        "strawberries", 
        "baking powder", 
        "salt", 
        "vegetable oil", 
        "egg", 
        "all-purpose flour", 
        "rhubarb", 
        "strawberries", 
        "milk", 
        "sugar"
    ], 
    "smallImageUrls": [
        "http://i.yummly.com/Touch-Of-Spring-Muffins-Allrecipes-68744.s.png"
    ], 
    "sourceDisplayName": "Taste of Home", 
    "recipeName": "Touch of Spring Muffins", 
    "attributes": {
        "course": [
            "Breads"
        ]
    }, 
    "id": "Touch-Of-Spring-Muffins-TasteOfHome"
}{
    "flavors": {
        "sweet": 0.6666666666666666, 
        "sour": 0.8333333333333334, 
        "salty": 0.6666666666666666, 
        "piquant": 0.0, 
        "bitter": 0.16666666666666666, 
        "meaty": 0.3333333333333333
    }, 
    "rating": 5.0, 
    "totalTimeInSeconds": 1200.0, 
    "ingredients": [
        "butter", 
        "rice krispies", 
        "syrup", 
        "dark chocolate"
    ], 
    "smallImageUrls": [
        "http://i.yummly.com/Rice-Krispies-Muffins-Recipezaar-173795.s.jpg"
    ], 
    "sourceDisplayName": "Food.com", 
    "recipeName": "Rice Krispies Muffins", 
    "attributes": {}, 
    "id": "Rice-Krispies-Muffins-Recipezaar"
}{
    "flavors": {
        "sweet": 1.0, 
        "sour": 0.5, 
        "salty": 0.5, 
        "piquant": 0.0, 
        "bitter": 0.8333333333333334, 
        "meaty": 0.5
    }, 
    "rating": 3.93, 
    "totalTimeInSeconds": 0, 
    "ingredients": [
        "cinnamon", 
        "baking soda", 
        "egg", 
        "chopped walnuts", 
        "dried apple", 
        "all-purpose flour", 
        "vanilla", 
        "dark brown sugar", 
        "sour cream", 
        "raisins"
    ], 
    "smallImageUrls": [], 
    "sourceDisplayName": "Epicurious", 
    "recipeName": "Apple Raisin Muffins", 
    "attributes": {
        "course": [
            "Breads", 
            "Breakfast and Brunch", 
            "Lunch and Snacks"
        ]
    }, 
    "id": "Apple-Raisin-Muffins-Epicurious"
}{
    "flavors": {
        "sweet": 0.0, 
        "sour": 0.5, 
        "salty": 0.16666666666666666, 
        "piquant": 0.0, 
        "bitter": 0.16666666666666666, 
        "meaty": 0.5
    }, 
    "rating": 3.14, 
    "totalTimeInSeconds": 3600.0, 
    "ingredients": [
        "egg", 
        "unsalted butter", 
        "yellow cornmeal", 
        "salt", 
        "sugar", 
        "milk", 
        "bacon", 
        "all-purpose flour", 
        "scallions", 
        "baking powder"
    ], 
    "smallImageUrls": [
        "http://i.yummly.com/Bacon-Corn-Muffins-Epicurious-44122.s.png"
    ], 
    "sourceDisplayName": "Epicurious", 
    "recipeName": "Bacon Corn Muffins", 
    "attributes": {
        "course": [
            "Breads"
        ]
    }, 
    "id": "Bacon-Corn-Muffins-Epicurious"
}{
    "flavors": {
        "sweet": 0.3333333333333333, 
        "sour": 0.3333333333333333, 
        "salty": 0.8333333333333334, 
        "piquant": 0.0, 
        "bitter": 0.5, 
        "meaty": 0.6666666666666666
    }, 
    "rating": 4.62, 
    "totalTimeInSeconds": 1500.0, 
    "ingredients": [
        "cheese spread", 
        "seasoned salt", 
        "mayonnaise", 
        "softened butter", 
        "english muffins", 
        "garlic powder", 
        "shrimp"
    ], 
    "smallImageUrls": [], 
    "sourceDisplayName": "AllRecipes", 
    "recipeName": "Cheesy Shrimp Meltaways", 
    "attributes": {
        "course": [
            "Appetizers"
        ]
    }, 
    "id": "Cheesy-Shrimp-Meltaways-Allrecipes"
}{
    "flavors": {
        "sweet": 0.16666666666666666, 
        "sour": 0.16666666666666666, 
        "salty": 0.16666666666666666, 
        "piquant": 0.0, 
        "bitter": 0.16666666666666666, 
        "meaty": 0.16666666666666666
    }, 
    "rating": 4.73, 
    "totalTimeInSeconds": 2100.0, 
    "ingredients": [
        "whole wheat flour", 
        "milk", 
        "vegetable oil", 
        "baking powder", 
        "brown sugar", 
        "blackberry", 
        "white flour", 
        "beaten eggs"
    ], 
    "smallImageUrls": [
        "http://i.yummly.com/Blackberry-muffins-Food_com-173610-213394.s.jpg"
    ], 
    "sourceDisplayName": "Food.com", 
    "recipeName": "Blackberry muffins", 
    "attributes": {
        "course": [
            "Breads"
        ]
    }, 
    "id": "Blackberry-muffins-Food_com-173610"
}{
    "flavors": {
        "sweet": 0.5, 
        "sour": 0.3333333333333333, 
        "salty": 0.5, 
        "piquant": 0.5, 
        "bitter": 0.16666666666666666, 
        "meaty": 0.8333333333333334
    }, 
    "rating": 4.5, 
    "totalTimeInSeconds": 1680.0, 
    "ingredients": [
        "sweet corn", 
        "chili powder", 
        "egg", 
        "milk", 
        "shredded cheddar cheese", 
        "corn muffin"
    ], 
    "smallImageUrls": [], 
    "sourceDisplayName": "Food.com", 
    "recipeName": "Nacho Corn Muffins", 
    "attributes": {
        "course": [
            "Breads"
        ]
    }, 
    "id": "Nacho-Corn-Muffins-Recipezaar"
}{
    "flavors": {
        "sweet": 0.16666666666666666, 
        "sour": 0.16666666666666666, 
        "salty": 0.3333333333333333, 
        "piquant": 0.0, 
        "bitter": 0.16666666666666666, 
        "meaty": 0.5
    }, 
    "rating": 4.5, 
    "totalTimeInSeconds": 1500.0, 
    "ingredients": [
        "deviled ham", 
        "shredded cheddar cheese", 
        "sugar", 
        "egg", 
        "carrot", 
        "milk", 
        "finely chopped onion", 
        "chopped celery", 
        "butter"
    ], 
    "smallImageUrls": [
        "http://i.yummly.com/Deviled-Ham-Muffins-Allrecipes-89758.s.png", 
        "http://i.yummly.com/Deviled-Ham-Muffins-Allrecipes-89386.s.png"
    ], 
    "sourceDisplayName": "Taste of Home", 
    "recipeName": "Deviled Ham Muffins", 
    "attributes": {}, 
    "id": "Deviled-Ham-Muffins-TasteOfHome"
}{
    "flavors": {
        "sweet": 0.3333333333333333, 
        "sour": 0.6666666666666666, 
        "salty": 0.16666666666666666, 
        "piquant": 0.0, 
        "bitter": 0.16666666666666666, 
        "meaty": 0.3333333333333333
    }, 
    "rating": 4.0, 
    "totalTimeInSeconds": 2100.0, 
    "ingredients": [
        "orange juice", 
        "salt", 
        "egg", 
        "canola oil", 
        "baking powder", 
        "all-purpose flour", 
        "old-fashioned oats", 
        "baking soda", 
        "blueberries", 
        "sugar", 
        "ground cinnamon"
    ], 
    "smallImageUrls": [
        "http://i.yummly.com/Sugar_dusted-Blueberry-Muffins-Allrecipes-93543.s.png", 
        "http://i.yummly.com/Sugar_dusted-Blueberry-Muffins-Allrecipes-92868.s.png"
    ], 
    "sourceDisplayName": "Taste of Home", 
    "recipeName": "Sugar-Dusted Blueberry Muffins", 
    "attributes": {
        "course": [
            "Breads", 
            "Breakfast and Brunch"
        ]
    }, 
    "id": "Sugar_dusted-Blueberry-Muffins-TasteOfHome"
}{
    "flavors": {
        "sweet": 0.16666666666666666, 
        "sour": 0.8333333333333334, 
        "salty": 0.16666666666666666, 
        "piquant": 0.6666666666666666, 
        "bitter": 0.16666666666666666, 
        "meaty": 0.3333333333333333
    }, 
    "rating": 4.33, 
    "totalTimeInSeconds": 300.0, 
    "ingredients": [
        "cornmeal", 
        "sugar", 
        "baking powder", 
        "green pepper", 
        "butter", 
        "all-purpose flour", 
        "milk", 
        "salt", 
        "egg", 
        "carrot"
    ], 
    "smallImageUrls": [
        "http://i.yummly.com/Confetti-Corn-Muffins-Allrecipes-66377.s.png"
    ], 
    "sourceDisplayName": "Taste of Home", 
    "recipeName": "Confetti Corn Muffins", 
    "attributes": {
        "course": [
            "Breads"
        ]
    }, 
    "id": "Confetti-Corn-Muffins-TasteOfHome"
}{
    "flavors": {
        "sweet": 0.8333333333333334, 
        "sour": 0.5, 
        "salty": 0.5, 
        "piquant": 0.0, 
        "bitter": 1.0, 
        "meaty": 0.6666666666666666
    }, 
    "rating": 4.19, 
    "totalTimeInSeconds": 0, 
    "ingredients": [
        "golden brown sugar", 
        "chopped pecans", 
        "baking powder", 
        "buttermilk", 
        "vanilla extract", 
        "hot water", 
        "espresso powder", 
        "milk chocolate chips", 
        "salt", 
        "eggs", 
        "all purpose flour", 
        "sugar", 
        "cocoa powder", 
        "baking soda", 
        "vegetable oil"
    ], 
    "smallImageUrls": [], 
    "sourceDisplayName": "Epicurious", 
    "recipeName": "Mocha Muffins with Chocolate Chips and Pecans", 
    "attributes": {
        "course": [
            "Breads"
        ]
    }, 
    "id": "Mocha-Muffins-With-Chocolate-Chips-And-Pecans-Epicurious"
}{
    "flavors": {
        "sweet": 0.16666666666666666, 
        "sour": 0.6666666666666666, 
        "salty": 0.16666666666666666, 
        "piquant": 0.0, 
        "bitter": 0.16666666666666666, 
        "meaty": 0.3333333333333333
    }, 
    "rating": 4.2, 
    "totalTimeInSeconds": 2700.0, 
    "ingredients": [
        "sugar", 
        "milk", 
        "egg", 
        "cake flour", 
        "ground nutmeg", 
        "baking powder", 
        "shortening", 
        "sugar", 
        "ground cinnamon", 
        "salt", 
        "butter"
    ], 
    "smallImageUrls": [
        "http://i.yummly.com/Feather_light-Muffins-Allrecipes-60658.s.png"
    ], 
    "sourceDisplayName": "Taste of Home", 
    "recipeName": "Feather-Light Muffins", 
    "attributes": {
        "course": [
            "Breads"
        ]
    }, 
    "id": "Feather_light-Muffins-TasteOfHome"
}{
    "flavors": {
        "sweet": 0.16666666666666666, 
        "sour": 0.5, 
        "salty": 0.3333333333333333, 
        "piquant": 0.0, 
        "bitter": 0.8333333333333334, 
        "meaty": 0.8333333333333334
    }, 
    "rating": 4.0, 
    "totalTimeInSeconds": 0, 
    "ingredients": [
        "sugar", 
        "scallions", 
        "salt", 
        "unsalted butter", 
        "milk", 
        "egg", 
        "all-purpose flour", 
        "goat cheese", 
        "baking powder"
    ], 
    "smallImageUrls": [], 
    "sourceDisplayName": "Epicurious", 
    "recipeName": "Scallion Goat Cheese Muffins", 
    "attributes": {
        "course": [
            "Breads", 
            "Breakfast and Brunch"
        ]
    }, 
    "id": "Scallion-Goat-Cheese-Muffins-Epicurious"
}{
    "flavors": {
        "sweet": 0.6666666666666666, 
        "sour": 0.8333333333333334, 
        "salty": 0.16666666666666666, 
        "piquant": 0.0, 
        "bitter": 0.6666666666666666, 
        "meaty": 0.3333333333333333
    }, 
    "rating": 4.25, 
    "totalTimeInSeconds": 1800.0, 
    "ingredients": [
        "sugar", 
        "sugar", 
        "egg", 
        "orange juice", 
        "orange marmalade", 
        "canola oil", 
        "fat", 
        "all-purpose flour", 
        "ground cinnamon", 
        "chopped pecans", 
        "ground nutmeg"
    ], 
    "smallImageUrls": [
        "http://i.yummly.com/Orange-Pecan-Muffins-Allrecipes-57150.s.png"
    ], 
    "sourceDisplayName": "Taste of Home", 
    "recipeName": "Orange Pecan Muffins", 
    "attributes": {
        "course": [
            "Breads"
        ]
    }, 
    "id": "Orange-Pecan-Muffins-TasteOfHome"
}{
    "flavors": {
        "sweet": 0.5, 
        "sour": 0.5, 
        "salty": 0.6666666666666666, 
        "piquant": 0.0, 
        "bitter": 0.5, 
        "meaty": 0.5
    }, 
    "rating": 3.67, 
    "totalTimeInSeconds": 0, 
    "ingredients": [
        "wheat flour", 
        "beaten eggs", 
        "ground nutmeg", 
        "vegetable oil", 
        "ground cinnamon", 
        "baking powder", 
        "honey", 
        "canned pears", 
        "plain yogurt", 
        "all-purpose flour", 
        "baking soda", 
        "salt"
    ], 
    "smallImageUrls": [
        "http://i.yummly.com/Pear_a_dise-Muffins-Allrecipes-55830.s.png"
    ], 
    "sourceDisplayName": "AllRecipes", 
    "recipeName": "Pear-a-dise Muffins", 
    "attributes": {
        "course": [
            "Breads"
        ]
    }, 
    "id": "Pear_a_dise-Muffins-Allrecipes"
}{
    "flavors": {
        "sweet": 1.0, 
        "sour": 0.8333333333333334, 
        "salty": 0.16666666666666666, 
        "piquant": 0.0, 
        "bitter": 0.5, 
        "meaty": 0.6666666666666666
    }, 
    "rating": 4.4, 
    "totalTimeInSeconds": 2100.0, 
    "ingredients": [
        "orange peel", 
        "all-purpose flour", 
        "vegetable oil", 
        "butter", 
        "egg", 
        "ground cinnamon", 
        "ground nutmeg", 
        "orange juice", 
        "baking powder", 
        "brown sugar", 
        "wheat flour", 
        "all-purpose flour", 
        "chopped pecans", 
        "brown sugar", 
        "ground cinnamon", 
        "salt"
    ], 
    "smallImageUrls": [
        "http://i.yummly.com/Crunchy-Orange-Muffins-Allrecipes-75113.s.png"
    ], 
    "sourceDisplayName": "Taste of Home", 
    "recipeName": "Crunchy Orange Muffins", 
    "attributes": {
        "course": [
            "Breads"
        ]
    }, 
    "id": "Crunchy-Orange-Muffins-TasteOfHome"
}{
    "flavors": {
        "sweet": 1.0, 
        "sour": 0.3333333333333333, 
        "salty": 0.3333333333333333, 
        "piquant": 0.0, 
        "bitter": 0.16666666666666666, 
        "meaty": 0.5
    }, 
    "rating": 4.69, 
    "totalTimeInSeconds": 2400.0, 
    "ingredients": [
        "white sugar", 
        "butter", 
        "egg", 
        "white sugar", 
        "baking powder", 
        "vegetable oil", 
        "all-purpose flour", 
        "ground cinnamon", 
        "blueberries", 
        "all-purpose flour", 
        "salt", 
        "milk"
    ], 
    "smallImageUrls": [
        "http://i.yummly.com/Awesome-Blueberry-Muffins-Recipezaar-183306.s.jpg"
    ], 
    "sourceDisplayName": "Food.com", 
    "recipeName": "Awesome Blueberry Muffins", 
    "attributes": {
        "course": [
            "Breads", 
            "Lunch and Snacks"
        ]
    }, 
    "id": "Awesome-Blueberry-Muffins-Recipezaar"
}{
    "flavors": {
        "sweet": 1.0, 
        "sour": 0.8333333333333334, 
        "salty": 0.6666666666666666, 
        "piquant": 0.0, 
        "bitter": 0.3333333333333333, 
        "meaty": 0.3333333333333333
    }, 
    "rating": 4.86, 
    "totalTimeInSeconds": 1200.0, 
    "ingredients": [
        "sugar", 
        "baking powder", 
        "baking soda", 
        "grated orange", 
        "orange juice", 
        "flour", 
        "egg", 
        "salt", 
        "cranberries", 
        "vegetable oil"
    ], 
    "smallImageUrls": [
        "http://i.yummly.com/Cranberry-Orange-Muffins-Recipezaar_3-249998.s.jpg"
    ], 
    "sourceDisplayName": "Food.com", 
    "recipeName": "Cranberry Orange Muffins", 
    "attributes": {
        "course": [
            "Breads", 
            "Breakfast and Brunch", 
            "Lunch and Snacks"
        ]
    }, 
    "id": "Cranberry-Orange-Muffins-Recipezaar_3"
}{
    "flavors": {
        "sweet": 0.0, 
        "sour": 0.8333333333333334, 
        "salty": 0.16666666666666666, 
        "piquant": 0.0, 
        "bitter": 0.16666666666666666, 
        "meaty": 0.5
    }, 
    "rating": 3.5, 
    "totalTimeInSeconds": 600.0, 
    "ingredients": [
        "flavoring", 
        "cornmeal", 
        "all-purpose flour", 
        "egg", 
        "baking powder", 
        "milk", 
        "salt", 
        "sugar"
    ], 
    "smallImageUrls": [
        "http://i.yummly.com/Cornmeal-Muffins-Allrecipes-77455.s.png"
    ], 
    "sourceDisplayName": "Taste of Home", 
    "recipeName": "Cornmeal Muffins", 
    "attributes": {
        "course": [
            "Breads"
        ], 
        "cuisine": [
            "American", 
            "Southern & Soul Food"
        ]
    }, 
    "id": "Cornmeal-Muffins-TasteOfHome"
}{
    "flavors": {
        "sweet": 0.16666666666666666, 
        "sour": 0.8333333333333334, 
        "salty": 0.3333333333333333, 
        "piquant": 0.0, 
        "bitter": 0.16666666666666666, 
        "meaty": 0.6666666666666666
    }, 
    "rating": 3.89, 
    "totalTimeInSeconds": 2100.0, 
    "ingredients": [
        "vanilla pudding", 
        "vanilla extract", 
        "salt", 
        "vegetable oil", 
        "baking powder", 
        "baking soda", 
        "honey", 
        "miniature semisweet chocolate chips", 
        "buttermilk", 
        "all-purpose flour", 
        "ground cinnamon", 
        "eggs"
    ], 
    "smallImageUrls": [
        "http://i.yummly.com/Cinnamon-Chip-Muffins-Allrecipes-57312.s.png"
    ], 
    "sourceDisplayName": "Taste of Home", 
    "recipeName": "Cinnamon Chip Muffins", 
    "attributes": {
        "course": [
            "Breads", 
            "Breakfast and Brunch"
        ]
    }, 
    "id": "Cinnamon-Chip-Muffins-TasteOfHome"
}{
    "flavors": {
        "sweet": 0.8333333333333334, 
        "sour": 0.16666666666666666, 
        "salty": 0.5, 
        "piquant": 0.0, 
        "bitter": 0.6666666666666666, 
        "meaty": 0.5
    }, 
    "rating": 4.61, 
    "totalTimeInSeconds": 5400.0, 
    "ingredients": [
        "unsweetened applesauce", 
        "salt", 
        "egg whites", 
        "baking powder", 
        "rolled oat", 
        "baking soda", 
        "whole wheat flour", 
        "skim milk", 
        "brown sugar"
    ], 
    "smallImageUrls": [
        "http://i.yummly.com/Low_fat-Oatmeal-Muffins-Recipezaar-185161.s.jpg"
    ], 
    "sourceDisplayName": "Food.com", 
    "recipeName": "Low-Fat Oatmeal Muffins", 
    "attributes": {
        "course": [
            "Breads", 
            "Breakfast and Brunch"
        ]
    }, 
    "id": "Low_fat-Oatmeal-Muffins-Recipezaar"
}{
    "flavors": {
        "sweet": 0.8333333333333334, 
        "sour": 0.6666666666666666, 
        "salty": 0.5, 
        "piquant": 0.0, 
        "bitter": 0.3333333333333333, 
        "meaty": 0.5
    }, 
    "rating": 3.83, 
    "totalTimeInSeconds": 1800.0, 
    "ingredients": [
        "vegetable oil", 
        "salt", 
        "egg", 
        "egg yolk", 
        "baking powder", 
        "all-purpose flour", 
        "yellow cornmeal", 
        "dried thyme", 
        "soy milk", 
        "baking soda", 
        "black pepper", 
        "fennel seed", 
        "white sugar"
    ], 
    "smallImageUrls": [
        "http://i.yummly.com/Fennel-Corn-Muffin-Allrecipes-78642.s.png"
    ], 
    "sourceDisplayName": "AllRecipes", 
    "recipeName": "Fennel Corn Muffin", 
    "attributes": {
        "course": [
            "Breads"
        ]
    }, 
    "id": "Fennel-Corn-Muffin-Allrecipes"
}{
    "flavors": {
        "sweet": 0.6666666666666666, 
        "sour": 0.16666666666666666, 
        "salty": 0.16666666666666666, 
        "piquant": 0.0, 
        "bitter": 0.16666666666666666, 
        "meaty": 0.16666666666666666
    }, 
    "rating": 3.5, 
    "totalTimeInSeconds": 4500.0, 
    "ingredients": [
        "ground ginger", 
        "whole milk", 
        "large egg", 
        "corn muffin", 
        "molasses"
    ], 
    "smallImageUrls": [
        "http://i.yummly.com/Indian-Corn-Bread-Pudding-Epicurious-42859.s.png"
    ], 
    "sourceDisplayName": "Epicurious", 
    "recipeName": "Indian Corn Bread Pudding", 
    "attributes": {
        "course": [
            "Side Dishes", 
            "Desserts"
        ], 
        "holiday": [
            "Thanksgiving"
        ], 
        "cuisine": [
            "American"
        ]
    }, 
    "id": "Indian-Corn-Bread-Pudding-Epicurious"
}{
    "flavors": {
        "sweet": 0.0, 
        "sour": 0.6666666666666666, 
        "salty": 0.6666666666666666, 
        "piquant": 0.0, 
        "bitter": 0.8333333333333334, 
        "meaty": 0.5
    }, 
    "rating": 4.5, 
    "totalTimeInSeconds": 0, 
    "ingredients": [
        "eggs", 
        "all purpose flour", 
        "honey", 
        "boiling water", 
        "salt", 
        "wheat bran", 
        "baking soda", 
        "unsalted butter", 
        "dried fig", 
        "buttermilk", 
        "sugar"
    ], 
    "smallImageUrls": [], 
    "sourceDisplayName": "Epicurious", 
    "recipeName": "Honey Bran Muffins with Figs", 
    "attributes": {
        "course": [
            "Breads"
        ]
    }, 
    "id": "Honey-Bran-Muffins-With-Figs-Epicurious"
}{
    "flavors": {
        "sweet": 0.3333333333333333, 
        "sour": 0.3333333333333333, 
        "salty": 0.3333333333333333, 
        "piquant": 0.6666666666666666, 
        "bitter": 0.3333333333333333, 
        "meaty": 0.3333333333333333
    }, 
    "rating": 5.0, 
    "totalTimeInSeconds": 1140.0, 
    "ingredients": [
        "artichoke heart", 
        "albacore tuna in water", 
        "lemon juice", 
        "olive oil", 
        "provolone cheese", 
        "dried oregano", 
        "cayenne pepper", 
        "green onion", 
        "english muffins"
    ], 
    "smallImageUrls": [
        "http://i.yummly.com/Tuna-Melt-On-English-Muffins-For-2-Recipezaar-233948.s.jpg"
    ], 
    "sourceDisplayName": "Food.com", 
    "recipeName": "Tuna Melt on English Muffins for 2", 
    "attributes": {
        "course": [
            "Breakfast and Brunch", 
            "Lunch and Snacks"
        ], 
        "cuisine": [
            "American"
        ]
    }, 
    "id": "Tuna-Melt-On-English-Muffins-For-2-Recipezaar"
}{
    "flavors": {
        "sweet": 0.6666666666666666, 
        "sour": 0.6666666666666666, 
        "salty": 0.5, 
        "piquant": 0.0, 
        "bitter": 0.16666666666666666, 
        "meaty": 0.6666666666666666
    }, 
    "rating": 3.69, 
    "totalTimeInSeconds": 3300.0, 
    "ingredients": [
        "blueberries", 
        "brown sugar", 
        "egg", 
        "ground cinnamon", 
        "baking powder", 
        "sugar", 
        "ground cinnamon", 
        "sugar", 
        "all-purpose flour", 
        "cream cheese", 
        "softened butter", 
        "milk", 
        "raspberries", 
        "all-purpose flour", 
        "butter", 
        "eggs"
    ], 
    "smallImageUrls": [
        "http://i.yummly.com/Berry-Cheesecake-Muffins-Allrecipes-81381.s.png", 
        "http://i.yummly.com/Berry-Cheesecake-Muffins-Allrecipes-81360.s.png"
    ], 
    "sourceDisplayName": "Taste of Home", 
    "recipeName": "Berry Cheesecake Muffins", 
    "attributes": {
        "course": [
            "Breads"
        ]
    }, 
    "id": "Berry-Cheesecake-Muffins-TasteOfHome"
}{
    "flavors": {
        "sweet": 0.3333333333333333, 
        "sour": 0.5, 
        "salty": 0.5, 
        "piquant": 0.0, 
        "bitter": 1.0, 
        "meaty": 1.0
    }, 
    "rating": 3.8, 
    "totalTimeInSeconds": 3000.0, 
    "ingredients": [
        "muffin mix", 
        "beef gravy", 
        "red kidney beans", 
        "ground beef", 
        "barbeque sauce"
    ], 
    "smallImageUrls": [
        "http://i.yummly.com/Beefy-Cornbread-Casserole-Allrecipes-94130.s.png", 
        "http://i.yummly.com/Beefy-Cornbread-Casserole-Allrecipes-93346.s.png"
    ], 
    "sourceDisplayName": "AllRecipes", 
    "recipeName": "Beefy Cornbread Casserole", 
    "attributes": {
        "course": [
            "Main Dishes"
        ]
    }, 
    "id": "Beefy-Cornbread-Casserole-Allrecipes"
}{
    "flavors": {
        "sweet": 0.8333333333333334, 
        "sour": 0.3333333333333333, 
        "salty": 0.16666666666666666, 
        "piquant": 0.0, 
        "bitter": 0.16666666666666666, 
        "meaty": 0.5
    }, 
    "rating": 0.0, 
    "totalTimeInSeconds": 2400.0, 
    "ingredients": [
        "bran cereal", 
        "all-purpose flour", 
        "dark brown sugar", 
        "wheat flour", 
        "milk", 
        "salt", 
        "ground cinnamon", 
        "vegetable oil", 
        "baking powder", 
        "egg"
    ], 
    "smallImageUrls": [
        "http://i.yummly.com/Raisin-Bran-Muffins-Martha-Stewart-108930.s.png"
    ], 
    "sourceDisplayName": "Martha Stewart", 
    "recipeName": "Raisin Bran Muffins", 
    "attributes": {
        "course": [
            "Breads", 
            "Breakfast and Brunch"
        ], 
        "cuisine": [
            "American"
        ]
    }, 
    "id": "Raisin-Bran-Muffins-Martha-Stewart"
}{
    "flavors": null, 
    "rating": 0.0, 
    "totalTimeInSeconds": 1500.0, 
    "ingredients": [
        "baking powder", 
        "spelt flour", 
        "ground ginger", 
        "salt", 
        "baking soda", 
        "whole wheat pastry flour", 
        "canola oil", 
        "ground cinnamon", 
        "dark molasses", 
        "allspice", 
        "soy yogurt", 
        "granulated sugar", 
        "millet"
    ], 
    "smallImageUrls": [
        "http://i.yummly.com/e47503bc-04c3-43c6-a90e-b250678b182a.s.jpg"
    ], 
    "recipeName": "Gingerbread Millet Muffins", 
    "attributes": {
        "course": [
            "Breads"
        ]
    }, 
    "id": "Gingerbread-Millet-Muffins-sundaymorning-199382"
}{
    "flavors": {
        "sweet": 0.8333333333333334, 
        "sour": 0.5, 
        "salty": 0.6666666666666666, 
        "piquant": 0.0, 
        "bitter": 1.0, 
        "meaty": 0.5
    }, 
    "rating": 0.0, 
    "totalTimeInSeconds": 2100.0, 
    "ingredients": [
        "skim milk", 
        "dark brown sugar", 
        "all-purpose flour", 
        "nonstick cooking spray", 
        "baking soda", 
        "ground nutmeg", 
        "rolled oats", 
        "raisins", 
        "egg", 
        "mashed banana", 
        "shredded carrots", 
        "baking powder", 
        "extra-virgin olive oil", 
        "coarse salt"
    ], 
    "smallImageUrls": [
        "http://i.yummly.com/Healthy-Morning-Muffins-Martha-Stewart-109597.s.png"
    ], 
    "sourceDisplayName": "Martha Stewart", 
    "recipeName": "Healthy Morning Muffins", 
    "attributes": {
        "course": [
            "Breads", 
            "Breakfast and Brunch"
        ]
    }, 
    "id": "Healthy-Morning-Muffins-Martha-Stewart"
}{
    "flavors": {
        "sweet": 0.5, 
        "sour": 0.16666666666666666, 
        "salty": 0.5, 
        "piquant": 0.5, 
        "bitter": 0.16666666666666666, 
        "meaty": 0.8333333333333334
    }, 
    "rating": 4.71, 
    "totalTimeInSeconds": 1200.0, 
    "ingredients": [
        "ham", 
        "skim milk", 
        "grated parmesan cheese", 
        "cheddar cheese", 
        "baking mix", 
        "black pepper"
    ], 
    "smallImageUrls": [
        "http://i.yummly.com/Cheddar-_n-Ham-Muffins-Recipezaar-192295.s.jpg"
    ], 
    "sourceDisplayName": "Food.com", 
    "recipeName": "Cheddar 'n Ham Muffins", 
    "attributes": {
        "course": [
            "Breads"
        ]
    }, 
    "id": "Cheddar-_n-Ham-Muffins-Recipezaar"
}{
    "flavors": {
        "sweet": 0.8333333333333334, 
        "sour": 0.3333333333333333, 
        "salty": 0.8333333333333334, 
        "piquant": 0.0, 
        "bitter": 0.6666666666666666, 
        "meaty": 0.6666666666666666
    }, 
    "rating": 0.0, 
    "totalTimeInSeconds": 0, 
    "ingredients": [
        "almonds", 
        "english muffins", 
        "cream cheese", 
        "feta cheese", 
        "olive oil", 
        "apricot preserves"
    ], 
    "smallImageUrls": [
        "http://i.yummly.com/English-muffins-with-apricot-preserves-_-feta-spread-307898-271906.s.jpg"
    ], 
    "sourceDisplayName": "The Kitchn", 
    "recipeName": "English Muffins with Apricot Preserves &amp; Feta Spread", 
    "attributes": {}, 
    "id": "English-muffins-with-apricot-preserves-_-feta-spread-307898"
}{
    "flavors": {
        "sweet": 1.0, 
        "sour": 0.5, 
        "salty": 0.5, 
        "piquant": 0.0, 
        "bitter": 0.8333333333333334, 
        "meaty": 0.5
    }, 
    "rating": 4.62, 
    "totalTimeInSeconds": 1800.0, 
    "ingredients": [
        "salt", 
        "wheat bran", 
        "baking soda", 
        "molasses", 
        "vegetable oil", 
        "brown sugar", 
        "buttermilk", 
        "all-purpose flour", 
        "egg", 
        "golden raisins", 
        "baking powder"
    ], 
    "smallImageUrls": [
        "http://i.yummly.com/Bran-Muffins-A-La-Brian-Allrecipes-65614.s.png"
    ], 
    "sourceDisplayName": "AllRecipes", 
    "recipeName": "Bran Muffins a la Brian", 
    "attributes": {
        "course": [
            "Breads"
        ]
    }, 
    "id": "Bran-Muffins-A-La-Brian-Allrecipes"
}{
    "flavors": {
        "sweet": 0.8333333333333334, 
        "sour": 0.8333333333333334, 
        "salty": 0.16666666666666666, 
        "piquant": 0.0, 
        "bitter": 0.16666666666666666, 
        "meaty": 0.3333333333333333
    }, 
    "rating": 3.5, 
    "totalTimeInSeconds": 2100.0, 
    "ingredients": [
        "brown sugar", 
        "egg", 
        "vanilla extract", 
        "salt", 
        "baking powder", 
        "vegetable oil", 
        "sour cream", 
        "all-purpose flour", 
        "orange juice", 
        "orange peel"
    ], 
    "smallImageUrls": [
        "http://i.yummly.com/Orange-Mini-Muffins-Allrecipes-57470.s.png"
    ], 
    "sourceDisplayName": "Taste of Home", 
    "recipeName": "Orange Mini Muffins", 
    "attributes": {
        "course": [
            "Breads"
        ]
    }, 
    "id": "Orange-Mini-Muffins-TasteOfHome"
}{
    "flavors": {
        "sweet": 1.0, 
        "sour": 0.8333333333333334, 
        "salty": 0.16666666666666666, 
        "piquant": 0.0, 
        "bitter": 0.16666666666666666, 
        "meaty": 0.6666666666666666
    }, 
    "rating": 0.0, 
    "totalTimeInSeconds": 0, 
    "ingredients": [
        "salt", 
        "granulated sugar", 
        "all-purpose flour", 
        "egg yolks", 
        "pure vanilla extract", 
        "all-purpose flour", 
        "granulated sugar", 
        "baking powder", 
        "milk", 
        "salt", 
        "ground cinnamon", 
        "unsalted butter", 
        "unsalted butter", 
        "light brown sugar", 
        "blueberries"
    ], 
    "smallImageUrls": [
        "http://i.yummly.com/Blueberry-Muffins-Martha-Stewart-196088-111438.s.png"
    ], 
    "sourceDisplayName": "Martha Stewart", 
    "recipeName": "Blueberry Muffins", 
    "attributes": {
        "course": [
            "Breads", 
            "Breakfast and Brunch", 
            "Lunch and Snacks"
        ], 
        "cuisine": [
            "American"
        ]
    }, 
    "id": "Blueberry-Muffins-Martha-Stewart-196088"
}{
    "flavors": {
        "sweet": 0.8333333333333334, 
        "sour": 0.3333333333333333, 
        "salty": 0.5, 
        "piquant": 0.0, 
        "bitter": 0.6666666666666666, 
        "meaty": 0.8333333333333334
    }, 
    "rating": 4.87, 
    "totalTimeInSeconds": 2100.0, 
    "ingredients": [
        "all-purpose flour", 
        "baking soda", 
        "nuts", 
        "baking powder", 
        "granulated sugar", 
        "bananas", 
        "egg", 
        "oats", 
        "salt", 
        "butter"
    ], 
    "smallImageUrls": [
        "http://i.yummly.com/Banana-Oat-Muffins-Recipezaar_2-178068.s.jpg"
    ], 
    "sourceDisplayName": "Food.com", 
    "recipeName": "Banana Oat Muffins", 
    "attributes": {
        "course": [
            "Breads", 
            "Breakfast and Brunch", 
            "Lunch and Snacks"
        ]
    }, 
    "id": "Banana-Oat-Muffins-Recipezaar_2"
}{
    "flavors": {
        "sweet": 0.16666666666666666, 
        "sour": 0.6666666666666666, 
        "salty": 0.6666666666666666, 
        "piquant": 0.0, 
        "bitter": 0.8333333333333334, 
        "meaty": 0.5
    }, 
    "rating": 4.0, 
    "totalTimeInSeconds": 2100.0, 
    "ingredients": [
        "baking soda", 
        "sugar", 
        "dried cranberries", 
        "buttermilk", 
        "ground cardamom", 
        "all-purpose flour", 
        "ground cardamom", 
        "butter", 
        "butter", 
        "egg", 
        "chopped walnuts", 
        "confectioners' sugar", 
        "ground cloves"
    ], 
    "smallImageUrls": [
        "http://i.yummly.com/Cranberry-Nut-Muffins-AllRecipes-72735.s.png"
    ], 
    "sourceDisplayName": "Taste of Home", 
    "recipeName": "Cranberry Nut Muffins", 
    "attributes": {
        "course": [
            "Breads", 
            "Breakfast and Brunch"
        ], 
        "holiday": [
            "Thanksgiving", 
            "Christmas"
        ]
    }, 
    "id": "Cranberry-Nut-Muffins-TasteOfHome"
}{
    "flavors": {
        "sweet": 1.0, 
        "sour": 0.5, 
        "salty": 0.8333333333333334, 
        "piquant": 0.0, 
        "bitter": 0.6666666666666666, 
        "meaty": 0.6666666666666666
    }, 
    "rating": 0.0, 
    "totalTimeInSeconds": 5400.0, 
    "ingredients": [
        "cake mix", 
        "ricotta cheese", 
        "vegetable oil", 
        "egg", 
        "crushed pineapple"
    ], 
    "smallImageUrls": [
        "http://i.yummly.com/Pineapple-Ricotta-Muffins-AllRecipes-202314-89079.s.png", 
        "http://i.yummly.com/Pineapple-Ricotta-Muffins-AllRecipes-202314-88725.s.png"
    ], 
    "sourceDisplayName": "AllRecipes", 
    "recipeName": "Pineapple Ricotta Muffins", 
    "attributes": {
        "course": [
            "Breads", 
            "Breakfast and Brunch"
        ]
    }, 
    "id": "Pineapple-Ricotta-Muffins-AllRecipes-202314"
}{
    "flavors": {
        "sweet": 1.0, 
        "sour": 0.5, 
        "salty": 0.6666666666666666, 
        "piquant": 0.0, 
        "bitter": 1.0, 
        "meaty": 0.6666666666666666
    }, 
    "rating": 4.84, 
    "totalTimeInSeconds": 2100.0, 
    "ingredients": [
        "sugar", 
        "flour", 
        "milk", 
        "mashed bananas", 
        "chocolate chips", 
        "baking powder", 
        "baking soda", 
        "eggs", 
        "melted butter"
    ], 
    "smallImageUrls": [
        "http://i.yummly.com/Banana-Chocolate-Chip-Muffins-Recipezaar_16-155991.s.jpg"
    ], 
    "sourceDisplayName": "Food.com", 
    "recipeName": "Banana Chocolate Chip Muffins", 
    "attributes": {
        "course": [
            "Breads", 
            "Breakfast and Brunch", 
            "Lunch and Snacks"
        ]
    }, 
    "id": "Banana-Chocolate-Chip-Muffins-Recipezaar_16"
}{
    "flavors": {
        "sweet": 1.0, 
        "sour": 0.5, 
        "salty": 0.5, 
        "piquant": 0.0, 
        "bitter": 0.16666666666666666, 
        "meaty": 0.5
    }, 
    "rating": 0.0, 
    "totalTimeInSeconds": 0, 
    "ingredients": [
        "ground cardamom", 
        "egg", 
        "baking soda", 
        "rhubarb", 
        "unsalted butter", 
        "baking powder", 
        "vanilla extract", 
        "granulated sugar", 
        "fine salt", 
        "all-purpose flour", 
        "all-purpose flour", 
        "granulated sugar", 
        "fine salt", 
        "unsalted butter", 
        "whole milk", 
        "ground cardamom"
    ], 
    "smallImageUrls": [
        "http://i.yummly.com/Rhubarb-Muffins-with-Cardamom-Streusel-Recipe-Chow-55756-39290.s.png"
    ], 
    "sourceDisplayName": "Chow", 
    "recipeName": "Rhubarb Muffins with Cardamom Streusel Recipe", 
    "attributes": {
        "course": [
            "Breads"
        ]
    }, 
    "id": "Rhubarb-Muffins-with-Cardamom-Streusel-Recipe-Chow-55756"
}{
    "flavors": {
        "sweet": 0.6666666666666666, 
        "sour": 0.6666666666666666, 
        "salty": 0.16666666666666666, 
        "piquant": 0.0, 
        "bitter": 0.5, 
        "meaty": 0.8333333333333334
    }, 
    "rating": 4.25, 
    "totalTimeInSeconds": 2700.0, 
    "ingredients": [
        "baking powder", 
        "sugar", 
        "carrots", 
        "eggs", 
        "ground cinnamon", 
        "all-purpose flour", 
        "tart apple", 
        "vanilla extract", 
        "flaked coconut", 
        "vegetable oil", 
        "chopped pecans", 
        "raisins", 
        "salt"
    ], 
    "smallImageUrls": [
        "http://i.yummly.com/Morning-Glory-Muffins-Allrecipes-82290.s.png", 
        "http://i.yummly.com/Morning-Glory-Muffins-Allrecipes-82177.s.png"
    ], 
    "sourceDisplayName": "Taste of Home", 
    "recipeName": "Morning Glory Muffins", 
    "attributes": {
        "course": [
            "Breads", 
            "Breakfast and Brunch", 
            "Lunch and Snacks"
        ], 
        "cuisine": [
            "American", 
            "Southern & Soul Food"
        ]
    }, 
    "id": "Morning-Glory-Muffins-TasteOfHome"
}{
    "flavors": {
        "sweet": 0.16666666666666666, 
        "sour": 0.6666666666666666, 
        "salty": 0.3333333333333333, 
        "piquant": 0.0, 
        "bitter": 0.3333333333333333, 
        "meaty": 0.6666666666666666
    }, 
    "rating": 4.67, 
    "totalTimeInSeconds": 0, 
    "ingredients": [
        "shredded cheddar cheese", 
        "egg", 
        "ground nutmeg", 
        "lemon peel", 
        "cornmeal", 
        "vegetable oil", 
        "sugar", 
        "all-purpose flour", 
        "chopped almonds", 
        "salt", 
        "baking powder", 
        "cream style corn"
    ], 
    "smallImageUrls": [
        "http://i.yummly.com/Lemony-Corn-Muffins-Allrecipes-61498.s.png"
    ], 
    "sourceDisplayName": "Taste of Home", 
    "recipeName": "Lemony Corn Muffins", 
    "attributes": {
        "course": [
            "Breads"
        ]
    }, 
    "id": "Lemony-Corn-Muffins-TasteOfHome"
}{
    "flavors": {
        "sweet": 1.0, 
        "sour": 0.16666666666666666, 
        "salty": 0.16666666666666666, 
        "piquant": 0.0, 
        "bitter": 1.0, 
        "meaty": 0.5
    }, 
    "rating": 4.62, 
    "totalTimeInSeconds": 0, 
    "ingredients": [
        "vanilla ice cream", 
        "semisweet chocolate chips", 
        "cocoa powder", 
        "salt", 
        "vanilla extract", 
        "sugar", 
        "butter", 
        "eggs", 
        "flour", 
        "espresso powder", 
        "butter"
    ], 
    "smallImageUrls": [], 
    "sourceDisplayName": "Food Network", 
    "recipeName": "Chocolate Lava Muffins", 
    "attributes": {
        "course": [
            "Desserts"
        ]
    }, 
    "id": "Chocolate-Lava-Muffins-Food-Network_1"
}{
    "flavors": {
        "sweet": 0.3333333333333333, 
        "sour": 0.6666666666666666, 
        "salty": 0.5, 
        "piquant": 0.0, 
        "bitter": 0.16666666666666666, 
        "meaty": 0.5
    }, 
    "rating": 0.0, 
    "totalTimeInSeconds": 2700.0, 
    "ingredients": [
        "sugar", 
        "baking soda", 
        "shredded carrots", 
        "baking powder", 
        "pumpkin pie spice", 
        "unsalted butter", 
        "plain yogurt", 
        "all-purpose flour", 
        "salt", 
        "egg"
    ], 
    "smallImageUrls": [
        "http://i.yummly.com/Spiced-Carrot-Muffins-Martha-Stewart-194300-108626.s.png"
    ], 
    "sourceDisplayName": "Martha Stewart", 
    "recipeName": "Spiced Carrot Muffins", 
    "attributes": {
        "course": [
            "Breads", 
            "Breakfast and Brunch"
        ]
    }, 
    "id": "Spiced-Carrot-Muffins-Martha-Stewart-194300"
}{
    "flavors": {
        "sweet": 0.3333333333333333, 
        "sour": 0.3333333333333333, 
        "salty": 0.16666666666666666, 
        "piquant": 0.0, 
        "bitter": 0.5, 
        "meaty": 0.6666666666666666
    }, 
    "rating": 5.0, 
    "totalTimeInSeconds": 3300.0, 
    "ingredients": [
        "eggs", 
        "sugar", 
        "blue cornmeal", 
        "cheddar", 
        "milk", 
        "unsalted butter", 
        "corn husks", 
        "all-purpose flour", 
        "salt", 
        "cream cheese", 
        "baking powder", 
        "poppy seeds", 
        "jalapenos"
    ], 
    "smallImageUrls": [], 
    "sourceDisplayName": "Food Network", 
    "recipeName": "Blue Corn Muffins", 
    "attributes": {
        "course": [
            "Breads", 
            "Lunch and Snacks"
        ], 
        "cuisine": [
            "American", 
            "Southwestern"
        ]
    }, 
    "id": "Blue-Corn-Muffins-Food-Network"
}{
    "flavors": {
        "sweet": 0.8333333333333334, 
        "sour": 0.8333333333333334, 
        "salty": 1.0, 
        "piquant": 0.0, 
        "bitter": 0.6666666666666666, 
        "meaty": 0.5
    }, 
    "rating": 2.67, 
    "totalTimeInSeconds": 1800.0, 
    "ingredients": [
        "beaten eggs", 
        "sugar", 
        "cream cheese", 
        "biscuit mix", 
        "orange juice", 
        "chopped pecans", 
        "orange marmalade"
    ], 
    "smallImageUrls": [
        "http://i.yummly.com/Orange-Cream-Cheese-Muffins-Allrecipes-60047.s.png"
    ], 
    "sourceDisplayName": "Taste of Home", 
    "recipeName": "Orange Cream Cheese Muffins", 
    "attributes": {
        "course": [
            "Breads", 
            "Breakfast and Brunch"
        ], 
        "cuisine": [
            "American"
        ]
    }, 
    "id": "Orange-Cream-Cheese-Muffins-TasteOfHome"
}{
    "flavors": {
        "sweet": 0.3333333333333333, 
        "sour": 0.16666666666666666, 
        "salty": 0.16666666666666666, 
        "piquant": 0.0, 
        "bitter": 0.16666666666666666, 
        "meaty": 0.16666666666666666
    }, 
    "rating": 0.0, 
    "totalTimeInSeconds": 0, 
    "ingredients": [
        "unsalted butter", 
        "milk", 
        "baking powder", 
        "table salt", 
        "blueberry", 
        "granulated sugar", 
        "large eggs", 
        "all-purpose flour", 
        "vanilla extract"
    ], 
    "smallImageUrls": [
        "http://i.yummly.com/Blueberry-Muffin-Cake-Serious-Eats-42378-3574.s.jpg"
    ], 
    "sourceDisplayName": "Serious Eats", 
    "recipeName": "Blueberry Muffin Cake", 
    "attributes": {
        "course": [
            "Breakfast and Brunch"
        ]
    }, 
    "id": "Blueberry-Muffin-Cake-Serious-Eats-42378"
}{
    "flavors": {
        "sweet": 0.6666666666666666, 
        "sour": 0.6666666666666666, 
        "salty": 0.6666666666666666, 
        "piquant": 0.0, 
        "bitter": 0.6666666666666666, 
        "meaty": 0.5
    }, 
    "rating": 4.7, 
    "totalTimeInSeconds": 2700.0, 
    "ingredients": [
        "salt", 
        "milk", 
        "sugar", 
        "all-purpose flour", 
        "vanilla", 
        "egg", 
        "melted butter", 
        "baking powder"
    ], 
    "smallImageUrls": [
        "http://i.yummly.com/Basic-Muffins-Recipezaar_2-250234.s.jpg"
    ], 
    "sourceDisplayName": "Food.com", 
    "recipeName": "Basic Muffins", 
    "attributes": {
        "course": [
            "Breads", 
            "Breakfast and Brunch"
        ]
    }, 
    "id": "Basic-Muffins-Recipezaar_2"
}{
    "flavors": {
        "sweet": 0.8333333333333334, 
        "sour": 0.16666666666666666, 
        "salty": 0.3333333333333333, 
        "piquant": 0.0, 
        "bitter": 0.3333333333333333, 
        "meaty": 0.8333333333333334
    }, 
    "rating": 5.0, 
    "totalTimeInSeconds": 1800.0, 
    "ingredients": [
        "eggs", 
        "flour", 
        "chopped pecans", 
        "brown sugar", 
        "butter"
    ], 
    "smallImageUrls": [
        "http://i.yummly.com/Praline-Mini-Muffins-Recipezaar-171948.s.jpg"
    ], 
    "sourceDisplayName": "Food.com", 
    "recipeName": "Praline Mini Muffins", 
    "attributes": {
        "course": [
            "Breads", 
            "Lunch and Snacks"
        ]
    }, 
    "id": "Praline-Mini-Muffins-Recipezaar"
}{
    "flavors": {
        "sweet": 0.5, 
        "sour": 0.5, 
        "salty": 0.3333333333333333, 
        "piquant": 0.0, 
        "bitter": 0.16666666666666666, 
        "meaty": 0.16666666666666666
    }, 
    "rating": 5.0, 
    "totalTimeInSeconds": 360.0, 
    "ingredients": [
        "ground cinnamon", 
        "crunchy peanut butter", 
        "english muffin", 
        "raspberries", 
        "blackberry", 
        "blueberries", 
        "banana"
    ], 
    "smallImageUrls": [], 
    "sourceDisplayName": "Food.com", 
    "recipeName": "Banana Berry English Muffin", 
    "attributes": {
        "course": [
            "Breads", 
            "Breakfast and Brunch"
        ]
    }, 
    "id": "Banana-Berry-English-Muffin-Recipezaar"
}{
    "flavors": {
        "sweet": 0.3333333333333333, 
        "sour": 0.6666666666666666, 
        "salty": 0.6666666666666666, 
        "piquant": 0.6666666666666666, 
        "bitter": 0.3333333333333333, 
        "meaty": 0.6666666666666666
    }, 
    "rating": 4.83, 
    "totalTimeInSeconds": 1800.0, 
    "ingredients": [
        "artichoke hearts", 
        "dressing", 
        "english muffin", 
        "shredded mozzarella cheese", 
        "pimientos", 
        "grated parmesan cheese", 
        "red pepper flakes"
    ], 
    "smallImageUrls": [
        "http://i.yummly.com/English-Muffin-Artichoke-Pizzas-Recipezaar-183613.s.jpg"
    ], 
    "sourceDisplayName": "Food.com", 
    "recipeName": "English Muffin Artichoke Pizzas", 
    "attributes": {
        "course": [
            "Lunch and Snacks"
        ]
    }, 
    "id": "English-Muffin-Artichoke-Pizzas-Recipezaar"
}{
    "flavors": {
        "sweet": 0.3333333333333333, 
        "sour": 0.0, 
        "salty": 0.16666666666666666, 
        "piquant": 0.0, 
        "bitter": 0.16666666666666666, 
        "meaty": 0.16666666666666666
    }, 
    "rating": 4.93, 
    "totalTimeInSeconds": 3000.0, 
    "ingredients": [
        "flour", 
        "melted butter", 
        "baking powder", 
        "salt", 
        "chocolate chip", 
        "mashed banana", 
        "large eggs", 
        "sugar", 
        "milk"
    ], 
    "smallImageUrls": [
        "http://i.yummly.com/Banana-Chocolate-Chip-Muffins-Food_com-136754-208125.s.jpg"
    ], 
    "sourceDisplayName": "Food.com", 
    "recipeName": "Banana Chocolate Chip Muffins", 
    "attributes": {
        "course": [
            "Breads", 
            "Breakfast and Brunch", 
            "Lunch and Snacks"
        ]
    }, 
    "id": "Banana-Chocolate-Chip-Muffins-Food_com-136754"
}{
    "flavors": {
        "sweet": 1.0, 
        "sour": 0.16666666666666666, 
        "salty": 0.5, 
        "piquant": 0.0, 
        "bitter": 0.6666666666666666, 
        "meaty": 0.5
    }, 
    "rating": 0.0, 
    "totalTimeInSeconds": 0, 
    "ingredients": [
        "plain yogurt", 
        "whole wheat flour", 
        "vanilla extract", 
        "unsalted butter", 
        "sea salt", 
        "toasted walnuts", 
        "baking powder", 
        "cane sugar", 
        "espresso powder", 
        "bananas", 
        "eggs"
    ], 
    "smallImageUrls": [
        "http://i.yummly.com/Espresso-Banana-Muffins-Recipe-Chow-48337-99703.s.png"
    ], 
    "sourceDisplayName": "Chow", 
    "recipeName": "Espresso Banana Muffins Recipe", 
    "attributes": {}, 
    "id": "Espresso-Banana-Muffins-Recipe-Chow-48337"
}{
    "flavors": {
        "sweet": 0.5, 
        "sour": 0.6666666666666666, 
        "salty": 0.6666666666666666, 
        "piquant": 0.0, 
        "bitter": 0.6666666666666666, 
        "meaty": 0.6666666666666666
    }, 
    "rating": 3.75, 
    "totalTimeInSeconds": 2400.0, 
    "ingredients": [
        "sugar", 
        "crushed pineapple", 
        "baking soda", 
        "salt", 
        "vanilla extract", 
        "sliced almonds", 
        "almond extract", 
        "cream cheese", 
        "egg", 
        "sour cream", 
        "all-purpose flour", 
        "flaked coconut"
    ], 
    "smallImageUrls": [
        "http://i.yummly.com/Tropical-Muffins-Allrecipes-77451.s.png"
    ], 
    "sourceDisplayName": "Taste of Home", 
    "recipeName": "Tropical Muffins", 
    "attributes": {
        "course": [
            "Breads", 
            "Breakfast and Brunch"
        ]
    }, 
    "id": "Tropical-Muffins-TasteOfHome"
}{
    "flavors": {
        "sweet": 0.16666666666666666, 
        "sour": 0.8333333333333334, 
        "salty": 0.16666666666666666, 
        "piquant": 0.0, 
        "bitter": 0.16666666666666666, 
        "meaty": 0.5
    }, 
    "rating": 4.0, 
    "totalTimeInSeconds": 2400.0, 
    "ingredients": [
        "baking powder", 
        "butter", 
        "vanilla yogurt", 
        "raisins", 
        "all-purpose flour", 
        "all-purpose flour", 
        "tart apple", 
        "egg", 
        "sugar", 
        "vegetable oil", 
        "salt", 
        "ground cinnamon", 
        "milk", 
        "sugar", 
        "ground cinnamon"
    ], 
    "smallImageUrls": [
        "http://i.yummly.com/Apple-Yogurt-Muffins-Allrecipes-94074.s.png", 
        "http://i.yummly.com/Apple-Yogurt-Muffins-Allrecipes-93309.s.png"
    ], 
    "sourceDisplayName": "Taste of Home", 
    "recipeName": "Apple Yogurt Muffins", 
    "attributes": {
        "course": [
            "Breads", 
            "Breakfast and Brunch"
        ]
    }, 
    "id": "Apple-Yogurt-Muffins-TasteOfHome"
}{
    "flavors": {
        "sweet": 0.16666666666666666, 
        "sour": 0.3333333333333333, 
        "salty": 0.6666666666666666, 
        "piquant": 0.0, 
        "bitter": 0.16666666666666666, 
        "meaty": 0.3333333333333333
    }, 
    "rating": 5.0, 
    "totalTimeInSeconds": 2100.0, 
    "ingredients": [
        "pumpkin", 
        "water", 
        "pumpkin pie spice", 
        "angel food cake mix"
    ], 
    "smallImageUrls": [
        "http://i.yummly.com/Fat_free-Pumpkin-Muffins-Recipezaar-191616.s.jpg"
    ], 
    "sourceDisplayName": "Food.com", 
    "recipeName": "Fat-Free Pumpkin Muffins", 
    "attributes": {
        "course": [
            "Breads"
        ]
    }, 
    "id": "Fat_free-Pumpkin-Muffins-Recipezaar"
}{
    "flavors": {
        "sweet": 0.8333333333333334, 
        "sour": 0.3333333333333333, 
        "salty": 0.5, 
        "piquant": 0.0, 
        "bitter": 0.16666666666666666, 
        "meaty": 0.5
    }, 
    "rating": 4.71, 
    "totalTimeInSeconds": 2100.0, 
    "ingredients": [
        "butter", 
        "large eggs", 
        "blueberries", 
        "vanilla extract", 
        "orange zest", 
        "baking powder", 
        "sugar", 
        "milk", 
        "flour", 
        "salt"
    ], 
    "smallImageUrls": [
        "http://i.yummly.com/Old_fashioned-Blueberry-Or-Raspberry-Muffins-Recipezaar-17453.s.png", 
        "http://i.yummly.com/Old_fashioned-Blueberry-Or-Raspberry-Muffins-Recipezaar-190109.s.jpg"
    ], 
    "sourceDisplayName": "Food.com", 
    "recipeName": "Old-Fashioned Blueberry or Raspberry Muffins", 
    "attributes": {
        "course": [
            "Breads", 
            "Breakfast and Brunch"
        ]
    }, 
    "id": "Old_fashioned-Blueberry-Or-Raspberry-Muffins-Recipezaar"
}{
    "flavors": {
        "sweet": 1.0, 
        "sour": 0.6666666666666666, 
        "salty": 0.5, 
        "piquant": 0.0, 
        "bitter": 0.8333333333333334, 
        "meaty": 0.5
    }, 
    "rating": 3.06, 
    "totalTimeInSeconds": 2400.0, 
    "ingredients": [
        "baking soda", 
        "chopped walnuts", 
        "egg", 
        "vanilla extract", 
        "ground cinnamon", 
        "softened butter", 
        "salt", 
        "all-purpose flour", 
        "brown sugar", 
        "rhubarb", 
        "buttermilk", 
        "white sugar"
    ], 
    "smallImageUrls": [
        "http://i.yummly.com/Rhubarb-Muffins-Ii-Allrecipes-91145.s.png", 
        "http://i.yummly.com/Rhubarb-Muffins-Ii-Allrecipes-90618.s.png"
    ], 
    "sourceDisplayName": "AllRecipes", 
    "recipeName": "Rhubarb Muffins II", 
    "attributes": {
        "course": [
            "Breads"
        ]
    }, 
    "id": "Rhubarb-Muffins-Ii-Allrecipes"
}{
    "flavors": {
        "sweet": 0.16666666666666666, 
        "sour": 0.16666666666666666, 
        "salty": 0.5, 
        "piquant": 0.5, 
        "bitter": 0.16666666666666666, 
        "meaty": 0.6666666666666666
    }, 
    "rating": 0.0, 
    "totalTimeInSeconds": 1320.0, 
    "ingredients": [
        "dijon mustard", 
        "english muffins", 
        "bacon", 
        "butter"
    ], 
    "smallImageUrls": [
        "http://i.yummly.com/Hannah_s-Favorite-English-Muffins-Recipezaar-183729.s.jpg"
    ], 
    "sourceDisplayName": "Food.com", 
    "recipeName": "Hannah's Favorite English Muffins", 
    "attributes": {
        "course": [
            "Breakfast and Brunch"
        ]
    }, 
    "id": "Hannah_s-Favorite-English-Muffins-Recipezaar"
}{
    "flavors": {
        "sweet": 0.16666666666666666, 
        "sour": 0.6666666666666666, 
        "salty": 0.16666666666666666, 
        "piquant": 0.0, 
        "bitter": 0.8333333333333334, 
        "meaty": 0.5
    }, 
    "rating": 4.0, 
    "totalTimeInSeconds": 1800.0, 
    "ingredients": [
        "sugar", 
        "eggs", 
        "cranberries", 
        "salt", 
        "baking powder", 
        "wild rice", 
        "butter", 
        "all-purpose flour", 
        "buttermilk", 
        "blueberries"
    ], 
    "smallImageUrls": [
        "http://i.yummly.com/Northwoods-Muffins-Allrecipes-75445.s.png"
    ], 
    "sourceDisplayName": "Taste of Home", 
    "recipeName": "Northwoods Muffins", 
    "attributes": {
        "course": [
            "Breads"
        ]
    }, 
    "id": "Northwoods-Muffins-TasteOfHome"
}{
    "flavors": {
        "bitter": 0.16666666666666666, 
        "sweet": 1.0, 
        "sour": 0.5, 
        "salty": 0.6666666666666666, 
        "meaty": 0.6666666666666666
    }, 
    "rating": 4.5, 
    "totalTimeInSeconds": 2100.0, 
    "ingredients": [
        "instant vanilla pudding", 
        "white cake mix", 
        "blueberries", 
        "vegetable oil", 
        "eggs", 
        "milk", 
        "vanilla"
    ], 
    "smallImageUrls": [
        "http://i2.yummly.com/Otis-Spunkmeyer_s-Blueberry-Muffins-Recipezaar.s.png"
    ], 
    "sourceDisplayName": "Food.com", 
    "recipeName": "Otis Spunkmeyer's Blueberry Muffins", 
    "attributes": {
        "course": [
            "Breads"
        ]
    }, 
    "id": "Otis-Spunkmeyer_s-Blueberry-Muffins-Recipezaar"
}{
    "flavors": {
        "sweet": 0.3333333333333333, 
        "sour": 0.5, 
        "salty": 0.5, 
        "piquant": 0.0, 
        "bitter": 0.5, 
        "meaty": 0.6666666666666666
    }, 
    "rating": 4.0, 
    "totalTimeInSeconds": 1800.0, 
    "ingredients": [
        "milk", 
        "almond extract", 
        "eggs", 
        "ground cinnamon", 
        "baking soda", 
        "ground cloves", 
        "pear", 
        "wheat flour", 
        "baking powder", 
        "ground nutmeg", 
        "all-purpose flour", 
        "salt", 
        "plain yogurt", 
        "vegetable oil", 
        "chopped almonds", 
        "sugar"
    ], 
    "smallImageUrls": [
        "http://i.yummly.com/Almond-Pear-Muffins-Allrecipes-75454.s.png"
    ], 
    "sourceDisplayName": "Taste of Home", 
    "recipeName": "Almond Pear Muffins", 
    "attributes": {
        "course": [
            "Breads"
        ]
    }, 
    "id": "Almond-Pear-Muffins-TasteOfHome"
}{
    "flavors": {
        "sweet": 1.0, 
        "sour": 0.6666666666666666, 
        "salty": 0.5, 
        "piquant": 0.0, 
        "bitter": 0.16666666666666666, 
        "meaty": 0.6666666666666666
    }, 
    "rating": 0.0, 
    "totalTimeInSeconds": 3300.0, 
    "ingredients": [
        "all-purpose flour", 
        "baking powder", 
        "confectioners sugar", 
        "sour cream", 
        "salt", 
        "eggs", 
        "all-purpose flour", 
        "granulated sugar", 
        "ground cinnamon", 
        "pure vanilla extract", 
        "baking soda", 
        "dark brown sugar", 
        "unsalted butter", 
        "unsalted butter"
    ], 
    "smallImageUrls": [
        "http://i.yummly.com/Coffee-Cake-Muffins-Martha-Stewart-194285-108607.s.png"
    ], 
    "sourceDisplayName": "Martha Stewart", 
    "recipeName": "Coffee Cake Muffins", 
    "attributes": {
        "course": [
            "Breads", 
            "Breakfast and Brunch"
        ], 
        "holiday": [
            "Christmas"
        ], 
        "cuisine": [
            "American"
        ]
    }, 
    "id": "Coffee-Cake-Muffins-Martha-Stewart-194285"
}{
    "flavors": {
        "sweet": 0.0, 
        "sour": 0.8333333333333334, 
        "salty": 0.16666666666666666, 
        "piquant": 0.0, 
        "bitter": 0.16666666666666666, 
        "meaty": 0.6666666666666666
    }, 
    "rating": 0.0, 
    "totalTimeInSeconds": 0, 
    "ingredients": [
        "honey", 
        "unsalted butter", 
        "milk", 
        "baking powder", 
        "sugar", 
        "all-purpose flour", 
        "eggs", 
        "yellow cornmeal", 
        "blueberries"
    ], 
    "smallImageUrls": [
        "http://i.yummly.com/Blueberry_Corn-Muffins-Martha-Stewart-108837.s.png"
    ], 
    "sourceDisplayName": "Martha Stewart", 
    "recipeName": "Blueberry Corn Muffins", 
    "attributes": {
        "course": [
            "Breads"
        ]
    }, 
    "id": "Blueberry_Corn-Muffins-Martha-Stewart"
}{
    "flavors": {
        "sweet": 0.6666666666666666, 
        "sour": 0.5, 
        "salty": 0.8333333333333334, 
        "piquant": 0.6666666666666666, 
        "bitter": 0.5, 
        "meaty": 0.5
    }, 
    "rating": 5.0, 
    "totalTimeInSeconds": 1800.0, 
    "ingredients": [
        "milk", 
        "egg", 
        "corn kernels", 
        "honey", 
        "sour cream", 
        "chipotle pepper", 
        "muffin mix"
    ], 
    "smallImageUrls": [], 
    "sourceDisplayName": "Food.com", 
    "recipeName": "Enhanced Jiffy Corn Muffins", 
    "attributes": {
        "course": [
            "Breads"
        ]
    }, 
    "id": "Enhanced-Jiffy-Corn-Muffins-Recipezaar"
}{
    "flavors": {
        "sweet": 1.0, 
        "sour": 0.16666666666666666, 
        "salty": 0.3333333333333333, 
        "piquant": 0.0, 
        "bitter": 1.0, 
        "meaty": 0.3333333333333333
    }, 
    "rating": 4.73, 
    "totalTimeInSeconds": 0, 
    "ingredients": [
        "egg", 
        "vegetable oil cooking spray", 
        "water", 
        "vanilla", 
        "muffin", 
        "pitted date", 
        "confectioners sugar", 
        "light brown sugar", 
        "baking soda", 
        "bittersweet chocolate", 
        "all-purpose flour", 
        "cocoa powder"
    ], 
    "smallImageUrls": [
        "http://i2.yummly.com/Mini-Chocolate-Cupcakes-Epicurious.s.png", 
        "http://i.yummly.com/Mini-Chocolate-Cupcakes-Epicurious-43244.s.png"
    ], 
    "sourceDisplayName": "Epicurious", 
    "recipeName": "Mini Chocolate Cupcakes", 
    "attributes": {
        "course": [
            "Desserts"
        ], 
        "cuisine": [
            "American"
        ]
    }, 
    "id": "Mini-Chocolate-Cupcakes-Epicurious"
}{
    "flavors": {
        "sweet": 0.8333333333333334, 
        "sour": 0.3333333333333333, 
        "salty": 0.3333333333333333, 
        "piquant": 0.0, 
        "bitter": 0.16666666666666666, 
        "meaty": 0.5
    }, 
    "rating": 4.68, 
    "totalTimeInSeconds": 2400.0, 
    "ingredients": [
        "zucchini", 
        "cinnamon", 
        "vegetable oil", 
        "whole wheat flour", 
        "salt", 
        "brown sugar", 
        "ground nutmeg", 
        "carrot", 
        "all-purpose flour", 
        "applesauce", 
        "baking powder", 
        "egg"
    ], 
    "smallImageUrls": [
        "http://i.yummly.com/Triple-Hitter-Muffins-_toddler-Muffins_-Recipezaar-160595.s.jpg"
    ], 
    "sourceDisplayName": "Food.com", 
    "recipeName": "Triple Hitter Muffins (Toddler Muffins)", 
    "attributes": {
        "course": [
            "Breads", 
            "Lunch and Snacks"
        ]
    }, 
    "id": "Triple-Hitter-Muffins-_toddler-Muffins_-Recipezaar"
}{
    "flavors": {
        "sweet": 0.8333333333333334, 
        "sour": 0.5, 
        "salty": 0.8333333333333334, 
        "piquant": 0.0, 
        "bitter": 0.5, 
        "meaty": 0.5
    }, 
    "rating": 0.0, 
    "totalTimeInSeconds": 1800.0, 
    "ingredients": [
        "baking soda", 
        "beaten eggs", 
        "salt", 
        "brown sugar", 
        "softened butter", 
        "squash", 
        "carrots", 
        "oat bran", 
        "all-purpose flour", 
        "pumpkin pie spice", 
        "mashed bananas"
    ], 
    "smallImageUrls": [
        "http://i.yummly.com/Toddler-Muffins-AllRecipes-201518-66774.s.png"
    ], 
    "sourceDisplayName": "AllRecipes", 
    "recipeName": "Toddler Muffins", 
    "attributes": {
        "course": [
            "Breads"
        ]
    }, 
    "id": "Toddler-Muffins-AllRecipes-201518"
}{
    "flavors": {
        "sweet": 0.8333333333333334, 
        "sour": 0.16666666666666666, 
        "salty": 0.5, 
        "piquant": 0.0, 
        "bitter": 0.16666666666666666, 
        "meaty": 0.3333333333333333
    }, 
    "rating": 4.45, 
    "totalTimeInSeconds": 1200.0, 
    "ingredients": [
        "baking powder", 
        "sugar", 
        "cinnamon", 
        "egg whites", 
        "skim milk", 
        "honey", 
        "honey graham crackers"
    ], 
    "smallImageUrls": [
        "http://i.yummly.com/Honey-Graham-Muffins-Recipezaar-181668.s.jpg"
    ], 
    "sourceDisplayName": "Food.com", 
    "recipeName": "Honey Graham Muffins", 
    "attributes": {
        "course": [
            "Breads", 
            "Breakfast and Brunch"
        ]
    }, 
    "id": "Honey-Graham-Muffins-Recipezaar"
}{
    "flavors": {
        "sweet": 0.16666666666666666, 
        "sour": 0.16666666666666666, 
        "salty": 0.3333333333333333, 
        "piquant": 0.0, 
        "bitter": 0.16666666666666666, 
        "meaty": 0.5
    }, 
    "rating": 5.0, 
    "totalTimeInSeconds": 900.0, 
    "ingredients": [
        "cheddar cheese", 
        "canadian bacon", 
        "english muffin", 
        "egg", 
        "butter"
    ], 
    "smallImageUrls": [
        "http://i.yummly.com/English-Muffin_-Canadian-Bacon-And-Egg-Recipezaar-168785.s.jpg"
    ], 
    "sourceDisplayName": "Food.com", 
    "recipeName": "English Muffin, Canadian Bacon and Egg", 
    "attributes": {
        "course": [
            "Breakfast and Brunch"
        ]
    }, 
    "id": "English-Muffin_-Canadian-Bacon-And-Egg-Recipezaar"
}{
    "flavors": {
        "sweet": 0.8333333333333334, 
        "sour": 0.3333333333333333, 
        "salty": 0.16666666666666666, 
        "piquant": 0.0, 
        "bitter": 0.16666666666666666, 
        "meaty": 0.16666666666666666
    }, 
    "rating": 5.0, 
    "totalTimeInSeconds": 1980.0, 
    "ingredients": [
        "baking mix", 
        "blueberries", 
        "applesauce", 
        "skim milk", 
        "egg substitute", 
        "sugar"
    ], 
    "smallImageUrls": [
        "http://i.yummly.com/Healthy-Berry-Blue-Muffins-Recipezaar-209614.s.jpg"
    ], 
    "sourceDisplayName": "Food.com", 
    "recipeName": "Healthy Berry Blue Muffins", 
    "attributes": {
        "course": [
            "Breads", 
            "Breakfast and Brunch"
        ]
    }, 
    "id": "Healthy-Berry-Blue-Muffins-Recipezaar"
}{
    "flavors": {
        "sweet": 0.16666666666666666, 
        "sour": 0.8333333333333334, 
        "salty": 0.16666666666666666, 
        "piquant": 0.0, 
        "bitter": 0.16666666666666666, 
        "meaty": 0.5
    }, 
    "rating": 4.66, 
    "totalTimeInSeconds": 7200.0, 
    "ingredients": [
        "eggs", 
        "water", 
        "grated lemon zest", 
        "unsalted butter", 
        "fresh lemon juice", 
        "salt", 
        "lemon zest", 
        "fresh basil", 
        "muffin", 
        "cake flour", 
        "heavy cream", 
        "fresh lemon juice", 
        "sugar", 
        "sugar", 
        "basil leaves"
    ], 
    "smallImageUrls": [
        "http://i.yummly.com/Lemon-Cakes-with-Basil-Lemon-Syrup-Epicurious-52353-1.s.jpg", 
        "http://i.yummly.com/Lemon-Cakes-with-Basil-Lemon-Syrup-Epicurious-52353-44249.s.png"
    ], 
    "sourceDisplayName": "Epicurious", 
    "recipeName": "Lemon Cakes with Basil Lemon Syrup", 
    "attributes": {
        "course": [
            "Desserts"
        ], 
        "cuisine": [
            "American"
        ]
    }, 
    "id": "Lemon-Cakes-with-Basil-Lemon-Syrup-Epicurious-52353"
}{
    "flavors": {
        "sweet": 0.16666666666666666, 
        "sour": 0.16666666666666666, 
        "salty": 0.16666666666666666, 
        "piquant": 0.0, 
        "bitter": 0.16666666666666666, 
        "meaty": 0.16666666666666666
    }, 
    "rating": 4.77, 
    "totalTimeInSeconds": 2100.0, 
    "ingredients": [
        "unsalted butter", 
        "cinnamon", 
        "sugar", 
        "flour", 
        "buttermilk", 
        "baking soda", 
        "sugar", 
        "flour", 
        "buttermilk", 
        "baking powder", 
        "melted butter", 
        "large eggs", 
        "honey", 
        "chopped walnuts"
    ], 
    "smallImageUrls": [
        "http://i.yummly.com/Baklava-Muffins-Food_com-144855-209298.s.jpg"
    ], 
    "sourceDisplayName": "Food.com", 
    "recipeName": "Baklava Muffins", 
    "attributes": {
        "course": [
            "Breads", 
            "Breakfast and Brunch"
        ]
    }, 
    "id": "Baklava-Muffins-Food_com-144855"
}{
    "flavors": {
        "sweet": 0.8333333333333334, 
        "sour": 0.5, 
        "salty": 0.6666666666666666, 
        "piquant": 0.0, 
        "bitter": 0.6666666666666666, 
        "meaty": 0.5
    }, 
    "rating": 0.0, 
    "totalTimeInSeconds": 0, 
    "ingredients": [
        "fat", 
        "wheat germ", 
        "large eggs", 
        "salt", 
        "milk", 
        "brown sugar", 
        "flour", 
        "unsalted butter", 
        "pure vanilla extract", 
        "granulated sugar", 
        "baking soda", 
        "bananas", 
        "blueberries", 
        "wheat flour"
    ], 
    "smallImageUrls": [
        "http://i.yummly.com/Healthy-Banana-Blueberry-Muffins-Martha-Stewart-191467-103376.s.png"
    ], 
    "sourceDisplayName": "Martha Stewart", 
    "recipeName": "Healthy Banana-Blueberry Muffins", 
    "attributes": {
        "course": [
            "Breads"
        ], 
        "cuisine": [
            "American"
        ]
    }, 
    "id": "Healthy-Banana-Blueberry-Muffins-Martha-Stewart-191467"
}{
    "flavors": {
        "sweet": 0.6666666666666666, 
        "sour": 0.3333333333333333, 
        "salty": 0.8333333333333334, 
        "piquant": 0.0, 
        "bitter": 0.6666666666666666, 
        "meaty": 0.3333333333333333
    }, 
    "rating": 4.48, 
    "totalTimeInSeconds": 1500.0, 
    "ingredients": [
        "ginger root", 
        "hoisin sauce", 
        "green onions", 
        "pepper", 
        "barbeque sauce", 
        "meat", 
        "sesame oil", 
        "salt", 
        "english muffins"
    ], 
    "smallImageUrls": [
        "http://i.yummly.com/Asian-Turkey-Barbecue-On-Sesame-Scallion-Toasts-Allrecipes-68338.s.png"
    ], 
    "sourceDisplayName": "AllRecipes", 
    "recipeName": "Asian Turkey Barbecue on Sesame Scallion Toasts", 
    "attributes": {
        "course": [
            "Lunch and Snacks"
        ]
    }, 
    "id": "Asian-Turkey-Barbecue-On-Sesame-Scallion-Toasts-Allrecipes"
}{
    "flavors": {
        "sweet": 0.0, 
        "sour": 0.0, 
        "salty": 0.5, 
        "piquant": 0.0, 
        "bitter": 0.3333333333333333, 
        "meaty": 0.8333333333333334
    }, 
    "rating": 4.5, 
    "totalTimeInSeconds": 1320.0, 
    "ingredients": [
        "salt", 
        "ragu old world style pasta sauce", 
        "ground beef", 
        "shredded mozzarella cheese", 
        "english muffins, split and toasted"
    ], 
    "smallImageUrls": [
        "http://i.yummly.com/Ragu\u00ae-Pizza-Burgers-Allrecipes-268323.s.jpg"
    ], 
    "sourceDisplayName": "AllRecipes", 
    "recipeName": "Ragu&reg; Pizza Burgers", 
    "attributes": {
        "course": [
            "Main Dishes"
        ]
    }, 
    "id": "Ragu_-Pizza-Burgers-Allrecipes-312996"
}{
    "flavors": {
        "sweet": 0.8333333333333334, 
        "sour": 0.5, 
        "salty": 0.8333333333333334, 
        "piquant": 0.0, 
        "bitter": 1.0, 
        "meaty": 0.5
    }, 
    "rating": 3.3, 
    "totalTimeInSeconds": 1500.0, 
    "ingredients": [
        "applesauce", 
        "all-purpose flour", 
        "all-purpose flour", 
        "egg white", 
        "chopped walnuts", 
        "baking soda", 
        "semisweet chocolate chips", 
        "brown sugar", 
        "vanilla extract", 
        "ground cinnamon", 
        "milk", 
        "salt"
    ], 
    "smallImageUrls": [
        "http://i.yummly.com/Chocolate-Chip-Muffins-Allrecipes_2-73714.s.png"
    ], 
    "sourceDisplayName": "AllRecipes", 
    "recipeName": "Chocolate Chip Muffins", 
    "attributes": {
        "course": [
            "Breads", 
            "Breakfast and Brunch", 
            "Lunch and Snacks"
        ]
    }, 
    "id": "Chocolate-Chip-Muffins-Allrecipes_2"
}{
    "flavors": {
        "sweet": 0.6666666666666666, 
        "sour": 0.5, 
        "salty": 0.16666666666666666, 
        "piquant": 0.0, 
        "bitter": 0.5, 
        "meaty": 0.5
    }, 
    "rating": 3.89, 
    "totalTimeInSeconds": 2100.0, 
    "ingredients": [
        "salt", 
        "margarine", 
        "egg white", 
        "quick-cooking oats", 
        "egg", 
        "baking powder", 
        "lemon peel", 
        "blueberries", 
        "brown sugar", 
        "all-purpose flour", 
        "quick-cooking oats", 
        "vanilla extract", 
        "sugar", 
        "fat free milk", 
        "margarine"
    ], 
    "smallImageUrls": [
        "http://i.yummly.com/Lemon_blueberry-Oat-Muffins-Allrecipes-57151.s.png"
    ], 
    "sourceDisplayName": "Taste of Home", 
    "recipeName": "Lemon-Blueberry Oat Muffins", 
    "attributes": {
        "course": [
            "Breads", 
            "Breakfast and Brunch"
        ]
    }, 
    "id": "Lemon_blueberry-Oat-Muffins-TasteOfHome"
}{
    "flavors": {
        "sweet": 0.16666666666666666, 
        "sour": 0.16666666666666666, 
        "salty": 0.8333333333333334, 
        "piquant": 0.0, 
        "bitter": 0.3333333333333333, 
        "meaty": 1.0
    }, 
    "rating": 4.5, 
    "totalTimeInSeconds": 1800.0, 
    "ingredients": [
        "basil", 
        "italian sausage", 
        "english muffins", 
        "minced onion", 
        "cheese"
    ], 
    "smallImageUrls": [
        "http://i.yummly.com/Easy-Muffin-Melts-Recipezaar-160458.s.jpg"
    ], 
    "sourceDisplayName": "Food.com", 
    "recipeName": "Easy Muffin Melts", 
    "attributes": {
        "course": [
            "Appetizers", 
            "Lunch and Snacks"
        ]
    }, 
    "id": "Easy-Muffin-Melts-Recipezaar"
}{
    "flavors": {
        "sweet": 0.3333333333333333, 
        "sour": 0.16666666666666666, 
        "salty": 0.8333333333333334, 
        "piquant": 0.0, 
        "bitter": 0.16666666666666666, 
        "meaty": 0.6666666666666666
    }, 
    "rating": 5.0, 
    "totalTimeInSeconds": 1500.0, 
    "ingredients": [
        "self raising flour", 
        "smoked salmon", 
        "milk", 
        "butter", 
        "chopped fresh chives", 
        "egg"
    ], 
    "smallImageUrls": [
        "http://i.yummly.com/Salmon-And-Chive-Muffins-Recipezaar-153859.s.jpg"
    ], 
    "sourceDisplayName": "Food.com", 
    "recipeName": "Salmon and Chive Muffins", 
    "attributes": {
        "course": [
            "Breads"
        ]
    }, 
    "id": "Salmon-And-Chive-Muffins-Recipezaar"
}{
    "flavors": {
        "sweet": 1.0, 
        "sour": 0.5, 
        "salty": 0.3333333333333333, 
        "piquant": 0.0, 
        "bitter": 0.16666666666666666, 
        "meaty": 0.5
    }, 
    "rating": 4.64, 
    "totalTimeInSeconds": 8100.0, 
    "ingredients": [
        "orange zest", 
        "ground ginger", 
        "confectioners sugar", 
        "all-purpose flour", 
        "grated nutmeg", 
        "baking powder", 
        "salt", 
        "muffin", 
        "light brown sugar", 
        "ground cinnamon", 
        "eggs", 
        "carrots", 
        "pure vanilla extract", 
        "baking soda", 
        "fresh orange juice", 
        "vegetable oil"
    ], 
    "smallImageUrls": [
        "http://i.yummly.com/Carrot-Cupcakes-with-Orange-Icing-Epicurious-53303.s.jpg", 
        "http://i.yummly.com/Carrot-Cupcakes-with-Orange-Icing-Epicurious-53303-48601.s.png"
    ], 
    "sourceDisplayName": "Epicurious", 
    "recipeName": "Carrot Cupcakes with Orange Icing", 
    "attributes": {
        "course": [
            "Desserts"
        ], 
        "holiday": [
            "Hanukkah"
        ], 
        "cuisine": [
            "American"
        ]
    }, 
    "id": "Carrot-Cupcakes-with-Orange-Icing-Epicurious-53303"
}{
    "flavors": {
        "sweet": 0.3333333333333333, 
        "sour": 0.16666666666666666, 
        "salty": 0.3333333333333333, 
        "piquant": 0.0, 
        "bitter": 0.3333333333333333, 
        "meaty": 0.5
    }, 
    "rating": 4.4, 
    "totalTimeInSeconds": 0, 
    "ingredients": [
        "english muffin", 
        "chocolate syrup", 
        "banana", 
        "peanut butter", 
        "flaked coconut", 
        "strawberry jam"
    ], 
    "smallImageUrls": [
        "http://i.yummly.com/Peanut-Butter-_-Jelly-Pizza-Sandwich-AllRecipes-65438.s.png"
    ], 
    "sourceDisplayName": "AllRecipes", 
    "recipeName": "Peanut Butter &amp; Jelly Pizza Sandwich", 
    "attributes": {
        "course": [
            "Lunch and Snacks"
        ]
    }, 
    "id": "Peanut-Butter-_-Jelly-Pizza-Sandwich-AllRecipes"
}{
    "flavors": {
        "sweet": 1.0, 
        "sour": 0.6666666666666666, 
        "salty": 0.8333333333333334, 
        "piquant": 0.0, 
        "bitter": 0.5, 
        "meaty": 0.3333333333333333
    }, 
    "rating": 4.96, 
    "totalTimeInSeconds": 1800.0, 
    "ingredients": [
        "egg", 
        "bananas", 
        "salt", 
        "baking powder", 
        "sugar", 
        "blueberries", 
        "melted butter", 
        "baking soda", 
        "flour"
    ], 
    "smallImageUrls": [
        "http://i2.yummly.com/Easy-Moist-Banana-Blueberry-Muffins-Recipezaar.s.png", 
        "http://i.yummly.com/Easy-Moist-Banana-Blueberry-Muffins-Recipezaar-232618.s.jpg"
    ], 
    "sourceDisplayName": "Food.com", 
    "recipeName": "Easy Moist Banana Blueberry Muffins", 
    "attributes": {
        "course": [
            "Breads", 
            "Breakfast and Brunch", 
            "Lunch and Snacks"
        ]
    }, 
    "id": "Easy-Moist-Banana-Blueberry-Muffins-Recipezaar"
}{
    "flavors": {
        "sweet": 0.16666666666666666, 
        "sour": 0.16666666666666666, 
        "salty": 0.3333333333333333, 
        "piquant": 0.0, 
        "bitter": 0.16666666666666666, 
        "meaty": 0.16666666666666666
    }, 
    "rating": 5.0, 
    "totalTimeInSeconds": 1500.0, 
    "ingredients": [
        "pepperoni", 
        "tomato sauce", 
        "english muffin", 
        "shredded mozzarella cheese", 
        "sliced mushrooms"
    ], 
    "smallImageUrls": [
        "http://i.yummly.com/Easy-Bake-Oven-English-Muffin-Pizza-Food_com-103004-156504.s.jpg"
    ], 
    "sourceDisplayName": "Food.com", 
    "recipeName": "Easy Bake Oven English Muffin Pizza", 
    "attributes": {
        "course": [
            "Lunch and Snacks"
        ]
    }, 
    "id": "Easy-Bake-Oven-English-Muffin-Pizza-Food_com-103004"
}{
    "flavors": {
        "sweet": 0.8333333333333334, 
        "sour": 0.3333333333333333, 
        "salty": 0.8333333333333334, 
        "piquant": 0.0, 
        "bitter": 0.8333333333333334, 
        "meaty": 0.3333333333333333
    }, 
    "rating": 4.48, 
    "totalTimeInSeconds": 1200.0, 
    "ingredients": [
        "egg", 
        "vegetable shortening", 
        "milk", 
        "salt", 
        "cornmeal", 
        "baking powder", 
        "all-purpose flour", 
        "white sugar"
    ], 
    "smallImageUrls": [
        "http://i.yummly.com/Cornbread-Muffins-Recipezaar_3-232657.s.jpg"
    ], 
    "sourceDisplayName": "Food.com", 
    "recipeName": "Cornbread Muffins", 
    "attributes": {
        "course": [
            "Breads"
        ]
    }, 
    "id": "Cornbread-Muffins-Recipezaar_3"
}{
    "flavors": {
        "sweet": 1.0, 
        "sour": 0.5, 
        "salty": 0.6666666666666666, 
        "piquant": 0.0, 
        "bitter": 1.0, 
        "meaty": 0.6666666666666666
    }, 
    "rating": 3.83, 
    "totalTimeInSeconds": 5700.0, 
    "ingredients": [
        "baking powder", 
        "all-purpose flour", 
        "chocolate chips", 
        "beaten eggs", 
        "pumpkin puree", 
        "applesauce", 
        "turbinado sugar", 
        "baking soda", 
        "pastry flour", 
        "flaked coconut", 
        "canola oil"
    ], 
    "smallImageUrls": [
        "http://i.yummly.com/Pumpkin-Coconut-Muffins-With-Chocolate-Chips-Allrecipes-78675.s.png"
    ], 
    "sourceDisplayName": "AllRecipes", 
    "recipeName": "Pumpkin Coconut Muffins with Chocolate Chips", 
    "attributes": {
        "course": [
            "Breads", 
            "Breakfast and Brunch"
        ]
    }, 
    "id": "Pumpkin-Coconut-Muffins-With-Chocolate-Chips-Allrecipes"
}{
    "flavors": null, 
    "rating": 0.0, 
    "totalTimeInSeconds": 900.0, 
    "ingredients": [
        "eggs", 
        "corn kernels", 
        "salt", 
        "honey", 
        "all-purpose flour", 
        "canola oil", 
        "yellow cornmeal", 
        "canned chipotles", 
        "baking powder", 
        "almond"
    ], 
    "smallImageUrls": [
        "http://i.yummly.com/Spicy-Corn-Muffins-AllRecipes-38343-71466.s.png"
    ], 
    "sourceDisplayName": "AllRecipes", 
    "recipeName": "Spicy Corn Muffins", 
    "attributes": {
        "course": [
            "Breads"
        ]
    }, 
    "id": "Spicy-Corn-Muffins-AllRecipes-38343"
}{
    "flavors": {
        "sweet": 0.16666666666666666, 
        "sour": 0.5, 
        "salty": 0.16666666666666666, 
        "piquant": 0.0, 
        "bitter": 0.16666666666666666, 
        "meaty": 0.3333333333333333
    }, 
    "rating": 3.45, 
    "totalTimeInSeconds": 2100.0, 
    "ingredients": [
        "ground allspice", 
        "vegetable oil", 
        "old-fashioned oats", 
        "ground cinnamon", 
        "banana", 
        "all-purpose flour", 
        "tart apple", 
        "salt", 
        "egg", 
        "baking powder", 
        "milk", 
        "sugar"
    ], 
    "smallImageUrls": [
        "http://i.yummly.com/Banana-Apple-Muffins-Allrecipes-75388.s.png"
    ], 
    "sourceDisplayName": "Taste of Home", 
    "recipeName": "Banana Apple Muffins", 
    "attributes": {
        "course": [
            "Breads", 
            "Breakfast and Brunch"
        ]
    }, 
    "id": "Banana-Apple-Muffins-TasteOfHome"
}{
    "flavors": {
        "sweet": 1.0, 
        "sour": 0.5, 
        "salty": 0.3333333333333333, 
        "piquant": 0.0, 
        "bitter": 1.0, 
        "meaty": 0.8333333333333334
    }, 
    "rating": 4.0, 
    "totalTimeInSeconds": 4200.0, 
    "ingredients": [
        "baking powder", 
        "pumpkin puree", 
        "unsalted butter", 
        "all-purpose flour", 
        "eggs", 
        "grated nutmeg", 
        "baking soda", 
        "water", 
        "light brown sugar", 
        "dried cranberries", 
        "ground cinnamon", 
        "salt", 
        "vanilla extract", 
        "semisweet chocolate", 
        "ground cloves", 
        "heavy cream", 
        "semisweet chocolate chips", 
        "white chocolate chips", 
        "milk"
    ], 
    "smallImageUrls": [
        "http://i.yummly.com/Pumpkin-Muffins-With-Chocolate-Glaze-Food-Network-147367.s.jpg"
    ], 
    "sourceDisplayName": "Food Network", 
    "recipeName": "Pumpkin Muffins with Chocolate Glaze", 
    "attributes": {
        "course": [
            "Breads"
        ], 
        "cuisine": [
            "American"
        ]
    }, 
    "id": "Pumpkin-Muffins-With-Chocolate-Glaze-Food-Network"
}{
    "flavors": {
        "sweet": 0.8333333333333334, 
        "sour": 0.6666666666666666, 
        "salty": 0.16666666666666666, 
        "piquant": 0.0, 
        "bitter": 0.16666666666666666, 
        "meaty": 0.5
    }, 
    "rating": 3.75, 
    "totalTimeInSeconds": 2100.0, 
    "ingredients": [
        "salt", 
        "pumpkin", 
        "egg", 
        "all-purpose flour", 
        "ground nutmeg", 
        "ground cinnamon", 
        "vegetable oil", 
        "brown sugar", 
        "butter", 
        "sugar", 
        "ground cinnamon", 
        "cream cheese", 
        "baking powder", 
        "milk", 
        "nuts"
    ], 
    "smallImageUrls": [
        "http://i.yummly.com/Pumpkin-Streusel-Muffins-Allrecipes-75443.s.png"
    ], 
    "sourceDisplayName": "Taste of Home", 
    "recipeName": "Pumpkin Streusel Muffins", 
    "attributes": {
        "course": [
            "Breads", 
            "Breakfast and Brunch"
        ], 
        "holiday": [
            "Thanksgiving"
        ]
    }, 
    "id": "Pumpkin-Streusel-Muffins-TasteOfHome"
}{
    "flavors": {
        "sweet": 0.16666666666666666, 
        "sour": 0.6666666666666666, 
        "salty": 1.0, 
        "piquant": 0.0, 
        "bitter": 0.8333333333333334, 
        "meaty": 0.6666666666666666
    }, 
    "rating": 0.0, 
    "totalTimeInSeconds": 0, 
    "ingredients": [
        "self rising flour", 
        "eggs", 
        "milk", 
        "parmesan cheese", 
        "vegetable oil", 
        "sugar"
    ], 
    "smallImageUrls": [
        "http://i.yummly.com/Parmesan-Cheese-Muffins-My-Recipes-134180.s.png"
    ], 
    "sourceDisplayName": "MyRecipes", 
    "recipeName": "Parmesan Cheese Muffins", 
    "attributes": {
        "course": [
            "Breads"
        ], 
        "cuisine": [
            "American"
        ]
    }, 
    "id": "Parmesan-Cheese-Muffins-My-Recipes"
}{
    "flavors": {
        "sweet": 0.5, 
        "sour": 0.3333333333333333, 
        "salty": 0.8333333333333334, 
        "piquant": 0.0, 
        "bitter": 0.6666666666666666, 
        "meaty": 0.8333333333333334
    }, 
    "rating": 3.5, 
    "totalTimeInSeconds": 1800.0, 
    "ingredients": [
        "pepper", 
        "english muffins", 
        "ground beef", 
        "worcestershire sauce", 
        "ground mustard", 
        "dried minced onion", 
        "chili sauce", 
        "salt"
    ], 
    "smallImageUrls": [], 
    "sourceDisplayName": "Taste of Home", 
    "recipeName": "Deviled English Muffins", 
    "attributes": {
        "course": [
            "Lunch and Snacks"
        ]
    }, 
    "id": "Deviled-English-Muffins-TasteOfHome"
}{
    "flavors": {
        "sweet": 1.0, 
        "sour": 0.16666666666666666, 
        "salty": 0.3333333333333333, 
        "piquant": 0.0, 
        "bitter": 0.16666666666666666, 
        "meaty": 0.3333333333333333
    }, 
    "rating": 4.89, 
    "totalTimeInSeconds": 2100.0, 
    "ingredients": [
        "melted butter", 
        "eggs", 
        "vanilla essence", 
        "brown sugar", 
        "self raising flour", 
        "bananas", 
        "cooking spray", 
        "milk"
    ], 
    "smallImageUrls": [
        "http://i.yummly.com/Banana-Muffins-Recipezaar_26-251042.s.jpg"
    ], 
    "sourceDisplayName": "Food.com", 
    "recipeName": "Banana Muffins", 
    "attributes": {
        "course": [
            "Breads", 
            "Breakfast and Brunch", 
            "Lunch and Snacks"
        ]
    }, 
    "id": "Banana-Muffins-Recipezaar_26"
}{
    "flavors": {
        "sweet": 1.0, 
        "sour": 0.16666666666666666, 
        "salty": 0.6666666666666666, 
        "piquant": 0.0, 
        "bitter": 0.8333333333333334, 
        "meaty": 0.6666666666666666
    }, 
    "rating": 4.8, 
    "totalTimeInSeconds": 2100.0, 
    "ingredients": [
        "whole wheat flour", 
        "chocolate chips", 
        "vanilla", 
        "baking soda", 
        "oil", 
        "baking powder", 
        "bananas", 
        "salt", 
        "sugar", 
        "egg"
    ], 
    "smallImageUrls": [
        "http://i.yummly.com/Banana-Chocolate_chip-Muffins-Recipezaar-179558.s.jpg"
    ], 
    "sourceDisplayName": "Food.com", 
    "recipeName": "Banana Chocolate-Chip Muffins", 
    "attributes": {
        "course": [
            "Breads"
        ]
    }, 
    "id": "Banana-Chocolate_chip-Muffins-Recipezaar"
}{
    "flavors": {
        "sweet": 0.8333333333333334, 
        "sour": 0.6666666666666666, 
        "salty": 0.5, 
        "piquant": 0.0, 
        "bitter": 0.5, 
        "meaty": 0.5
    }, 
    "rating": 0.0, 
    "totalTimeInSeconds": 2400.0, 
    "ingredients": [
        "baking soda", 
        "all-purpose flour", 
        "muffin", 
        "buttermilk", 
        "eggs", 
        "sugar", 
        "honey", 
        "unsalted butter", 
        "baking powder", 
        "cinnamon", 
        "oat bran", 
        "golden raisins", 
        "salt"
    ], 
    "smallImageUrls": [
        "http://i.yummly.com/Golden-Raisin-Oat-Bran-Muffins-Epicurious-203119-100686.s.png"
    ], 
    "sourceDisplayName": "Epicurious", 
    "recipeName": "Golden Raisin Oat Bran Muffins", 
    "attributes": {
        "course": [
            "Breads"
        ]
    }, 
    "id": "Golden-Raisin-Oat-Bran-Muffins-Epicurious-203119"
}{
    "flavors": {
        "sweet": 0.5, 
        "sour": 0.3333333333333333, 
        "salty": 0.3333333333333333, 
        "piquant": 0.0, 
        "bitter": 0.16666666666666666, 
        "meaty": 0.5
    }, 
    "rating": 5.0, 
    "totalTimeInSeconds": 1500.0, 
    "ingredients": [
        "eggs", 
        "oat", 
        "bananas", 
        "water", 
        "gingerbread"
    ], 
    "smallImageUrls": [
        "http://i2.yummly.com/Banana_gingerbread-Muffins-Recipezaar-2.s.png"
    ], 
    "sourceDisplayName": "Food.com", 
    "recipeName": "Banana-gingerbread Muffins", 
    "attributes": {
        "course": [
            "Breads"
        ]
    }, 
    "id": "Banana_gingerbread-Muffins-Recipezaar"
}{
    "flavors": {
        "sweet": 1.0, 
        "sour": 0.5, 
        "salty": 0.16666666666666666, 
        "piquant": 0.0, 
        "bitter": 0.16666666666666666, 
        "meaty": 0.3333333333333333
    }, 
    "rating": 3.33, 
    "totalTimeInSeconds": 2100.0, 
    "ingredients": [
        "water", 
        "egg", 
        "white sugar", 
        "malted milk powder", 
        "salt", 
        "milk", 
        "white sugar", 
        "baking powder", 
        "instant coffee", 
        "all-purpose flour", 
        "egg whites", 
        "ground cinnamon", 
        "vanilla extract"
    ], 
    "smallImageUrls": [
        "http://i.yummly.com/Mocha-Muffins-Allrecipes-55845.s.png"
    ], 
    "sourceDisplayName": "AllRecipes", 
    "recipeName": "Mocha Muffins", 
    "attributes": {
        "course": [
            "Breads", 
            "Breakfast and Brunch", 
            "Lunch and Snacks"
        ]
    }, 
    "id": "Mocha-Muffins-Allrecipes"
}{
    "flavors": {
        "sweet": 0.6666666666666666, 
        "sour": 0.3333333333333333, 
        "salty": 0.6666666666666666, 
        "piquant": 0.0, 
        "bitter": 0.3333333333333333, 
        "meaty": 1.0
    }, 
    "rating": 4.78, 
    "totalTimeInSeconds": 2100.0, 
    "ingredients": [
        "baking powder", 
        "flour", 
        "melted butter", 
        "plain yogurt", 
        "sugar", 
        "salt", 
        "baking soda", 
        "cheddar cheese", 
        "eggs"
    ], 
    "smallImageUrls": [
        "http://i.yummly.com/Cheese-Muffins-Recipezaar-200316.s.jpg"
    ], 
    "sourceDisplayName": "Food.com", 
    "recipeName": "Cheese Muffins", 
    "attributes": {
        "course": [
            "Breads"
        ], 
        "cuisine": [
            "American"
        ]
    }, 
    "id": "Cheese-Muffins-Recipezaar"
}{
    "flavors": {
        "sweet": 0.5, 
        "sour": 0.6666666666666666, 
        "salty": 0.16666666666666666, 
        "piquant": 0.0, 
        "bitter": 0.6666666666666666, 
        "meaty": 0.5
    }, 
    "rating": 3.14, 
    "totalTimeInSeconds": 2700.0, 
    "ingredients": [
        "skim milk", 
        "lemon extract", 
        "applesauce", 
        "poppy seeds", 
        "sugar", 
        "baking powder", 
        "all-purpose flour", 
        "eggs"
    ], 
    "smallImageUrls": [
        "http://i.yummly.com/Low_fat-Lemon-Poppy-Seed-Muffins-Allrecipes-66482.s.png"
    ], 
    "sourceDisplayName": "Taste of Home", 
    "recipeName": "Low-Fat Lemon Poppy Seed Muffins", 
    "attributes": {
        "course": [
            "Breads"
        ]
    }, 
    "id": "Low_fat-Lemon-Poppy-Seed-Muffins-TasteOfHome"
}{
    "flavors": {
        "sweet": 0.5, 
        "sour": 0.6666666666666666, 
        "salty": 0.5, 
        "piquant": 0.0, 
        "bitter": 0.3333333333333333, 
        "meaty": 0.5
    }, 
    "rating": 4.0, 
    "totalTimeInSeconds": 2100.0, 
    "ingredients": [
        "butter", 
        "poppy seeds", 
        "orange juice", 
        "salt", 
        "cream cheese", 
        "butter", 
        "sugar", 
        "egg", 
        "confectioners' sugar", 
        "sour cream", 
        "baking soda", 
        "orange peel", 
        "orange peel", 
        "all-purpose flour"
    ], 
    "smallImageUrls": [
        "http://i.yummly.com/Orange-Poppy-Muffins-Allrecipes-94668.s.png", 
        "http://i.yummly.com/Orange-Poppy-Muffins-Allrecipes-93827.s.png"
    ], 
    "sourceDisplayName": "Taste of Home", 
    "recipeName": "Orange Poppy Muffins", 
    "attributes": {
        "course": [
            "Breads", 
            "Breakfast and Brunch"
        ]
    }, 
    "id": "Orange-Poppy-Muffins-TasteOfHome"
}{
    "flavors": {
        "sweet": 1.0, 
        "sour": 0.0, 
        "salty": 0.16666666666666666, 
        "piquant": 0.0, 
        "bitter": 0.0, 
        "meaty": 0.3333333333333333
    }, 
    "rating": 4.5, 
    "totalTimeInSeconds": 1800.0, 
    "ingredients": [
        "brown sugar", 
        "toasted walnuts", 
        "salt", 
        "apple", 
        "baking powder", 
        "applesauce", 
        "flour", 
        "canola oil", 
        "cinnamon", 
        "egg"
    ], 
    "smallImageUrls": [], 
    "sourceDisplayName": "Food Network", 
    "recipeName": "Walnut Apple Muffins", 
    "attributes": {
        "course": [
            "Breads"
        ]
    }, 
    "id": "Walnut-Apple-Muffins-Food-Network"
}{
    "flavors": {
        "sweet": 0.16666666666666666, 
        "sour": 0.3333333333333333, 
        "salty": 0.6666666666666666, 
        "piquant": 0.5, 
        "bitter": 0.3333333333333333, 
        "meaty": 0.6666666666666666
    }, 
    "rating": 4.0, 
    "totalTimeInSeconds": 0, 
    "ingredients": [
        "parmigiano-reggiano", 
        "muffin", 
        "eggs", 
        "salt", 
        "zucchini", 
        "black pepper", 
        "olive oil", 
        "chopped fresh chives"
    ], 
    "smallImageUrls": [
        "http://i.yummly.com/Individual-Zucchini-Frittatas-with-Pecorino-and-Chives-Epicurious-51690-43010.s.png"
    ], 
    "sourceDisplayName": "Epicurious", 
    "recipeName": "Individual Zucchini Frittatas with Pecorino and Chives", 
    "attributes": {
        "course": [
            "Breakfast and Brunch", 
            "Lunch and Snacks"
        ], 
        "cuisine": [
            "Italian"
        ]
    }, 
    "id": "Individual-Zucchini-Frittatas-with-Pecorino-and-Chives-Epicurious-51690"
}{
    "flavors": {
        "sweet": 0.16666666666666666, 
        "sour": 0.8333333333333334, 
        "salty": 0.6666666666666666, 
        "piquant": 0.5, 
        "bitter": 0.8333333333333334, 
        "meaty": 0.6666666666666666
    }, 
    "rating": 4.56, 
    "totalTimeInSeconds": 3000.0, 
    "ingredients": [
        "garlic cloves", 
        "eggs", 
        "cream", 
        "milk", 
        "grated nutmeg", 
        "prosciutto", 
        "salt", 
        "mascarpone cheese", 
        "muffins", 
        "flat leaf parsley", 
        "asiago cheese", 
        "black pepper", 
        "pasta", 
        "mozzarella cheese"
    ], 
    "smallImageUrls": [
        "http://i.yummly.com/Linguine-And-Prosciutto-Frittatas-Food-Network-143107.s.jpg"
    ], 
    "sourceDisplayName": "Food Network", 
    "recipeName": "Linguine and Prosciutto Frittatas", 
    "attributes": {
        "course": [
            "Main Dishes"
        ], 
        "cuisine": [
            "Italian"
        ]
    }, 
    "id": "Linguine-And-Prosciutto-Frittatas-Food-Network"
}{
    "flavors": {
        "sweet": 0.16666666666666666, 
        "sour": 0.0, 
        "salty": 0.16666666666666666, 
        "piquant": 0.0, 
        "bitter": 0.16666666666666666, 
        "meaty": 0.16666666666666666
    }, 
    "rating": 5.0, 
    "totalTimeInSeconds": 1200.0, 
    "ingredients": [
        "water", 
        "spice cake mix", 
        "canned pumpkin", 
        "egg white"
    ], 
    "smallImageUrls": [
        "http://i.yummly.com/Simple_-Healthy-Pumpkin-Muffins-Recipezaar-261649.s.jpg"
    ], 
    "sourceDisplayName": "Food.com", 
    "recipeName": "Simple, Healthy Pumpkin Muffins", 
    "attributes": {
        "course": [
            "Breads", 
            "Breakfast and Brunch"
        ]
    }, 
    "id": "Simple_-Healthy-Pumpkin-Muffins-Recipezaar"
}{
    "flavors": {
        "sweet": 0.16666666666666666, 
        "sour": 0.8333333333333334, 
        "salty": 0.16666666666666666, 
        "piquant": 0.0, 
        "bitter": 0.16666666666666666, 
        "meaty": 0.5
    }, 
    "rating": 4.07, 
    "totalTimeInSeconds": 3300.0, 
    "ingredients": [
        "whipping cream", 
        "baking powder", 
        "vanilla extract", 
        "buttermilk", 
        "lemon peel", 
        "raspberries", 
        "egg", 
        "salt", 
        "all purpose flour", 
        "sugar", 
        "unsalted butter"
    ], 
    "smallImageUrls": [], 
    "sourceDisplayName": "Epicurious", 
    "recipeName": "Raspberry-Topped Lemon Muffins", 
    "attributes": {
        "course": [
            "Breads", 
            "Breakfast and Brunch"
        ], 
        "cuisine": [
            "American"
        ]
    }, 
    "id": "Raspberry_topped-Lemon-Muffins-Epicurious"
}{
    "flavors": {
        "sweet": 0.6666666666666666, 
        "sour": 0.5, 
        "salty": 0.3333333333333333, 
        "piquant": 0.8333333333333334, 
        "bitter": 0.16666666666666666, 
        "meaty": 0.3333333333333333
    }, 
    "rating": 3.81, 
    "totalTimeInSeconds": 0, 
    "ingredients": [
        "baking soda", 
        "baking powder", 
        "vegetable oil spray", 
        "unsalted butter", 
        "chopped fresh chives", 
        "salt", 
        "sugar", 
        "cayenne pepper", 
        "eggs", 
        "plain yogurt", 
        "all purpose flour", 
        "yellow cornmeal"
    ], 
    "smallImageUrls": [], 
    "sourceDisplayName": "Epicurious", 
    "recipeName": "Chive-Corn Muffins", 
    "attributes": {
        "course": [
            "Breads", 
            "Lunch and Snacks"
        ], 
        "cuisine": [
            "American"
        ]
    }, 
    "id": "Chive_Corn-Muffins-Epicurious"
}{
    "flavors": {
        "sweet": 0.0, 
        "sour": 0.5, 
        "salty": 1.0, 
        "piquant": 0.0, 
        "bitter": 0.8333333333333334, 
        "meaty": 0.16666666666666666
    }, 
    "rating": 0.0, 
    "totalTimeInSeconds": 0, 
    "ingredients": [
        "all-purpose flour", 
        "scallions", 
        "sugar", 
        "egg", 
        "baking powder", 
        "oil", 
        "coarse salt", 
        "yellow cornmeal", 
        "buttermilk"
    ], 
    "smallImageUrls": [
        "http://i.yummly.com/Scallion-Cornbread-Muffins-Martha-Stewart-101548.s.png"
    ], 
    "sourceDisplayName": "Martha Stewart", 
    "recipeName": "Scallion Cornbread Muffins", 
    "attributes": {
        "course": [
            "Breads"
        ]
    }, 
    "id": "Scallion-Cornbread-Muffins-Martha-Stewart"
}{
    "flavors": {
        "sweet": 1.0, 
        "sour": 0.5, 
        "salty": 0.3333333333333333, 
        "piquant": 0.0, 
        "bitter": 0.5, 
        "meaty": 0.3333333333333333
    }, 
    "rating": 4.0, 
    "totalTimeInSeconds": 2100.0, 
    "ingredients": [
        "cinnamon", 
        "cereal", 
        "crushed pineapple", 
        "vegetable oil", 
        "sugar", 
        "all-purpose flour", 
        "raisins", 
        "beaten eggs", 
        "baking powder", 
        "fat free milk", 
        "cereal", 
        "cinnamon", 
        "salt", 
        "sugar", 
        "ginger"
    ], 
    "smallImageUrls": [
        "http://i.yummly.com/Pineapple_raisin-Muffins-Allrecipes-70574.s.png"
    ], 
    "sourceDisplayName": "AllRecipes", 
    "recipeName": "Pineapple-Raisin Muffins", 
    "attributes": {
        "course": [
            "Breads"
        ]
    }, 
    "id": "Pineapple_raisin-Muffins-Allrecipes"
}{
    "flavors": {
        "sweet": 1.0, 
        "sour": 0.6666666666666666, 
        "salty": 0.6666666666666666, 
        "piquant": 0.0, 
        "bitter": 0.5, 
        "meaty": 0.5
    }, 
    "rating": 4.39, 
    "totalTimeInSeconds": 7200.0, 
    "ingredients": [
        "light molasses", 
        "all purpose flour", 
        "baking soda", 
        "ground ginger", 
        "powdered sugar", 
        "sugar", 
        "buttermilk", 
        "salt", 
        "water", 
        "pumpkin puree", 
        "eggs", 
        "crystallized ginger", 
        "vegetable oil spray", 
        "canola oil"
    ], 
    "smallImageUrls": [], 
    "sourceDisplayName": "Epicurious", 
    "recipeName": "Giant Pumpkin Muffins with Molasses-Ginger Glaze", 
    "attributes": {
        "course": [
            "Breads"
        ], 
        "cuisine": [
            "American"
        ]
    }, 
    "id": "Giant-Pumpkin-Muffins-With-Molasses_ginger-Glaze-Epicurious"
}{
    "flavors": {
        "sweet": 0.6666666666666666, 
        "sour": 0.8333333333333334, 
        "salty": 0.16666666666666666, 
        "piquant": 0.0, 
        "bitter": 0.16666666666666666, 
        "meaty": 0.3333333333333333
    }, 
    "rating": 4.23, 
    "totalTimeInSeconds": 2700.0, 
    "ingredients": [
        "lemon zest", 
        "eggs", 
        "all-purpose flour", 
        "ground cinnamon", 
        "milk", 
        "butter", 
        "sugar", 
        "lemon juice", 
        "sugar", 
        "granny smith apple", 
        "baking powder", 
        "salt"
    ], 
    "smallImageUrls": [
        "http://i.yummly.com/Apple-Lemon-With-Cinnamon-Muffins-Allrecipes-71905.s.png"
    ], 
    "sourceDisplayName": "AllRecipes", 
    "recipeName": "Apple Lemon with Cinnamon Muffins", 
    "attributes": {
        "cuisine": [
            "American"
        ]
    }, 
    "id": "Apple-Lemon-With-Cinnamon-Muffins-Allrecipes"
}{
    "flavors": {
        "sweet": 1.0, 
        "sour": 0.5, 
        "salty": 0.8333333333333334, 
        "piquant": 0.0, 
        "bitter": 0.16666666666666666, 
        "meaty": 0.5
    }, 
    "rating": 4.83, 
    "totalTimeInSeconds": 4500.0, 
    "ingredients": [
        "baking soda", 
        "flour", 
        "sugar", 
        "salt", 
        "bananas", 
        "melted butter"
    ], 
    "smallImageUrls": [
        "http://i.yummly.com/Delicious-And-Easy-Banana-Bread-Or-Muffins-Recipezaar-199498.s.jpg"
    ], 
    "sourceDisplayName": "Food.com", 
    "recipeName": "Delicious and Easy Banana Bread or Muffins", 
    "attributes": {
        "course": [
            "Breads"
        ]
    }, 
    "id": "Delicious-And-Easy-Banana-Bread-Or-Muffins-Recipezaar"
}{
    "flavors": {
        "sweet": 0.8333333333333334, 
        "sour": 0.8333333333333334, 
        "salty": 0.16666666666666666, 
        "piquant": 0.0, 
        "bitter": 0.16666666666666666, 
        "meaty": 0.3333333333333333
    }, 
    "rating": 2.32, 
    "totalTimeInSeconds": 1500.0, 
    "ingredients": [
        "white sugar", 
        "strawberries", 
        "eggs", 
        "baking powder", 
        "buttermilk", 
        "all-purpose flour", 
        "yogurt", 
        "butter", 
        "lemon juice"
    ], 
    "smallImageUrls": [
        "http://i.yummly.com/Freshly-Fresh-Strawberry-Muffins-Allrecipes-67537.s.png"
    ], 
    "sourceDisplayName": "AllRecipes", 
    "recipeName": "Freshly Fresh Strawberry Muffins", 
    "attributes": {
        "course": [
            "Breads"
        ]
    }, 
    "id": "Freshly-Fresh-Strawberry-Muffins-Allrecipes"
}{
    "flavors": {
        "sweet": 0.8333333333333334, 
        "sour": 0.5, 
        "salty": 0.5, 
        "piquant": 0.0, 
        "bitter": 0.5, 
        "meaty": 0.5
    }, 
    "rating": 0.0, 
    "totalTimeInSeconds": 0, 
    "ingredients": [
        "bananas", 
        "dried blueberries", 
        "pure vanilla extract", 
        "applesauce", 
        "all-purpose flour", 
        "ground cinnamon", 
        "eggs", 
        "cake flour", 
        "light brown sugar", 
        "salt", 
        "wheat bran", 
        "unsalted butter", 
        "baking soda"
    ], 
    "smallImageUrls": [
        "http://i.yummly.com/Muesli-Muffins-Martha-Stewart-191885-104311.s.png"
    ], 
    "sourceDisplayName": "Martha Stewart", 
    "recipeName": "Muesli Muffins", 
    "attributes": {
        "course": [
            "Breads", 
            "Breakfast and Brunch"
        ]
    }, 
    "id": "Muesli-Muffins-Martha-Stewart-191885"
}{
    "flavors": {
        "sweet": 0.8333333333333334, 
        "sour": 0.3333333333333333, 
        "salty": 0.8333333333333334, 
        "piquant": 0.0, 
        "bitter": 0.16666666666666666, 
        "meaty": 0.6666666666666666
    }, 
    "rating": 5.0, 
    "totalTimeInSeconds": 1680.0, 
    "ingredients": [
        "vegetable oil", 
        "chocolate chips", 
        "biscuit mix", 
        "milk", 
        "eggs", 
        "sugar"
    ], 
    "smallImageUrls": [
        "http://i.yummly.com/Colossal-Chocolate-Chunk-Muffins-Recipezaar-197103.s.jpg"
    ], 
    "sourceDisplayName": "Food.com", 
    "recipeName": "COLOSSAL Chocolate Chunk Muffins", 
    "attributes": {
        "course": [
            "Breads", 
            "Breakfast and Brunch", 
            "Lunch and Snacks"
        ]
    }, 
    "id": "Colossal-Chocolate-Chunk-Muffins-Recipezaar"
}{
    "flavors": {
        "sweet": 0.6666666666666666, 
        "sour": 0.8333333333333334, 
        "salty": 0.3333333333333333, 
        "piquant": 0.0, 
        "bitter": 0.3333333333333333, 
        "meaty": 0.5
    }, 
    "rating": 4.75, 
    "totalTimeInSeconds": 2580.0, 
    "ingredients": [
        "salt", 
        "pineapple", 
        "baking powder", 
        "artificial sweetener", 
        "margarine", 
        "flour", 
        "egg"
    ], 
    "smallImageUrls": [
        "http://i.yummly.com/Diet-Pineapple-Muffins-Recipezaar-193988.s.jpg"
    ], 
    "sourceDisplayName": "Food.com", 
    "recipeName": "Diet Pineapple Muffins", 
    "attributes": {
        "course": [
            "Breads"
        ]
    }, 
    "id": "Diet-Pineapple-Muffins-Recipezaar"
}{
    "flavors": {
        "sweet": 0.3333333333333333, 
        "sour": 0.6666666666666666, 
        "salty": 0.16666666666666666, 
        "piquant": 0.0, 
        "bitter": 0.3333333333333333, 
        "meaty": 0.5
    }, 
    "rating": 4.19, 
    "totalTimeInSeconds": 3000.0, 
    "ingredients": [
        "warm water", 
        "all-purpose flour", 
        "active dry yeast", 
        "wheat flour", 
        "milk", 
        "baking soda", 
        "white sugar", 
        "yellow cornmeal", 
        "salt"
    ], 
    "smallImageUrls": [
        "http://i2.yummly.com/Microwave-English-Muffin-Bread-Allrecipes-2.s.png", 
        "http://i.yummly.com/Microwave-English-Muffin-Bread-Allrecipes-80758.s.png", 
        "http://i.yummly.com/Microwave-English-Muffin-Bread-Allrecipes-80677.s.png"
    ], 
    "sourceDisplayName": "AllRecipes", 
    "recipeName": "Microwave English Muffin Bread", 
    "attributes": {
        "course": [
            "Breads", 
            "Breakfast and Brunch"
        ], 
        "cuisine": [
            "American"
        ]
    }, 
    "id": "Microwave-English-Muffin-Bread-Allrecipes"
}{
    "flavors": {
        "sweet": 0.5, 
        "sour": 0.6666666666666666, 
        "salty": 0.3333333333333333, 
        "piquant": 0.0, 
        "bitter": 0.16666666666666666, 
        "meaty": 0.3333333333333333
    }, 
    "rating": 3.83, 
    "totalTimeInSeconds": 1800.0, 
    "ingredients": [
        "egg substitute", 
        "cornmeal", 
        "salt", 
        "nonfat dry milk powder", 
        "sugar", 
        "baking powder", 
        "cream style corn", 
        "water", 
        "unsweetened applesauce", 
        "all-purpose flour"
    ], 
    "smallImageUrls": [
        "http://i.yummly.com/Low_fat-Corn-Muffins-Allrecipes-68981.s.png"
    ], 
    "sourceDisplayName": "Taste of Home", 
    "recipeName": "Low-Fat Corn Muffins", 
    "attributes": {
        "course": [
            "Breads"
        ]
    }, 
    "id": "Low_fat-Corn-Muffins-TasteOfHome"
}{
    "flavors": {
        "sweet": 0.3333333333333333, 
        "sour": 0.8333333333333334, 
        "salty": 0.16666666666666666, 
        "piquant": 0.0, 
        "bitter": 0.5, 
        "meaty": 0.3333333333333333
    }, 
    "rating": 3.33, 
    "totalTimeInSeconds": 1800.0, 
    "ingredients": [
        "dates", 
        "salt", 
        "vanilla extract", 
        "mashed bananas", 
        "baking powder", 
        "bran flakes", 
        "egg", 
        "sugar", 
        "ground cinnamon", 
        "all-purpose flour", 
        "margarine"
    ], 
    "smallImageUrls": [
        "http://i.yummly.com/Banana_date-Muffins-Allrecipes-95961.s.png", 
        "http://i.yummly.com/Banana_date-Muffins-Allrecipes-95135.s.png"
    ], 
    "sourceDisplayName": "AllRecipes", 
    "recipeName": "Banana-Date Muffins", 
    "attributes": {
        "course": [
            "Breads", 
            "Breakfast and Brunch"
        ]
    }, 
    "id": "Banana_date-Muffins-Allrecipes"
}{
    "flavors": null, 
    "rating": 0.0, 
    "totalTimeInSeconds": 0, 
    "ingredients": [
        "toasted pecans", 
        "sea salt", 
        "baking spray", 
        "sugar", 
        "apricot", 
        "ground nutmeg", 
        "gluten-free baking powder", 
        "canola oil", 
        "vanilla extract", 
        "large eggs", 
        "pastry flour", 
        "soy flour"
    ], 
    "smallImageUrls": [
        "http://i.yummly.com/Pecan-Muffins-AllRecipes-40179-70980.s.png"
    ], 
    "sourceDisplayName": "AllRecipes", 
    "recipeName": "Pecan Muffins", 
    "attributes": {
        "course": [
            "Breads"
        ], 
        "cuisine": [
            "American"
        ]
    }, 
    "id": "Pecan-Muffins-AllRecipes-40179"
}{
    "flavors": {
        "sweet": 0.16666666666666666, 
        "sour": 0.5, 
        "salty": 0.3333333333333333, 
        "piquant": 0.0, 
        "bitter": 0.16666666666666666, 
        "meaty": 0.6666666666666666
    }, 
    "rating": 3.63, 
    "totalTimeInSeconds": 2400.0, 
    "ingredients": [
        "dried thyme", 
        "baking powder", 
        "egg", 
        "vegetable oil", 
        "yellow cornmeal", 
        "shredded cheddar cheese", 
        "milk", 
        "salt", 
        "sugar", 
        "all-purpose flour", 
        "cottage cheese"
    ], 
    "smallImageUrls": [
        "http://i.yummly.com/Cornmeal-Cheese-Muffins-Allrecipes-72777.s.png"
    ], 
    "sourceDisplayName": "Taste of Home", 
    "recipeName": "Cornmeal Cheese Muffins", 
    "attributes": {
        "course": [
            "Breads"
        ], 
        "cuisine": [
            "American"
        ]
    }, 
    "id": "Cornmeal-Cheese-Muffins-TasteOfHome"
}{
    "flavors": {
        "sweet": 0.16666666666666666, 
        "sour": 0.16666666666666666, 
        "salty": 0.8333333333333334, 
        "piquant": 0.0, 
        "bitter": 0.3333333333333333, 
        "meaty": 0.5
    }, 
    "rating": 0.0, 
    "totalTimeInSeconds": 0, 
    "ingredients": [
        "english muffins", 
        "eggs", 
        "unsalted butter", 
        "canadian bacon"
    ], 
    "smallImageUrls": [
        "http://i.yummly.com/Eggs-Benedict-with-Easy-Hollandaise-Martha-Stewart-230246-109269.s.png"
    ], 
    "sourceDisplayName": "Martha Stewart", 
    "recipeName": "Eggs Benedict with Easy Hollandaise", 
    "attributes": {
        "course": [
            "Breakfast and Brunch"
        ]
    }, 
    "id": "Eggs-Benedict-with-Easy-Hollandaise-Martha-Stewart-230246"
}{
    "flavors": {
        "sweet": 0.16666666666666666, 
        "sour": 0.5, 
        "salty": 0.5, 
        "piquant": 0.0, 
        "bitter": 0.16666666666666666, 
        "meaty": 0.8333333333333334
    }, 
    "rating": 4.33, 
    "totalTimeInSeconds": 2100.0, 
    "ingredients": [
        "olive oil", 
        "grapes", 
        "milk", 
        "beaten eggs", 
        "ricotta cheese", 
        "muffin mix", 
        "honey"
    ], 
    "smallImageUrls": [
        "http://i.yummly.com/Cornmeal-Blini-Bites-Food-Network-145995.s.jpg"
    ], 
    "sourceDisplayName": "Food Network", 
    "recipeName": "Cornmeal Blini Bites", 
    "attributes": {
        "course": [
            "Appetizers"
        ]
    }, 
    "id": "Cornmeal-Blini-Bites-Food-Network"
}{
    "flavors": null, 
    "rating": 0.0, 
    "totalTimeInSeconds": 0, 
    "ingredients": [
        "american cheese", 
        "milk", 
        "onion", 
        "biscuit mix", 
        "large egg", 
        "butter", 
        "toasted sesame seeds"
    ], 
    "smallImageUrls": [], 
    "sourceDisplayName": "MyRecipes", 
    "recipeName": "Cheese Muffins", 
    "attributes": {
        "course": [
            "Breads"
        ], 
        "cuisine": [
            "American"
        ]
    }, 
    "id": "Cheese-Muffins-My-Recipes_1"
}{
    "flavors": {
        "sweet": 0.8333333333333334, 
        "sour": 0.6666666666666666, 
        "salty": 0.16666666666666666, 
        "piquant": 0.0, 
        "bitter": 0.16666666666666666, 
        "meaty": 0.5
    }, 
    "rating": 4.13, 
    "totalTimeInSeconds": 0, 
    "ingredients": [
        "eggs", 
        "dried tart cherries", 
        "salt", 
        "all purpose flour", 
        "sugar", 
        "baking powder", 
        "almond paste", 
        "unsalted butter", 
        "grated orange", 
        "orange juice"
    ], 
    "smallImageUrls": [], 
    "sourceDisplayName": "Epicurious", 
    "recipeName": "Dried Tart Cherry and Almond Muffins", 
    "attributes": {}, 
    "id": "Dried-Tart-Cherry-And-Almond-Muffins-Epicurious"
}{
    "flavors": {
        "sweet": 1.0, 
        "sour": 0.5, 
        "salty": 0.3333333333333333, 
        "piquant": 0.0, 
        "bitter": 0.5, 
        "meaty": 0.5
    }, 
    "rating": 3.78, 
    "totalTimeInSeconds": 0, 
    "ingredients": [
        "golden brown sugar", 
        "vanilla extract", 
        "egg", 
        "vegetable oil", 
        "quick-cooking oats", 
        "salt", 
        "maple syrup", 
        "all purpose flour", 
        "unsweetened applesauce", 
        "baking soda", 
        "baking powder", 
        "low-fat buttermilk", 
        "ground cinnamon"
    ], 
    "smallImageUrls": [], 
    "sourceDisplayName": "Epicurious", 
    "recipeName": "Maple Oatmeal Muffins", 
    "attributes": {
        "course": [
            "Breads", 
            "Breakfast and Brunch"
        ]
    }, 
    "id": "Maple-Oatmeal-Muffins-Epicurious"
}{
    "flavors": {
        "sweet": 0.8333333333333334, 
        "sour": 0.3333333333333333, 
        "salty": 0.5, 
        "piquant": 0.6666666666666666, 
        "bitter": 0.8333333333333334, 
        "meaty": 0.5
    }, 
    "rating": 4.04, 
    "totalTimeInSeconds": 2400.0, 
    "ingredients": [
        "white sandwich bread", 
        "heavy cream", 
        "cinnamon", 
        "bittersweet chocolate", 
        "sugar", 
        "vanilla", 
        "cayenne", 
        "large egg", 
        "muffin", 
        "unsalted butter"
    ], 
    "smallImageUrls": [
        "http://i.yummly.com/Chocolate-Chile-Bread-Pudding-Epicurious-44167.s.png"
    ], 
    "sourceDisplayName": "Epicurious", 
    "recipeName": "Chocolate Chile Bread Pudding", 
    "attributes": {
        "course": [
            "Desserts"
        ], 
        "cuisine": [
            "American"
        ]
    }, 
    "id": "Chocolate-Chile-Bread-Pudding-Epicurious"
}{
    "flavors": {
        "sweet": 1.0, 
        "sour": 0.16666666666666666, 
        "salty": 0.5, 
        "piquant": 0.0, 
        "bitter": 0.8333333333333334, 
        "meaty": 0.6666666666666666
    }, 
    "rating": 4.75, 
    "totalTimeInSeconds": 1500.0, 
    "ingredients": [
        "melted butter", 
        "flour", 
        "chopped pecans", 
        "beaten eggs", 
        "brown sugar"
    ], 
    "smallImageUrls": [
        "http://i.yummly.com/Glen_s-Pecan-Pie-Muffins-Recipezaar-228510.s.jpg"
    ], 
    "sourceDisplayName": "Food.com", 
    "recipeName": "Glen's Pecan Pie Muffins", 
    "attributes": {
        "course": [
            "Breads", 
            "Desserts"
        ]
    }, 
    "id": "Glen_s-Pecan-Pie-Muffins-Recipezaar"
}{
    "flavors": {
        "sweet": 0.8333333333333334, 
        "sour": 0.5, 
        "salty": 0.5, 
        "piquant": 0.0, 
        "bitter": 0.5, 
        "meaty": 0.3333333333333333
    }, 
    "rating": 4.89, 
    "totalTimeInSeconds": 2400.0, 
    "ingredients": [
        "salt", 
        "baking powder", 
        "all-purpose flour", 
        "shortening", 
        "bran cereal", 
        "egg", 
        "skim milk", 
        "sugar"
    ], 
    "smallImageUrls": [
        "http://i.yummly.com/Bran-Muffins-Food_com-77960-234608.s.jpg"
    ], 
    "sourceDisplayName": "Food.com", 
    "recipeName": "Bran Muffins", 
    "attributes": {
        "course": [
            "Breads", 
            "Breakfast and Brunch", 
            "Lunch and Snacks"
        ]
    }, 
    "id": "Bran-Muffins-Food_com-77960"
}{
    "flavors": {
        "sweet": 0.16666666666666666, 
        "sour": 0.8333333333333334, 
        "salty": 0.3333333333333333, 
        "piquant": 0.0, 
        "bitter": 0.16666666666666666, 
        "meaty": 0.5
    }, 
    "rating": 3.5, 
    "totalTimeInSeconds": 0, 
    "ingredients": [
        "fresh basil", 
        "baking powder", 
        "baking soda", 
        "salt", 
        "lemon peel", 
        "eggs", 
        "fresh dill", 
        "buttermilk", 
        "melted butter", 
        "chopped fresh chives", 
        "olive oil", 
        "fresh marjoram", 
        "all purpose flour", 
        "sour cream"
    ], 
    "smallImageUrls": [
        "http://i.yummly.com/Sour-Cream-And-Herb-Muffins-Epicurious-41118.s.png"
    ], 
    "sourceDisplayName": "Epicurious", 
    "recipeName": "Sour Cream and Herb Muffins", 
    "attributes": {
        "course": [
            "Breads"
        ]
    }, 
    "id": "Sour-Cream-And-Herb-Muffins-Epicurious"
}{
    "flavors": {
        "sweet": 1.0, 
        "sour": 0.5, 
        "salty": 0.6666666666666666, 
        "piquant": 0.0, 
        "bitter": 0.3333333333333333, 
        "meaty": 0.8333333333333334
    }, 
    "rating": 4.79, 
    "totalTimeInSeconds": 2100.0, 
    "ingredients": [
        "walnuts", 
        "brown sugar", 
        "cinnamon", 
        "baking powder", 
        "oil", 
        "salt", 
        "baking soda", 
        "zucchini", 
        "sugar", 
        "eggs", 
        "flour"
    ], 
    "smallImageUrls": [
        "http://i.yummly.com/Zucchini-Nut-Muffins-Recipezaar_3-185827.s.jpg"
    ], 
    "sourceDisplayName": "Food.com", 
    "recipeName": "Zucchini Nut Muffins", 
    "attributes": {
        "course": [
            "Breads", 
            "Lunch and Snacks"
        ]
    }, 
    "id": "Zucchini-Nut-Muffins-Recipezaar_3"
}{
    "flavors": {
        "sweet": 0.3333333333333333, 
        "sour": 0.3333333333333333, 
        "salty": 0.6666666666666666, 
        "piquant": 0.0, 
        "bitter": 0.16666666666666666, 
        "meaty": 0.6666666666666666
    }, 
    "rating": 5.0, 
    "totalTimeInSeconds": 1200.0, 
    "ingredients": [
        "milk", 
        "salt", 
        "flour", 
        "cheddar cheese"
    ], 
    "smallImageUrls": [
        "http://i.yummly.com/Quick-Cheese-Muffins-Recipezaar-197937.s.jpg"
    ], 
    "sourceDisplayName": "Food.com", 
    "recipeName": "Quick Cheese Muffins", 
    "attributes": {
        "course": [
            "Breads", 
            "Breakfast and Brunch"
        ]
    }, 
    "id": "Quick-Cheese-Muffins-Recipezaar"
}{
    "flavors": {
        "sweet": 0.8333333333333334, 
        "sour": 0.5, 
        "salty": 1.0, 
        "piquant": 0.0, 
        "bitter": 0.8333333333333334, 
        "meaty": 0.6666666666666666
    }, 
    "rating": 0.0, 
    "totalTimeInSeconds": 0, 
    "ingredients": [
        "eggs", 
        "coarse salt", 
        "coffee", 
        "chopped walnuts", 
        "granulated sugar", 
        "baking soda", 
        "wheat flour", 
        "honey", 
        "milk", 
        "safflower oil", 
        "medjool date", 
        "all-purpose flour"
    ], 
    "smallImageUrls": [
        "http://i.yummly.com/Date-Muffins-Martha-Stewart-198036-113566.s.png"
    ], 
    "sourceDisplayName": "Martha Stewart", 
    "recipeName": "Date Muffins", 
    "attributes": {
        "course": [
            "Breads", 
            "Breakfast and Brunch"
        ]
    }, 
    "id": "Date-Muffins-Martha-Stewart-198036"
}{
    "flavors": {
        "sweet": 1.0, 
        "sour": 0.6666666666666666, 
        "salty": 0.3333333333333333, 
        "piquant": 0.0, 
        "bitter": 0.3333333333333333, 
        "meaty": 0.6666666666666666
    }, 
    "rating": 4.25, 
    "totalTimeInSeconds": 2100.0, 
    "ingredients": [
        "milk", 
        "baking powder", 
        "strawberries", 
        "salt", 
        "sugar", 
        "sugar", 
        "eggs", 
        "unsalted butter", 
        "vanilla extract", 
        "flour"
    ], 
    "smallImageUrls": [
        "http://i.yummly.com/Strawberry-Muffins-Recipezaar_8-178341.s.jpg"
    ], 
    "sourceDisplayName": "Food.com", 
    "recipeName": "Strawberry Muffins", 
    "attributes": {
        "course": [
            "Breads", 
            "Breakfast and Brunch", 
            "Lunch and Snacks"
        ]
    }, 
    "id": "Strawberry-Muffins-Recipezaar_8"
}{
    "flavors": {
        "sweet": 0.8333333333333334, 
        "sour": 0.3333333333333333, 
        "salty": 0.5, 
        "piquant": 0.0, 
        "bitter": 0.16666666666666666, 
        "meaty": 0.5
    }, 
    "rating": 4.66, 
    "totalTimeInSeconds": 2100.0, 
    "ingredients": [
        "baking powder", 
        "oat", 
        "egg whites", 
        "blueberries", 
        "baking soda", 
        "brown sugar", 
        "all-purpose flour", 
        "cinnamon", 
        "salt", 
        "nutmeg", 
        "nonfat yogurt", 
        "margarine"
    ], 
    "smallImageUrls": [
        "http://i.yummly.com/Blueberry_oatmeal-Muffins-Recipezaar-177636.s.jpg"
    ], 
    "sourceDisplayName": "Food.com", 
    "recipeName": "Blueberry-Oatmeal Muffins", 
    "attributes": {
        "course": [
            "Breads", 
            "Breakfast and Brunch"
        ]
    }, 
    "id": "Blueberry_oatmeal-Muffins-Recipezaar"
}{
    "flavors": {
        "sweet": 0.8333333333333334, 
        "sour": 0.3333333333333333, 
        "salty": 0.3333333333333333, 
        "piquant": 0.0, 
        "bitter": 0.16666666666666666, 
        "meaty": 0.5
    }, 
    "rating": 4.61, 
    "totalTimeInSeconds": 2100.0, 
    "ingredients": [
        "milk", 
        "all-purpose flour", 
        "oil", 
        "coconut", 
        "vanilla essence", 
        "sugar", 
        "salt", 
        "egg", 
        "baking powder"
    ], 
    "smallImageUrls": [
        "http://i.yummly.com/Coconut-Muffins-Recipezaar-182786.s.jpg"
    ], 
    "sourceDisplayName": "Food.com", 
    "recipeName": "Coconut muffins", 
    "attributes": {
        "course": [
            "Breads"
        ]
    }, 
    "id": "Coconut-Muffins-Recipezaar"
}{
    "flavors": {
        "sweet": 1.0, 
        "sour": 0.6666666666666666, 
        "salty": 0.16666666666666666, 
        "piquant": 0.0, 
        "bitter": 1.0, 
        "meaty": 0.5
    }, 
    "rating": 4.0, 
    "totalTimeInSeconds": 1980.0, 
    "ingredients": [
        "ground cinnamon", 
        "wheat bran", 
        "butter", 
        "semisweet chocolate chips", 
        "salt", 
        "baking powder", 
        "all-purpose flour", 
        "ground nutmeg", 
        "buttermilk", 
        "eggs", 
        "brown sugar", 
        "molasses"
    ], 
    "smallImageUrls": [
        "http://i.yummly.com/Moist-Bran-Muffins-Allrecipes-65870.s.png"
    ], 
    "sourceDisplayName": "Taste of Home", 
    "recipeName": "Moist Bran Muffins", 
    "attributes": {
        "course": [
            "Breads"
        ]
    }, 
    "id": "Moist-Bran-Muffins-TasteOfHome"
}{
    "flavors": {
        "sweet": 0.5, 
        "sour": 1.0, 
        "salty": 0.16666666666666666, 
        "piquant": 0.8333333333333334, 
        "bitter": 0.16666666666666666, 
        "meaty": 0.5
    }, 
    "rating": 3.38, 
    "totalTimeInSeconds": 1800.0, 
    "ingredients": [
        "canola oil", 
        "stone-ground cornmeal", 
        "cream style corn", 
        "salt", 
        "baking powder", 
        "cheddar", 
        "sour cream", 
        "green chile", 
        "eggs", 
        "vegetable oil cooking spray"
    ], 
    "smallImageUrls": [], 
    "sourceDisplayName": "Food Network", 
    "recipeName": "Green Chile Corn Muffins", 
    "attributes": {
        "course": [
            "Breads"
        ], 
        "cuisine": [
            "American"
        ]
    }, 
    "id": "Green-Chile-Corn-Muffins-Food-Network"
}{
    "flavors": {
        "sweet": 0.5, 
        "sour": 0.3333333333333333, 
        "salty": 0.16666666666666666, 
        "piquant": 0.0, 
        "bitter": 0.3333333333333333, 
        "meaty": 0.5
    }, 
    "rating": 5.0, 
    "totalTimeInSeconds": 2400.0, 
    "ingredients": [
        "coconut milk", 
        "baking powder", 
        "sugar", 
        "shredded coconut", 
        "mochiko"
    ], 
    "smallImageUrls": [
        "http://i.yummly.com/Puto-Rice-Muffins-Recipezaar-221233.s.jpg"
    ], 
    "sourceDisplayName": "Food.com", 
    "recipeName": "Puto  Rice Muffins", 
    "attributes": {
        "course": [
            "Breads"
        ], 
        "cuisine": [
            "Asian"
        ]
    }, 
    "id": "Puto-Rice-Muffins-Recipezaar"
}{
    "flavors": {
        "sweet": 0.3333333333333333, 
        "sour": 0.5, 
        "salty": 0.6666666666666666, 
        "piquant": 0.5, 
        "bitter": 0.3333333333333333, 
        "meaty": 0.5
    }, 
    "rating": 5.0, 
    "totalTimeInSeconds": 2100.0, 
    "ingredients": [
        "egg", 
        "dijon mustard", 
        "deli ham", 
        "milk", 
        "muffin mix", 
        "swiss cheese"
    ], 
    "smallImageUrls": [], 
    "sourceDisplayName": "Food.com", 
    "recipeName": "Ham and Cheese Corn Muffins", 
    "attributes": {
        "course": [
            "Breads", 
            "Breakfast and Brunch", 
            "Lunch and Snacks"
        ]
    }, 
    "id": "Ham-And-Cheese-Corn-Muffins-Recipezaar"
}{
    "flavors": null, 
    "rating": 0.0, 
    "totalTimeInSeconds": 2400.0, 
    "ingredients": [
        "baking powder", 
        "sugar", 
        "all-purpose flour", 
        "shortening", 
        "cereal", 
        "eggs", 
        "milk", 
        "salt"
    ], 
    "smallImageUrls": [
        "http://i.yummly.com/All-Bran_s-Best-Bran-Muffins-AllRecipes-37750-71179.s.png"
    ], 
    "sourceDisplayName": "AllRecipes", 
    "recipeName": "All-Bran's Best Bran Muffins", 
    "attributes": {
        "course": [
            "Breads"
        ]
    }, 
    "id": "All-Bran_s-Best-Bran-Muffins-AllRecipes-37750"
}{
    "flavors": {
        "sweet": 0.3333333333333333, 
        "sour": 0.3333333333333333, 
        "salty": 0.8333333333333334, 
        "piquant": 0.5, 
        "bitter": 0.6666666666666666, 
        "meaty": 0.6666666666666666
    }, 
    "rating": 4.54, 
    "totalTimeInSeconds": 2100.0, 
    "ingredients": [
        "eggs", 
        "bacon", 
        "canadian bacon", 
        "english muffins", 
        "all-purpose flour", 
        "dijon mustard", 
        "white vinegar", 
        "butter", 
        "white pepper", 
        "parmesan cheese", 
        "milk", 
        "salt", 
        "shredded cheddar cheese"
    ], 
    "smallImageUrls": [
        "http://i.yummly.com/Double_cheese-Eggs-Benedict-Allrecipes-1.s.jpg", 
        "http://i.yummly.com/Double_cheese-Eggs-Benedict-Allrecipes-65983.s.png"
    ], 
    "sourceDisplayName": "Taste of Home", 
    "recipeName": "Double-Cheese Eggs Benedict", 
    "attributes": {
        "course": [
            "Breakfast and Brunch"
        ]
    }, 
    "id": "Double_cheese-Eggs-Benedict-TasteOfHome"
}{
    "flavors": {
        "sweet": 0.8333333333333334, 
        "sour": 0.3333333333333333, 
        "salty": 0.5, 
        "piquant": 0.0, 
        "bitter": 0.16666666666666666, 
        "meaty": 0.6666666666666666
    }, 
    "rating": 4.69, 
    "totalTimeInSeconds": 2400.0, 
    "ingredients": [
        "milk", 
        "sugar", 
        "all-purpose flour", 
        "honey", 
        "eggs", 
        "salt", 
        "cornmeal", 
        "baking powder", 
        "corn", 
        "butter"
    ], 
    "smallImageUrls": [
        "http://i.yummly.com/Delicious-Corn-Muffins-Recipezaar-179710.s.jpg"
    ], 
    "sourceDisplayName": "Food.com", 
    "recipeName": "Delicious Corn Muffins", 
    "attributes": {
        "course": [
            "Breads"
        ]
    }, 
    "id": "Delicious-Corn-Muffins-Recipezaar"
}{
    "flavors": {
        "sweet": 0.5, 
        "sour": 0.3333333333333333, 
        "salty": 0.16666666666666666, 
        "piquant": 0.0, 
        "bitter": 0.3333333333333333, 
        "meaty": 0.5
    }, 
    "rating": 5.0, 
    "totalTimeInSeconds": 2400.0, 
    "ingredients": [
        "mochiko", 
        "baking powder", 
        "shredded coconut", 
        "coconut milk", 
        "sugar"
    ], 
    "smallImageUrls": [
        "http://i.yummly.com/Puto-Rice-Muffins-Recipezaar-221233.s.jpg"
    ], 
    "sourceDisplayName": "Food.com", 
    "recipeName": "Puto  Rice Muffins", 
    "attributes": {
        "course": [
            "Breads"
        ], 
        "cuisine": [
            "Asian"
        ]
    }, 
    "id": "Puto-Rice-Muffins-Recipezaar"
}{
    "flavors": null, 
    "rating": 0.0, 
    "totalTimeInSeconds": 2400.0, 
    "ingredients": [
        "shortening", 
        "salt", 
        "sugar", 
        "milk", 
        "cereal", 
        "baking powder", 
        "eggs", 
        "all-purpose flour"
    ], 
    "smallImageUrls": [
        "http://i.yummly.com/All-Bran_s-Best-Bran-Muffins-AllRecipes-37750-71179.s.png"
    ], 
    "sourceDisplayName": "AllRecipes", 
    "recipeName": "All-Bran's Best Bran Muffins", 
    "attributes": {
        "course": [
            "Breads"
        ]
    }, 
    "id": "All-Bran_s-Best-Bran-Muffins-AllRecipes-37750"
}{
    "flavors": {
        "sweet": 0.3333333333333333, 
        "sour": 0.3333333333333333, 
        "salty": 0.8333333333333334, 
        "piquant": 0.5, 
        "bitter": 0.6666666666666666, 
        "meaty": 0.6666666666666666
    }, 
    "rating": 4.54, 
    "totalTimeInSeconds": 2100.0, 
    "ingredients": [
        "dijon mustard", 
        "english muffins", 
        "canadian bacon", 
        "shredded cheddar cheese", 
        "white pepper", 
        "butter", 
        "eggs", 
        "salt", 
        "bacon", 
        "parmesan cheese", 
        "all-purpose flour", 
        "white vinegar", 
        "milk"
    ], 
    "smallImageUrls": [
        "http://i.yummly.com/Double_cheese-Eggs-Benedict-Allrecipes-1.s.jpg", 
        "http://i.yummly.com/Double_cheese-Eggs-Benedict-Allrecipes-65983.s.png"
    ], 
    "sourceDisplayName": "Taste of Home", 
    "recipeName": "Double-Cheese Eggs Benedict", 
    "attributes": {
        "course": [
            "Breakfast and Brunch"
        ]
    }, 
    "id": "Double_cheese-Eggs-Benedict-TasteOfHome"
}{
    "flavors": {
        "sweet": 0.8333333333333334, 
        "sour": 0.3333333333333333, 
        "salty": 0.5, 
        "piquant": 0.0, 
        "bitter": 0.16666666666666666, 
        "meaty": 0.6666666666666666
    }, 
    "rating": 4.69, 
    "totalTimeInSeconds": 2400.0, 
    "ingredients": [
        "baking powder", 
        "salt", 
        "butter", 
        "eggs", 
        "sugar", 
        "all-purpose flour", 
        "cornmeal", 
        "milk", 
        "corn", 
        "honey"
    ], 
    "smallImageUrls": [
        "http://i.yummly.com/Delicious-Corn-Muffins-Recipezaar-179710.s.jpg"
    ], 
    "sourceDisplayName": "Food.com", 
    "recipeName": "Delicious Corn Muffins", 
    "attributes": {
        "course": [
            "Breads"
        ]
    }, 
    "id": "Delicious-Corn-Muffins-Recipezaar"
}{
    "flavors": {
        "sweet": 0.6666666666666666, 
        "sour": 0.5, 
        "salty": 0.3333333333333333, 
        "piquant": 0.0, 
        "bitter": 0.16666666666666666, 
        "meaty": 0.5
    }, 
    "rating": 4.56, 
    "totalTimeInSeconds": 1800.0, 
    "ingredients": [
        "salt", 
        "unsweetened applesauce", 
        "ground cinnamon", 
        "vanilla extract", 
        "melted butter", 
        "baking powder", 
        "egg", 
        "all-purpose flour", 
        "sugar", 
        "sugar", 
        "ground nutmeg", 
        "quick cooking oats"
    ], 
    "smallImageUrls": [
        "http://i.yummly.com/Applesauce-Muffin-Mix-Allrecipes-54105.s.png"
    ], 
    "sourceDisplayName": "Taste of Home", 
    "recipeName": "Applesauce Muffin Mix", 
    "attributes": {
        "course": [
            "Breads"
        ]
    }, 
    "id": "Applesauce-Muffin-Mix-TasteOfHome"
}{
    "flavors": {
        "sweet": 0.0, 
        "sour": 0.16666666666666666, 
        "salty": 0.16666666666666666, 
        "piquant": 0.0, 
        "bitter": 0.16666666666666666, 
        "meaty": 0.16666666666666666
    }, 
    "rating": 5.0, 
    "totalTimeInSeconds": 780.0, 
    "ingredients": [
        "milk", 
        "sugar", 
        "milk", 
        "ground ginger", 
        "pumpkin puree", 
        "pancake mix"
    ], 
    "smallImageUrls": [
        "http://i.yummly.com/Pumpkin-Ginger-Mini-Muffins-Food_com-120099-206008.s.jpg"
    ], 
    "sourceDisplayName": "Food.com", 
    "recipeName": "Pumpkin Ginger Mini Muffins", 
    "attributes": {
        "course": [
            "Breads"
        ]
    }, 
    "id": "Pumpkin-Ginger-Mini-Muffins-Food_com-120099"
}{
    "flavors": {
        "sweet": 0.8333333333333334, 
        "sour": 0.16666666666666666, 
        "salty": 0.3333333333333333, 
        "piquant": 0.0, 
        "bitter": 0.3333333333333333, 
        "meaty": 0.3333333333333333
    }, 
    "rating": 4.93, 
    "totalTimeInSeconds": 2100.0, 
    "ingredients": [
        "unsweetened applesauce", 
        "skim milk", 
        "whole wheat flour", 
        "kashi", 
        "baking powder", 
        "honey", 
        "egg whites", 
        "banana", 
        "cooking spray", 
        "salt"
    ], 
    "smallImageUrls": [
        "http://i.yummly.com/Kashi-Friendly-Fiber-Muffins-Recipezaar-185043.s.jpg"
    ], 
    "sourceDisplayName": "Food.com", 
    "recipeName": "Kashi Friendly Fiber Muffins", 
    "attributes": {
        "course": [
            "Breads", 
            "Breakfast and Brunch"
        ]
    }, 
    "id": "Kashi-Friendly-Fiber-Muffins-Recipezaar"
}{
    "flavors": {
        "sweet": 0.8333333333333334, 
        "sour": 0.3333333333333333, 
        "salty": 0.8333333333333334, 
        "piquant": 0.0, 
        "bitter": 0.5, 
        "meaty": 0.6666666666666666
    }, 
    "rating": 4.91, 
    "totalTimeInSeconds": 1620.0, 
    "ingredients": [
        "oil", 
        "flour", 
        "sugar", 
        "buttermilk", 
        "salt", 
        "wheat bran", 
        "molasses", 
        "eggs", 
        "baking soda"
    ], 
    "smallImageUrls": [
        "http://i.yummly.com/Buttermilk-Bran-Muffins-Recipezaar_3-191127.s.jpg"
    ], 
    "sourceDisplayName": "Food.com", 
    "recipeName": "Buttermilk Bran Muffins", 
    "attributes": {
        "course": [
            "Breads", 
            "Breakfast and Brunch"
        ]
    }, 
    "id": "Buttermilk-Bran-Muffins-Recipezaar_3"
}{
    "flavors": {
        "sweet": 0.8333333333333334, 
        "sour": 0.6666666666666666, 
        "salty": 0.8333333333333334, 
        "piquant": 0.0, 
        "bitter": 0.5, 
        "meaty": 0.5
    }, 
    "rating": 2.67, 
    "totalTimeInSeconds": 2400.0, 
    "ingredients": [
        "vegetable oil", 
        "brown sugar", 
        "self rising flour", 
        "pumpkin pie spice", 
        "salt", 
        "raisins", 
        "egg", 
        "pumpkin puree", 
        "milk", 
        "ground nutmeg"
    ], 
    "smallImageUrls": [
        "http://i.yummly.com/Pumpkin-Muffins-I-Allrecipes-62732.s.png"
    ], 
    "sourceDisplayName": "AllRecipes", 
    "recipeName": "Pumpkin Muffins I", 
    "attributes": {
        "course": [
            "Breads"
        ]
    }, 
    "id": "Pumpkin-Muffins-I-Allrecipes"
}{
    "flavors": {
        "sweet": 0.16666666666666666, 
        "sour": 0.8333333333333334, 
        "salty": 0.8333333333333334, 
        "piquant": 0.0, 
        "bitter": 1.0, 
        "meaty": 0.5
    }, 
    "rating": 5.0, 
    "totalTimeInSeconds": 1680.0, 
    "ingredients": [
        "eggs", 
        "toffee pieces", 
        "unsweetened cocoa", 
        "buttermilk", 
        "semi-sweet chocolate", 
        "coffee granules", 
        "oil", 
        "muffin mix"
    ], 
    "smallImageUrls": [
        "http://i.yummly.com/Cappuccino-Crunch-Muffins-Recipezaar-230184.s.jpg"
    ], 
    "sourceDisplayName": "Food.com", 
    "recipeName": "Cappuccino Crunch Muffins", 
    "attributes": {
        "course": [
            "Breads", 
            "Breakfast and Brunch"
        ]
    }, 
    "id": "Cappuccino-Crunch-Muffins-Recipezaar"
}{
    "flavors": {
        "sweet": 0.16666666666666666, 
        "sour": 0.16666666666666666, 
        "salty": 0.16666666666666666, 
        "piquant": 0.0, 
        "bitter": 0.16666666666666666, 
        "meaty": 0.16666666666666666
    }, 
    "rating": 4.45, 
    "totalTimeInSeconds": 2100.0, 
    "ingredients": [
        "ground nutmeg", 
        "melted butter", 
        "baking powder", 
        "ground cinnamon", 
        "sugar", 
        "sugar", 
        "milk", 
        "ground allspice", 
        "melted butter", 
        "flour", 
        "salt", 
        "beaten eggs"
    ], 
    "smallImageUrls": [
        "http://i.yummly.com/Cinnamon-Muffins-Food_com-179650-214336.s.jpg"
    ], 
    "sourceDisplayName": "Food.com", 
    "recipeName": "Cinnamon Muffins", 
    "attributes": {
        "course": [
            "Breads", 
            "Breakfast and Brunch", 
            "Lunch and Snacks"
        ]
    }, 
    "id": "Cinnamon-Muffins-Food_com-179650"
}{
    "flavors": {
        "sweet": 0.0, 
        "sour": 0.5, 
        "salty": 0.16666666666666666, 
        "piquant": 0.0, 
        "bitter": 0.16666666666666666, 
        "meaty": 0.5
    }, 
    "rating": 4.05, 
    "totalTimeInSeconds": 4500.0, 
    "ingredients": [
        "vanilla", 
        "muffin", 
        "heavy cream", 
        "baking powder", 
        "semisweet mini chocolate chips", 
        "all-purpose flour", 
        "unsalted butter", 
        "milk", 
        "egg", 
        "salt", 
        "sugar"
    ], 
    "smallImageUrls": [
        "http://i.yummly.com/Orange-Chocolate-Chip-Cupcakes-With-Chocolate-Frosting-Epicurious.s.jpg"
    ], 
    "sourceDisplayName": "Epicurious", 
    "recipeName": "Orange Chocolate Chip Cupcakes with Chocolate Frosting", 
    "attributes": {
        "course": [
            "Desserts"
        ], 
        "cuisine": [
            "American"
        ]
    }, 
    "id": "Orange-Chocolate-Chip-Cupcakes-With-Chocolate-Frosting-Epicurious"
}{
    "flavors": {
        "sweet": 0.16666666666666666, 
        "sour": 0.6666666666666666, 
        "salty": 0.6666666666666666, 
        "piquant": 0.0, 
        "bitter": 0.3333333333333333, 
        "meaty": 0.3333333333333333
    }, 
    "rating": 0.0, 
    "totalTimeInSeconds": 0, 
    "ingredients": [
        "unsweetened applesauce", 
        "egg", 
        "cooking spray", 
        "peppermint candy", 
        "fat free milk", 
        "muffin mix"
    ], 
    "smallImageUrls": [], 
    "sourceDisplayName": "MyRecipes", 
    "recipeName": "Chocolate-Peppermint Muffins", 
    "attributes": {
        "course": [
            "Breads"
        ], 
        "holiday": [
            "Christmas"
        ], 
        "cuisine": [
            "American"
        ]
    }, 
    "id": "Chocolate-Peppermint-Muffins-MyRecipes-254869"
}{
    "flavors": {
        "sweet": 0.8333333333333334, 
        "sour": 0.16666666666666666, 
        "salty": 0.5, 
        "piquant": 0.0, 
        "bitter": 0.3333333333333333, 
        "meaty": 0.8333333333333334
    }, 
    "rating": 4.6, 
    "totalTimeInSeconds": 1800.0, 
    "ingredients": [
        "brown sugar", 
        "self rising flour", 
        "eggs", 
        "melted butter", 
        "chopped pecans"
    ], 
    "smallImageUrls": [
        "http://i.yummly.com/Pecan-Pie-Mini-Muffins-Recipezaar_1-182716.s.jpg"
    ], 
    "sourceDisplayName": "Food.com", 
    "recipeName": "Pecan Pie Mini Muffins", 
    "attributes": {
        "course": [
            "Breads"
        ], 
        "holiday": [
            "Thanksgiving", 
            "Christmas"
        ]
    }, 
    "id": "Pecan-Pie-Mini-Muffins-Recipezaar_1"
}{
    "flavors": {
        "sweet": 0.16666666666666666, 
        "sour": 0.16666666666666666, 
        "salty": 0.8333333333333334, 
        "piquant": 0.0, 
        "bitter": 0.3333333333333333, 
        "meaty": 1.0
    }, 
    "rating": 4.0, 
    "totalTimeInSeconds": 2820.0, 
    "ingredients": [
        "breadcrumbs", 
        "onion soup mix", 
        "egg", 
        "ground beef"
    ], 
    "smallImageUrls": [
        "http://i.yummly.com/Meatloaf-Muffins_-Recipezaar-180983.s.jpg"
    ], 
    "sourceDisplayName": "Food.com", 
    "recipeName": "Meatloaf Muffins:", 
    "attributes": {
        "course": [
            "Main Dishes"
        ]
    }, 
    "id": "Meatloaf-Muffins_-Recipezaar"
}{
    "flavors": {
        "sweet": 1.0, 
        "sour": 0.8333333333333334, 
        "salty": 0.16666666666666666, 
        "piquant": 0.0, 
        "bitter": 0.16666666666666666, 
        "meaty": 0.16666666666666666
    }, 
    "rating": 4.0, 
    "totalTimeInSeconds": 1800.0, 
    "ingredients": [
        "mincemeat", 
        "orange juice", 
        "brown sugar", 
        "milk", 
        "margarine", 
        "orange zest", 
        "baking mix", 
        "white sugar", 
        "ground cinnamon", 
        "beaten eggs"
    ], 
    "smallImageUrls": [
        "http://i.yummly.com/Orange-Spice-Muffins-Allrecipes-75968.s.png"
    ], 
    "sourceDisplayName": "AllRecipes", 
    "recipeName": "Orange Spice Muffins", 
    "attributes": {
        "course": [
            "Breads"
        ]
    }, 
    "id": "Orange-Spice-Muffins-Allrecipes"
}{
    "flavors": {
        "sweet": 0.8333333333333334, 
        "sour": 0.5, 
        "salty": 0.3333333333333333, 
        "piquant": 0.0, 
        "bitter": 0.16666666666666666, 
        "meaty": 0.5
    }, 
    "rating": 4.0, 
    "totalTimeInSeconds": 0, 
    "ingredients": [
        "pitted date", 
        "salt", 
        "all-purpose flour", 
        "baking soda", 
        "ground ginger", 
        "egg", 
        "molasses", 
        "unsalted butter", 
        "dark brown sugar", 
        "baking powder"
    ], 
    "smallImageUrls": [], 
    "sourceDisplayName": "Epicurious", 
    "recipeName": "Ginger Date Muffins", 
    "attributes": {
        "course": [
            "Breads"
        ]
    }, 
    "id": "Ginger-Date-Muffins-Epicurious"
}{
    "flavors": {
        "sweet": 0.8333333333333334, 
        "sour": 0.5, 
        "salty": 0.6666666666666666, 
        "piquant": 0.0, 
        "bitter": 0.16666666666666666, 
        "meaty": 0.6666666666666666
    }, 
    "rating": 4.7, 
    "totalTimeInSeconds": 2400.0, 
    "ingredients": [
        "sugar", 
        "shredded carrots", 
        "cinnamon", 
        "whole wheat flour", 
        "salt", 
        "white flour", 
        "egg", 
        "baking soda", 
        "margarine", 
        "baking powder", 
        "orange juice"
    ], 
    "smallImageUrls": [
        "http://i.yummly.com/Carrot-Muffins-Recipezaar_5-188604.s.jpg"
    ], 
    "sourceDisplayName": "Food.com", 
    "recipeName": "Carrot Muffins", 
    "attributes": {
        "course": [
            "Breads", 
            "Breakfast and Brunch", 
            "Lunch and Snacks"
        ]
    }, 
    "id": "Carrot-Muffins-Recipezaar_5"
}{
    "flavors": {
        "sweet": 0.8333333333333334, 
        "sour": 0.16666666666666666, 
        "salty": 0.5, 
        "piquant": 0.5, 
        "bitter": 0.3333333333333333, 
        "meaty": 0.8333333333333334
    }, 
    "rating": 3.6, 
    "totalTimeInSeconds": 2100.0, 
    "ingredients": [
        "garlic powder", 
        "prepared mustard", 
        "ground beef", 
        "worcestershire sauce", 
        "brown sugar", 
        "salt", 
        "pepper", 
        "corn", 
        "shredded cheddar cheese", 
        "ketchup"
    ], 
    "smallImageUrls": [
        "http://i.yummly.com/Barbecued-Corn-Muffins-Allrecipes-75441.s.png"
    ], 
    "sourceDisplayName": "Taste of Home", 
    "recipeName": "Barbecued Corn Muffins", 
    "attributes": {}, 
    "id": "Barbecued-Corn-Muffins-TasteOfHome"
}{
    "flavors": {
        "sweet": 1.0, 
        "sour": 0.5, 
        "salty": 0.3333333333333333, 
        "piquant": 0.0, 
        "bitter": 0.16666666666666666, 
        "meaty": 0.6666666666666666
    }, 
    "rating": 4.93, 
    "totalTimeInSeconds": 1980.0, 
    "ingredients": [
        "milk", 
        "brown sugar", 
        "sugar", 
        "butter", 
        "ground cinnamon", 
        "flour", 
        "tart apples", 
        "eggs", 
        "baking powder"
    ], 
    "smallImageUrls": [
        "http://i.yummly.com/Apple-Cinnamon-Muffins-Recipezaar_1-195129.s.jpg"
    ], 
    "sourceDisplayName": "Food.com", 
    "recipeName": "Apple Cinnamon Muffins", 
    "attributes": {
        "course": [
            "Breads", 
            "Breakfast and Brunch", 
            "Lunch and Snacks"
        ]
    }, 
    "id": "Apple-Cinnamon-Muffins-Recipezaar_1"
}{
    "flavors": {
        "sweet": 0.8333333333333334, 
        "sour": 0.6666666666666666, 
        "salty": 0.3333333333333333, 
        "piquant": 0.0, 
        "bitter": 0.16666666666666666, 
        "meaty": 0.6666666666666666
    }, 
    "rating": 4.7, 
    "totalTimeInSeconds": 2280.0, 
    "ingredients": [
        "butterscotch pudding", 
        "granulated sugar", 
        "butter", 
        "ground cinnamon", 
        "brown sugar", 
        "biscuit dough"
    ], 
    "smallImageUrls": [
        "http://i.yummly.com/Ohhhhh-So-Good-Monkey-Bread-Muffins-Recipezaar-195365.s.jpg"
    ], 
    "sourceDisplayName": "Food.com", 
    "recipeName": "Ohhhhh so Good Monkey Bread Muffins", 
    "attributes": {
        "course": [
            "Breads", 
            "Breakfast and Brunch"
        ]
    }, 
    "id": "Ohhhhh-So-Good-Monkey-Bread-Muffins-Recipezaar"
}{
    "flavors": {
        "sweet": 0.8333333333333334, 
        "sour": 0.5, 
        "salty": 0.5, 
        "piquant": 0.0, 
        "bitter": 0.16666666666666666, 
        "meaty": 0.3333333333333333
    }, 
    "rating": 0.0, 
    "totalTimeInSeconds": 0, 
    "ingredients": [
        "dates", 
        "fat free milk", 
        "cooking spray", 
        "large egg", 
        "apple butter", 
        "muffin mix"
    ], 
    "smallImageUrls": [], 
    "sourceDisplayName": "MyRecipes", 
    "recipeName": "Apple Butter-Bran Muffins", 
    "attributes": {
        "course": [
            "Breads", 
            "Breakfast and Brunch"
        ], 
        "cuisine": [
            "American"
        ]
    }, 
    "id": "Apple-Butter_bran-Muffins-My-Recipes"
}{
    "flavors": null, 
    "rating": 0.0, 
    "totalTimeInSeconds": 0, 
    "ingredients": [
        "salt", 
        "olive oil", 
        "corn muffin"
    ], 
    "smallImageUrls": [
        "http://i.yummly.com/Corn-Muffin-Croutons-Martha-Stewart-193120-106722.s.png"
    ], 
    "sourceDisplayName": "Martha Stewart", 
    "recipeName": "Corn Muffin Croutons", 
    "attributes": {
        "course": [
            "Breads"
        ]
    }, 
    "id": "Corn-Muffin-Croutons-Martha-Stewart-193120"
}{
    "flavors": {
        "sweet": 0.3333333333333333, 
        "sour": 0.16666666666666666, 
        "salty": 0.16666666666666666, 
        "piquant": 0.0, 
        "bitter": 0.16666666666666666, 
        "meaty": 0.16666666666666666
    }, 
    "rating": 4.81, 
    "totalTimeInSeconds": 2100.0, 
    "ingredients": [
        "baking soda", 
        "vanilla", 
        "brown sugar", 
        "melted butter", 
        "eggs", 
        "brown sugar", 
        "melted butter", 
        "salt", 
        "apples", 
        "flour", 
        "flour", 
        "buttermilk", 
        "cinnamon"
    ], 
    "smallImageUrls": [
        "http://i.yummly.com/Erna_s-Apple-Pie-Muffins-Food_com-169586-212766.s.jpg"
    ], 
    "sourceDisplayName": "Food.com", 
    "recipeName": "Erna's Apple Pie Muffins", 
    "attributes": {
        "course": [
            "Breads"
        ]
    }, 
    "id": "Erna_s-Apple-Pie-Muffins-Food_com-169586"
}{
    "flavors": {
        "sweet": 0.6666666666666666, 
        "sour": 0.5, 
        "salty": 1.0, 
        "piquant": 0.5, 
        "bitter": 0.6666666666666666, 
        "meaty": 0.5
    }, 
    "rating": 4.12, 
    "totalTimeInSeconds": 0, 
    "ingredients": [
        "salt", 
        "eggs", 
        "sugar", 
        "corn kernels", 
        "unsalted butter", 
        "yellow cornmeal", 
        "sour cream", 
        "baking soda", 
        "green onions", 
        "all purpose flour", 
        "baking powder", 
        "black pepper"
    ], 
    "smallImageUrls": [], 
    "sourceDisplayName": "Epicurious", 
    "recipeName": "Corn Muffins with Green Onions and Sour Cream", 
    "attributes": {
        "course": [
            "Breads"
        ], 
        "holiday": [
            "Thanksgiving"
        ]
    }, 
    "id": "Corn-Muffins-With-Green-Onions-And-Sour-Cream-Epicurious"
}{
    "flavors": {
        "sweet": 0.8333333333333334, 
        "sour": 0.3333333333333333, 
        "salty": 0.5, 
        "piquant": 0.0, 
        "bitter": 0.16666666666666666, 
        "meaty": 0.6666666666666666
    }, 
    "rating": 5.0, 
    "totalTimeInSeconds": 1800.0, 
    "ingredients": [
        "milk", 
        "sugar", 
        "baking powder", 
        "butter", 
        "cornmeal", 
        "salt", 
        "egg", 
        "flour"
    ], 
    "smallImageUrls": [
        "http://i.yummly.com/Cornmeal-Muffins-Recipezaar_6-192453.s.jpg"
    ], 
    "sourceDisplayName": "Food.com", 
    "recipeName": "Cornmeal Muffins", 
    "attributes": {
        "course": [
            "Breads", 
            "Breakfast and Brunch"
        ]
    }, 
    "id": "Cornmeal-Muffins-Recipezaar_6"
}{
    "flavors": {
        "sweet": 1.0, 
        "sour": 0.5, 
        "salty": 0.5, 
        "piquant": 0.0, 
        "bitter": 0.6666666666666666, 
        "meaty": 0.8333333333333334
    }, 
    "rating": 0.0, 
    "totalTimeInSeconds": 0, 
    "ingredients": [
        "ground cloves", 
        "applesauce", 
        "toasted pecans", 
        "salt", 
        "granulated sugar", 
        "all-purpose flour", 
        "eggs", 
        "unsalted butter", 
        "cream cheese", 
        "ground nutmeg", 
        "ground cinnamon", 
        "light brown sugar", 
        "baking soda"
    ], 
    "smallImageUrls": [
        "http://i.yummly.com/Applesauce-Muffins-Martha-Stewart-196888-112286.s.png"
    ], 
    "sourceDisplayName": "Martha Stewart", 
    "recipeName": "Applesauce Muffins", 
    "attributes": {
        "course": [
            "Breads", 
            "Breakfast and Brunch", 
            "Lunch and Snacks"
        ]
    }, 
    "id": "Applesauce-Muffins-Martha-Stewart-196888"
}{
    "flavors": {
        "bitter": 0.3333333333333333, 
        "sweet": 0.3333333333333333, 
        "sour": 0.6666666666666666, 
        "salty": 0.16666666666666666, 
        "meaty": 0.8333333333333334
    }, 
    "rating": 4.67, 
    "totalTimeInSeconds": 1800.0, 
    "ingredients": [
        "water", 
        "baking powder", 
        "low-fat brownie mix", 
        "bran"
    ], 
    "smallImageUrls": [
        "http://i.yummly.com/Brownie-Bran-Muffins-Recipezaar-198280.s.jpg"
    ], 
    "sourceDisplayName": "Food.com", 
    "recipeName": "Brownie Bran Muffins", 
    "attributes": {}, 
    "id": "Brownie-Bran-Muffins-Recipezaar"
}{
    "flavors": {
        "sweet": 0.8333333333333334, 
        "sour": 0.3333333333333333, 
        "salty": 0.3333333333333333, 
        "piquant": 0.0, 
        "bitter": 0.3333333333333333, 
        "meaty": 0.6666666666666666
    }, 
    "rating": 4.73, 
    "totalTimeInSeconds": 1800.0, 
    "ingredients": [
        "milk", 
        "baking powder", 
        "cornmeal", 
        "egg", 
        "salt", 
        "granulated sugar", 
        "oil", 
        "all-purpose flour"
    ], 
    "smallImageUrls": [
        "http://i.yummly.com/Corn-Muffins-Recipezaar_5-180539.s.jpg"
    ], 
    "sourceDisplayName": "Food.com", 
    "recipeName": "Corn Muffins", 
    "attributes": {
        "course": [
            "Breads", 
            "Breakfast and Brunch"
        ]
    }, 
    "id": "Corn-Muffins-Recipezaar_5"
}{
    "flavors": {
        "sweet": 0.8333333333333334, 
        "sour": 0.6666666666666666, 
        "salty": 1.0, 
        "piquant": 0.0, 
        "bitter": 0.8333333333333334, 
        "meaty": 0.3333333333333333
    }, 
    "rating": 0.0, 
    "totalTimeInSeconds": 0, 
    "ingredients": [
        "milk", 
        "maple syrup", 
        "all-purpose flour", 
        "eggs", 
        "baking soda", 
        "sugar", 
        "safflower", 
        "blueberries", 
        "wheat bran", 
        "coarse salt"
    ], 
    "smallImageUrls": [
        "http://i.yummly.com/Blueberry-Bran-Muffins-Martha-Stewart-196476-111800.s.png"
    ], 
    "sourceDisplayName": "Martha Stewart", 
    "recipeName": "Blueberry Bran Muffins", 
    "attributes": {
        "course": [
            "Breads", 
            "Breakfast and Brunch"
        ]
    }, 
    "id": "Blueberry-Bran-Muffins-Martha-Stewart-196476"
}{
    "flavors": {
        "sweet": 1.0, 
        "sour": 0.6666666666666666, 
        "salty": 1.0, 
        "piquant": 0.0, 
        "bitter": 0.3333333333333333, 
        "meaty": 0.3333333333333333
    }, 
    "rating": 0.0, 
    "totalTimeInSeconds": 0, 
    "ingredients": [
        "baking powder", 
        "milk", 
        "egg", 
        "light brown sugar", 
        "ground cinnamon", 
        "nonstick cooking spray", 
        "banana", 
        "coarse salt", 
        "pure vanilla extract", 
        "baking soda", 
        "all-purpose flour", 
        "zucchini", 
        "ground flaxseed"
    ], 
    "smallImageUrls": [
        "http://i.yummly.com/Zucchini_-Banana_-and-Flaxseed-Muffins-Martha-Stewart-197727-113329.s.png"
    ], 
    "sourceDisplayName": "Martha Stewart", 
    "recipeName": "Zucchini, Banana, and Flaxseed Muffins", 
    "attributes": {
        "course": [
            "Breads"
        ]
    }, 
    "id": "Zucchini_-Banana_-and-Flaxseed-Muffins-Martha-Stewart-197727"
}{
    "flavors": {
        "sweet": 0.3333333333333333, 
        "sour": 0.16666666666666666, 
        "salty": 0.5, 
        "piquant": 0.0, 
        "bitter": 0.5, 
        "meaty": 0.8333333333333334
    }, 
    "rating": 5.0, 
    "totalTimeInSeconds": 19800.0, 
    "ingredients": [
        "yeast", 
        "egg", 
        "butter", 
        "salt", 
        "gluten flour", 
        "milk", 
        "vegetable oil", 
        "ascorbic acid", 
        "whole wheat flour"
    ], 
    "smallImageUrls": [
        "http://i.yummly.com/English-Muffins-Recipezaar_2-186078.s.jpg"
    ], 
    "sourceDisplayName": "Food.com", 
    "recipeName": "English Muffins", 
    "attributes": {
        "course": [
            "Breads", 
            "Breakfast and Brunch", 
            "Lunch and Snacks"
        ]
    }, 
    "id": "English-Muffins-Recipezaar_2"
}{
    "flavors": {
        "sweet": 0.8333333333333334, 
        "sour": 0.6666666666666666, 
        "salty": 0.16666666666666666, 
        "piquant": 0.0, 
        "bitter": 0.3333333333333333, 
        "meaty": 0.3333333333333333
    }, 
    "rating": 4.67, 
    "totalTimeInSeconds": 1500.0, 
    "ingredients": [
        "mashed bananas", 
        "sweetened condensed milk", 
        "flour", 
        "baking powder", 
        "brown sugar"
    ], 
    "smallImageUrls": [
        "http://i.yummly.com/Aubby-Gobby-Nana-Muffins-Recipezaar-251749.s.jpg"
    ], 
    "sourceDisplayName": "Food.com", 
    "recipeName": "Aubby Gobby Nana Muffins", 
    "attributes": {
        "course": [
            "Breads", 
            "Breakfast and Brunch"
        ]
    }, 
    "id": "Aubby-Gobby-Nana-Muffins-Recipezaar"
}{
    "flavors": {
        "sweet": 0.16666666666666666, 
        "sour": 0.8333333333333334, 
        "salty": 1.0, 
        "piquant": 0.0, 
        "bitter": 0.8333333333333334, 
        "meaty": 0.6666666666666666
    }, 
    "rating": 0.0, 
    "totalTimeInSeconds": 0, 
    "ingredients": [
        "melted butter", 
        "sour cream", 
        "garlic", 
        "self rising flour"
    ], 
    "smallImageUrls": [
        "http://i.yummly.com/Buttery-Herb_cheese-Muffins-My-Recipes_1-123137.s.png"
    ], 
    "sourceDisplayName": "MyRecipes", 
    "recipeName": "Buttery Herb-Cheese Muffins", 
    "attributes": {
        "course": [
            "Breads"
        ], 
        "cuisine": [
            "American"
        ]
    }, 
    "id": "Buttery-Herb_cheese-Muffins-My-Recipes_1"
}{
    "flavors": {
        "sweet": 0.3333333333333333, 
        "sour": 0.3333333333333333, 
        "salty": 0.5, 
        "piquant": 0.0, 
        "bitter": 0.3333333333333333, 
        "meaty": 0.3333333333333333
    }, 
    "rating": 0.0, 
    "totalTimeInSeconds": 1200.0, 
    "ingredients": [
        "ragu pizza quick sauce", 
        "onion", 
        "shredded mozzarella cheese", 
        "english muffins"
    ], 
    "smallImageUrls": [], 
    "sourceDisplayName": "Rag\u00fa", 
    "recipeName": "'pizza' Quick Score Muffins", 
    "attributes": {
        "course": [
            "Lunch and Snacks"
        ]
    }, 
    "id": "_pizza_-quick-score-muffins-297670"
}{
    "flavors": {
        "sweet": 0.6666666666666666, 
        "sour": 0.5, 
        "salty": 0.5, 
        "piquant": 0.0, 
        "bitter": 0.3333333333333333, 
        "meaty": 0.3333333333333333
    }, 
    "rating": 3.25, 
    "totalTimeInSeconds": 1800.0, 
    "ingredients": [
        "egg substitute", 
        "baking soda", 
        "all-purpose flour", 
        "baking powder", 
        "sugar", 
        "unsweetened applesauce", 
        "fat free milk", 
        "vanilla extract", 
        "sliced almonds", 
        "cocoa"
    ], 
    "smallImageUrls": [
        "http://i.yummly.com/Chocolate-Muffins-Allrecipes_1-69088.s.png"
    ], 
    "sourceDisplayName": "Taste of Home", 
    "recipeName": "Chocolate Muffins", 
    "attributes": {
        "course": [
            "Breads", 
            "Breakfast and Brunch"
        ], 
        "cuisine": [
            "American"
        ]
    }, 
    "id": "Chocolate-Muffins-TasteOfHome_1"
}{
    "flavors": {
        "sweet": 0.5, 
        "sour": 0.8333333333333334, 
        "salty": 0.5, 
        "piquant": 0.0, 
        "bitter": 0.5, 
        "meaty": 0.5
    }, 
    "rating": 4.0, 
    "totalTimeInSeconds": 1800.0, 
    "ingredients": [
        "plain yogurt", 
        "salt", 
        "baking soda", 
        "orange peel", 
        "poppy seeds", 
        "orange juice concentrate", 
        "butter", 
        "all-purpose flour", 
        "eggs", 
        "orange extract", 
        "sugar"
    ], 
    "smallImageUrls": [
        "http://i.yummly.com/Poppy-Seed-Orange-Muffins-Allrecipes-75452.s.png"
    ], 
    "sourceDisplayName": "Taste of Home", 
    "recipeName": "Poppy Seed Orange Muffins", 
    "attributes": {
        "course": [
            "Breads", 
            "Breakfast and Brunch"
        ]
    }, 
    "id": "Poppy-Seed-Orange-Muffins-TasteOfHome"
}{
    "flavors": {
        "sweet": 0.8333333333333334, 
        "sour": 0.6666666666666666, 
        "salty": 1.0, 
        "piquant": 0.0, 
        "bitter": 0.8333333333333334, 
        "meaty": 0.3333333333333333
    }, 
    "rating": 0.0, 
    "totalTimeInSeconds": 0, 
    "ingredients": [
        "milk", 
        "maple syrup", 
        "all-purpose flour", 
        "eggs", 
        "baking soda", 
        "sugar", 
        "safflower", 
        "blueberries", 
        "wheat bran", 
        "coarse salt"
    ], 
    "smallImageUrls": [
        "http://i.yummly.com/Blueberry-Bran-Muffins-Martha-Stewart-195203-110277.s.png"
    ], 
    "sourceDisplayName": "Martha Stewart", 
    "recipeName": "Blueberry Bran Muffins", 
    "attributes": {
        "course": [
            "Breads", 
            "Breakfast and Brunch"
        ]
    }, 
    "id": "Blueberry-Bran-Muffins-Martha-Stewart-195203"
}{
    "flavors": {
        "sweet": 1.0, 
        "sour": 0.6666666666666666, 
        "salty": 0.16666666666666666, 
        "piquant": 0.0, 
        "bitter": 0.16666666666666666, 
        "meaty": 0.3333333333333333
    }, 
    "rating": 2.89, 
    "totalTimeInSeconds": 0, 
    "ingredients": [
        "white sugar", 
        "vanilla extract", 
        "sourdough starter", 
        "vegetable oil", 
        "beaten eggs", 
        "salt", 
        "all-purpose flour", 
        "ground cinnamon", 
        "milk chocolate chips", 
        "milk"
    ], 
    "smallImageUrls": [
        "http://i.yummly.com/Chocolate-Chip-Sourdough-Muffins-Allrecipes-75979.s.png"
    ], 
    "sourceDisplayName": "AllRecipes", 
    "recipeName": "Chocolate Chip Sourdough Muffins", 
    "attributes": {
        "course": [
            "Breads"
        ]
    }, 
    "id": "Chocolate-Chip-Sourdough-Muffins-Allrecipes"
}{
    "flavors": {
        "sweet": 0.16666666666666666, 
        "sour": 0.8333333333333334, 
        "salty": 0.16666666666666666, 
        "piquant": 0.0, 
        "bitter": 0.16666666666666666, 
        "meaty": 0.3333333333333333
    }, 
    "rating": 3.67, 
    "totalTimeInSeconds": 2700.0, 
    "ingredients": [
        "salt", 
        "lemon peel", 
        "fresh rosemary", 
        "eggs", 
        "baking powder", 
        "milk", 
        "sugar", 
        "butter", 
        "all-purpose flour"
    ], 
    "smallImageUrls": [
        "http://i.yummly.com/Rosemary-Lemon-Muffins-Allrecipes-84639.s.png", 
        "http://i.yummly.com/Rosemary-Lemon-Muffins-Allrecipes-84442.s.png"
    ], 
    "sourceDisplayName": "Taste of Home", 
    "recipeName": "Rosemary Lemon Muffins", 
    "attributes": {
        "course": [
            "Breads"
        ]
    }, 
    "id": "Rosemary-Lemon-Muffins-TasteOfHome"
}{
    "flavors": null, 
    "rating": 0.0, 
    "totalTimeInSeconds": 5700.0, 
    "ingredients": [
        "yam noodles", 
        "baking powder", 
        "peanut powder", 
        "vanilla extract", 
        "egg whites", 
        "stevia", 
        "salt", 
        "dark chocolate"
    ], 
    "smallImageUrls": [
        "http://i.yummly.com/4cf1830e-de11-4a7e-a77d-9c4d3eb00755.s.jpg"
    ], 
    "recipeName": "PB2/Shirataki mini muffins", 
    "attributes": {}, 
    "id": "PB2_Shirataki-mini-muffins-DianeNeuman-290480"
}{
    "flavors": {
        "sweet": 0.16666666666666666, 
        "sour": 0.8333333333333334, 
        "salty": 0.16666666666666666, 
        "piquant": 0.0, 
        "bitter": 0.16666666666666666, 
        "meaty": 0.3333333333333333
    }, 
    "rating": 3.75, 
    "totalTimeInSeconds": 2100.0, 
    "ingredients": [
        "salt", 
        "sugar", 
        "ground cinnamon", 
        "ground nutmeg", 
        "baking powder", 
        "egg", 
        "all-purpose flour", 
        "blueberries", 
        "ground cinnamon", 
        "milk", 
        "sugar", 
        "butter"
    ], 
    "smallImageUrls": [
        "http://i.yummly.com/Blueberry-Spice-Muffins-Allrecipes-75317.s.png"
    ], 
    "sourceDisplayName": "Taste of Home", 
    "recipeName": "Blueberry Spice Muffins", 
    "attributes": {
        "course": [
            "Breads", 
            "Breakfast and Brunch"
        ]
    }, 
    "id": "Blueberry-Spice-Muffins-TasteOfHome"
}{
    "flavors": {
        "sweet": 0.5, 
        "sour": 0.16666666666666666, 
        "salty": 0.6666666666666666, 
        "piquant": 0.0, 
        "bitter": 0.5, 
        "meaty": 0.8333333333333334
    }, 
    "rating": 0.0, 
    "totalTimeInSeconds": 900.0, 
    "ingredients": [
        "relish", 
        "swiss cheese", 
        "olive oil flavored cooking spray", 
        "bacon", 
        "eggs", 
        "butter", 
        "english muffins"
    ], 
    "smallImageUrls": [
        "http://i.yummly.com/Egg-_-Bacon-Muffin-Recipezaar-175235.s.jpg"
    ], 
    "sourceDisplayName": "Food.com", 
    "recipeName": "Egg &amp; Bacon Muffin", 
    "attributes": {
        "course": [
            "Breakfast and Brunch", 
            "Lunch and Snacks"
        ]
    }, 
    "id": "Egg-_-Bacon-Muffin-Recipezaar"
}{
    "flavors": {
        "sweet": 0.6666666666666666, 
        "sour": 0.3333333333333333, 
        "salty": 0.5, 
        "piquant": 0.0, 
        "bitter": 0.16666666666666666, 
        "meaty": 0.6666666666666666
    }, 
    "rating": 4.5, 
    "totalTimeInSeconds": 2100.0, 
    "ingredients": [
        "corn muffin", 
        "shredded cheddar cheese", 
        "egg", 
        "sugar", 
        "milk", 
        "corn", 
        "oil", 
        "flax seeds"
    ], 
    "smallImageUrls": [
        "http://i.yummly.com/Cheesy-Corn-Muffins-Recipezaar-152762.s.jpg"
    ], 
    "sourceDisplayName": "Food.com", 
    "recipeName": "Cheesy Corn Muffins", 
    "attributes": {
        "course": [
            "Breads"
        ]
    }, 
    "id": "Cheesy-Corn-Muffins-Recipezaar"
}{
    "flavors": {
        "sweet": 0.8333333333333334, 
        "sour": 0.3333333333333333, 
        "salty": 0.16666666666666666, 
        "piquant": 0.0, 
        "bitter": 0.3333333333333333, 
        "meaty": 0.5
    }, 
    "rating": 0.0, 
    "totalTimeInSeconds": 0, 
    "ingredients": [
        "butter", 
        "milk", 
        "sugar", 
        "flour", 
        "egg", 
        "bran", 
        "baking powder", 
        "salt"
    ], 
    "smallImageUrls": [], 
    "sourceDisplayName": "Chow", 
    "recipeName": "Bran Muffins", 
    "attributes": {
        "course": [
            "Breads", 
            "Breakfast and Brunch", 
            "Lunch and Snacks"
        ]
    }, 
    "id": "Bran-Muffins-Chow"
}{
    "flavors": {
        "sweet": 1.0, 
        "sour": 0.5, 
        "salty": 0.5, 
        "piquant": 0.0, 
        "bitter": 1.0, 
        "meaty": 0.5
    }, 
    "rating": 4.88, 
    "totalTimeInSeconds": 2100.0, 
    "ingredients": [
        "granulated sugar", 
        "chocolate chips", 
        "egg", 
        "sour cream", 
        "milk", 
        "salt", 
        "vegetable oil", 
        "flour", 
        "baking powder"
    ], 
    "smallImageUrls": [
        "http://i.yummly.com/Chocolate-Chip-Muffins-Recipezaar_4-248387.s.jpg"
    ], 
    "sourceDisplayName": "Food.com", 
    "recipeName": "Chocolate Chip Muffins", 
    "attributes": {
        "course": [
            "Breads", 
            "Breakfast and Brunch", 
            "Lunch and Snacks"
        ]
    }, 
    "id": "Chocolate-Chip-Muffins-Recipezaar_4"
}{
    "flavors": {
        "sweet": 0.6666666666666666, 
        "sour": 0.3333333333333333, 
        "salty": 0.8333333333333334, 
        "piquant": 0.5, 
        "bitter": 0.3333333333333333, 
        "meaty": 1.0
    }, 
    "rating": 4.95, 
    "totalTimeInSeconds": 1800.0, 
    "ingredients": [
        "hot sauce", 
        "pepper", 
        "barbecue sauce", 
        "worcestershire sauce", 
        "breadcrumbs", 
        "fresh parsley", 
        "ground beef", 
        "salt", 
        "ketchup", 
        "large eggs", 
        "onions", 
        "thyme"
    ], 
    "smallImageUrls": [
        "http://i.yummly.com/Meatloaf-Muffins-Recipezaar_10-184350.s.jpg"
    ], 
    "sourceDisplayName": "Food.com", 
    "recipeName": "Meatloaf Muffins", 
    "attributes": {
        "course": [
            "Main Dishes", 
            "Lunch and Snacks"
        ]
    }, 
    "id": "Meatloaf-Muffins-Recipezaar_10"
}{
    "flavors": {
        "sweet": 0.6666666666666666, 
        "sour": 0.6666666666666666, 
        "salty": 0.8333333333333334, 
        "piquant": 0.0, 
        "bitter": 0.5, 
        "meaty": 0.5
    }, 
    "rating": 0.0, 
    "totalTimeInSeconds": 0, 
    "ingredients": [
        "salt", 
        "chopped walnuts", 
        "buttermilk", 
        "eggs", 
        "cooking spray", 
        "granny smith apple", 
        "baking soda", 
        "all-purpose flour", 
        "unsalted butter", 
        "sugar", 
        "ground cinnamon"
    ], 
    "smallImageUrls": [
        "http://i.yummly.com/Chunky-Apple-Muffins-Martha-Stewart-191416-103235.s.png"
    ], 
    "sourceDisplayName": "Martha Stewart", 
    "recipeName": "Chunky Apple Muffins", 
    "attributes": {
        "course": [
            "Breads"
        ], 
        "cuisine": [
            "American"
        ]
    }, 
    "id": "Chunky-Apple-Muffins-Martha-Stewart-191416"
}{
    "flavors": {
        "sweet": 1.0, 
        "sour": 0.3333333333333333, 
        "salty": 0.8333333333333334, 
        "piquant": 0.0, 
        "bitter": 0.8333333333333334, 
        "meaty": 0.5
    }, 
    "rating": 4.81, 
    "totalTimeInSeconds": 2400.0, 
    "ingredients": [
        "brown sugar", 
        "salt", 
        "raisins", 
        "vanilla extract", 
        "vegetable oil", 
        "all-purpose flour", 
        "wheat bran", 
        "cinnamon", 
        "eggs", 
        "baking soda", 
        "buttermilk", 
        "baking powder"
    ], 
    "smallImageUrls": [
        "http://i.yummly.com/Classic-Bran-Muffins-Recipezaar_2-204434.s.jpg"
    ], 
    "sourceDisplayName": "Food.com", 
    "recipeName": "Classic Bran Muffins", 
    "attributes": {
        "course": [
            "Breads"
        ]
    }, 
    "id": "Classic-Bran-Muffins-Recipezaar_2"
}{
    "flavors": {
        "sweet": 1.0, 
        "sour": 0.5, 
        "salty": 0.5, 
        "piquant": 0.0, 
        "bitter": 0.16666666666666666, 
        "meaty": 0.5
    }, 
    "rating": 0.0, 
    "totalTimeInSeconds": 2400.0, 
    "ingredients": [
        "baking powder", 
        "blueberries", 
        "unsalted butter", 
        "heavy cream", 
        "eggs", 
        "granulated sugar", 
        "vanilla extract", 
        "all-purpose flour", 
        "fine salt"
    ], 
    "smallImageUrls": [
        "http://i.yummly.com/Very-Blueberry-Muffins-Recipe-Chow-48306-39390.s.png"
    ], 
    "sourceDisplayName": "Chow", 
    "recipeName": "Very Blueberry Muffins Recipe", 
    "attributes": {
        "course": [
            "Breads"
        ]
    }, 
    "id": "Very-Blueberry-Muffins-Recipe-Chow-48306"
}{
    "flavors": {
        "sweet": 0.8333333333333334, 
        "sour": 0.3333333333333333, 
        "salty": 0.6666666666666666, 
        "piquant": 0.0, 
        "bitter": 0.3333333333333333, 
        "meaty": 0.5
    }, 
    "rating": 4.33, 
    "totalTimeInSeconds": 1680.0, 
    "ingredients": [
        "raisins", 
        "cornbread mix", 
        "nuts", 
        "milk", 
        "egg", 
        "cooking spray", 
        "banana"
    ], 
    "smallImageUrls": [
        "http://i.yummly.com/Banana-Corn-Muffins-Recipezaar_1-197006.s.jpg"
    ], 
    "sourceDisplayName": "Food.com", 
    "recipeName": "Banana Corn Muffins", 
    "attributes": {
        "course": [
            "Breads", 
            "Lunch and Snacks"
        ], 
        "cuisine": [
            "American"
        ]
    }, 
    "id": "Banana-Corn-Muffins-Recipezaar_1"
}{
    "flavors": {
        "sweet": 0.16666666666666666, 
        "sour": 0.6666666666666666, 
        "salty": 0.16666666666666666, 
        "piquant": 0.0, 
        "bitter": 0.16666666666666666, 
        "meaty": 0.6666666666666666
    }, 
    "rating": 3.5, 
    "totalTimeInSeconds": 2700.0, 
    "ingredients": [
        "sugar", 
        "rice", 
        "baking powder", 
        "salt", 
        "milk", 
        "all-purpose flour", 
        "pure vanilla extract", 
        "vegetable oil", 
        "eggs"
    ], 
    "smallImageUrls": [
        "http://i.yummly.com/Suzanne_s-Plantation-Muffins-Food-Network-147690.s.jpg"
    ], 
    "sourceDisplayName": "Food Network", 
    "recipeName": "Suzanne's Plantation Muffins", 
    "attributes": {
        "course": [
            "Breads"
        ]
    }, 
    "id": "Suzanne_s-Plantation-Muffins-Food-Network"
}{
    "flavors": {
        "sweet": 1.0, 
        "sour": 0.5, 
        "salty": 0.8333333333333334, 
        "piquant": 0.0, 
        "bitter": 0.5, 
        "meaty": 0.5
    }, 
    "rating": 4.82, 
    "totalTimeInSeconds": 2100.0, 
    "ingredients": [
        "butter", 
        "eggs", 
        "butter", 
        "bananas", 
        "sugar", 
        "baking powder", 
        "cinnamon", 
        "sour cream", 
        "baking soda", 
        "cinnamon", 
        "all-purpose flour", 
        "salt", 
        "sugar", 
        "all-purpose flour"
    ], 
    "smallImageUrls": [
        "http://i.yummly.com/Banana-Streusel-Muffins-Food_com-99398-158648.s.jpg"
    ], 
    "sourceDisplayName": "Food.com", 
    "recipeName": "Banana Streusel Muffins", 
    "attributes": {
        "course": [
            "Breads", 
            "Breakfast and Brunch", 
            "Lunch and Snacks"
        ]
    }, 
    "id": "Banana-Streusel-Muffins-Food_com-99398"
}{
    "flavors": {
        "sweet": 1.0, 
        "sour": 0.5, 
        "salty": 0.8333333333333334, 
        "piquant": 0.0, 
        "bitter": 0.5, 
        "meaty": 0.3333333333333333
    }, 
    "rating": 5.0, 
    "totalTimeInSeconds": 2100.0, 
    "ingredients": [
        "walnuts", 
        "pumpkin pie", 
        "cake mix", 
        "water", 
        "frosting", 
        "semi sweet chocolate chips"
    ], 
    "smallImageUrls": [
        "http://i.yummly.com/Chocolate-Chip-Pumpkin-Muffins-Recipezaar-223730.s.jpg"
    ], 
    "sourceDisplayName": "Food.com", 
    "recipeName": "Chocolate Chip Pumpkin Muffins", 
    "attributes": {
        "course": [
            "Breads", 
            "Breakfast and Brunch"
        ], 
        "holiday": [
            "Christmas"
        ]
    }, 
    "id": "Chocolate-Chip-Pumpkin-Muffins-Recipezaar"
}{
    "flavors": null, 
    "rating": 4.5, 
    "totalTimeInSeconds": 1380.0, 
    "ingredients": [
        "self raising flour", 
        "vanilla essence", 
        "caster sugar", 
        "low-fat butter", 
        "skim milk", 
        "egg", 
        "lemon rind", 
        "blueberries"
    ], 
    "smallImageUrls": [
        "http://i.yummly.com/Blueberry-And-Lemon-Muffins-Recipezaar-169220.s.jpg"
    ], 
    "sourceDisplayName": "Food.com", 
    "recipeName": "Blueberry and Lemon Muffins", 
    "attributes": {
        "course": [
            "Breads", 
            "Lunch and Snacks"
        ]
    }, 
    "id": "Blueberry-And-Lemon-Muffins-Recipezaar"
}{
    "flavors": {
        "sweet": 0.16666666666666666, 
        "sour": 0.16666666666666666, 
        "salty": 0.16666666666666666, 
        "piquant": 0.0, 
        "bitter": 0.16666666666666666, 
        "meaty": 0.16666666666666666
    }, 
    "rating": 0.0, 
    "totalTimeInSeconds": 1200.0, 
    "ingredients": [
        "salt", 
        "salsa", 
        "black pepper", 
        "large eggs", 
        "water", 
        "cheddar cheese", 
        "english muffin"
    ], 
    "smallImageUrls": [
        "http://i.yummly.com/Mexican-Egg-Muffin-Food_com-112484-204948.s.jpg"
    ], 
    "sourceDisplayName": "Food.com", 
    "recipeName": "Mexican Egg Muffin", 
    "attributes": {
        "course": [
            "Breakfast and Brunch"
        ]
    }, 
    "id": "Mexican-Egg-Muffin-Food_com-112484"
}{
    "flavors": {
        "sweet": 0.0, 
        "sour": 0.8333333333333334, 
        "salty": 0.3333333333333333, 
        "piquant": 0.0, 
        "bitter": 0.16666666666666666, 
        "meaty": 0.3333333333333333
    }, 
    "rating": 5.0, 
    "totalTimeInSeconds": 3900.0, 
    "ingredients": [
        "butter", 
        "salt", 
        "buttermilk", 
        "sugar", 
        "baking powder", 
        "baking soda", 
        "all-purpose flour"
    ], 
    "smallImageUrls": [
        "http://i.yummly.com/Alabama-Biscuit-Muffins-Recipezaar-241991.s.jpg"
    ], 
    "sourceDisplayName": "Food.com", 
    "recipeName": "Alabama Biscuit Muffins", 
    "attributes": {
        "course": [
            "Breads", 
            "Breakfast and Brunch"
        ], 
        "cuisine": [
            "American", 
            "Southern & Soul Food"
        ]
    }, 
    "id": "Alabama-Biscuit-Muffins-Recipezaar"
}{
    "flavors": {
        "sweet": 0.16666666666666666, 
        "sour": 0.6666666666666666, 
        "salty": 0.3333333333333333, 
        "piquant": 0.5, 
        "bitter": 0.3333333333333333, 
        "meaty": 0.6666666666666666
    }, 
    "rating": 3.5, 
    "totalTimeInSeconds": 2100.0, 
    "ingredients": [
        "butter", 
        "all-purpose flour", 
        "baking powder", 
        "milk", 
        "ham", 
        "salt", 
        "egg", 
        "shredded cheddar cheese", 
        "sugar", 
        "dry mustard"
    ], 
    "smallImageUrls": [
        "http://i.yummly.com/Early_riser-Muffins-Allrecipes-66519.s.png"
    ], 
    "sourceDisplayName": "Taste of Home", 
    "recipeName": "Early-Riser Muffins", 
    "attributes": {
        "course": [
            "Breads"
        ]
    }, 
    "id": "Early_riser-Muffins-TasteOfHome"
}{
    "flavors": {
        "sweet": 0.0, 
        "sour": 0.5, 
        "salty": 0.16666666666666666, 
        "piquant": 0.0, 
        "bitter": 0.16666666666666666, 
        "meaty": 0.5
    }, 
    "rating": 0.0, 
    "totalTimeInSeconds": 0, 
    "ingredients": [
        "honey", 
        "yellow cornmeal", 
        "sugar", 
        "unsalted butter", 
        "eggs", 
        "baking powder", 
        "safflower oil", 
        "milk", 
        "all-purpose flour", 
        "coarse salt"
    ], 
    "smallImageUrls": [
        "http://i.yummly.com/Massachusetts-Corn-Muffins-Martha-Stewart-106493.s.png"
    ], 
    "sourceDisplayName": "Martha Stewart", 
    "recipeName": "Massachusetts Corn Muffins", 
    "attributes": {
        "course": [
            "Breads"
        ]
    }, 
    "id": "Massachusetts-Corn-Muffins-Martha-Stewart"
}{
    "flavors": {
        "sweet": 0.8333333333333334, 
        "sour": 0.3333333333333333, 
        "salty": 0.3333333333333333, 
        "piquant": 0.0, 
        "bitter": 0.16666666666666666, 
        "meaty": 0.5
    }, 
    "rating": 5.0, 
    "totalTimeInSeconds": 1800.0, 
    "ingredients": [
        "flour", 
        "shortening", 
        "sugar", 
        "egg", 
        "baking powder", 
        "salt", 
        "milk", 
        "blueberries"
    ], 
    "smallImageUrls": [
        "http://i.yummly.com/Shirley_s-Plain-Or-Blueberry-Muffins-Recipezaar-164323.s.jpg"
    ], 
    "sourceDisplayName": "Food.com", 
    "recipeName": "Shirley's Plain or Blueberry Muffins", 
    "attributes": {
        "course": [
            "Breakfast and Brunch"
        ]
    }, 
    "id": "Shirley_s-Plain-Or-Blueberry-Muffins-Recipezaar"
}{
    "flavors": {
        "sweet": 0.16666666666666666, 
        "sour": 0.0, 
        "salty": 0.6666666666666666, 
        "piquant": 0.0, 
        "bitter": 0.6666666666666666, 
        "meaty": 1.0
    }, 
    "rating": 4.5, 
    "totalTimeInSeconds": 2700.0, 
    "ingredients": [
        "salt", 
        "grated parmesan cheese", 
        "pepper", 
        "monterey jack cheese", 
        "pork sausage", 
        "eggs", 
        "biscuits"
    ], 
    "smallImageUrls": [
        "http://i.yummly.com/Sausage-Cheese-Biscuits-_muffins_-Recipezaar-226590.s.jpg"
    ], 
    "sourceDisplayName": "Food.com", 
    "recipeName": "Sausage Cheese Biscuits (Muffins)", 
    "attributes": {
        "course": [
            "Breads", 
            "Appetizers", 
            "Breakfast and Brunch"
        ], 
        "cuisine": [
            "Southern & Soul Food"
        ]
    }, 
    "id": "Sausage-Cheese-Biscuits-_muffins_-Recipezaar"
}{
    "flavors": {
        "sweet": 1.0, 
        "sour": 0.6666666666666666, 
        "salty": 1.0, 
        "piquant": 0.0, 
        "bitter": 0.6666666666666666, 
        "meaty": 0.3333333333333333
    }, 
    "rating": 4.67, 
    "totalTimeInSeconds": 1620.0, 
    "ingredients": [
        "egg", 
        "applesauce", 
        "sugar", 
        "cake mix", 
        "ground cinnamon"
    ], 
    "smallImageUrls": [
        "http://i.yummly.com/Carrot-_-Applesauce-Muffins-Recipezaar-221540.s.jpg"
    ], 
    "sourceDisplayName": "Food.com", 
    "recipeName": "Carrot &amp; Applesauce Muffins", 
    "attributes": {
        "course": [
            "Breads"
        ]
    }, 
    "id": "Carrot-_-Applesauce-Muffins-Recipezaar"
}{
    "flavors": {
        "sweet": 0.3333333333333333, 
        "sour": 0.3333333333333333, 
        "salty": 0.6666666666666666, 
        "piquant": 0.0, 
        "bitter": 0.16666666666666666, 
        "meaty": 0.3333333333333333
    }, 
    "rating": 5.0, 
    "totalTimeInSeconds": 1020.0, 
    "ingredients": [
        "flour", 
        "salad dressing", 
        "milk", 
        "salt"
    ], 
    "smallImageUrls": [
        "http://i2.yummly.com/Salad-Dressing-Muffins-Recipezaar.s.png"
    ], 
    "sourceDisplayName": "Food.com", 
    "recipeName": "Salad Dressing Muffins", 
    "attributes": {}, 
    "id": "Salad-Dressing-Muffins-Recipezaar"
}{
    "flavors": null, 
    "rating": 4.83, 
    "totalTimeInSeconds": 1500.0, 
    "ingredients": [
        "maple syrup", 
        "egg", 
        "corn muffin", 
        "vanilla", 
        "sugar", 
        "buttermilk"
    ], 
    "smallImageUrls": [
        "http://i.yummly.com/Easy-Maple-Cinnamon-Cornbread-Recipezaar-183497.s.jpg"
    ], 
    "sourceDisplayName": "Food.com", 
    "recipeName": "Easy Maple Cinnamon Cornbread", 
    "attributes": {
        "course": [
            "Breads"
        ]
    }, 
    "id": "Easy-Maple-Cinnamon-Cornbread-Recipezaar"
}{
    "flavors": {
        "sweet": 0.8333333333333334, 
        "sour": 0.6666666666666666, 
        "salty": 0.5, 
        "piquant": 0.0, 
        "bitter": 0.3333333333333333, 
        "meaty": 0.5
    }, 
    "rating": 4.65, 
    "totalTimeInSeconds": 2400.0, 
    "ingredients": [
        "yellow squash", 
        "sugar", 
        "eggs", 
        "all-purpose flour", 
        "melted butter", 
        "applesauce", 
        "baking powder", 
        "salt"
    ], 
    "smallImageUrls": [
        "http://i.yummly.com/Yellow-Squash-Muffins-Recipezaar-19027.s.png", 
        "http://i.yummly.com/Yellow-Squash-Muffins-Recipezaar-194930.s.jpg"
    ], 
    "sourceDisplayName": "Food.com", 
    "recipeName": "Yellow Squash Muffins", 
    "attributes": {
        "course": [
            "Breads"
        ]
    }, 
    "id": "Yellow-Squash-Muffins-Recipezaar"
}{
    "flavors": {
        "sweet": 0.6666666666666666, 
        "sour": 0.16666666666666666, 
        "salty": 0.3333333333333333, 
        "piquant": 0.0, 
        "bitter": 0.16666666666666666, 
        "meaty": 0.3333333333333333
    }, 
    "rating": 5.0, 
    "totalTimeInSeconds": 2400.0, 
    "ingredients": [
        "dill", 
        "buttermilk", 
        "self raising flour", 
        "eggs", 
        "melted butter", 
        "green onions", 
        "potato"
    ], 
    "smallImageUrls": [
        "http://i.yummly.com/Mash-_-Onion-Muffins-Recipezaar-223732.s.jpg"
    ], 
    "sourceDisplayName": "Food.com", 
    "recipeName": "Mash &amp; Onion Muffins", 
    "attributes": {
        "course": [
            "Breads"
        ]
    }, 
    "id": "Mash-_-Onion-Muffins-Recipezaar"
}{
    "flavors": {
        "sweet": 0.8333333333333334, 
        "sour": 0.3333333333333333, 
        "salty": 0.3333333333333333, 
        "piquant": 0.0, 
        "bitter": 0.16666666666666666, 
        "meaty": 0.5
    }, 
    "rating": 5.0, 
    "totalTimeInSeconds": 1800.0, 
    "ingredients": [
        "flour", 
        "baking powder", 
        "sugar", 
        "cinnamon", 
        "butter", 
        "salt", 
        "unsweetened applesauce", 
        "eggs"
    ], 
    "smallImageUrls": [
        "http://i2.yummly.com/Applesauce-Muffins-Recipezaar_3.s.png", 
        "http://i.yummly.com/Applesauce-Muffins-Recipezaar_3-170431.s.jpg"
    ], 
    "sourceDisplayName": "Food.com", 
    "recipeName": "Applesauce Muffins", 
    "attributes": {
        "course": [
            "Breads", 
            "Breakfast and Brunch", 
            "Lunch and Snacks"
        ]
    }, 
    "id": "Applesauce-Muffins-Recipezaar_3"
}{
    "flavors": {
        "sweet": 0.8333333333333334, 
        "sour": 0.5, 
        "salty": 0.8333333333333334, 
        "piquant": 0.0, 
        "bitter": 0.6666666666666666, 
        "meaty": 0.6666666666666666
    }, 
    "rating": 0.0, 
    "totalTimeInSeconds": 1200.0, 
    "ingredients": [
        "cheddar cheese", 
        "egg", 
        "muffin mix", 
        "honey", 
        "chili sauce", 
        "milk"
    ], 
    "smallImageUrls": [
        "http://i.yummly.com/Spicy-Cheesy-Corn-Muffins-Food_com-97249-259172.s.jpg"
    ], 
    "sourceDisplayName": "Food.com", 
    "recipeName": "Spicy Cheesy Corn Muffins", 
    "attributes": {
        "course": [
            "Breads"
        ]
    }, 
    "id": "Spicy-Cheesy-Corn-Muffins-Food_com-97249"
}{
    "flavors": {
        "bitter": 0.3333333333333333, 
        "sweet": 1.0, 
        "sour": 0.3333333333333333, 
        "salty": 0.6666666666666666, 
        "meaty": 0.6666666666666666
    }, 
    "rating": 5.0, 
    "totalTimeInSeconds": 1620.0, 
    "ingredients": [
        "eggs", 
        "lemon pudding", 
        "white cake mix", 
        "water", 
        "vegetable oil", 
        "poppy seeds"
    ], 
    "smallImageUrls": [
        "http://i.yummly.com/Lemon-Poppy-Seed-Muffins-Recipezaar_12-153119.s.jpg"
    ], 
    "sourceDisplayName": "Food.com", 
    "recipeName": "Lemon Poppy Seed Muffins", 
    "attributes": {
        "course": [
            "Breads", 
            "Breakfast and Brunch", 
            "Lunch and Snacks"
        ]
    }, 
    "id": "Lemon-Poppy-Seed-Muffins-Recipezaar_12"
}{
    "flavors": {
        "sweet": 0.5, 
        "sour": 0.3333333333333333, 
        "salty": 0.6666666666666666, 
        "piquant": 0.0, 
        "bitter": 0.6666666666666666, 
        "meaty": 0.5
    }, 
    "rating": 4.8, 
    "totalTimeInSeconds": 1200.0, 
    "ingredients": [
        "softened butter", 
        "breakfast sausage patty", 
        "american cheese slices", 
        "english muffins", 
        "egg"
    ], 
    "smallImageUrls": [], 
    "sourceDisplayName": "Food.com", 
    "recipeName": "Kittencal's Make-Ahead Breakfast-On-The-Run Sausage Muffins", 
    "attributes": {
        "course": [
            "Breakfast and Brunch"
        ], 
        "holiday": [
            "Christmas"
        ]
    }, 
    "id": "Kittencal_s-Make_ahead-Breakfast_on_the_run-Sausage-Muffins-Recipezaar"
}{
    "flavors": {
        "sweet": 1.0, 
        "sour": 0.3333333333333333, 
        "salty": 0.16666666666666666, 
        "piquant": 0.0, 
        "bitter": 0.8333333333333334, 
        "meaty": 0.5
    }, 
    "rating": 5.0, 
    "totalTimeInSeconds": 1500.0, 
    "ingredients": [
        "all-purpose flour", 
        "beaten eggs", 
        "butter", 
        "light brown sugar", 
        "chopped pecans"
    ], 
    "smallImageUrls": [
        "http://i.yummly.com/Pecan-Pie-Muffins-Recipezaar_1-19878.s.png", 
        "http://i.yummly.com/Pecan-Pie-Muffins-Recipezaar_1-224170.s.jpg"
    ], 
    "sourceDisplayName": "Food.com", 
    "recipeName": "Pecan Pie Muffins", 
    "attributes": {
        "course": [
            "Breads", 
            "Desserts", 
            "Breakfast and Brunch"
        ], 
        "holiday": [
            "Thanksgiving", 
            "Christmas"
        ], 
        "cuisine": [
            "American"
        ]
    }, 
    "id": "Pecan-Pie-Muffins-Recipezaar_1"
}{
    "flavors": {
        "sweet": 1.0, 
        "sour": 0.3333333333333333, 
        "salty": 0.3333333333333333, 
        "piquant": 0.0, 
        "bitter": 0.16666666666666666, 
        "meaty": 0.3333333333333333
    }, 
    "rating": 4.47, 
    "totalTimeInSeconds": 900.0, 
    "ingredients": [
        "self raising flour", 
        "egg", 
        "sugar", 
        "lemon zest", 
        "melted butter", 
        "milk", 
        "lemon juice", 
        "sugar"
    ], 
    "smallImageUrls": [
        "http://i.yummly.com/Lemon-Muffins-Recipezaar_1-259233.s.jpg"
    ], 
    "sourceDisplayName": "Food.com", 
    "recipeName": "Lemon Muffins", 
    "attributes": {
        "course": [
            "Breads", 
            "Breakfast and Brunch"
        ]
    }, 
    "id": "Lemon-Muffins-Recipezaar_1"
}{
    "flavors": {
        "sweet": 0.5, 
        "sour": 0.16666666666666666, 
        "salty": 0.16666666666666666, 
        "piquant": 0.0, 
        "bitter": 1.0, 
        "meaty": 0.8333333333333334
    }, 
    "rating": 3.43, 
    "totalTimeInSeconds": 2400.0, 
    "ingredients": [
        "wheat bran", 
        "heavy cream", 
        "soy flour", 
        "club soda", 
        "zucchini", 
        "eggs", 
        "sugar substitute", 
        "baking powder"
    ], 
    "smallImageUrls": [], 
    "sourceDisplayName": "Food Network", 
    "recipeName": "Low Carb Zucchini Muffins", 
    "attributes": {
        "course": [
            "Breads"
        ]
    }, 
    "id": "Low-Carb-Zucchini-Muffins-Food-Network"
}{
    "flavors": {
        "sweet": 1.0, 
        "sour": 0.6666666666666666, 
        "salty": 0.8333333333333334, 
        "piquant": 0.0, 
        "bitter": 0.8333333333333334, 
        "meaty": 0.5
    }, 
    "rating": 3.5, 
    "totalTimeInSeconds": 2400.0, 
    "ingredients": [
        "chopped walnuts", 
        "orange juice concentrate", 
        "carrots", 
        "raisins", 
        "cream cheese", 
        "baking soda", 
        "white sugar", 
        "vanilla extract", 
        "egg substitute", 
        "buttermilk", 
        "nonfat sour cream", 
        "margarine", 
        "white sugar", 
        "all-purpose flour"
    ], 
    "smallImageUrls": [
        "http://i.yummly.com/Carrot-Cream-Cheese-Muffins-Allrecipes-93255.s.png", 
        "http://i.yummly.com/Carrot-Cream-Cheese-Muffins-Allrecipes-92597.s.png"
    ], 
    "sourceDisplayName": "AllRecipes", 
    "recipeName": "Carrot Cream Cheese Muffins", 
    "attributes": {
        "course": [
            "Breads"
        ]
    }, 
    "id": "Carrot-Cream-Cheese-Muffins-Allrecipes"
}{
    "flavors": {
        "sweet": 0.5, 
        "sour": 0.16666666666666666, 
        "salty": 0.8333333333333334, 
        "piquant": 0.0, 
        "bitter": 1.0, 
        "meaty": 0.8333333333333334
    }, 
    "rating": 3.67, 
    "totalTimeInSeconds": 2100.0, 
    "ingredients": [
        "lemon juice", 
        "eggs", 
        "chopped walnuts", 
        "raisins", 
        "plain yogurt", 
        "honey", 
        "ground cinnamon", 
        "vanilla extract", 
        "salt", 
        "canola oil", 
        "baking soda", 
        "shredded carrots", 
        "wheat flour"
    ], 
    "smallImageUrls": [
        "http://i.yummly.com/Carrot-Raisin-Muffins-Allrecipes-52233.s.png"
    ], 
    "sourceDisplayName": "Taste of Home", 
    "recipeName": "Carrot Raisin Muffins", 
    "attributes": {
        "course": [
            "Breads", 
            "Breakfast and Brunch", 
            "Lunch and Snacks"
        ]
    }, 
    "id": "Carrot-Raisin-Muffins-TasteOfHome"
}{
    "flavors": {
        "sweet": 0.5, 
        "sour": 0.5, 
        "salty": 0.16666666666666666, 
        "piquant": 0.0, 
        "bitter": 0.8333333333333334, 
        "meaty": 0.5
    }, 
    "rating": 2.14, 
    "totalTimeInSeconds": 1800.0, 
    "ingredients": [
        "all-purpose flour", 
        "applesauce", 
        "baking powder", 
        "crushed pineapple", 
        "bran cereal", 
        "nonfat milk", 
        "egg", 
        "chopped walnuts"
    ], 
    "smallImageUrls": [
        "http://i.yummly.com/Pineapple-Muffins-Allrecipes-74677.s.png"
    ], 
    "sourceDisplayName": "AllRecipes", 
    "recipeName": "Pineapple Muffins", 
    "attributes": {
        "course": [
            "Breads", 
            "Breakfast and Brunch"
        ]
    }, 
    "id": "Pineapple-Muffins-Allrecipes"
}{
    "flavors": {
        "sweet": 0.8333333333333334, 
        "sour": 0.6666666666666666, 
        "salty": 1.0, 
        "piquant": 0.0, 
        "bitter": 0.6666666666666666, 
        "meaty": 0.5
    }, 
    "rating": 4.63, 
    "totalTimeInSeconds": 2400.0, 
    "ingredients": [
        "condensed cheddar cheese soup", 
        "sage", 
        "milk", 
        "sausage", 
        "bisquick"
    ], 
    "smallImageUrls": [
        "http://i.yummly.com/Quick-And-Easy-Sausage-And-Cheese-Muffins-Recipezaar-217721.s.jpg"
    ], 
    "sourceDisplayName": "Food.com", 
    "recipeName": "Quick and Easy Sausage and Cheese Muffins", 
    "attributes": {
        "course": [
            "Breakfast and Brunch"
        ], 
        "cuisine": [
            "American"
        ]
    }, 
    "id": "Quick-And-Easy-Sausage-And-Cheese-Muffins-Recipezaar"
}{
    "flavors": {
        "sweet": 0.8333333333333334, 
        "sour": 0.8333333333333334, 
        "salty": 0.16666666666666666, 
        "piquant": 0.0, 
        "bitter": 0.16666666666666666, 
        "meaty": 0.16666666666666666
    }, 
    "rating": 3.29, 
    "totalTimeInSeconds": 1800.0, 
    "ingredients": [
        "white sugar", 
        "honey", 
        "orange juice", 
        "white sugar", 
        "ground cinnamon", 
        "orange zest", 
        "margarine", 
        "baking mix", 
        "egg"
    ], 
    "smallImageUrls": [
        "http://i.yummly.com/Orange-Juice-Muffins-With-Honey-Spread-Allrecipes-49578.s.png"
    ], 
    "sourceDisplayName": "AllRecipes", 
    "recipeName": "Orange Juice Muffins with Honey Spread", 
    "attributes": {
        "course": [
            "Breads", 
            "Breakfast and Brunch"
        ]
    }, 
    "id": "Orange-Juice-Muffins-With-Honey-Spread-Allrecipes"
}{
    "flavors": {
        "sweet": 0.16666666666666666, 
        "sour": 0.8333333333333334, 
        "salty": 0.3333333333333333, 
        "piquant": 0.0, 
        "bitter": 0.3333333333333333, 
        "meaty": 0.8333333333333334
    }, 
    "rating": 3.83, 
    "totalTimeInSeconds": 0, 
    "ingredients": [
        "all-purpose flour", 
        "chives", 
        "baking powder", 
        "parsley flakes", 
        "milk", 
        "potato flakes", 
        "shredded cheddar cheese", 
        "vegetable oil", 
        "salt", 
        "egg", 
        "sugar"
    ], 
    "smallImageUrls": [
        "http://i.yummly.com/Cheddar-Chive-Muffins-Allrecipes-96417.s.png", 
        "http://i.yummly.com/Cheddar-Chive-Muffins-Allrecipes-95540.s.png"
    ], 
    "sourceDisplayName": "Taste of Home", 
    "recipeName": "Cheddar Chive Muffins", 
    "attributes": {
        "course": [
            "Breads"
        ]
    }, 
    "id": "Cheddar-Chive-Muffins-TasteOfHome"
}{
    "flavors": {
        "bitter": 0.3333333333333333, 
        "sweet": 1.0, 
        "sour": 0.3333333333333333, 
        "salty": 0.6666666666666666, 
        "meaty": 0.6666666666666666
    }, 
    "rating": 5.0, 
    "totalTimeInSeconds": 1800.0, 
    "ingredients": [
        "large eggs", 
        "lemon pudding", 
        "white cake mix", 
        "water", 
        "vegetable oil", 
        "poppy seeds"
    ], 
    "smallImageUrls": [
        "http://i.yummly.com/Lemon-Poppy-Seed-Muffins-Recipezaar_9-195606.s.jpg"
    ], 
    "sourceDisplayName": "Food.com", 
    "recipeName": "Lemon Poppy Seed Muffins", 
    "attributes": {
        "course": [
            "Breads", 
            "Breakfast and Brunch", 
            "Lunch and Snacks"
        ]
    }, 
    "id": "Lemon-Poppy-Seed-Muffins-Recipezaar_9"
}{
    "flavors": {
        "sweet": 0.0, 
        "sour": 0.0, 
        "salty": 0.5, 
        "piquant": 0.0, 
        "bitter": 0.16666666666666666, 
        "meaty": 0.3333333333333333
    }, 
    "rating": 5.0, 
    "totalTimeInSeconds": 1800.0, 
    "ingredients": [
        "salt", 
        "baking powder", 
        "egg", 
        "flour", 
        "melted butter", 
        "sugar", 
        "milk"
    ], 
    "smallImageUrls": [
        "http://i.yummly.com/Twin-Mountain-Muffins-Recipezaar-222660.s.jpg"
    ], 
    "sourceDisplayName": "Food.com", 
    "recipeName": "Twin Mountain Muffins", 
    "attributes": {
        "course": [
            "Breads"
        ]
    }, 
    "id": "Twin-Mountain-Muffins-Recipezaar"
}{
    "flavors": {
        "sweet": 0.3333333333333333, 
        "sour": 0.8333333333333334, 
        "salty": 1.0, 
        "piquant": 0.0, 
        "bitter": 0.6666666666666666, 
        "meaty": 0.6666666666666666
    }, 
    "rating": 0.0, 
    "totalTimeInSeconds": 2520.0, 
    "ingredients": [
        "self rising flour", 
        "sugar", 
        "lemon zest", 
        "melted butter", 
        "fresh lemon juice", 
        "strawberries", 
        "sour cream", 
        "eggs"
    ], 
    "smallImageUrls": [
        "http://i.yummly.com/Strawberry-Lemonade-Muffins-MyRecipes-265632-133276.s.png"
    ], 
    "sourceDisplayName": "MyRecipes", 
    "recipeName": "Strawberry-Lemonade Muffins", 
    "attributes": {}, 
    "id": "Strawberry-Lemonade-Muffins-MyRecipes-265632"
}{
    "flavors": {
        "sweet": 0.8333333333333334, 
        "sour": 0.3333333333333333, 
        "salty": 0.6666666666666666, 
        "piquant": 0.6666666666666666, 
        "bitter": 0.16666666666666666, 
        "meaty": 1.0
    }, 
    "rating": 4.83, 
    "totalTimeInSeconds": 1800.0, 
    "ingredients": [
        "ground beef", 
        "mustard", 
        "onion", 
        "ketchup", 
        "brown sugar", 
        "cheddar cheese", 
        "chili powder", 
        "vinegar", 
        "biscuits"
    ], 
    "smallImageUrls": [
        "http://i.yummly.com/Barbecue-Muffins-Recipezaar-170583.s.jpg"
    ], 
    "sourceDisplayName": "Food.com", 
    "recipeName": "Barbecue Muffins", 
    "attributes": {
        "course": [
            "Lunch and Snacks"
        ]
    }, 
    "id": "Barbecue-Muffins-Recipezaar"
}{
    "flavors": {
        "sweet": 0.8333333333333334, 
        "sour": 0.3333333333333333, 
        "salty": 0.5, 
        "piquant": 0.0, 
        "bitter": 0.6666666666666666, 
        "meaty": 0.5
    }, 
    "rating": 4.63, 
    "totalTimeInSeconds": 2100.0, 
    "ingredients": [
        "applesauce", 
        "baking powder", 
        "white sugar", 
        "chocolate chips", 
        "egg", 
        "salt", 
        "baking soda", 
        "bananas", 
        "rolled oat", 
        "flour"
    ], 
    "smallImageUrls": [
        "http://i.yummly.com/Low-Fat-Banana-Oatmeal-Chocolate-Chip-Muffins-Recipezaar_1-184961.s.jpg"
    ], 
    "sourceDisplayName": "Food.com", 
    "recipeName": "Low Fat Banana Oatmeal Chocolate Chip Muffins", 
    "attributes": {
        "course": [
            "Breads", 
            "Breakfast and Brunch", 
            "Lunch and Snacks"
        ]
    }, 
    "id": "Low-Fat-Banana-Oatmeal-Chocolate-Chip-Muffins-Recipezaar_1"
}{
    "flavors": {
        "sweet": 0.3333333333333333, 
        "sour": 0.16666666666666666, 
        "salty": 0.6666666666666666, 
        "piquant": 0.0, 
        "bitter": 0.16666666666666666, 
        "meaty": 0.8333333333333334
    }, 
    "rating": 5.0, 
    "totalTimeInSeconds": 2400.0, 
    "ingredients": [
        "vegetable oil", 
        "milk", 
        "ham", 
        "shredded cheddar cheese", 
        "eggs", 
        "baking mix"
    ], 
    "smallImageUrls": [
        "http://i.yummly.com/Bisquick-Ham-_-Cheese-Muffins-Recipezaar-175579.s.jpg"
    ], 
    "sourceDisplayName": "Food.com", 
    "recipeName": "Bisquick Ham & Cheese Muffins", 
    "attributes": {
        "course": [
            "Breads", 
            "Breakfast and Brunch"
        ]
    }, 
    "id": "Bisquick-Ham-_-Cheese-Muffins-Recipezaar"
}{
    "flavors": {
        "sweet": 0.8333333333333334, 
        "sour": 0.3333333333333333, 
        "salty": 0.6666666666666666, 
        "piquant": 0.0, 
        "bitter": 0.16666666666666666, 
        "meaty": 0.6666666666666666
    }, 
    "rating": 5.0, 
    "totalTimeInSeconds": 1800.0, 
    "ingredients": [
        "eggs", 
        "caster sugar", 
        "water", 
        "self rising flour", 
        "extract", 
        "coconut milk", 
        "oil"
    ], 
    "smallImageUrls": [
        "http://i.yummly.com/Pandan-Coconut-Muffins-Recipezaar-201898.s.jpg"
    ], 
    "sourceDisplayName": "Food.com", 
    "recipeName": "Pandan Coconut Muffins", 
    "attributes": {
        "course": [
            "Breads"
        ]
    }, 
    "id": "Pandan-Coconut-Muffins-Recipezaar"
}{
    "flavors": {
        "sweet": 0.16666666666666666, 
        "sour": 0.8333333333333334, 
        "salty": 1.0, 
        "piquant": 0.8333333333333334, 
        "bitter": 0.6666666666666666, 
        "meaty": 0.8333333333333334
    }, 
    "rating": 4.5, 
    "totalTimeInSeconds": 1020.0, 
    "ingredients": [
        "eggs", 
        "cream", 
        "jalapeno pepper", 
        "cheddar cheese", 
        "muffin mix"
    ], 
    "smallImageUrls": [], 
    "sourceDisplayName": "Food.com", 
    "recipeName": "Quick Jalapeno Cheddar Muffins", 
    "attributes": {
        "course": [
            "Breads"
        ]
    }, 
    "id": "Quick-Jalapeno-Cheddar-Muffins-Recipezaar"
}{
    "flavors": {
        "sweet": 1.0, 
        "sour": 0.6666666666666666, 
        "salty": 0.8333333333333334, 
        "piquant": 0.0, 
        "bitter": 0.3333333333333333, 
        "meaty": 0.5
    }, 
    "rating": 4.53, 
    "totalTimeInSeconds": 1800.0, 
    "ingredients": [
        "egg", 
        "mashed bananas", 
        "vegetable oil", 
        "baking soda", 
        "sugar", 
        "semisweet mini chocolate chips", 
        "salt", 
        "flour", 
        "oatmeal"
    ], 
    "smallImageUrls": [
        "http://i.yummly.com/Banana-Chip-Muffins-Recipezaar_3-159346.s.jpg"
    ], 
    "sourceDisplayName": "Food.com", 
    "recipeName": "Banana Chip Muffins", 
    "attributes": {
        "course": [
            "Breads", 
            "Breakfast and Brunch", 
            "Lunch and Snacks"
        ], 
        "cuisine": [
            "American"
        ]
    }, 
    "id": "Banana-Chip-Muffins-Recipezaar_3"
}{
    "flavors": {
        "sweet": 1.0, 
        "sour": 0.3333333333333333, 
        "salty": 0.3333333333333333, 
        "piquant": 0.0, 
        "bitter": 1.0, 
        "meaty": 0.8333333333333334
    }, 
    "rating": 4.64, 
    "totalTimeInSeconds": 2400.0, 
    "ingredients": [
        "eggs", 
        "all-purpose flour", 
        "butter", 
        "vanilla", 
        "walnuts", 
        "salt", 
        "cocoa", 
        "baking powder", 
        "chocolate chip", 
        "sugar", 
        "boiling water"
    ], 
    "smallImageUrls": [
        "http://i2.yummly.com/The-Ultimate-Chocolate-Brownie-Muffins-Recipezaar-3.s.png", 
        "http://i2.yummly.com/The-Ultimate-Chocolate-Brownie-Muffins-Recipezaar-2.s.png", 
        "http://i.yummly.com/The-Ultimate-Chocolate-Brownie-Muffins-Recipezaar-194096.s.jpg"
    ], 
    "sourceDisplayName": "Food.com", 
    "recipeName": "The Ultimate Chocolate Brownie Muffins", 
    "attributes": {
        "course": [
            "Desserts"
        ]
    }, 
    "id": "The-Ultimate-Chocolate-Brownie-Muffins-Recipezaar"
}{
    "flavors": {
        "sweet": 0.3333333333333333, 
        "sour": 0.3333333333333333, 
        "salty": 0.5, 
        "piquant": 0.0, 
        "bitter": 0.16666666666666666, 
        "meaty": 0.3333333333333333
    }, 
    "rating": 3.4, 
    "totalTimeInSeconds": 2100.0, 
    "ingredients": [
        "unsweetened applesauce", 
        "baking soda", 
        "all-purpose flour", 
        "vegetable oil", 
        "sugar", 
        "egg whites", 
        "baking powder", 
        "yellow cornmeal", 
        "buttermilk", 
        "salt"
    ], 
    "smallImageUrls": [
        "http://i.yummly.com/Corn-Bread-Muffins-Allrecipes-72768.s.png"
    ], 
    "sourceDisplayName": "Taste of Home", 
    "recipeName": "Corn Bread Muffins", 
    "attributes": {
        "course": [
            "Breads"
        ], 
        "cuisine": [
            "American"
        ]
    }, 
    "id": "Corn-Bread-Muffins-TasteOfHome"
}{
    "flavors": {
        "sweet": 1.0, 
        "sour": 0.5, 
        "salty": 0.3333333333333333, 
        "piquant": 0.0, 
        "bitter": 0.16666666666666666, 
        "meaty": 0.6666666666666666
    }, 
    "rating": 4.93, 
    "totalTimeInSeconds": 1800.0, 
    "ingredients": [
        "salt", 
        "strawberry", 
        "baking powder", 
        "milk", 
        "ground cinnamon", 
        "sugar", 
        "baking soda", 
        "blueberries", 
        "raspberries", 
        "unsalted butter", 
        "unbleached flour", 
        "large eggs"
    ], 
    "smallImageUrls": [
        "http://i.yummly.com/Triberry-Muffins-Recipezaar-185073.s.jpg"
    ], 
    "sourceDisplayName": "Food.com", 
    "recipeName": "Triberry Muffins", 
    "attributes": {
        "course": [
            "Breads"
        ]
    }, 
    "id": "Triberry-Muffins-Recipezaar"
}{
    "flavors": {
        "sweet": 0.3333333333333333, 
        "sour": 0.5, 
        "salty": 0.5, 
        "piquant": 0.0, 
        "bitter": 0.3333333333333333, 
        "meaty": 0.3333333333333333
    }, 
    "rating": 0.0, 
    "totalTimeInSeconds": 0, 
    "ingredients": [
        "egg whites", 
        "canola oil", 
        "butter flavored cooking spray", 
        "white corn", 
        "muffin mix", 
        "fat free milk"
    ], 
    "smallImageUrls": [], 
    "sourceDisplayName": "MyRecipes", 
    "recipeName": "Corn-Filled Mini-Muffins", 
    "attributes": {
        "course": [
            "Breads"
        ]
    }, 
    "id": "Corn_filled-Mini_muffins-My-Recipes"
}{
    "flavors": {
        "sweet": 0.16666666666666666, 
        "sour": 0.8333333333333334, 
        "salty": 0.16666666666666666, 
        "piquant": 0.0, 
        "bitter": 0.16666666666666666, 
        "meaty": 0.3333333333333333
    }, 
    "rating": 3.0, 
    "totalTimeInSeconds": 2700.0, 
    "ingredients": [
        "egg", 
        "milk", 
        "baking powder", 
        "sugar", 
        "salt", 
        "fresh parsley", 
        "all-purpose flour", 
        "mashed potatoes"
    ], 
    "smallImageUrls": [
        "http://i.yummly.com/Potato-Muffins-Allrecipes-77715.s.png"
    ], 
    "sourceDisplayName": "Taste of Home", 
    "recipeName": "Potato Muffins", 
    "attributes": {
        "course": [
            "Breads"
        ]
    }, 
    "id": "Potato-Muffins-TasteOfHome"
}{
    "flavors": {
        "sweet": 0.6666666666666666, 
        "sour": 0.16666666666666666, 
        "salty": 0.3333333333333333, 
        "piquant": 0.0, 
        "bitter": 0.16666666666666666, 
        "meaty": 0.5
    }, 
    "rating": 0.0, 
    "totalTimeInSeconds": 2400.0, 
    "ingredients": [
        "bacon", 
        "crusts", 
        "melted butter", 
        "salt", 
        "maple syrup", 
        "shredded cheddar cheese", 
        "black pepper", 
        "eggs", 
        "heavy cream"
    ], 
    "smallImageUrls": [
        "http://i.yummly.com/Mom_s-Baked-Egg-Muffins-AllRecipes-38926-98333.s.png"
    ], 
    "sourceDisplayName": "AllRecipes", 
    "recipeName": "Mom's Baked Egg Muffins", 
    "attributes": {
        "course": [
            "Breakfast and Brunch"
        ]
    }, 
    "id": "Mom_s-Baked-Egg-Muffins-AllRecipes-38926"
}{
    "flavors": {
        "sweet": 0.16666666666666666, 
        "sour": 0.16666666666666666, 
        "salty": 0.6666666666666666, 
        "piquant": 0.0, 
        "bitter": 0.5, 
        "meaty": 0.6666666666666666
    }, 
    "rating": 4.44, 
    "totalTimeInSeconds": 1200.0, 
    "ingredients": [
        "distilled white vinegar", 
        "salt", 
        "mozzarella cheese", 
        "english muffin", 
        "tomato", 
        "salt", 
        "eggs", 
        "pesto"
    ], 
    "smallImageUrls": [
        "http://i.yummly.com/Poached-Eggs-Caprese-Allrecipes-78836.s.png"
    ], 
    "sourceDisplayName": "AllRecipes", 
    "recipeName": "Poached Eggs Caprese", 
    "attributes": {
        "course": [
            "Breakfast and Brunch"
        ]
    }, 
    "id": "Poached-Eggs-Caprese-Allrecipes"
}{
    "flavors": {
        "sweet": 0.0, 
        "sour": 0.8333333333333334, 
        "salty": 1.0, 
        "piquant": 0.0, 
        "bitter": 0.8333333333333334, 
        "meaty": 0.6666666666666666
    }, 
    "rating": 3.71, 
    "totalTimeInSeconds": 2100.0, 
    "ingredients": [
        "eggs", 
        "corn", 
        "pepper", 
        "salt", 
        "corned beef"
    ], 
    "smallImageUrls": [
        "http://i.yummly.com/Meal-In-A-Muffin-Pan-Allrecipes-66486.s.png"
    ], 
    "sourceDisplayName": "Taste of Home", 
    "recipeName": "Meal in a Muffin Pan", 
    "attributes": {
        "course": [
            "Breads"
        ]
    }, 
    "id": "Meal-In-A-Muffin-Pan-TasteOfHome"
}{
    "flavors": {
        "sweet": 0.16666666666666666, 
        "sour": 0.3333333333333333, 
        "salty": 0.3333333333333333, 
        "piquant": 0.0, 
        "bitter": 0.16666666666666666, 
        "meaty": 0.16666666666666666
    }, 
    "rating": 0.0, 
    "totalTimeInSeconds": 600.0, 
    "ingredients": [
        "vegetable oil", 
        "slicing tomato", 
        "cheddar", 
        "english muffin", 
        "ground pepper", 
        "eggs", 
        "coarse salt"
    ], 
    "smallImageUrls": [
        "http://i.yummly.com/Open-Faced-Egg-and-Tomato-Sandwich-Martha-Stewart-192519-105623.s.png"
    ], 
    "sourceDisplayName": "Martha Stewart", 
    "recipeName": "Open-Faced Egg and Tomato Sandwich", 
    "attributes": {
        "course": [
            "Breakfast and Brunch", 
            "Lunch and Snacks"
        ]
    }, 
    "id": "Open-Faced-Egg-and-Tomato-Sandwich-Martha-Stewart-192519"
}{
    "flavors": {
        "sweet": 0.8333333333333334, 
        "sour": 0.5, 
        "salty": 0.5, 
        "piquant": 0.0, 
        "bitter": 0.8333333333333334, 
        "meaty": 0.6666666666666666
    }, 
    "rating": 4.1, 
    "totalTimeInSeconds": 3000.0, 
    "ingredients": [
        "baking powder", 
        "vegetable oil", 
        "salt", 
        "golden brown sugar", 
        "wheat flour", 
        "vanilla extract", 
        "black mission figs", 
        "lemon peel", 
        "all purpose flour", 
        "oat bran", 
        "ground cinnamon", 
        "chopped pecans", 
        "eggs", 
        "baking soda", 
        "vegetable oil spray", 
        "buttermilk"
    ], 
    "smallImageUrls": [], 
    "sourceDisplayName": "Epicurious", 
    "recipeName": "Whole Wheat Bran Muffins with Figs and Pecans", 
    "attributes": {
        "course": [
            "Breads"
        ], 
        "cuisine": [
            "American"
        ]
    }, 
    "id": "Whole-Wheat-Bran-Muffins-With-Figs-And-Pecans-Epicurious"
}{
    "flavors": {
        "sweet": 0.8333333333333334, 
        "sour": 0.6666666666666666, 
        "salty": 0.3333333333333333, 
        "piquant": 0.0, 
        "bitter": 0.3333333333333333, 
        "meaty": 0.3333333333333333
    }, 
    "rating": 4.4, 
    "totalTimeInSeconds": 1800.0, 
    "ingredients": [
        "egg", 
        "sugar", 
        "baking mix", 
        "cream cheese", 
        "orange marmalade", 
        "orange juice", 
        "pecans"
    ], 
    "smallImageUrls": [
        "http://i.yummly.com/Orange-Cream-Cheese-Muffins-Recipezaar-159249.s.jpg"
    ], 
    "sourceDisplayName": "Food.com", 
    "recipeName": "Orange  Cream Cheese Muffins", 
    "attributes": {
        "course": [
            "Breads"
        ]
    }, 
    "id": "Orange-Cream-Cheese-Muffins-Recipezaar"
}{
    "flavors": {
        "sweet": 0.6666666666666666, 
        "sour": 0.3333333333333333, 
        "salty": 0.3333333333333333, 
        "piquant": 0.0, 
        "bitter": 0.5, 
        "meaty": 0.8333333333333334
    }, 
    "rating": 5.0, 
    "totalTimeInSeconds": 2400.0, 
    "ingredients": [
        "brown sugar", 
        "egg", 
        "vegetable oil", 
        "salt", 
        "milk", 
        "baking powder", 
        "macadamia nuts", 
        "mashed banana", 
        "white flour", 
        "whole wheat flour"
    ], 
    "smallImageUrls": [
        "http://i.yummly.com/Banana-Macadamia-Nut-Muffins-Recipezaar-161081.s.jpg"
    ], 
    "sourceDisplayName": "Food.com", 
    "recipeName": "Banana Macadamia Nut Muffins", 
    "attributes": {
        "course": [
            "Breads", 
            "Breakfast and Brunch"
        ]
    }, 
    "id": "Banana-Macadamia-Nut-Muffins-Recipezaar"
}{
    "flavors": {
        "sweet": 0.8333333333333334, 
        "sour": 0.3333333333333333, 
        "salty": 0.3333333333333333, 
        "piquant": 0.0, 
        "bitter": 0.16666666666666666, 
        "meaty": 0.6666666666666666
    }, 
    "rating": 4.81, 
    "totalTimeInSeconds": 1800.0, 
    "ingredients": [
        "baking soda", 
        "milk", 
        "sugar", 
        "cream cheese", 
        "salt", 
        "all-purpose flour", 
        "baking powder", 
        "butter", 
        "eggs", 
        "vanilla extract", 
        "blueberries", 
        "lemon juice"
    ], 
    "smallImageUrls": [
        "http://i.yummly.com/Blueberry-Cream-Cheese-Muffins-Recipezaar_1-184904.s.jpg"
    ], 
    "sourceDisplayName": "Food.com", 
    "recipeName": "Blueberry Cream Cheese Muffins", 
    "attributes": {
        "course": [
            "Breads"
        ], 
        "cuisine": [
            "American", 
            "Southern & Soul Food"
        ]
    }, 
    "id": "Blueberry-Cream-Cheese-Muffins-Recipezaar_1"
}{
    "flavors": {
        "sweet": 0.8333333333333334, 
        "sour": 0.5, 
        "salty": 0.8333333333333334, 
        "piquant": 0.0, 
        "bitter": 0.6666666666666666, 
        "meaty": 0.5
    }, 
    "rating": 4.56, 
    "totalTimeInSeconds": 1800.0, 
    "ingredients": [
        "white flour", 
        "cardamom", 
        "brown sugar", 
        "baking soda", 
        "vegetable oil", 
        "baking powder", 
        "cinnamon", 
        "bananas", 
        "whole wheat flour", 
        "salt"
    ], 
    "smallImageUrls": [
        "http://i.yummly.com/Vegan-Banana-Muffins-Recipezaar-248492.s.jpg"
    ], 
    "sourceDisplayName": "Food.com", 
    "recipeName": "Vegan Banana Muffins", 
    "attributes": {
        "course": [
            "Breads", 
            "Breakfast and Brunch"
        ]
    }, 
    "id": "Vegan-Banana-Muffins-Recipezaar"
}{
    "flavors": {
        "sweet": 0.16666666666666666, 
        "sour": 0.16666666666666666, 
        "salty": 0.5, 
        "piquant": 0.5, 
        "bitter": 0.16666666666666666, 
        "meaty": 0.8333333333333334
    }, 
    "rating": 4.5, 
    "totalTimeInSeconds": 1200.0, 
    "ingredients": [
        "eggs", 
        "black pepper", 
        "italian seasoning", 
        "freshly grated parmesan", 
        "canadian bacon"
    ], 
    "smallImageUrls": [
        "http://i.yummly.com/South-Beach-Diet-Bacon-Egg-Muffins-Recipezaar-193290.s.jpg"
    ], 
    "sourceDisplayName": "Food.com", 
    "recipeName": "South Beach Diet Bacon Egg Muffins", 
    "attributes": {
        "course": [
            "Breakfast and Brunch"
        ]
    }, 
    "id": "South-Beach-Diet-Bacon-Egg-Muffins-Recipezaar"
}{
    "flavors": {
        "sweet": 1.0, 
        "sour": 0.5, 
        "salty": 0.3333333333333333, 
        "piquant": 0.0, 
        "bitter": 0.16666666666666666, 
        "meaty": 0.5
    }, 
    "rating": 4.16, 
    "totalTimeInSeconds": 1980.0, 
    "ingredients": [
        "flour", 
        "baking powder", 
        "vegetable oil", 
        "sugar", 
        "milk", 
        "mangoes", 
        "salt", 
        "egg"
    ], 
    "smallImageUrls": [
        "http://i.yummly.com/Mango-Muffins-Recipezaar_1-177763.s.jpg"
    ], 
    "sourceDisplayName": "Food.com", 
    "recipeName": "Mango Muffins", 
    "attributes": {
        "course": [
            "Breads"
        ]
    }, 
    "id": "Mango-Muffins-Recipezaar_1"
}{
    "flavors": {
        "sweet": 1.0, 
        "sour": 0.3333333333333333, 
        "salty": 0.6666666666666666, 
        "piquant": 0.0, 
        "bitter": 0.16666666666666666, 
        "meaty": 0.6666666666666666
    }, 
    "rating": 4.71, 
    "totalTimeInSeconds": 2100.0, 
    "ingredients": [
        "eggs", 
        "oil", 
        "baking soda", 
        "light brown sugar", 
        "peaches", 
        "vanilla", 
        "flour", 
        "salt", 
        "chopped almonds", 
        "cinnamon", 
        "sugar"
    ], 
    "smallImageUrls": [
        "http://i.yummly.com/Peach-Muffins-Recipezaar_1-14187.s.png", 
        "http://i.yummly.com/Peach-Muffins-Recipezaar_1-201890.s.jpg"
    ], 
    "sourceDisplayName": "Food.com", 
    "recipeName": "Peach Muffins", 
    "attributes": {
        "course": [
            "Breads", 
            "Breakfast and Brunch"
        ]
    }, 
    "id": "Peach-Muffins-Recipezaar_1"
}{
    "flavors": {
        "sweet": 1.0, 
        "sour": 0.16666666666666666, 
        "salty": 0.16666666666666666, 
        "piquant": 0.0, 
        "bitter": 1.0, 
        "meaty": 0.6666666666666666
    }, 
    "rating": 3.35, 
    "totalTimeInSeconds": 3600.0, 
    "ingredients": [
        "cream", 
        "chocolate chips", 
        "muffin", 
        "white chocolate chips", 
        "slivered almonds", 
        "candies"
    ], 
    "smallImageUrls": [], 
    "sourceDisplayName": "Food Network", 
    "recipeName": "Almond and Chocolate Clusters", 
    "attributes": {
        "course": [
            "Desserts"
        ], 
        "holiday": [
            "Christmas"
        ]
    }, 
    "id": "Almond-And-Chocolate-Clusters-Food-Network"
}{
    "flavors": {
        "sweet": 0.8333333333333334, 
        "sour": 0.3333333333333333, 
        "salty": 0.16666666666666666, 
        "piquant": 0.0, 
        "bitter": 0.8333333333333334, 
        "meaty": 0.5
    }, 
    "rating": 3.79, 
    "totalTimeInSeconds": 0, 
    "ingredients": [
        "salt", 
        "unsalted butter", 
        "dark brown sugar", 
        "dried date", 
        "cinnamon", 
        "rolled oats", 
        "double-acting baking powder", 
        "milk", 
        "beaten eggs", 
        "plain yogurt", 
        "all-purpose flour", 
        "toasted walnuts"
    ], 
    "smallImageUrls": [], 
    "sourceDisplayName": "Epicurious", 
    "recipeName": "Date and Oatmeal Yogurt Muffins", 
    "attributes": {
        "course": [
            "Breads", 
            "Breakfast and Brunch"
        ]
    }, 
    "id": "Date-And-Oatmeal-Yogurt-Muffins-Epicurious"
}{
    "flavors": {
        "sweet": 1.0, 
        "sour": 0.6666666666666666, 
        "salty": 0.3333333333333333, 
        "piquant": 0.0, 
        "bitter": 0.8333333333333334, 
        "meaty": 0.5
    }, 
    "rating": 0.0, 
    "totalTimeInSeconds": 3600.0, 
    "ingredients": [
        "blackberries", 
        "egg", 
        "baking powder", 
        "pumpkin pie spice", 
        "milk", 
        "turbinado", 
        "all-purpose flour", 
        "rolled oats", 
        "salt", 
        "melted butter", 
        "dark brown sugar", 
        "vanilla extract", 
        "baking soda"
    ], 
    "smallImageUrls": [
        "http://i.yummly.com/Blackberry-Muffins-AllRecipes-38879-83339.s.png", 
        "http://i.yummly.com/Blackberry-Muffins-AllRecipes-38879-83273.s.png"
    ], 
    "sourceDisplayName": "AllRecipes", 
    "recipeName": "Blackberry Muffins", 
    "attributes": {
        "course": [
            "Breads", 
            "Breakfast and Brunch"
        ], 
        "cuisine": [
            "American"
        ]
    }, 
    "id": "Blackberry-Muffins-AllRecipes-38879"
}{
    "flavors": {
        "sweet": 0.8333333333333334, 
        "sour": 0.3333333333333333, 
        "salty": 0.5, 
        "piquant": 0.0, 
        "bitter": 0.16666666666666666, 
        "meaty": 0.6666666666666666
    }, 
    "rating": 4.73, 
    "totalTimeInSeconds": 1800.0, 
    "ingredients": [
        "cornmeal", 
        "baking soda", 
        "flour", 
        "brown sugar", 
        "sugar", 
        "oil", 
        "egg", 
        "salt", 
        "buttermilk"
    ], 
    "smallImageUrls": [
        "http://i.yummly.com/Coffee-Shop-Cornbread-Muffins-Recipezaar-178932.s.jpg"
    ], 
    "sourceDisplayName": "Food.com", 
    "recipeName": "Coffee Shop Cornbread Muffins", 
    "attributes": {
        "course": [
            "Breads"
        ], 
        "holiday": [
            "Christmas"
        ]
    }, 
    "id": "Coffee-Shop-Cornbread-Muffins-Recipezaar"
}{
    "flavors": {
        "sweet": 1.0, 
        "sour": 0.16666666666666666, 
        "salty": 0.16666666666666666, 
        "piquant": 0.0, 
        "bitter": 0.3333333333333333, 
        "meaty": 0.5
    }, 
    "rating": 0.0, 
    "totalTimeInSeconds": 2100.0, 
    "ingredients": [
        "wheat flour", 
        "baking powder", 
        "white sugar", 
        "egg", 
        "salt", 
        "blueberries", 
        "milk", 
        "vegetable oil", 
        "unsweetened applesauce"
    ], 
    "smallImageUrls": [
        "http://i.yummly.com/Whole-Wheat-Blueberry-Muffins-AllRecipes-202396-90110.s.png", 
        "http://i.yummly.com/Whole-Wheat-Blueberry-Muffins-AllRecipes-202396-89733.s.png"
    ], 
    "sourceDisplayName": "AllRecipes", 
    "recipeName": "Whole Wheat Blueberry Muffins", 
    "attributes": {
        "course": [
            "Breads", 
            "Breakfast and Brunch"
        ]
    }, 
    "id": "Whole-Wheat-Blueberry-Muffins-AllRecipes-202396"
}{
    "flavors": {
        "sweet": 0.16666666666666666, 
        "sour": 0.6666666666666666, 
        "salty": 0.16666666666666666, 
        "piquant": 0.0, 
        "bitter": 0.16666666666666666, 
        "meaty": 0.5
    }, 
    "rating": 3.17, 
    "totalTimeInSeconds": 2100.0, 
    "ingredients": [
        "yellow cornmeal", 
        "baking powder", 
        "all-purpose flour", 
        "beaten eggs", 
        "sugar", 
        "orange peel", 
        "milk", 
        "salt", 
        "vegetable oil"
    ], 
    "smallImageUrls": [
        "http://i.yummly.com/Orange-Corn-Muffins-Allrecipes-59916.s.png"
    ], 
    "sourceDisplayName": "Taste of Home", 
    "recipeName": "Orange Corn Muffins", 
    "attributes": {
        "course": [
            "Breads"
        ]
    }, 
    "id": "Orange-Corn-Muffins-TasteOfHome"
}{
    "flavors": {
        "sweet": 1.0, 
        "sour": 0.6666666666666666, 
        "salty": 0.8333333333333334, 
        "piquant": 0.0, 
        "bitter": 0.5, 
        "meaty": 0.8333333333333334
    }, 
    "rating": 4.85, 
    "totalTimeInSeconds": 1800.0, 
    "ingredients": [
        "baking powder", 
        "all-purpose flour", 
        "sugar", 
        "blueberries", 
        "vegetable oil", 
        "sour cream", 
        "vanilla", 
        "eggs", 
        "baking soda", 
        "salt"
    ], 
    "smallImageUrls": [
        "http://i.yummly.com/Blueberry-Cream-Muffins-Recipezaar-250530.s.jpg"
    ], 
    "sourceDisplayName": "Food.com", 
    "recipeName": "Blueberry Cream Muffins", 
    "attributes": {
        "course": [
            "Breads", 
            "Breakfast and Brunch", 
            "Lunch and Snacks"
        ]
    }, 
    "id": "Blueberry-Cream-Muffins-Recipezaar"
}{
    "flavors": {
        "sweet": 0.8333333333333334, 
        "sour": 0.3333333333333333, 
        "salty": 0.3333333333333333, 
        "piquant": 0.0, 
        "bitter": 0.6666666666666666, 
        "meaty": 0.5
    }, 
    "rating": 4.78, 
    "totalTimeInSeconds": 1800.0, 
    "ingredients": [
        "baking soda", 
        "unsweetened applesauce", 
        "flour", 
        "chocolate chips", 
        "whole wheat flour", 
        "baking powder", 
        "sugar", 
        "bananas", 
        "vanilla extract", 
        "egg"
    ], 
    "smallImageUrls": [
        "http://i.yummly.com/Low-Fat-Chocolate-Chip-Banana-Muffins-Recipezaar-195123.s.jpg"
    ], 
    "sourceDisplayName": "Food.com", 
    "recipeName": "Low Fat Chocolate Chip Banana Muffins", 
    "attributes": {
        "course": [
            "Breads", 
            "Breakfast and Brunch", 
            "Lunch and Snacks"
        ]
    }, 
    "id": "Low-Fat-Chocolate-Chip-Banana-Muffins-Recipezaar"
}{
    "flavors": {
        "sweet": 0.3333333333333333, 
        "sour": 0.3333333333333333, 
        "salty": 0.5, 
        "piquant": 0.0, 
        "bitter": 0.5, 
        "meaty": 0.3333333333333333
    }, 
    "rating": 0.0, 
    "totalTimeInSeconds": 0, 
    "ingredients": [
        "tomato", 
        "olive oil", 
        "mozzarella", 
        "english muffins", 
        "kosher salt", 
        "eggs", 
        "oregano"
    ], 
    "smallImageUrls": [
        "http://i.yummly.com/English_muffin-Egg-Pizzas-My-Recipes-134779.s.png"
    ], 
    "sourceDisplayName": "MyRecipes", 
    "recipeName": "English-Muffin Egg Pizzas", 
    "attributes": {
        "course": [
            "Breakfast and Brunch"
        ]
    }, 
    "id": "English_muffin-Egg-Pizzas-My-Recipes"
}{
    "flavors": {
        "sweet": 0.8333333333333334, 
        "sour": 0.6666666666666666, 
        "salty": 1.0, 
        "piquant": 0.0, 
        "bitter": 0.6666666666666666, 
        "meaty": 0.5
    }, 
    "rating": 4.13, 
    "totalTimeInSeconds": 1800.0, 
    "ingredients": [
        "self rising flour", 
        "vanilla ice cream"
    ], 
    "smallImageUrls": [
        "http://i.yummly.com/Ice-Cream-Muffins-Allrecipes-90290.s.png", 
        "http://i.yummly.com/Ice-Cream-Muffins-Allrecipes-89896.s.png"
    ], 
    "sourceDisplayName": "AllRecipes", 
    "recipeName": "Ice Cream Muffins", 
    "attributes": {
        "course": [
            "Breads", 
            "Lunch and Snacks"
        ]
    }, 
    "id": "Ice-Cream-Muffins-Allrecipes"
}{
    "flavors": {
        "sweet": 1.0, 
        "sour": 0.5, 
        "salty": 0.8333333333333334, 
        "piquant": 0.0, 
        "bitter": 0.3333333333333333, 
        "meaty": 0.6666666666666666
    }, 
    "rating": 4.9, 
    "totalTimeInSeconds": 2700.0, 
    "ingredients": [
        "baking soda", 
        "salt", 
        "eggs", 
        "flour", 
        "raisins", 
        "pumpkin pie spice", 
        "sugar", 
        "oil", 
        "water", 
        "baking powder", 
        "pumpkin"
    ], 
    "smallImageUrls": [
        "http://i.yummly.com/Pumpkin-Raisin-Muffins-Recipezaar_2-188061.s.jpg"
    ], 
    "sourceDisplayName": "Food.com", 
    "recipeName": "Pumpkin Raisin Muffins", 
    "attributes": {
        "course": [
            "Breads"
        ]
    }, 
    "id": "Pumpkin-Raisin-Muffins-Recipezaar_2"
}{
    "flavors": {
        "sweet": 1.0, 
        "sour": 0.5, 
        "salty": 0.5, 
        "piquant": 0.0, 
        "bitter": 0.5, 
        "meaty": 0.6666666666666666
    }, 
    "rating": 4.88, 
    "totalTimeInSeconds": 2400.0, 
    "ingredients": [
        "strawberries", 
        "all-purpose flour", 
        "baking powder", 
        "all-purpose flour", 
        "strawberries", 
        "granulated sugar", 
        "toasted pecans", 
        "melted butter", 
        "confectioners' sugar", 
        "vanilla extract", 
        "softened butter", 
        "beaten eggs", 
        "melted butter", 
        "brown sugar", 
        "flour", 
        "toasted pecans", 
        "milk"
    ], 
    "smallImageUrls": [
        "http://i.yummly.com/Strawberry-Sweetheart-Streusel-Muffins-RecipeZaar-59850-219730.s.jpg"
    ], 
    "sourceDisplayName": "Food.com", 
    "recipeName": "Strawberry Sweetheart Streusel Muffins", 
    "attributes": {
        "course": [
            "Breads"
        ]
    }, 
    "id": "Strawberry-Sweetheart-Streusel-Muffins-RecipeZaar-59850"
}{
    "flavors": {
        "sweet": 0.8333333333333334, 
        "sour": 0.16666666666666666, 
        "salty": 0.5, 
        "piquant": 0.0, 
        "bitter": 0.3333333333333333, 
        "meaty": 0.6666666666666666
    }, 
    "rating": 4.81, 
    "totalTimeInSeconds": 2100.0, 
    "ingredients": [
        "honey", 
        "egg", 
        "baking soda", 
        "unsalted butter", 
        "cinnamon", 
        "vegetables", 
        "whole wheat flour", 
        "soy flour", 
        "vanilla", 
        "brown sugar", 
        "salt"
    ], 
    "smallImageUrls": [
        "http://i2.yummly.com/Kid-Friendly-Veggie-Muffins_-Recipezaar.s.png", 
        "http://i.yummly.com/Kid-Friendly-Veggie-Muffins_-Recipezaar-196048.s.jpg"
    ], 
    "sourceDisplayName": "Food.com", 
    "recipeName": "Kid Friendly Veggie Muffins!", 
    "attributes": {
        "course": [
            "Breakfast and Brunch", 
            "Lunch and Snacks"
        ]
    }, 
    "id": "Kid-Friendly-Veggie-Muffins_-Recipezaar"
}{
    "flavors": {
        "sweet": 0.6666666666666666, 
        "sour": 0.6666666666666666, 
        "salty": 1.0, 
        "piquant": 0.0, 
        "bitter": 0.6666666666666666, 
        "meaty": 0.5
    }, 
    "rating": 4.14, 
    "totalTimeInSeconds": 2280.0, 
    "ingredients": [
        "milk", 
        "baking soda", 
        "fully cooked ham", 
        "self rising flour", 
        "cheese", 
        "mayonnaise", 
        "shredded cheddar cheese"
    ], 
    "smallImageUrls": [
        "http://i.yummly.com/Ham-And-Cheese-Muffins-Recipezaar_3-250285.s.jpg"
    ], 
    "sourceDisplayName": "Food.com", 
    "recipeName": "Ham and Cheese Muffins", 
    "attributes": {
        "course": [
            "Breads", 
            "Breakfast and Brunch", 
            "Lunch and Snacks"
        ], 
        "holiday": [
            "Game Day"
        ], 
        "cuisine": [
            "American"
        ]
    }, 
    "id": "Ham-And-Cheese-Muffins-Recipezaar_3"
}{
    "flavors": {
        "sweet": 0.6666666666666666, 
        "sour": 0.16666666666666666, 
        "salty": 0.6666666666666666, 
        "piquant": 0.0, 
        "bitter": 0.16666666666666666, 
        "meaty": 1.0
    }, 
    "rating": 5.0, 
    "totalTimeInSeconds": 2100.0, 
    "ingredients": [
        "egg", 
        "water", 
        "shredded cheddar cheese", 
        "barbecue sauce", 
        "ground beef", 
        "stuffing"
    ], 
    "smallImageUrls": [
        "http://i.yummly.com/Bbq-Cheddar-Mini-Meatloaf-_muffins_-Recipezaar-193429.s.jpg"
    ], 
    "sourceDisplayName": "Food.com", 
    "recipeName": "BBQ Cheddar Mini Meatloaf \"muffins\"", 
    "attributes": {
        "course": [
            "Main Dishes"
        ]
    }, 
    "id": "Bbq-Cheddar-Mini-Meatloaf-_muffins_-Recipezaar"
}{
    "flavors": {
        "sweet": 0.5, 
        "sour": 0.3333333333333333, 
        "salty": 0.8333333333333334, 
        "piquant": 0.0, 
        "bitter": 1.0, 
        "meaty": 0.8333333333333334
    }, 
    "rating": 4.0, 
    "totalTimeInSeconds": 1320.0, 
    "ingredients": [
        "garlic salt", 
        "crabmeat", 
        "english muffins", 
        "butter", 
        "miracle whip", 
        "cheese"
    ], 
    "smallImageUrls": [], 
    "sourceDisplayName": "Food.com", 
    "recipeName": "Crab Meat Muffins", 
    "attributes": {
        "course": [
            "Appetizers"
        ]
    }, 
    "id": "Crab-Meat-Muffins-Recipezaar"
}{
    "flavors": {
        "sweet": 0.16666666666666666, 
        "sour": 0.3333333333333333, 
        "salty": 0.6666666666666666, 
        "piquant": 0.0, 
        "bitter": 0.16666666666666666, 
        "meaty": 0.6666666666666666
    }, 
    "rating": 5.0, 
    "totalTimeInSeconds": 1800.0, 
    "ingredients": [
        "water", 
        "powdered sugar", 
        "eggs", 
        "brownie mix", 
        "vegetable oil", 
        "chocolate frosting", 
        "splenda", 
        "reduced fat cream cheese"
    ], 
    "smallImageUrls": [
        "http://i2.yummly.com/Brownie-Cheesecake-Muffins-Recipezaar.s.png", 
        "http://i.yummly.com/Brownie-Cheesecake-Muffins-Recipezaar-217026.s.jpg"
    ], 
    "sourceDisplayName": "Food.com", 
    "recipeName": "Brownie Cheesecake Muffins", 
    "attributes": {}, 
    "id": "Brownie-Cheesecake-Muffins-Recipezaar"
}{
    "flavors": null, 
    "rating": 4.0, 
    "totalTimeInSeconds": 1440.0, 
    "ingredients": [
        "corn", 
        "brown sugar", 
        "hot dogs", 
        "cooking spray", 
        "egg substitute", 
        "skim milk", 
        "corn muffin"
    ], 
    "smallImageUrls": [], 
    "sourceDisplayName": "Food.com", 
    "recipeName": "Corny Dog Muffins", 
    "attributes": {
        "course": [
            "Breads", 
            "Lunch and Snacks"
        ]
    }, 
    "id": "Corny-Dog-Muffins-Recipezaar"
}{
    "flavors": {
        "sweet": 0.8333333333333334, 
        "sour": 0.3333333333333333, 
        "salty": 0.6666666666666666, 
        "piquant": 0.0, 
        "bitter": 0.16666666666666666, 
        "meaty": 0.3333333333333333
    }, 
    "rating": 4.89, 
    "totalTimeInSeconds": 2100.0, 
    "ingredients": [
        "baking soda", 
        "flour", 
        "melted butter", 
        "egg", 
        "baking powder", 
        "salt", 
        "sugar", 
        "bananas"
    ], 
    "smallImageUrls": [
        "http://i.yummly.com/Best-Ever-Banana-Muffins-Recipezaar_2-184966.s.jpg"
    ], 
    "sourceDisplayName": "Food.com", 
    "recipeName": "Best Ever Banana Muffins", 
    "attributes": {
        "course": [
            "Breads", 
            "Breakfast and Brunch"
        ]
    }, 
    "id": "Best-Ever-Banana-Muffins-Recipezaar_2"
}{
    "flavors": {
        "sweet": 0.3333333333333333, 
        "sour": 0.6666666666666666, 
        "salty": 1.0, 
        "piquant": 0.0, 
        "bitter": 0.3333333333333333, 
        "meaty": 0.8333333333333334
    }, 
    "rating": 3.82, 
    "totalTimeInSeconds": 0, 
    "ingredients": [
        "vegetable oil", 
        "all-purpose flour", 
        "cinnamon", 
        "salt", 
        "bran cereal", 
        "sugar", 
        "buttermilk", 
        "beaten eggs", 
        "all-purpose flour", 
        "baking soda", 
        "vanilla", 
        "cream cheese", 
        "grated nutmeg", 
        "sugar", 
        "raisins"
    ], 
    "smallImageUrls": [], 
    "sourceDisplayName": "Epicurious", 
    "recipeName": "Bran Surprise Muffins", 
    "attributes": {
        "course": [
            "Breads"
        ]
    }, 
    "id": "Bran-Surprise-Muffins-Epicurious-50078"
}{
    "flavors": {
        "sweet": 0.6666666666666666, 
        "sour": 0.3333333333333333, 
        "salty": 1.0, 
        "piquant": 0.0, 
        "bitter": 0.8333333333333334, 
        "meaty": 0.6666666666666666
    }, 
    "rating": 0.0, 
    "totalTimeInSeconds": 1200.0, 
    "ingredients": [
        "green onion", 
        "cheddar cheese", 
        "english muffins", 
        "curry powder", 
        "green olives", 
        "mayonnaise"
    ], 
    "smallImageUrls": [
        "http://i.yummly.com/Toasted-English-Muffins-With-Cheese-Recipezaar-150033.s.jpg"
    ], 
    "sourceDisplayName": "Food.com", 
    "recipeName": "Toasted English Muffins With Cheese", 
    "attributes": {
        "course": [
            "Appetizers", 
            "Lunch and Snacks"
        ]
    }, 
    "id": "Toasted-English-Muffins-With-Cheese-Recipezaar"
}{
    "flavors": {
        "sweet": 1.0, 
        "sour": 0.16666666666666666, 
        "salty": 0.16666666666666666, 
        "piquant": 0.0, 
        "bitter": 0.5, 
        "meaty": 0.3333333333333333
    }, 
    "rating": 3.5, 
    "totalTimeInSeconds": 0, 
    "ingredients": [
        "eggs", 
        "flour", 
        "unsalted butter", 
        "toasted pecans", 
        "salt", 
        "boiling water", 
        "medjool date", 
        "dark brown sugar", 
        "baking powder", 
        "brown sugar", 
        "unsalted butter", 
        "rolled oats", 
        "vanilla", 
        "flour"
    ], 
    "smallImageUrls": [
        "http://i.yummly.com/Let_s-Make-A-Date-Muffins-Epicurious-46931.s.png"
    ], 
    "sourceDisplayName": "Epicurious", 
    "recipeName": "Let's Make a Date Muffins", 
    "attributes": {
        "course": [
            "Breads", 
            "Breakfast and Brunch"
        ]
    }, 
    "id": "Let_s-Make-A-Date-Muffins-Epicurious"
}{
    "flavors": {
        "sweet": 0.16666666666666666, 
        "sour": 0.16666666666666666, 
        "salty": 1.0, 
        "piquant": 0.5, 
        "bitter": 0.6666666666666666, 
        "meaty": 0.8333333333333334
    }, 
    "rating": 0.0, 
    "totalTimeInSeconds": 0, 
    "ingredients": [
        "fresh dill", 
        "egg substitute", 
        "ground red pepper", 
        "english muffins", 
        "butter", 
        "fresh lemon juice", 
        "canadian bacon", 
        "mushroom caps", 
        "green onions", 
        "part-skim mozzarella cheese", 
        "cooking spray"
    ], 
    "smallImageUrls": [
        "http://i.yummly.com/Mckerr-Muffins-My-Recipes-118058.s.png"
    ], 
    "sourceDisplayName": "MyRecipes", 
    "recipeName": "McKerr Muffins", 
    "attributes": {
        "course": [
            "Breakfast and Brunch"
        ], 
        "cuisine": [
            "American"
        ]
    }, 
    "id": "Mckerr-Muffins-My-Recipes"
}{
    "flavors": {
        "sweet": 0.16666666666666666, 
        "sour": 0.16666666666666666, 
        "salty": 0.16666666666666666, 
        "piquant": 0.0, 
        "bitter": 0.16666666666666666, 
        "meaty": 0.16666666666666666
    }, 
    "rating": 4.7, 
    "totalTimeInSeconds": 2100.0, 
    "ingredients": [
        "vanilla", 
        "baking soda", 
        "applesauce", 
        "cinnamon", 
        "flour", 
        "eggs", 
        "allspice", 
        "softened butter", 
        "chopped walnuts", 
        "clove", 
        "sugar"
    ], 
    "smallImageUrls": [
        "http://i.yummly.com/Applesauce-Muffins-Food_com-153095-210502.s.jpg"
    ], 
    "sourceDisplayName": "Food.com", 
    "recipeName": "Applesauce Muffins", 
    "attributes": {
        "course": [
            "Breads", 
            "Breakfast and Brunch", 
            "Lunch and Snacks"
        ]
    }, 
    "id": "Applesauce-Muffins-Food_com-153095"
}{
    "flavors": {
        "sweet": 0.16666666666666666, 
        "sour": 0.3333333333333333, 
        "salty": 0.16666666666666666, 
        "piquant": 0.0, 
        "bitter": 0.16666666666666666, 
        "meaty": 0.6666666666666666
    }, 
    "rating": 0.0, 
    "totalTimeInSeconds": 0, 
    "ingredients": [
        "coarse salt", 
        "unsalted butter", 
        "russet potatoes", 
        "ground pepper", 
        "heavy cream"
    ], 
    "smallImageUrls": [
        "http://i.yummly.com/Muffin-Pan-Potato-Gratins-Martha-Stewart-193391-107068.s.png"
    ], 
    "sourceDisplayName": "Martha Stewart", 
    "recipeName": "Muffin-Pan Potato Gratins", 
    "attributes": {
        "course": [
            "Side Dishes"
        ]
    }, 
    "id": "Muffin-Pan-Potato-Gratins-Martha-Stewart-193391"
}{
    "flavors": {
        "sweet": 0.6666666666666666, 
        "sour": 0.16666666666666666, 
        "salty": 0.8333333333333334, 
        "piquant": 0.8333333333333334, 
        "bitter": 0.3333333333333333, 
        "meaty": 0.8333333333333334
    }, 
    "rating": 4.0, 
    "totalTimeInSeconds": 1200.0, 
    "ingredients": [
        "tabasco sauce", 
        "miracle whip", 
        "english muffins", 
        "cheddar cheese", 
        "bacon", 
        "green onion"
    ], 
    "smallImageUrls": [], 
    "sourceDisplayName": "Food.com", 
    "recipeName": "Cheesy English Muffins", 
    "attributes": {
        "course": [
            "Appetizers"
        ]
    }, 
    "id": "Cheesy-English-Muffins-Recipezaar"
}{
    "flavors": {
        "sweet": 0.8333333333333334, 
        "sour": 0.5, 
        "salty": 0.3333333333333333, 
        "piquant": 0.0, 
        "bitter": 0.16666666666666666, 
        "meaty": 0.3333333333333333
    }, 
    "rating": 0.0, 
    "totalTimeInSeconds": 0, 
    "ingredients": [
        "sanding sugar", 
        "grated orange", 
        "unsalted butter", 
        "baking powder", 
        "eggs", 
        "salt", 
        "ground cinnamon", 
        "blueberries", 
        "low-fat buttermilk", 
        "granulated sugar", 
        "baking soda", 
        "cornmeal", 
        "nonstick cooking spray", 
        "all-purpose flour"
    ], 
    "smallImageUrls": [
        "http://i.yummly.com/Blueberry-Cornmeal-Muffins-Martha-Stewart-191548-103574.s.png"
    ], 
    "sourceDisplayName": "Martha Stewart", 
    "recipeName": "Blueberry-Cornmeal Muffins", 
    "attributes": {
        "course": [
            "Breads"
        ], 
        "cuisine": [
            "American"
        ]
    }, 
    "id": "Blueberry-Cornmeal-Muffins-Martha-Stewart-191548"
}{
    "flavors": {
        "sweet": 0.5, 
        "sour": 0.3333333333333333, 
        "salty": 1.0, 
        "piquant": 0.0, 
        "bitter": 0.6666666666666666, 
        "meaty": 0.8333333333333334
    }, 
    "rating": 5.0, 
    "totalTimeInSeconds": 1500.0, 
    "ingredients": [
        "onion", 
        "italian sausage", 
        "green peppers", 
        "large eggs", 
        "parmesan cheese"
    ], 
    "smallImageUrls": [
        "http://i.yummly.com/South-Beach-Diet-Sausage-Veggie-Breakfast-Muffins-Recipezaar-251779.s.jpg"
    ], 
    "sourceDisplayName": "Food.com", 
    "recipeName": "South Beach Diet Sausage Veggie Breakfast Muffins", 
    "attributes": {
        "course": [
            "Breakfast and Brunch"
        ]
    }, 
    "id": "South-Beach-Diet-Sausage-Veggie-Breakfast-Muffins-Recipezaar"
}{
    "flavors": null, 
    "rating": 4.14, 
    "totalTimeInSeconds": 1500.0, 
    "ingredients": [
        "bacon bits", 
        "eggs", 
        "shredded mozzarella", 
        "chicken flavor stuffing mix"
    ], 
    "smallImageUrls": [
        "http://i.yummly.com/Stuffin_-Egg-Muffins-Recipezaar-193457.s.jpg"
    ], 
    "sourceDisplayName": "Food.com", 
    "recipeName": "Stuffin' Egg Muffins", 
    "attributes": {
        "course": [
            "Breakfast and Brunch"
        ]
    }, 
    "id": "Stuffin_-Egg-Muffins-Recipezaar"
}{
    "flavors": {
        "sweet": 1.0, 
        "sour": 0.5, 
        "salty": 0.6666666666666666, 
        "piquant": 0.0, 
        "bitter": 0.16666666666666666, 
        "meaty": 0.6666666666666666
    }, 
    "rating": 4.63, 
    "totalTimeInSeconds": 2400.0, 
    "ingredients": [
        "buttermilk", 
        "sugar", 
        "vanilla", 
        "large eggs", 
        "cinnamon", 
        "salt", 
        "blueberries", 
        "baking soda", 
        "all-purpose flour", 
        "grated lemon zest", 
        "baking powder", 
        "butter"
    ], 
    "smallImageUrls": [
        "http://i.yummly.com/Kittencal_s-Muffin-Shop-Jumbo-Blueberry-Or-Strawberry-Muffins-Recipezaar-17408.s.png", 
        "http://i.yummly.com/Kittencal_s-Muffin-Shop-Jumbo-Blueberry-Or-Strawberry-Muffins-Recipezaar-154339.s.jpg"
    ], 
    "sourceDisplayName": "Food.com", 
    "recipeName": "Kittencal's Muffin Shop Jumbo Blueberry or Strawberry Muffins", 
    "attributes": {
        "course": [
            "Breads"
        ], 
        "holiday": [
            "Christmas"
        ]
    }, 
    "id": "Kittencal_s-Muffin-Shop-Jumbo-Blueberry-Or-Strawberry-Muffins-Recipezaar"
}{
    "flavors": {
        "sweet": 1.0, 
        "sour": 0.5, 
        "salty": 0.6666666666666666, 
        "piquant": 0.0, 
        "bitter": 0.6666666666666666, 
        "meaty": 0.6666666666666666
    }, 
    "rating": 0.0, 
    "totalTimeInSeconds": 0, 
    "ingredients": [
        "salt", 
        "coconut flakes", 
        "eggs", 
        "sugar", 
        "baking powder", 
        "juice", 
        "baking soda", 
        "greek yogurt", 
        "all purpose flour", 
        "unsalted butter"
    ], 
    "smallImageUrls": [
        "http://i.yummly.com/Coconut-key-lime-muffins-308571-272651.s.jpg"
    ], 
    "sourceDisplayName": "Serious Eats", 
    "recipeName": "Coconut Key Lime Muffins", 
    "attributes": {}, 
    "id": "Coconut-key-lime-muffins-308571"
}{
    "flavors": {
        "sweet": 0.8333333333333334, 
        "sour": 0.3333333333333333, 
        "salty": 1.0, 
        "piquant": 0.0, 
        "bitter": 0.6666666666666666, 
        "meaty": 0.5
    }, 
    "rating": 0.0, 
    "totalTimeInSeconds": 0, 
    "ingredients": [
        "baking powder", 
        "candy corn", 
        "milk", 
        "salt", 
        "yellow cornmeal", 
        "melted butter", 
        "sugar", 
        "eggs", 
        "flour", 
        "baking soda"
    ], 
    "smallImageUrls": [
        "http://i.yummly.com/Candy-corn-muffins-304811-268453.s.jpg"
    ], 
    "sourceDisplayName": "Serious Eats", 
    "recipeName": "Candy Corn Muffins", 
    "attributes": {}, 
    "id": "Candy-corn-muffins-304811"
}{
    "flavors": {
        "sweet": 0.16666666666666666, 
        "sour": 0.5, 
        "salty": 0.5, 
        "piquant": 0.0, 
        "bitter": 0.16666666666666666, 
        "meaty": 0.5
    }, 
    "rating": 4.0, 
    "totalTimeInSeconds": 0, 
    "ingredients": [
        "salt", 
        "prunes", 
        "baking soda", 
        "buttermilk", 
        "quick-cooking rolled oats", 
        "double-acting baking powder", 
        "unsalted butter", 
        "all-purpose flour", 
        "beaten eggs", 
        "molasses", 
        "sugar"
    ], 
    "smallImageUrls": [], 
    "sourceDisplayName": "Epicurious", 
    "recipeName": "Oatmeal and Prune Muffins", 
    "attributes": {
        "course": [
            "Breads"
        ]
    }, 
    "id": "Oatmeal-And-Prune-Muffins-Epicurious"
}{
    "flavors": {
        "sweet": 0.8333333333333334, 
        "sour": 0.5, 
        "salty": 0.8333333333333334, 
        "piquant": 0.0, 
        "bitter": 0.5, 
        "meaty": 0.5
    }, 
    "rating": 0.0, 
    "totalTimeInSeconds": 2700.0, 
    "ingredients": [
        "coarse salt", 
        "nonfat buttermilk", 
        "corn kernels", 
        "jalapenos", 
        "light brown sugar", 
        "yellow cornmeal", 
        "unsalted butter", 
        "all-purpose flour", 
        "unsalted butter", 
        "baking powder", 
        "sour cream", 
        "eggs"
    ], 
    "smallImageUrls": [
        "http://i.yummly.com/Jalapeno-Corn-Muffins-Martha-Stewart-107581.s.png"
    ], 
    "sourceDisplayName": "Martha Stewart", 
    "recipeName": "Jalapeno Corn Muffins", 
    "attributes": {
        "course": [
            "Breads"
        ], 
        "cuisine": [
            "American"
        ]
    }, 
    "id": "Jalapeno-Corn-Muffins-Martha-Stewart"
}{
    "flavors": {
        "sweet": 1.0, 
        "sour": 0.5, 
        "salty": 0.8333333333333334, 
        "piquant": 0.0, 
        "bitter": 0.6666666666666666, 
        "meaty": 0.6666666666666666
    }, 
    "rating": 4.97, 
    "totalTimeInSeconds": 3300.0, 
    "ingredients": [
        "baking soda", 
        "raisins", 
        "sugar", 
        "shredded carrots", 
        "all-purpose flour", 
        "chopped walnuts", 
        "apples", 
        "flaked coconut", 
        "eggs", 
        "salt", 
        "oil", 
        "cinnamon", 
        "vanilla extract"
    ], 
    "smallImageUrls": [
        "http://i.yummly.com/Morning-Glory-Muffins-Recipezaar_8-253775.s.jpg"
    ], 
    "sourceDisplayName": "Food.com", 
    "recipeName": "Morning Glory Muffins", 
    "attributes": {
        "course": [
            "Breads", 
            "Breakfast and Brunch", 
            "Lunch and Snacks"
        ], 
        "cuisine": [
            "Southern & Soul Food"
        ]
    }, 
    "id": "Morning-Glory-Muffins-Recipezaar_8"
}{
    "flavors": {
        "sweet": 0.8333333333333334, 
        "sour": 0.3333333333333333, 
        "salty": 0.6666666666666666, 
        "piquant": 0.0, 
        "bitter": 0.16666666666666666, 
        "meaty": 0.5
    }, 
    "rating": 4.75, 
    "totalTimeInSeconds": 1800.0, 
    "ingredients": [
        "sugar", 
        "bananas", 
        "salt", 
        "baking soda", 
        "egg", 
        "butter", 
        "baking powder", 
        "flour"
    ], 
    "smallImageUrls": [
        "http://i.yummly.com/Best-Ever-Banana-Muffins-Recipezaar-182843.s.jpg"
    ], 
    "sourceDisplayName": "Food.com", 
    "recipeName": "Best Ever Banana Muffins", 
    "attributes": {
        "course": [
            "Breads", 
            "Breakfast and Brunch"
        ]
    }, 
    "id": "Best-Ever-Banana-Muffins-Recipezaar"
}{
    "flavors": {
        "sweet": 0.6666666666666666, 
        "sour": 0.5, 
        "salty": 0.5, 
        "piquant": 0.0, 
        "bitter": 0.3333333333333333, 
        "meaty": 0.8333333333333334
    }, 
    "rating": 4.18, 
    "totalTimeInSeconds": 0, 
    "ingredients": [
        "sour cream", 
        "muffin", 
        "salt", 
        "poppy seeds", 
        "unsalted butter", 
        "black pepper", 
        "onions", 
        "eggs", 
        "egg noodles", 
        "cottage cheese"
    ], 
    "smallImageUrls": [
        "http://i.yummly.com/Browned-Onion-Kugels-Epicurious-44161.s.png"
    ], 
    "sourceDisplayName": "Epicurious", 
    "recipeName": "Browned Onion Kugels", 
    "attributes": {
        "course": [
            "Side Dishes"
        ]
    }, 
    "id": "Browned-Onion-Kugels-Epicurious"
}{
    "flavors": {
        "sweet": 0.3333333333333333, 
        "sour": 0.0, 
        "salty": 0.3333333333333333, 
        "piquant": 0.0, 
        "bitter": 0.16666666666666666, 
        "meaty": 0.3333333333333333
    }, 
    "rating": 5.0, 
    "totalTimeInSeconds": 2400.0, 
    "ingredients": [
        "flour", 
        "baking powder", 
        "cream cheese", 
        "salt", 
        "eggs", 
        "butter", 
        "sugar", 
        "buttermilk", 
        "blueberries"
    ], 
    "smallImageUrls": [
        "http://i.yummly.com/Blueberry-Muffins-Recipezaar_11-217954.s.jpg"
    ], 
    "sourceDisplayName": "Food.com", 
    "recipeName": "Blueberry Muffins", 
    "attributes": {
        "course": [
            "Breads", 
            "Breakfast and Brunch", 
            "Lunch and Snacks"
        ], 
        "cuisine": [
            "American"
        ]
    }, 
    "id": "Blueberry-Muffins-Recipezaar_11"
}{
    "flavors": {
        "sweet": 0.8333333333333334, 
        "sour": 0.5, 
        "salty": 0.3333333333333333, 
        "piquant": 0.0, 
        "bitter": 0.16666666666666666, 
        "meaty": 0.6666666666666666
    }, 
    "rating": 4.68, 
    "totalTimeInSeconds": 1800.0, 
    "ingredients": [
        "vanilla instant pudding mix", 
        "egg", 
        "juice", 
        "brown sugar", 
        "baking soda", 
        "flour", 
        "baking powder", 
        "sour cream", 
        "oil"
    ], 
    "smallImageUrls": [
        "http://i.yummly.com/Pineapple-Cream-Muffins-Recipezaar-185093.s.jpg"
    ], 
    "sourceDisplayName": "Food.com", 
    "recipeName": "Pineapple Cream Muffins", 
    "attributes": {
        "course": [
            "Breads"
        ]
    }, 
    "id": "Pineapple-Cream-Muffins-Recipezaar"
}{
    "flavors": {
        "sweet": 0.6666666666666666, 
        "sour": 0.5, 
        "salty": 0.16666666666666666, 
        "piquant": 0.0, 
        "bitter": 0.16666666666666666, 
        "meaty": 0.3333333333333333
    }, 
    "rating": 0.0, 
    "totalTimeInSeconds": 0, 
    "ingredients": [
        "baking powder", 
        "egg", 
        "salt", 
        "milk", 
        "yellow cornmeal", 
        "brown sugar", 
        "plain yogurt", 
        "pecan halves", 
        "cooking spray", 
        "unsalted butter", 
        "all-purpose flour"
    ], 
    "smallImageUrls": [
        "http://i.yummly.com/Pecan-Cornmeal-Muffins-Martha-Stewart-193350-107001.s.png"
    ], 
    "sourceDisplayName": "Martha Stewart", 
    "recipeName": "Pecan Cornmeal Muffins", 
    "attributes": {
        "course": [
            "Breads"
        ], 
        "cuisine": [
            "American"
        ]
    }, 
    "id": "Pecan-Cornmeal-Muffins-Martha-Stewart-193350"
}{
    "flavors": null, 
    "rating": 5.0, 
    "totalTimeInSeconds": 1200.0, 
    "ingredients": [
        "olives", 
        "pepperoni", 
        "onion", 
        "green pepper", 
        "monterey jack cheese", 
        "pizza sauce", 
        "english muffins"
    ], 
    "smallImageUrls": [
        "http://i.yummly.com/English-Muffin-Pizza-Recipezaar-171111.s.jpg"
    ], 
    "sourceDisplayName": "Food.com", 
    "recipeName": "English Muffin Pizza", 
    "attributes": {
        "course": [
            "Appetizers", 
            "Lunch and Snacks"
        ]
    }, 
    "id": "English-Muffin-Pizza-Recipezaar"
}{
    "flavors": {
        "sweet": 1.0, 
        "sour": 0.5, 
        "salty": 0.5, 
        "piquant": 0.0, 
        "bitter": 1.0, 
        "meaty": 0.5
    }, 
    "rating": 0.0, 
    "totalTimeInSeconds": 5400.0, 
    "ingredients": [
        "bananas", 
        "egg", 
        "unsalted butter", 
        "vanilla extract", 
        "white sugar", 
        "salt", 
        "whiskey", 
        "all-purpose flour", 
        "chocolate chips", 
        "flaked coconut", 
        "baking soda"
    ], 
    "smallImageUrls": [
        "http://i.yummly.com/Drunk-Monkey-Muffins-AllRecipes-38264-68003.s.png"
    ], 
    "sourceDisplayName": "AllRecipes", 
    "recipeName": "Drunk Monkey Muffins", 
    "attributes": {
        "course": [
            "Breads"
        ]
    }, 
    "id": "Drunk-Monkey-Muffins-AllRecipes-38264"
}{
    "flavors": {
        "sweet": 0.8333333333333334, 
        "sour": 0.3333333333333333, 
        "salty": 0.6666666666666666, 
        "piquant": 0.0, 
        "bitter": 0.5, 
        "meaty": 0.6666666666666666
    }, 
    "rating": 4.77, 
    "totalTimeInSeconds": 1800.0, 
    "ingredients": [
        "eggs", 
        "cinnamon", 
        "raisins", 
        "brown sugar", 
        "apple", 
        "salt", 
        "baking powder", 
        "milk", 
        "carrot", 
        "oatmeal", 
        "baking soda", 
        "flax seed", 
        "vanilla", 
        "whole wheat flour"
    ], 
    "smallImageUrls": [
        "http://i.yummly.com/Whole-Grain-Health-Muffins-Recipezaar-187917.s.jpg"
    ], 
    "sourceDisplayName": "Food.com", 
    "recipeName": "Whole Grain Health Muffins", 
    "attributes": {
        "course": [
            "Breads", 
            "Breakfast and Brunch"
        ]
    }, 
    "id": "Whole-Grain-Health-Muffins-Recipezaar"
}{
    "flavors": {
        "sweet": 0.0, 
        "sour": 0.5, 
        "salty": 0.16666666666666666, 
        "piquant": 0.0, 
        "bitter": 0.16666666666666666, 
        "meaty": 0.5
    }, 
    "rating": 4.17, 
    "totalTimeInSeconds": 0, 
    "ingredients": [
        "yellow cornmeal", 
        "egg", 
        "unsalted butter", 
        "salt", 
        "green pumpkin seeds", 
        "milk", 
        "all-purpose flour", 
        "jalapeno chile", 
        "cheddar", 
        "baking powder"
    ], 
    "smallImageUrls": [], 
    "sourceDisplayName": "Epicurious", 
    "recipeName": "Pumpkin-Seed Cheddar Corn Muffins", 
    "attributes": {
        "course": [
            "Breads"
        ], 
        "holiday": [
            "Thanksgiving"
        ], 
        "cuisine": [
            "Southern & Soul Food"
        ]
    }, 
    "id": "Pumpkin_seed-Cheddar-Corn-Muffins-Epicurious"
}{
    "flavors": {
        "sweet": 0.6666666666666666, 
        "sour": 0.5, 
        "salty": 0.5, 
        "piquant": 0.0, 
        "bitter": 0.5, 
        "meaty": 0.16666666666666666
    }, 
    "rating": 0.0, 
    "totalTimeInSeconds": 2100.0, 
    "ingredients": [
        "skim milk", 
        "whole wheat flour", 
        "corn flakes or bran flakes cereal, crushed", 
        "granny smith apple", 
        "large eggs", 
        "firmly packed brown sugar", 
        "banana", 
        "skippy creamy peanut butter", 
        "all-purpose flour", 
        "egg whites", 
        "salt", 
        "baking powder"
    ], 
    "smallImageUrls": [
        "http://i.yummly.com/Morning-peanut-butter-_-apple-muffins-298788-267391.s.jpg"
    ], 
    "sourceDisplayName": "Skippy", 
    "recipeName": "Morning Peanut Butter &amp; Apple Muffins", 
    "attributes": {
        "course": [
            "Breads", 
            "Breakfast and Brunch", 
            "Lunch and Snacks"
        ]
    }, 
    "id": "Morning-peanut-butter-_-apple-muffins-298788"
}{
    "flavors": {
        "sweet": 1.0, 
        "sour": 0.3333333333333333, 
        "salty": 0.6666666666666666, 
        "piquant": 0.0, 
        "bitter": 0.3333333333333333, 
        "meaty": 0.6666666666666666
    }, 
    "rating": 4.82, 
    "totalTimeInSeconds": 3000.0, 
    "ingredients": [
        "vanilla", 
        "margarine", 
        "apples", 
        "flour", 
        "baking soda", 
        "egg", 
        "pecans", 
        "buttermilk", 
        "sugar", 
        "salt", 
        "corn oil", 
        "brown sugar"
    ], 
    "smallImageUrls": [
        "http://i.yummly.com/Apple-Muffins-Recipezaar_11-190683.s.jpg"
    ], 
    "sourceDisplayName": "Food.com", 
    "recipeName": "Apple Muffins", 
    "attributes": {
        "course": [
            "Breads", 
            "Breakfast and Brunch"
        ]
    }, 
    "id": "Apple-Muffins-Recipezaar_11"
}{
    "flavors": {
        "sweet": 0.8333333333333334, 
        "sour": 0.6666666666666666, 
        "salty": 0.5, 
        "piquant": 0.0, 
        "bitter": 0.6666666666666666, 
        "meaty": 0.5
    }, 
    "rating": 5.0, 
    "totalTimeInSeconds": 2100.0, 
    "ingredients": [
        "salt", 
        "sugar", 
        "whole berry cranberry sauce", 
        "oil", 
        "sugar", 
        "butter", 
        "baking powder", 
        "milk", 
        "all-purpose flour", 
        "eggs"
    ], 
    "smallImageUrls": [
        "http://i.yummly.com/Cranberry-Muffins-Recipezaar_2-203548.s.jpg"
    ], 
    "sourceDisplayName": "Food.com", 
    "recipeName": "Cranberry Muffins", 
    "attributes": {
        "course": [
            "Breads", 
            "Breakfast and Brunch"
        ], 
        "holiday": [
            "Thanksgiving"
        ]
    }, 
    "id": "Cranberry-Muffins-Recipezaar_2"
}{
    "flavors": {
        "sweet": 0.8333333333333334, 
        "sour": 0.3333333333333333, 
        "salty": 1.0, 
        "piquant": 0.0, 
        "bitter": 0.8333333333333334, 
        "meaty": 0.6666666666666666
    }, 
    "rating": 0.0, 
    "totalTimeInSeconds": 0, 
    "ingredients": [
        "all-purpose flour", 
        "molasses", 
        "wheat bran", 
        "egg", 
        "raisins", 
        "pineapple chunks", 
        "dark brown sugar", 
        "unsalted butter", 
        "coarse salt", 
        "baking powder", 
        "baking soda", 
        "wheat flour", 
        "plain low-fat yogurt"
    ], 
    "smallImageUrls": [
        "http://i.yummly.com/Bran-Muffins-with-Pineapple-Martha-Stewart-104809.s.png"
    ], 
    "sourceDisplayName": "Martha Stewart", 
    "recipeName": "Bran Muffins with Pineapple", 
    "attributes": {
        "course": [
            "Breads"
        ]
    }, 
    "id": "Bran-Muffins-with-Pineapple-Martha-Stewart"
}{
    "flavors": {
        "sweet": 0.8333333333333334, 
        "sour": 0.6666666666666666, 
        "salty": 0.5, 
        "piquant": 0.0, 
        "bitter": 0.16666666666666666, 
        "meaty": 0.5
    }, 
    "rating": 4.71, 
    "totalTimeInSeconds": 2100.0, 
    "ingredients": [
        "egg", 
        "strawberries", 
        "salt", 
        "baking powder", 
        "milk", 
        "butter", 
        "sugar", 
        "flour"
    ], 
    "smallImageUrls": [
        "http://i.yummly.com/Strawberry-Shortcake-Muffins-Recipezaar_1-187747.s.jpg"
    ], 
    "sourceDisplayName": "Food.com", 
    "recipeName": "Strawberry Shortcake Muffins", 
    "attributes": {
        "course": [
            "Breads", 
            "Breakfast and Brunch", 
            "Lunch and Snacks"
        ]
    }, 
    "id": "Strawberry-Shortcake-Muffins-Recipezaar_1"
}{
    "flavors": {
        "sweet": 1.0, 
        "sour": 0.8333333333333334, 
        "salty": 1.0, 
        "piquant": 0.0, 
        "bitter": 0.5, 
        "meaty": 0.5
    }, 
    "rating": 4.33, 
    "totalTimeInSeconds": 1500.0, 
    "ingredients": [
        "butter", 
        "dates", 
        "honey", 
        "baking soda", 
        "orange juice", 
        "salt", 
        "egg", 
        "baking powder", 
        "orange", 
        "flour"
    ], 
    "smallImageUrls": [], 
    "sourceDisplayName": "Food Network", 
    "recipeName": "Date-Orange Muffins", 
    "attributes": {
        "course": [
            "Breads"
        ]
    }, 
    "id": "Date_orange-Muffins-Food-Network"
}{
    "flavors": {
        "sweet": 0.6666666666666666, 
        "sour": 0.8333333333333334, 
        "salty": 1.0, 
        "piquant": 0.0, 
        "bitter": 0.8333333333333334, 
        "meaty": 0.6666666666666666
    }, 
    "rating": 5.0, 
    "totalTimeInSeconds": 2700.0, 
    "ingredients": [
        "fresh mushrooms", 
        "garlic cloves", 
        "english muffins", 
        "italian seasoning", 
        "onion", 
        "italian sausage", 
        "green pepper", 
        "tomato sauce", 
        "shredded mozzarella cheese"
    ], 
    "smallImageUrls": [
        "http://i.yummly.com/Pizza-Joes-Recipezaar-259328.s.jpg"
    ], 
    "sourceDisplayName": "Food.com", 
    "recipeName": "Sausage Pizza Muffins", 
    "attributes": {
        "course": [
            "Main Dishes"
        ]
    }, 
    "id": "Pizza-Joes-Recipezaar"
}{
    "flavors": {
        "sweet": 1.0, 
        "sour": 0.5, 
        "salty": 0.8333333333333334, 
        "piquant": 0.0, 
        "bitter": 0.8333333333333334, 
        "meaty": 0.5
    }, 
    "rating": 4.81, 
    "totalTimeInSeconds": 3900.0, 
    "ingredients": [
        "canola oil", 
        "baking soda", 
        "vanilla", 
        "cinnamon", 
        "flour", 
        "large eggs", 
        "salt", 
        "granny smith apples", 
        "chopped walnuts", 
        "raisins", 
        "sugar"
    ], 
    "smallImageUrls": [
        "http://i2.yummly.com/Chunky-Apple-Muffins-Recipezaar-2.s.png", 
        "http://i.yummly.com/Chunky-Apple-Muffins-Recipezaar-235516.s.jpg"
    ], 
    "sourceDisplayName": "Food.com", 
    "recipeName": "Chunky Apple Muffins", 
    "attributes": {
        "course": [
            "Breads"
        ]
    }, 
    "id": "Chunky-Apple-Muffins-Recipezaar"
}{
    "flavors": {
        "sweet": 0.16666666666666666, 
        "sour": 0.16666666666666666, 
        "salty": 0.5, 
        "piquant": 0.8333333333333334, 
        "bitter": 0.3333333333333333, 
        "meaty": 0.8333333333333334
    }, 
    "rating": 4.0, 
    "totalTimeInSeconds": 1200.0, 
    "ingredients": [
        "english muffins", 
        "hot pepper sauce", 
        "dijon mustard", 
        "chile peppers", 
        "avocado", 
        "monterey jack cheese", 
        "ground beef"
    ], 
    "smallImageUrls": [
        "http://i.yummly.com/Mexcellent-Cheeseburgers-Allrecipes-78306.s.png"
    ], 
    "sourceDisplayName": "AllRecipes", 
    "recipeName": "Mexcellent Cheeseburgers", 
    "attributes": {
        "course": [
            "Main Dishes"
        ]
    }, 
    "id": "Mexcellent-Cheeseburgers-Allrecipes"
}{
    "flavors": {
        "sweet": 0.8333333333333334, 
        "sour": 0.3333333333333333, 
        "salty": 0.5, 
        "piquant": 0.0, 
        "bitter": 0.16666666666666666, 
        "meaty": 0.5
    }, 
    "rating": 4.78, 
    "totalTimeInSeconds": 2100.0, 
    "ingredients": [
        "salt", 
        "eggs", 
        "cherry juice", 
        "maraschino cherry", 
        "baking powder", 
        "flour", 
        "sugar", 
        "melted butter", 
        "milk"
    ], 
    "smallImageUrls": [
        "http://i.yummly.com/Cherry-Muffins-Recipezaar_1-182784.s.jpg"
    ], 
    "sourceDisplayName": "Food.com", 
    "recipeName": "Cherry Muffins", 
    "attributes": {
        "course": [
            "Breads"
        ]
    }, 
    "id": "Cherry-Muffins-Recipezaar_1"
}{
    "flavors": null, 
    "rating": 4.43, 
    "totalTimeInSeconds": 2400.0, 
    "ingredients": [
        "shredded cheddar cheese", 
        "cheddar cheese soup", 
        "sausage", 
        "sage", 
        "biscuit mix", 
        "milk"
    ], 
    "smallImageUrls": [], 
    "sourceDisplayName": "Food.com", 
    "recipeName": "Sausage Cheese Muffins", 
    "attributes": {
        "course": [
            "Breads", 
            "Breakfast and Brunch"
        ]
    }, 
    "id": "Sausage-Cheese-Muffins-Recipezaar_1"
}{
    "flavors": {
        "sweet": 1.0, 
        "sour": 0.5, 
        "salty": 0.8333333333333334, 
        "piquant": 0.0, 
        "bitter": 0.8333333333333334, 
        "meaty": 0.5
    }, 
    "rating": 4.81, 
    "totalTimeInSeconds": 3900.0, 
    "ingredients": [
        "cinnamon", 
        "chopped walnuts", 
        "raisins", 
        "flour", 
        "granny smith apples", 
        "salt", 
        "sugar", 
        "baking soda", 
        "large eggs", 
        "vanilla", 
        "canola oil"
    ], 
    "smallImageUrls": [
        "http://i2.yummly.com/Chunky-Apple-Muffins-Recipezaar-2.s.png", 
        "http://i.yummly.com/Chunky-Apple-Muffins-Recipezaar-235516.s.jpg"
    ], 
    "sourceDisplayName": "Food.com", 
    "recipeName": "Chunky Apple Muffins", 
    "attributes": {
        "course": [
            "Breads"
        ]
    }, 
    "id": "Chunky-Apple-Muffins-Recipezaar"
}{
    "flavors": {
        "sweet": 0.16666666666666666, 
        "sour": 0.16666666666666666, 
        "salty": 0.5, 
        "piquant": 0.8333333333333334, 
        "bitter": 0.3333333333333333, 
        "meaty": 0.8333333333333334
    }, 
    "rating": 4.0, 
    "totalTimeInSeconds": 1200.0, 
    "ingredients": [
        "ground beef", 
        "avocado", 
        "hot pepper sauce", 
        "dijon mustard", 
        "chile peppers", 
        "english muffins", 
        "monterey jack cheese"
    ], 
    "smallImageUrls": [
        "http://i.yummly.com/Mexcellent-Cheeseburgers-Allrecipes-78306.s.png"
    ], 
    "sourceDisplayName": "AllRecipes", 
    "recipeName": "Mexcellent Cheeseburgers", 
    "attributes": {
        "course": [
            "Main Dishes"
        ]
    }, 
    "id": "Mexcellent-Cheeseburgers-Allrecipes"
}{
    "flavors": {
        "sweet": 0.8333333333333334, 
        "sour": 0.3333333333333333, 
        "salty": 0.5, 
        "piquant": 0.0, 
        "bitter": 0.16666666666666666, 
        "meaty": 0.5
    }, 
    "rating": 4.78, 
    "totalTimeInSeconds": 2100.0, 
    "ingredients": [
        "eggs", 
        "sugar", 
        "maraschino cherry", 
        "melted butter", 
        "flour", 
        "baking powder", 
        "salt", 
        "cherry juice", 
        "milk"
    ], 
    "smallImageUrls": [
        "http://i.yummly.com/Cherry-Muffins-Recipezaar_1-182784.s.jpg"
    ], 
    "sourceDisplayName": "Food.com", 
    "recipeName": "Cherry Muffins", 
    "attributes": {
        "course": [
            "Breads"
        ]
    }, 
    "id": "Cherry-Muffins-Recipezaar_1"
}{
    "flavors": null, 
    "rating": 4.43, 
    "totalTimeInSeconds": 2400.0, 
    "ingredients": [
        "cheddar cheese soup", 
        "sage", 
        "shredded cheddar cheese", 
        "sausage", 
        "biscuit mix", 
        "milk"
    ], 
    "smallImageUrls": [], 
    "sourceDisplayName": "Food.com", 
    "recipeName": "Sausage Cheese Muffins", 
    "attributes": {
        "course": [
            "Breads", 
            "Breakfast and Brunch"
        ]
    }, 
    "id": "Sausage-Cheese-Muffins-Recipezaar_1"
}{
    "flavors": {
        "sweet": 0.8333333333333334, 
        "sour": 0.6666666666666666, 
        "salty": 0.16666666666666666, 
        "piquant": 0.0, 
        "bitter": 0.16666666666666666, 
        "meaty": 0.6666666666666666
    }, 
    "rating": 2.92, 
    "totalTimeInSeconds": 0, 
    "ingredients": [
        "white sugar", 
        "eggs", 
        "salt", 
        "lemon zest", 
        "milk", 
        "vegetable oil", 
        "all-purpose flour", 
        "baking powder", 
        "confectioners' sugar", 
        "vanilla extract", 
        "cream cheese", 
        "white sugar"
    ], 
    "smallImageUrls": [
        "http://i.yummly.com/Brunch-Cream-Cheese-Muffins-Allrecipes-55821.s.png"
    ], 
    "sourceDisplayName": "AllRecipes", 
    "recipeName": "Brunch Cream Cheese Muffins", 
    "attributes": {
        "course": [
            "Breads", 
            "Breakfast and Brunch"
        ]
    }, 
    "id": "Brunch-Cream-Cheese-Muffins-Allrecipes"
}{
    "flavors": {
        "sweet": 0.8333333333333334, 
        "sour": 0.3333333333333333, 
        "salty": 0.3333333333333333, 
        "piquant": 0.0, 
        "bitter": 0.6666666666666666, 
        "meaty": 0.8333333333333334
    }, 
    "rating": 4.29, 
    "totalTimeInSeconds": 1800.0, 
    "ingredients": [
        "flour", 
        "oats", 
        "baking powder", 
        "peanut butter", 
        "maple syrup", 
        "egg substitute", 
        "soymilk"
    ], 
    "smallImageUrls": [
        "http://i.yummly.com/Vegan-Peanut-Butter-Oatmeal-Muffins-Recipezaar-202456.s.jpg"
    ], 
    "sourceDisplayName": "Food.com", 
    "recipeName": "Vegan Peanut Butter Oatmeal Muffins", 
    "attributes": {
        "course": [
            "Breads", 
            "Breakfast and Brunch"
        ]
    }, 
    "id": "Vegan-Peanut-Butter-Oatmeal-Muffins-Recipezaar"
}{
    "flavors": {
        "sweet": 0.16666666666666666, 
        "sour": 0.16666666666666666, 
        "salty": 0.5, 
        "piquant": 0.0, 
        "bitter": 0.3333333333333333, 
        "meaty": 0.3333333333333333
    }, 
    "rating": 0.0, 
    "totalTimeInSeconds": 1020.0, 
    "ingredients": [
        "tomato", 
        "canadian bacon", 
        "fresh basil", 
        "english muffin", 
        "part-skim mozzarella cheese", 
        "extra-virgin olive oil"
    ], 
    "smallImageUrls": [
        "http://i.yummly.com/English-Muffin-Breakfast-Pizza-Food-Network-243417-146351.s.jpg"
    ], 
    "sourceDisplayName": "Food Network", 
    "recipeName": "English-Muffin Breakfast Pizza", 
    "attributes": {
        "course": [
            "Breakfast and Brunch"
        ]
    }, 
    "id": "English-Muffin-Breakfast-Pizza-Food-Network-243417"
}{
    "flavors": {
        "sweet": 0.8333333333333334, 
        "sour": 0.3333333333333333, 
        "salty": 0.5, 
        "piquant": 0.0, 
        "bitter": 0.16666666666666666, 
        "meaty": 0.6666666666666666
    }, 
    "rating": 4.59, 
    "totalTimeInSeconds": 2700.0, 
    "ingredients": [
        "sugar", 
        "baking powder", 
        "lemon juice", 
        "large eggs", 
        "baking soda", 
        "poppy seeds", 
        "lemons", 
        "buttermilk", 
        "vanilla", 
        "flour", 
        "butter", 
        "salt"
    ], 
    "smallImageUrls": [
        "http://i.yummly.com/Lemon-Poppy-Seed-Muffins-Recipezaar_8-191020.s.jpg"
    ], 
    "sourceDisplayName": "Food.com", 
    "recipeName": "Lemon Poppy Seed Muffins", 
    "attributes": {
        "course": [
            "Breads", 
            "Breakfast and Brunch", 
            "Lunch and Snacks"
        ]
    }, 
    "id": "Lemon-Poppy-Seed-Muffins-Recipezaar_8"
}{
    "flavors": {
        "sweet": 0.3333333333333333, 
        "sour": 0.16666666666666666, 
        "salty": 0.16666666666666666, 
        "piquant": 0.0, 
        "bitter": 0.16666666666666666, 
        "meaty": 0.16666666666666666
    }, 
    "rating": 4.77, 
    "totalTimeInSeconds": 1800.0, 
    "ingredients": [
        "unsalted butter", 
        "buttermilk", 
        "granulated sugar", 
        "all-purpose flour", 
        "large eggs", 
        "baking soda", 
        "unsalted butter", 
        "vanilla extract", 
        "salt", 
        "baking powder", 
        "all-purpose flour", 
        "light brown sugar", 
        "ground cinnamon", 
        "blueberry", 
        "all-purpose flour"
    ], 
    "smallImageUrls": [
        "http://i.yummly.com/Blueberry-Muffins-Food_com-137821-188736.s.jpg"
    ], 
    "sourceDisplayName": "Food.com", 
    "recipeName": "Blueberry Muffins", 
    "attributes": {
        "course": [
            "Breads", 
            "Breakfast and Brunch", 
            "Lunch and Snacks"
        ], 
        "cuisine": [
            "American"
        ]
    }, 
    "id": "Blueberry-Muffins-Food_com-137821"
}{
    "flavors": {
        "sweet": 0.16666666666666666, 
        "sour": 0.0, 
        "salty": 0.3333333333333333, 
        "piquant": 0.0, 
        "bitter": 0.16666666666666666, 
        "meaty": 0.3333333333333333
    }, 
    "rating": 4.65, 
    "totalTimeInSeconds": 2460.0, 
    "ingredients": [
        "milk", 
        "warm water", 
        "salt", 
        "melted butter", 
        "active dry yeast", 
        "sugar", 
        "beaten eggs", 
        "flour", 
        "muffin"
    ], 
    "smallImageUrls": [], 
    "sourceDisplayName": "Food Network", 
    "recipeName": "Homemade Dinner Rolls", 
    "attributes": {
        "course": [
            "Breads"
        ], 
        "cuisine": [
            "American"
        ]
    }, 
    "id": "Homemade-Dinner-Rolls-Food-Network"
}{
    "flavors": {
        "sweet": 1.0, 
        "sour": 0.16666666666666666, 
        "salty": 0.3333333333333333, 
        "piquant": 0.0, 
        "bitter": 0.3333333333333333, 
        "meaty": 0.6666666666666666
    }, 
    "rating": 4.4, 
    "totalTimeInSeconds": 2100.0, 
    "ingredients": [
        "butter", 
        "eggs", 
        "sugar", 
        "yoghurt", 
        "chocolate", 
        "baking powder", 
        "flour"
    ], 
    "smallImageUrls": [
        "http://i.yummly.com/Chocolate_chip_yoghurt_muffins-Recipezaar-168031.s.jpg"
    ], 
    "sourceDisplayName": "Food.com", 
    "recipeName": "Chocolate-Chip-Yoghurt-Muffins", 
    "attributes": {
        "course": [
            "Desserts"
        ]
    }, 
    "id": "Chocolate_chip_yoghurt_muffins-Recipezaar"
}{
    "flavors": {
        "sweet": 0.8333333333333334, 
        "sour": 0.16666666666666666, 
        "salty": 0.3333333333333333, 
        "piquant": 0.0, 
        "bitter": 0.8333333333333334, 
        "meaty": 0.6666666666666666
    }, 
    "rating": 4.44, 
    "totalTimeInSeconds": 2400.0, 
    "ingredients": [
        "dark brown sugar", 
        "salt", 
        "baking soda", 
        "whole wheat flour", 
        "bananas", 
        "baking powder", 
        "large eggs", 
        "cocoa", 
        "buttermilk", 
        "vanilla", 
        "vegetable oil"
    ], 
    "smallImageUrls": [
        "http://i.yummly.com/Cocoa-Banana-Muffins-Recipezaar_1-182833.s.jpg"
    ], 
    "sourceDisplayName": "Food.com", 
    "recipeName": "Cocoa Banana Muffins", 
    "attributes": {
        "course": [
            "Breads", 
            "Lunch and Snacks"
        ]
    }, 
    "id": "Cocoa-Banana-Muffins-Recipezaar_1"
}{
    "flavors": {
        "sweet": 0.8333333333333334, 
        "sour": 0.5, 
        "salty": 0.8333333333333334, 
        "piquant": 0.0, 
        "bitter": 0.8333333333333334, 
        "meaty": 0.6666666666666666
    }, 
    "rating": 4.7, 
    "totalTimeInSeconds": 2100.0, 
    "ingredients": [
        "sour cream", 
        "brown sugar", 
        "orange rind", 
        "oil", 
        "egg", 
        "flour", 
        "salt", 
        "baking soda", 
        "cranberries", 
        "white sugar", 
        "rolled oat", 
        "baking powder"
    ], 
    "smallImageUrls": [
        "http://i.yummly.com/Cranberry-Oatmeal-Muffins-Recipezaar_1-217623.s.jpg"
    ], 
    "sourceDisplayName": "Food.com", 
    "recipeName": "Cranberry Oatmeal Muffins", 
    "attributes": {
        "course": [
            "Breads"
        ]
    }, 
    "id": "Cranberry-Oatmeal-Muffins-Recipezaar_1"
}{
    "flavors": {
        "sweet": 0.8333333333333334, 
        "sour": 1.0, 
        "salty": 0.5, 
        "piquant": 0.8333333333333334, 
        "bitter": 0.5, 
        "meaty": 0.5
    }, 
    "rating": 0.0, 
    "totalTimeInSeconds": 0, 
    "ingredients": [
        "spam", 
        "kosher salt", 
        "hot sauce", 
        "pineapple", 
        "chuck", 
        "black pepper", 
        "mayonnaise", 
        "swiss cheese", 
        "english muffins"
    ], 
    "smallImageUrls": [
        "http://i.yummly.com/Hot-hawaiian-burgers-_spam_-pineapple_-swiss_-and-sriracha-mayo_-302195-142112.s.png"
    ], 
    "sourceDisplayName": "Serious Eats", 
    "recipeName": "Hot Hawaiian Burgers (Spam, Pineapple, Swiss, and Sriracha Mayo)", 
    "attributes": {
        "course": [
            "Main Dishes"
        ]
    }, 
    "id": "Hot-hawaiian-burgers-_spam_-pineapple_-swiss_-and-sriracha-mayo_-302195"
}{
    "flavors": null, 
    "rating": 0.0, 
    "totalTimeInSeconds": 2100.0, 
    "ingredients": [
        "vanilla extract", 
        "almond milk", 
        "baking powder", 
        "bananas", 
        "cinnamon", 
        "whole wheat flour", 
        "raisins", 
        "salt", 
        "unsweetened applesauce", 
        "agave nectar", 
        "nutmeg", 
        "water", 
        "ground flaxseed"
    ], 
    "smallImageUrls": [], 
    "recipeName": "Healthy Banana Raisin Muffins", 
    "attributes": {
        "course": [
            "Breads"
        ]
    }, 
    "id": "Healthy-Banana-Raisin-Muffins-RachelsEats-39019"
}{
    "flavors": {
        "sweet": 1.0, 
        "sour": 0.5, 
        "salty": 0.6666666666666666, 
        "piquant": 0.0, 
        "bitter": 0.16666666666666666, 
        "meaty": 0.5
    }, 
    "rating": 4.86, 
    "totalTimeInSeconds": 2100.0, 
    "ingredients": [
        "baking soda", 
        "bananas", 
        "ground cinnamon", 
        "baking powder", 
        "white sugar", 
        "egg", 
        "butter", 
        "all-purpose flour", 
        "butter", 
        "salt", 
        "all-purpose flour", 
        "brown sugar"
    ], 
    "smallImageUrls": [
        "http://i.yummly.com/Banana-Streusel-Muffins-Recipezaar_1-183807.s.jpg"
    ], 
    "sourceDisplayName": "Food.com", 
    "recipeName": "Banana Streusel Muffins", 
    "attributes": {
        "course": [
            "Breads", 
            "Breakfast and Brunch", 
            "Lunch and Snacks"
        ]
    }, 
    "id": "Banana-Streusel-Muffins-Recipezaar_1"
}{
    "flavors": null, 
    "rating": 5.0, 
    "totalTimeInSeconds": 600.0, 
    "ingredients": [
        "sugar", 
        "blueberries", 
        "melted butter", 
        "lemon juice", 
        "corn muffin"
    ], 
    "smallImageUrls": [], 
    "sourceDisplayName": "Food.com", 
    "recipeName": "Blueberry Corn Muffins Ala-Lee", 
    "attributes": {
        "course": [
            "Breads"
        ]
    }, 
    "id": "Blueberry-Corn-Muffins-Ala_lee-Recipezaar"
}{
    "flavors": {
        "sweet": 0.6666666666666666, 
        "sour": 0.8333333333333334, 
        "salty": 0.16666666666666666, 
        "piquant": 0.0, 
        "bitter": 0.3333333333333333, 
        "meaty": 0.3333333333333333
    }, 
    "rating": 3.67, 
    "totalTimeInSeconds": 1800.0, 
    "ingredients": [
        "orange juice", 
        "chopped pecans", 
        "canola oil", 
        "fat", 
        "sugar", 
        "orange marmalade", 
        "all-purpose flour", 
        "egg", 
        "ground cinnamon", 
        "butter", 
        "ground nutmeg"
    ], 
    "smallImageUrls": [
        "http://i.yummly.com/Orange-Blossom-Muffins-Allrecipes-77401.s.png"
    ], 
    "sourceDisplayName": "Taste of Home", 
    "recipeName": "Orange Blossom Muffins", 
    "attributes": {
        "course": [
            "Breads"
        ]
    }, 
    "id": "Orange-Blossom-Muffins-TasteOfHome"
}{
    "flavors": {
        "sweet": 0.0, 
        "sour": 0.6666666666666666, 
        "salty": 0.3333333333333333, 
        "piquant": 0.5, 
        "bitter": 0.3333333333333333, 
        "meaty": 0.6666666666666666
    }, 
    "rating": 4.24, 
    "totalTimeInSeconds": 0, 
    "ingredients": [
        "egg", 
        "gruyere cheese", 
        "salt", 
        "baking powder", 
        "sugar", 
        "scallion", 
        "all-purpose flour", 
        "dijon mustard", 
        "milk", 
        "bacon"
    ], 
    "smallImageUrls": [], 
    "sourceDisplayName": "Epicurious", 
    "recipeName": "Bacon, Gruy&egrave;re, and Scallion Muffins", 
    "attributes": {
        "course": [
            "Breads"
        ]
    }, 
    "id": "Bacon_-Gruyere_-and-Scallion-Muffins-Epicurious"
}{
    "flavors": {
        "sweet": 1.0, 
        "sour": 0.5, 
        "salty": 0.16666666666666666, 
        "piquant": 0.0, 
        "bitter": 0.3333333333333333, 
        "meaty": 0.5
    }, 
    "rating": 0.0, 
    "totalTimeInSeconds": 2700.0, 
    "ingredients": [
        "baking powder", 
        "all-purpose flour", 
        "plain low-fat yogurt", 
        "ground cinnamon", 
        "granola", 
        "granola", 
        "granola", 
        "wheat flour", 
        "light brown sugar", 
        "salt", 
        "pears", 
        "all-purpose flour", 
        "eggs", 
        "light brown sugar", 
        "unsalted butter", 
        "salt", 
        "unsalted butter"
    ], 
    "smallImageUrls": [
        "http://i.yummly.com/Pear_and_Granola-Muffins-Martha-Stewart-105802.s.png"
    ], 
    "sourceDisplayName": "Martha Stewart", 
    "recipeName": "Pear-and-Granola Muffins", 
    "attributes": {
        "course": [
            "Breads", 
            "Breakfast and Brunch"
        ], 
        "cuisine": [
            "American"
        ]
    }, 
    "id": "Pear_and_Granola-Muffins-Martha-Stewart"
}{
    "flavors": {
        "sweet": 0.8333333333333334, 
        "sour": 0.3333333333333333, 
        "salty": 0.5, 
        "piquant": 0.0, 
        "bitter": 0.16666666666666666, 
        "meaty": 0.5
    }, 
    "rating": 5.0, 
    "totalTimeInSeconds": 2100.0, 
    "ingredients": [
        "egg", 
        "salt", 
        "sugar", 
        "buttermilk", 
        "white flour", 
        "baking soda", 
        "unsalted butter", 
        "fresh ginger", 
        "lemons"
    ], 
    "smallImageUrls": [
        "http://i.yummly.com/Ginger_lemon-Muffins-Recipezaar-153881.s.jpg"
    ], 
    "sourceDisplayName": "Food.com", 
    "recipeName": "Ginger-Lemon Muffins", 
    "attributes": {
        "course": [
            "Breads", 
            "Breakfast and Brunch"
        ]
    }, 
    "id": "Ginger_lemon-Muffins-Recipezaar"
}{
    "flavors": {
        "sweet": 0.6666666666666666, 
        "sour": 0.3333333333333333, 
        "salty": 0.3333333333333333, 
        "piquant": 0.0, 
        "bitter": 0.16666666666666666, 
        "meaty": 0.5
    }, 
    "rating": 4.5, 
    "totalTimeInSeconds": 1500.0, 
    "ingredients": [
        "skim milk", 
        "baking soda", 
        "splenda", 
        "whole wheat flour", 
        "kosher salt", 
        "blueberries", 
        "banana", 
        "egg whites", 
        "vanilla extract", 
        "baking powder", 
        "old fashioned oats", 
        "canola oil"
    ], 
    "smallImageUrls": [
        "http://i.yummly.com/Split-Decision-_oatnanaberry_-Muffins_-Recipezaar-19782.s.png", 
        "http://i.yummly.com/Split-Decision-_oatnanaberry_-Muffins_-Recipezaar-169631.s.jpg"
    ], 
    "sourceDisplayName": "Food.com", 
    "recipeName": "Split Decision (Oatnanaberry) Muffins.", 
    "attributes": {
        "course": [
            "Breads", 
            "Breakfast and Brunch"
        ]
    }, 
    "id": "Split-Decision-_oatnanaberry_-Muffins_-Recipezaar"
}{
    "flavors": {
        "sweet": 1.0, 
        "sour": 0.6666666666666666, 
        "salty": 0.3333333333333333, 
        "piquant": 0.0, 
        "bitter": 0.16666666666666666, 
        "meaty": 0.5
    }, 
    "rating": 4.7, 
    "totalTimeInSeconds": 2400.0, 
    "ingredients": [
        "baking powder", 
        "sugar", 
        "all-purpose flour", 
        "salt", 
        "butter", 
        "egg", 
        "vanilla", 
        "orange extract", 
        "fresh orange juice"
    ], 
    "smallImageUrls": [
        "http://i.yummly.com/Orange-Muffins-Recipezaar_2-190579.s.jpg"
    ], 
    "sourceDisplayName": "Food.com", 
    "recipeName": "Orange Muffins", 
    "attributes": {
        "course": [
            "Breads", 
            "Breakfast and Brunch"
        ], 
        "cuisine": [
            "American"
        ]
    }, 
    "id": "Orange-Muffins-Recipezaar_2"
}{
    "flavors": {
        "sweet": 1.0, 
        "sour": 0.5, 
        "salty": 0.6666666666666666, 
        "piquant": 0.0, 
        "bitter": 0.3333333333333333, 
        "meaty": 0.8333333333333334
    }, 
    "rating": 4.77, 
    "totalTimeInSeconds": 2400.0, 
    "ingredients": [
        "white sugar", 
        "vegetable oil", 
        "margarine", 
        "salt", 
        "eggs", 
        "milk", 
        "blueberries", 
        "flour", 
        "cinnamon", 
        "baking powder", 
        "flour", 
        "white sugar"
    ], 
    "smallImageUrls": [
        "http://i.yummly.com/Blueberry-Muffins-Recipezaar_18-181651.s.jpg"
    ], 
    "sourceDisplayName": "Food.com", 
    "recipeName": "Blueberry Muffins", 
    "attributes": {
        "course": [
            "Breads", 
            "Breakfast and Brunch", 
            "Lunch and Snacks"
        ]
    }, 
    "id": "Blueberry-Muffins-Recipezaar_18"
}{
    "flavors": {
        "sweet": 0.8333333333333334, 
        "sour": 0.5, 
        "salty": 0.6666666666666666, 
        "piquant": 0.0, 
        "bitter": 0.5, 
        "meaty": 0.6666666666666666
    }, 
    "rating": 4.29, 
    "totalTimeInSeconds": 1800.0, 
    "ingredients": [
        "whole wheat flour", 
        "brown sugar", 
        "vanilla", 
        "self rising flour", 
        "apples", 
        "oil", 
        "eggs", 
        "baking soda", 
        "cinnamon"
    ], 
    "smallImageUrls": [
        "http://i.yummly.com/Apple-Muffins-Food_com-83352-251566.s.jpg"
    ], 
    "sourceDisplayName": "Food.com", 
    "recipeName": "Apple Muffins", 
    "attributes": {
        "course": [
            "Breads", 
            "Breakfast and Brunch"
        ]
    }, 
    "id": "Apple-Muffins-Food_com-83352"
}{
    "flavors": {
        "sweet": 0.0, 
        "sour": 0.8333333333333334, 
        "salty": 0.16666666666666666, 
        "piquant": 0.0, 
        "bitter": 0.16666666666666666, 
        "meaty": 0.6666666666666666
    }, 
    "rating": 0.0, 
    "totalTimeInSeconds": 0, 
    "ingredients": [
        "sugar", 
        "all-purpose flour", 
        "eggs", 
        "yellow cornmeal", 
        "dried strawberries", 
        "milk", 
        "unsalted butter", 
        "baking powder", 
        "salt"
    ], 
    "smallImageUrls": [
        "http://i.yummly.com/Strawberry-Corn-Muffins-Martha-Stewart-111710.s.png"
    ], 
    "sourceDisplayName": "Martha Stewart", 
    "recipeName": "Strawberry Corn Muffins", 
    "attributes": {
        "course": [
            "Breads", 
            "Lunch and Snacks"
        ], 
        "cuisine": [
            "American"
        ]
    }, 
    "id": "Strawberry-Corn-Muffins-Martha-Stewart"
}{
    "flavors": {
        "sweet": 0.16666666666666666, 
        "sour": 0.8333333333333334, 
        "salty": 1.0, 
        "piquant": 0.0, 
        "bitter": 1.0, 
        "meaty": 1.0
    }, 
    "rating": 4.78, 
    "totalTimeInSeconds": 5400.0, 
    "ingredients": [
        "muffin", 
        "salt", 
        "lardons", 
        "phyllo dough", 
        "sugar", 
        "shallot", 
        "egg", 
        "dandelion greens", 
        "sherry vinegar", 
        "olive oil", 
        "unsalted butter", 
        "heavy cream", 
        "goat cheese", 
        "dijon mustard", 
        "black pepper"
    ], 
    "smallImageUrls": [
        "http://i.yummly.com/Dandelion-Salad-with-Lardons-and-Goat-Cheese-Phyllo-Blossoms-Epicurious-52348-44237.s.png"
    ], 
    "sourceDisplayName": "Epicurious", 
    "recipeName": "Dandelion Salad with Lardons and Goat Cheese Phyllo Blossoms", 
    "attributes": {
        "cuisine": [
            "French"
        ]
    }, 
    "id": "Dandelion-Salad-with-Lardons-and-Goat-Cheese-Phyllo-Blossoms-Epicurious-52348"
}{
    "flavors": {
        "sweet": 0.3333333333333333, 
        "sour": 0.3333333333333333, 
        "salty": 1.0, 
        "piquant": 0.0, 
        "bitter": 0.6666666666666666, 
        "meaty": 0.5
    }, 
    "rating": 4.5, 
    "totalTimeInSeconds": 1800.0, 
    "ingredients": [
        "finely chopped onion", 
        "reduced fat shredded cheddar cheese", 
        "butter", 
        "beaten eggs", 
        "ham", 
        "nonfat milk", 
        "baking mix"
    ], 
    "smallImageUrls": [
        "http://i.yummly.com/Ham-N-Cheese-Muffins-Recipezaar-261985.s.jpg"
    ], 
    "sourceDisplayName": "Food.com", 
    "recipeName": "Ham N Cheese Muffins", 
    "attributes": {
        "course": [
            "Breads", 
            "Breakfast and Brunch"
        ]
    }, 
    "id": "Ham-N-Cheese-Muffins-Recipezaar"
}{
    "flavors": {
        "sweet": 0.5, 
        "sour": 0.3333333333333333, 
        "salty": 0.3333333333333333, 
        "piquant": 0.3333333333333333, 
        "bitter": 0.3333333333333333, 
        "meaty": 0.3333333333333333
    }, 
    "rating": 4.43, 
    "totalTimeInSeconds": 900.0, 
    "ingredients": [
        "salt", 
        "eggs", 
        "english muffins", 
        "ham", 
        "baby spinach", 
        "curry powder", 
        "shallot", 
        "pepper", 
        "pineapple juice", 
        "olive oil"
    ], 
    "smallImageUrls": [
        "http://i.yummly.com/Barb_s-Supreme-Curried-Ham-And-Egg-Stacks-Allrecipes-63399.s.png"
    ], 
    "sourceDisplayName": "AllRecipes", 
    "recipeName": "Barb's Supreme Curried Ham and Egg Stacks", 
    "attributes": {}, 
    "id": "Barb_s-Supreme-Curried-Ham-And-Egg-Stacks-Allrecipes"
}{
    "flavors": {
        "sweet": 0.16666666666666666, 
        "sour": 0.5, 
        "salty": 0.8333333333333334, 
        "piquant": 0.0, 
        "bitter": 0.6666666666666666, 
        "meaty": 0.8333333333333334
    }, 
    "rating": 3.0, 
    "totalTimeInSeconds": 1500.0, 
    "ingredients": [
        "self rising flour", 
        "shredded cheddar cheese", 
        "sugar", 
        "sweet onion", 
        "egg", 
        "vegetable oil", 
        "milk", 
        "quick-cooking oats"
    ], 
    "smallImageUrls": [
        "http://i.yummly.com/Vidalia-Muffins-Allrecipes-95430.s.png", 
        "http://i.yummly.com/Vidalia-Muffins-Allrecipes-94581.s.png"
    ], 
    "sourceDisplayName": "Taste of Home", 
    "recipeName": "Vidalia Muffins", 
    "attributes": {
        "course": [
            "Breads"
        ]
    }, 
    "id": "Vidalia-Muffins-TasteOfHome"
}{
    "flavors": {
        "sweet": 0.8333333333333334, 
        "sour": 0.3333333333333333, 
        "salty": 0.3333333333333333, 
        "piquant": 0.0, 
        "bitter": 0.16666666666666666, 
        "meaty": 0.3333333333333333
    }, 
    "rating": 4.63, 
    "totalTimeInSeconds": 2100.0, 
    "ingredients": [
        "water", 
        "skim milk", 
        "bran", 
        "baking soda", 
        "cinnamon", 
        "brown sugar", 
        "baking powder", 
        "nonfat plain yogurt", 
        "eggs", 
        "flour"
    ], 
    "smallImageUrls": [
        "http://i.yummly.com/Bran-Muffins-Recipezaar_19-180900.s.jpg"
    ], 
    "sourceDisplayName": "Food.com", 
    "recipeName": "Bran Muffins", 
    "attributes": {
        "course": [
            "Breads", 
            "Breakfast and Brunch", 
            "Lunch and Snacks"
        ]
    }, 
    "id": "Bran-Muffins-Recipezaar_19"
}{
    "flavors": {
        "sweet": 0.16666666666666666, 
        "sour": 0.6666666666666666, 
        "salty": 0.16666666666666666, 
        "piquant": 0.0, 
        "bitter": 0.6666666666666666, 
        "meaty": 0.5
    }, 
    "rating": 5.0, 
    "totalTimeInSeconds": 2400.0, 
    "ingredients": [
        "sugar", 
        "warm water", 
        "wheat germ", 
        "salt", 
        "active dry yeast", 
        "wheat flour", 
        "quick-cooking oats", 
        "all-purpose flour", 
        "cornmeal"
    ], 
    "smallImageUrls": [
        "http://i.yummly.com/Multi_grain-English-Muffin-Bread-Allrecipes-72300.s.png"
    ], 
    "sourceDisplayName": "Taste of Home", 
    "recipeName": "Multi-Grain English Muffin Bread", 
    "attributes": {
        "course": [
            "Breads", 
            "Breakfast and Brunch"
        ], 
        "cuisine": [
            "American"
        ]
    }, 
    "id": "Multi_grain-English-Muffin-Bread-TasteOfHome"
}{
    "flavors": {
        "sweet": 1.0, 
        "sour": 0.5, 
        "salty": 0.6666666666666666, 
        "piquant": 0.0, 
        "bitter": 0.5, 
        "meaty": 0.5
    }, 
    "rating": 4.53, 
    "totalTimeInSeconds": 2100.0, 
    "ingredients": [
        "margarine", 
        "milk", 
        "granulated sugar", 
        "baking soda", 
        "baking powder", 
        "sour cream", 
        "salt", 
        "oreo cookies", 
        "egg", 
        "all-purpose flour"
    ], 
    "smallImageUrls": [
        "http://i.yummly.com/Oreo-Muffins-Recipezaar_1-156104.s.jpg"
    ], 
    "sourceDisplayName": "Food.com", 
    "recipeName": "Oreo Muffins", 
    "attributes": {
        "course": [
            "Breads", 
            "Lunch and Snacks"
        ]
    }, 
    "id": "Oreo-Muffins-Recipezaar_1"
}{
    "flavors": {
        "sweet": 0.8333333333333334, 
        "sour": 0.6666666666666666, 
        "salty": 0.3333333333333333, 
        "piquant": 0.0, 
        "bitter": 0.16666666666666666, 
        "meaty": 0.3333333333333333
    }, 
    "rating": 5.0, 
    "totalTimeInSeconds": 1200.0, 
    "ingredients": [
        "all-purpose flour", 
        "melted butter", 
        "baking powder", 
        "blueberries", 
        "salt", 
        "egg", 
        "nonfat milk", 
        "granulated sugar"
    ], 
    "smallImageUrls": [
        "http://i.yummly.com/Blueberry-Muffins-Recipezaar_8-227432.s.jpg"
    ], 
    "sourceDisplayName": "Food.com", 
    "recipeName": "Blueberry Muffins", 
    "attributes": {
        "course": [
            "Breads", 
            "Breakfast and Brunch", 
            "Lunch and Snacks"
        ], 
        "cuisine": [
            "American"
        ]
    }, 
    "id": "Blueberry-Muffins-Recipezaar_8"
}{
    "flavors": {
        "sweet": 0.6666666666666666, 
        "sour": 0.5, 
        "salty": 0.5, 
        "piquant": 0.0, 
        "bitter": 0.16666666666666666, 
        "meaty": 0.6666666666666666
    }, 
    "rating": 4.5, 
    "totalTimeInSeconds": 2700.0, 
    "ingredients": [
        "all-purpose flour", 
        "plum tomato", 
        "sugar", 
        "fresh parsley", 
        "milk", 
        "bacon", 
        "mayonnaise", 
        "baking powder"
    ], 
    "smallImageUrls": [
        "http://i.yummly.com/Blt-Muffins-Recipezaar-178675.s.jpg"
    ], 
    "sourceDisplayName": "Food.com", 
    "recipeName": "BLT Muffins", 
    "attributes": {
        "course": [
            "Breads", 
            "Lunch and Snacks"
        ]
    }, 
    "id": "Blt-Muffins-Recipezaar"
}{
    "flavors": {
        "sweet": 0.0, 
        "sour": 0.6666666666666666, 
        "salty": 1.0, 
        "piquant": 0.0, 
        "bitter": 0.6666666666666666, 
        "meaty": 0.5
    }, 
    "rating": 0.0, 
    "totalTimeInSeconds": 2400.0, 
    "ingredients": [
        "self rising flour", 
        "agave syrup", 
        "unsalted butter", 
        "egg", 
        "bananas"
    ], 
    "smallImageUrls": [], 
    "sourceDisplayName": "Food Network", 
    "recipeName": "Brown Butter Banana Muffins", 
    "attributes": {
        "course": [
            "Breads"
        ]
    }, 
    "id": "Brown-Butter-Banana-Muffins-Food-Network-228241"
}{
    "flavors": {
        "sweet": 0.6666666666666666, 
        "sour": 0.3333333333333333, 
        "salty": 0.6666666666666666, 
        "piquant": 0.0, 
        "bitter": 0.3333333333333333, 
        "meaty": 0.5
    }, 
    "rating": 4.76, 
    "totalTimeInSeconds": 2100.0, 
    "ingredients": [
        "milk", 
        "baking powder", 
        "egg", 
        "melted butter", 
        "flour", 
        "salt", 
        "sugar", 
        "garlic cloves", 
        "onion"
    ], 
    "smallImageUrls": [
        "http://i.yummly.com/Garlic_onion-Dinner-Muffins-Recipezaar-183163.s.jpg"
    ], 
    "sourceDisplayName": "Food.com", 
    "recipeName": "Garlic-Onion Dinner Muffins", 
    "attributes": {
        "course": [
            "Breads"
        ]
    }, 
    "id": "Garlic_onion-Dinner-Muffins-Recipezaar"
}{
    "flavors": {
        "sweet": 0.5, 
        "sour": 0.8333333333333334, 
        "salty": 0.5, 
        "piquant": 0.6666666666666666, 
        "bitter": 0.3333333333333333, 
        "meaty": 0.3333333333333333
    }, 
    "rating": 4.91, 
    "totalTimeInSeconds": 33300.0, 
    "ingredients": [
        "english muffins", 
        "asparagus", 
        "shredded colby", 
        "butter", 
        "black pepper", 
        "red bell pepper", 
        "finely chopped onion", 
        "eggs", 
        "crimini", 
        "milk", 
        "shredded colby", 
        "mustard powder", 
        "salt"
    ], 
    "smallImageUrls": [
        "http://i.yummly.com/Overnight-Asparagus-Mushroom-Strata-AllRecipes-57927.s.png"
    ], 
    "sourceDisplayName": "AllRecipes", 
    "recipeName": "Overnight Asparagus Mushroom Strata", 
    "attributes": {
        "course": [
            "Breakfast and Brunch"
        ]
    }, 
    "id": "Overnight-Asparagus-Mushroom-Strata-AllRecipes"
}{
    "flavors": {
        "sweet": 0.8333333333333334, 
        "sour": 0.3333333333333333, 
        "salty": 0.6666666666666666, 
        "piquant": 0.0, 
        "bitter": 0.16666666666666666, 
        "meaty": 0.5
    }, 
    "rating": 4.6, 
    "totalTimeInSeconds": 2700.0, 
    "ingredients": [
        "lemon juice", 
        "eggs", 
        "brown sugar", 
        "baking soda", 
        "salt", 
        "milk", 
        "baking powder", 
        "rhubarb", 
        "butter", 
        "flour"
    ], 
    "smallImageUrls": [
        "http://i.yummly.com/Rhubarb-Muffins-Recipezaar_5-201651.s.jpg"
    ], 
    "sourceDisplayName": "Food.com", 
    "recipeName": "Rhubarb Muffins", 
    "attributes": {
        "course": [
            "Breads", 
            "Breakfast and Brunch", 
            "Lunch and Snacks"
        ]
    }, 
    "id": "Rhubarb-Muffins-Recipezaar_5"
}{
    "flavors": null, 
    "rating": 0.0, 
    "totalTimeInSeconds": 2100.0, 
    "ingredients": [
        "brown sugar", 
        "baking powder", 
        "ground cinnamon", 
        "whole wheat flour", 
        "eggs", 
        "baking soda", 
        "salt", 
        "raisins", 
        "bran", 
        "carrot", 
        "lemon", 
        "vegetable oil", 
        "buttermilk"
    ], 
    "smallImageUrls": [
        "http://i.yummly.com/All-Bran-Classic-Carrot-Muffins-AllRecipes-37520-71171.s.png"
    ], 
    "sourceDisplayName": "AllRecipes", 
    "recipeName": "All-Bran Classic Carrot Muffins", 
    "attributes": {
        "course": [
            "Breads"
        ]
    }, 
    "id": "All-Bran-Classic-Carrot-Muffins-AllRecipes-37520"
}{
    "flavors": {
        "sweet": 1.0, 
        "sour": 0.3333333333333333, 
        "salty": 0.5, 
        "piquant": 0.0, 
        "bitter": 0.3333333333333333, 
        "meaty": 0.6666666666666666
    }, 
    "rating": 4.65, 
    "totalTimeInSeconds": 2400.0, 
    "ingredients": [
        "chopped pecans", 
        "milk", 
        "eggs", 
        "baking powder", 
        "raisins", 
        "all-purpose flour", 
        "bananas", 
        "baking soda", 
        "salt", 
        "white sugar", 
        "butter", 
        "ground cinnamon"
    ], 
    "smallImageUrls": [
        "http://i.yummly.com/Banana-Muffins-Recipezaar_28-183573.s.jpg"
    ], 
    "sourceDisplayName": "Food.com", 
    "recipeName": "Banana Muffins", 
    "attributes": {
        "course": [
            "Breads", 
            "Breakfast and Brunch", 
            "Lunch and Snacks"
        ]
    }, 
    "id": "Banana-Muffins-Recipezaar_28"
}{
    "flavors": {
        "sweet": 0.16666666666666666, 
        "sour": 0.16666666666666666, 
        "salty": 0.3333333333333333, 
        "piquant": 0.0, 
        "bitter": 0.16666666666666666, 
        "meaty": 0.16666666666666666
    }, 
    "rating": 0.0, 
    "totalTimeInSeconds": 0, 
    "ingredients": [
        "fontina cheese", 
        "english muffin", 
        "white truffles"
    ], 
    "smallImageUrls": [
        "http://i.yummly.com/Truffle-Honey-On-Cheese-Muffins-My-Recipes-115926.s.png"
    ], 
    "sourceDisplayName": "MyRecipes", 
    "recipeName": "Truffle Honey on Cheese Muffins", 
    "attributes": {
        "course": [
            "Appetizers"
        ], 
        "cuisine": [
            "American"
        ]
    }, 
    "id": "Truffle-Honey-On-Cheese-Muffins-My-Recipes"
}{
    "flavors": {
        "sweet": 0.8333333333333334, 
        "sour": 0.5, 
        "salty": 0.6666666666666666, 
        "piquant": 0.0, 
        "bitter": 0.5, 
        "meaty": 0.5
    }, 
    "rating": 4.86, 
    "totalTimeInSeconds": 2100.0, 
    "ingredients": [
        "all bran cereal", 
        "oil", 
        "self rising flour", 
        "sugar", 
        "1% low-fat milk", 
        "egg"
    ], 
    "smallImageUrls": [], 
    "sourceDisplayName": "Food.com", 
    "recipeName": "Bran Muffins", 
    "attributes": {
        "course": [
            "Breads", 
            "Breakfast and Brunch", 
            "Lunch and Snacks"
        ]
    }, 
    "id": "Bran-Muffins-Recipezaar_23"
}{
    "flavors": {
        "sweet": 0.8333333333333334, 
        "sour": 0.6666666666666666, 
        "salty": 0.5, 
        "piquant": 0.0, 
        "bitter": 1.0, 
        "meaty": 0.6666666666666666
    }, 
    "rating": 5.0, 
    "totalTimeInSeconds": 1800.0, 
    "ingredients": [
        "baking soda", 
        "eggs", 
        "melted butter", 
        "baking powder", 
        "unsweetened cocoa powder", 
        "sugar", 
        "milk", 
        "all-purpose flour", 
        "chocolate chip"
    ], 
    "smallImageUrls": [
        "http://i.yummly.com/Hey-Girls-Chocolate-Muffins-Recipezaar-226036.s.jpg"
    ], 
    "sourceDisplayName": "Food.com", 
    "recipeName": "Hey Girls Chocolate Muffins", 
    "attributes": {
        "course": [
            "Breads"
        ]
    }, 
    "id": "Hey-Girls-Chocolate-Muffins-Recipezaar"
}{
    "flavors": {
        "sweet": 0.8333333333333334, 
        "sour": 0.3333333333333333, 
        "salty": 0.6666666666666666, 
        "piquant": 0.0, 
        "bitter": 1.0, 
        "meaty": 0.5
    }, 
    "rating": 4.7, 
    "totalTimeInSeconds": 2100.0, 
    "ingredients": [
        "blueberries", 
        "baking powder", 
        "lemon rind", 
        "baking soda", 
        "vegetable oil", 
        "whole wheat flour", 
        "wheat germ", 
        "salt", 
        "buttermilk", 
        "oat bran", 
        "brown sugar", 
        "beaten eggs"
    ], 
    "smallImageUrls": [
        "http://i2.yummly.com/Blueberry-Oat-Bran-Muffins-Recipezaar.s.jpg", 
        "http://i.yummly.com/Blueberry-Oat-Bran-Muffins-Recipezaar-253339.s.jpg"
    ], 
    "sourceDisplayName": "Food.com", 
    "recipeName": "Blueberry Oat Bran Muffins", 
    "attributes": {
        "course": [
            "Breads", 
            "Breakfast and Brunch"
        ]
    }, 
    "id": "Blueberry-Oat-Bran-Muffins-Recipezaar"
}{
    "flavors": {
        "sweet": 1.0, 
        "sour": 0.16666666666666666, 
        "salty": 0.8333333333333334, 
        "piquant": 0.0, 
        "bitter": 0.8333333333333334, 
        "meaty": 0.5
    }, 
    "rating": 4.75, 
    "totalTimeInSeconds": 2100.0, 
    "ingredients": [
        "baking soda", 
        "brown sugar", 
        "margarine", 
        "cinnamon", 
        "pumpkin puree", 
        "nutmeg", 
        "unsweetened applesauce", 
        "wheat flour"
    ], 
    "smallImageUrls": [
        "http://i.yummly.com/Pumpkin-Muffins-Recipezaar_3-223737.s.jpg"
    ], 
    "sourceDisplayName": "Food.com", 
    "recipeName": "Pumpkin Muffins", 
    "attributes": {
        "course": [
            "Breads", 
            "Breakfast and Brunch", 
            "Lunch and Snacks"
        ], 
        "holiday": [
            "Thanksgiving", 
            "Halloween"
        ]
    }, 
    "id": "Pumpkin-Muffins-Recipezaar_3"
}{
    "flavors": {
        "sweet": 1.0, 
        "sour": 0.0, 
        "salty": 0.3333333333333333, 
        "piquant": 0.0, 
        "bitter": 1.0, 
        "meaty": 0.5
    }, 
    "rating": 4.6, 
    "totalTimeInSeconds": 1800.0, 
    "ingredients": [
        "flour", 
        "egg", 
        "melted butter", 
        "chocolate chips", 
        "milk", 
        "baking powder", 
        "sugar"
    ], 
    "smallImageUrls": [
        "http://i.yummly.com/_wicked_-Chocolate-Chip-Muffins-Recipezaar-218279.s.jpg"
    ], 
    "sourceDisplayName": "Food.com", 
    "recipeName": "&quot;wicked&quot; Chocolate Chip Muffins", 
    "attributes": {
        "course": [
            "Breads"
        ]
    }, 
    "id": "_wicked_-Chocolate-Chip-Muffins-Recipezaar"
}{
    "flavors": null, 
    "rating": 0.0, 
    "totalTimeInSeconds": 2100.0, 
    "ingredients": [
        "sweet paprika", 
        "whole wheat english muffin", 
        "celery", 
        "dijon mustard", 
        "large eggs", 
        "mayonnaise", 
        "cheddar", 
        "tomatoes", 
        "green onion", 
        "turkey bacon"
    ], 
    "smallImageUrls": [
        "http://i.yummly.com/Egg-Salad_-Cheese-and-Bacon-on-Toasted-English-Muffins-AllRecipes-37110-71447.s.png"
    ], 
    "sourceDisplayName": "AllRecipes", 
    "recipeName": "Egg Salad, Cheese and Bacon on Toasted English Muffins", 
    "attributes": {
        "course": [
            "Lunch and Snacks"
        ]
    }, 
    "id": "Egg-Salad_-Cheese-and-Bacon-on-Toasted-English-Muffins-AllRecipes-37110"
}{
    "flavors": {
        "sweet": 0.3333333333333333, 
        "sour": 0.3333333333333333, 
        "salty": 0.8333333333333334, 
        "piquant": 0.0, 
        "bitter": 0.5, 
        "meaty": 0.5
    }, 
    "rating": 0.0, 
    "totalTimeInSeconds": 0, 
    "ingredients": [
        "english muffins", 
        "chopped fresh chives", 
        "canadian bacon", 
        "white wine vinegar", 
        "eggs"
    ], 
    "smallImageUrls": [
        "http://i.yummly.com/Eggs-Benedict-Martha-Stewart-226600-107261.s.png"
    ], 
    "sourceDisplayName": "Martha Stewart", 
    "recipeName": "Eggs Benedict", 
    "attributes": {
        "course": [
            "Breakfast and Brunch", 
            "Lunch and Snacks"
        ], 
        "cuisine": [
            "American"
        ]
    }, 
    "id": "Eggs-Benedict-Martha-Stewart-226600"
}{
    "flavors": {
        "sweet": 0.8333333333333334, 
        "sour": 0.3333333333333333, 
        "salty": 0.3333333333333333, 
        "piquant": 0.0, 
        "bitter": 0.3333333333333333, 
        "meaty": 0.5
    }, 
    "rating": 4.69, 
    "totalTimeInSeconds": 1200.0, 
    "ingredients": [
        "pumpkin pie spice", 
        "oat bran", 
        "vegetable oil", 
        "all-purpose flour", 
        "brown sugar", 
        "baking powder", 
        "salt", 
        "skim milk", 
        "vegetable oil", 
        "pumpkin", 
        "egg whites"
    ], 
    "smallImageUrls": [
        "http://i.yummly.com/Pumpkin_oat-Bran-Muffins-Recipezaar-178995.s.jpg"
    ], 
    "sourceDisplayName": "Food.com", 
    "recipeName": "Pumpkin-Oat Bran Muffins", 
    "attributes": {
        "course": [
            "Breads", 
            "Breakfast and Brunch", 
            "Lunch and Snacks"
        ]
    }, 
    "id": "Pumpkin_oat-Bran-Muffins-Recipezaar"
}{
    "flavors": {
        "sweet": 0.0, 
        "sour": 0.6666666666666666, 
        "salty": 0.16666666666666666, 
        "piquant": 0.0, 
        "bitter": 0.16666666666666666, 
        "meaty": 0.5
    }, 
    "rating": 4.33, 
    "totalTimeInSeconds": 2100.0, 
    "ingredients": [
        "all-purpose flour", 
        "milk", 
        "egg", 
        "salt", 
        "vegetable oil", 
        "baking powder", 
        "sugar"
    ], 
    "smallImageUrls": [
        "http://i.yummly.com/Basic-Sweet-Muffins-Recipezaar-227955.s.jpg"
    ], 
    "sourceDisplayName": "Food.com", 
    "recipeName": "Basic Sweet Muffins", 
    "attributes": {
        "course": [
            "Breads", 
            "Breakfast and Brunch"
        ]
    }, 
    "id": "Basic-Sweet-Muffins-Recipezaar"
}{
    "flavors": {
        "sweet": 0.0, 
        "sour": 0.16666666666666666, 
        "salty": 0.16666666666666666, 
        "piquant": 0.0, 
        "bitter": 0.16666666666666666, 
        "meaty": 0.16666666666666666
    }, 
    "rating": 4.76, 
    "totalTimeInSeconds": 2100.0, 
    "ingredients": [
        "sugar", 
        "milk", 
        "melted butter", 
        "eggs", 
        "melted butter", 
        "all-purpose flour", 
        "baking powder", 
        "raspberry", 
        "sugar", 
        "salt", 
        "chip"
    ], 
    "smallImageUrls": [
        "http://i.yummly.com/Elegant-White-Chocolate-Raspberry-Muffins-Food_com-188354-215626.s.jpg"
    ], 
    "sourceDisplayName": "Food.com", 
    "recipeName": "Elegant White Chocolate Raspberry Muffins", 
    "attributes": {
        "course": [
            "Breads"
        ]
    }, 
    "id": "Elegant-White-Chocolate-Raspberry-Muffins-Food_com-188354"
}{
    "flavors": {
        "sweet": 0.8333333333333334, 
        "sour": 0.3333333333333333, 
        "salty": 0.8333333333333334, 
        "piquant": 0.0, 
        "bitter": 1.0, 
        "meaty": 0.6666666666666666
    }, 
    "rating": 0.0, 
    "totalTimeInSeconds": 0, 
    "ingredients": [
        "fat free yogurt", 
        "oats", 
        "large egg", 
        "cooking spray", 
        "brown sugar", 
        "dried pineapple", 
        "salt", 
        "banana", 
        "baking soda", 
        "wheat bran", 
        "chopped walnuts", 
        "whole wheat flour", 
        "ground flaxseed", 
        "all-purpose flour", 
        "pitted date"
    ], 
    "smallImageUrls": [
        "http://i.yummly.com/Morning-Glory-Muffins-My-Recipes-117066.s.png"
    ], 
    "sourceDisplayName": "MyRecipes", 
    "recipeName": "Morning Glory Muffins", 
    "attributes": {
        "course": [
            "Breads", 
            "Breakfast and Brunch", 
            "Lunch and Snacks"
        ], 
        "cuisine": [
            "American", 
            "Southern & Soul Food"
        ]
    }, 
    "id": "Morning-Glory-Muffins-My-Recipes"
}{
    "flavors": {
        "sweet": 1.0, 
        "sour": 0.3333333333333333, 
        "salty": 0.3333333333333333, 
        "piquant": 0.0, 
        "bitter": 0.16666666666666666, 
        "meaty": 0.5
    }, 
    "rating": 4.79, 
    "totalTimeInSeconds": 2100.0, 
    "ingredients": [
        "baking powder", 
        "apple", 
        "cinnamon", 
        "all-purpose flour", 
        "brown sugar", 
        "sugar", 
        "egg", 
        "milk", 
        "salt", 
        "melted butter"
    ], 
    "smallImageUrls": [
        "http://i.yummly.com/Grandma_s-Apple-Muffins-Recipezaar-178710.s.jpg"
    ], 
    "sourceDisplayName": "Food.com", 
    "recipeName": "Grandma's Apple Muffins", 
    "attributes": {
        "course": [
            "Breads", 
            "Breakfast and Brunch"
        ]
    }, 
    "id": "Grandma_s-Apple-Muffins-Recipezaar"
}{
    "flavors": {
        "sweet": 1.0, 
        "sour": 0.3333333333333333, 
        "salty": 0.3333333333333333, 
        "piquant": 0.0, 
        "bitter": 0.6666666666666666, 
        "meaty": 0.3333333333333333
    }, 
    "rating": 4.09, 
    "totalTimeInSeconds": 1800.0, 
    "ingredients": [
        "quick oats", 
        "granulated sugar", 
        "margarine", 
        "all-purpose flour", 
        "ground cinnamon", 
        "whole wheat flour", 
        "granulated sugar", 
        "nonfat milk", 
        "vanilla", 
        "baking powder", 
        "egg"
    ], 
    "smallImageUrls": [
        "http://i.yummly.com/Snickerdoodle-Muffins-Food_com-88674-254492.s.jpg"
    ], 
    "sourceDisplayName": "Food.com", 
    "recipeName": "Snickerdoodle Muffins", 
    "attributes": {
        "course": [
            "Breads"
        ]
    }, 
    "id": "Snickerdoodle-Muffins-Food_com-88674"
}{
    "flavors": {
        "sweet": 0.8333333333333334, 
        "sour": 0.3333333333333333, 
        "salty": 0.8333333333333334, 
        "piquant": 0.0, 
        "bitter": 1.0, 
        "meaty": 0.5
    }, 
    "rating": 4.75, 
    "totalTimeInSeconds": 2100.0, 
    "ingredients": [
        "baking powder", 
        "cinnamon sugar", 
        "softened butter", 
        "baking soda", 
        "rolled oat", 
        "flour", 
        "salt", 
        "white sugar", 
        "egg", 
        "buttermilk"
    ], 
    "smallImageUrls": [
        "http://i.yummly.com/Oatmeal-Muffins-Recipezaar_9-251802.s.jpg"
    ], 
    "sourceDisplayName": "Food.com", 
    "recipeName": "Oatmeal muffins", 
    "attributes": {
        "course": [
            "Breads"
        ]
    }, 
    "id": "Oatmeal-Muffins-Recipezaar_9"
}{
    "flavors": {
        "sweet": 1.0, 
        "sour": 0.16666666666666666, 
        "salty": 0.6666666666666666, 
        "piquant": 0.0, 
        "bitter": 1.0, 
        "meaty": 0.5
    }, 
    "rating": 5.0, 
    "totalTimeInSeconds": 2700.0, 
    "ingredients": [
        "baking powder", 
        "flax seeds", 
        "salt", 
        "canned pumpkin", 
        "vanilla", 
        "chocolate chips", 
        "sugar", 
        "baking soda", 
        "whole wheat pastry flour", 
        "whole wheat flour", 
        "nutmeg", 
        "water", 
        "walnuts", 
        "canola oil", 
        "cinnamon"
    ], 
    "smallImageUrls": [
        "http://i.yummly.com/Pumpkin-Chocolate-Chip-Muffins-Recipezaar_4-257383.s.jpg"
    ], 
    "sourceDisplayName": "Food.com", 
    "recipeName": "Pumpkin Chocolate Chip Muffins", 
    "attributes": {
        "course": [
            "Breads", 
            "Breakfast and Brunch", 
            "Lunch and Snacks"
        ], 
        "holiday": [
            "Thanksgiving"
        ]
    }, 
    "id": "Pumpkin-Chocolate-Chip-Muffins-Recipezaar_4"
}{
    "flavors": {
        "sweet": 0.8333333333333334, 
        "sour": 0.16666666666666666, 
        "salty": 0.3333333333333333, 
        "piquant": 0.0, 
        "bitter": 0.3333333333333333, 
        "meaty": 0.3333333333333333
    }, 
    "rating": 5.0, 
    "totalTimeInSeconds": 1320.0, 
    "ingredients": [
        "egg", 
        "cinnamon", 
        "whole wheat flour", 
        "brown sugar", 
        "bananas", 
        "sugar", 
        "applesauce", 
        "water", 
        "baking powder", 
        "baking soda"
    ], 
    "smallImageUrls": [
        "http://i.yummly.com/Mimi_s-Banana-Muffins-Recipezaar-193602.s.jpg"
    ], 
    "sourceDisplayName": "Food.com", 
    "recipeName": "Mimi's Banana Muffins", 
    "attributes": {
        "course": [
            "Breads", 
            "Breakfast and Brunch"
        ]
    }, 
    "id": "Mimi_s-Banana-Muffins-Recipezaar"
}{
    "flavors": {
        "sweet": 0.16666666666666666, 
        "sour": 0.6666666666666666, 
        "salty": 0.5, 
        "piquant": 0.0, 
        "bitter": 0.16666666666666666, 
        "meaty": 0.5
    }, 
    "rating": 3.46, 
    "totalTimeInSeconds": 0, 
    "ingredients": [
        "vanilla extract", 
        "orange peel", 
        "baking powder", 
        "baking soda", 
        "unsalted butter", 
        "all purpose flour", 
        "sugar", 
        "salt", 
        "eggs", 
        "shredded coconut", 
        "toasted almonds", 
        "unsweetened coconut milk"
    ], 
    "smallImageUrls": [], 
    "sourceDisplayName": "Epicurious", 
    "recipeName": "Toasted Coconut Muffins", 
    "attributes": {
        "course": [
            "Breads", 
            "Breakfast and Brunch"
        ], 
        "cuisine": [
            "American"
        ]
    }, 
    "id": "Toasted-Coconut-Muffins-Epicurious"
}{
    "flavors": null, 
    "rating": 3.0, 
    "totalTimeInSeconds": 6000.0, 
    "ingredients": [
        "chopped walnuts", 
        "milk", 
        "water", 
        "butter", 
        "brown sugar", 
        "all-purpose flour", 
        "yeast", 
        "eggs", 
        "butter", 
        "sugar", 
        "salt", 
        "sugar"
    ], 
    "smallImageUrls": [
        "http://i.yummly.com/Quick-N_-Easy-Coffee-Cake-or-Muffins-AllRecipes-71393.s.png"
    ], 
    "sourceDisplayName": "AllRecipes", 
    "recipeName": "Quick N' Easy Coffee Cake or Muffins", 
    "attributes": {
        "course": [
            "Breads"
        ]
    }, 
    "id": "Quick-N_-Easy-Coffee-Cake-or-Muffins-AllRecipes"
}{
    "flavors": {
        "sweet": 0.5, 
        "sour": 0.3333333333333333, 
        "salty": 0.5, 
        "piquant": 0.0, 
        "bitter": 0.3333333333333333, 
        "meaty": 1.0
    }, 
    "rating": 4.82, 
    "totalTimeInSeconds": 3300.0, 
    "ingredients": [
        "corn", 
        "sour cream", 
        "butter", 
        "shredded cheddar cheese", 
        "cream", 
        "corn muffin"
    ], 
    "smallImageUrls": [
        "http://i2.yummly.com/Corn-Casserole-_paula-Deen_-Recipezaar.s.jpg", 
        "http://i.yummly.com/Corn-Casserole-_paula-Deen_-Recipezaar-152794.s.jpg"
    ], 
    "sourceDisplayName": "Food.com", 
    "recipeName": "Corn Casserole (Paula Deen)", 
    "attributes": {
        "course": [
            "Side Dishes"
        ]
    }, 
    "id": "Corn-Casserole-_paula-Deen_-Recipezaar"
}{
    "flavors": {
        "sweet": 0.8333333333333334, 
        "sour": 0.5, 
        "salty": 0.3333333333333333, 
        "piquant": 0.0, 
        "bitter": 0.16666666666666666, 
        "meaty": 0.5
    }, 
    "rating": 4.75, 
    "totalTimeInSeconds": 1800.0, 
    "ingredients": [
        "blueberries", 
        "baking powder", 
        "flour", 
        "buttermilk", 
        "salt", 
        "eggs", 
        "sugar", 
        "butter"
    ], 
    "smallImageUrls": [
        "http://i.yummly.com/Blueberry-Buttermilk-Muffins-Recipezaar_2-184002.s.jpg"
    ], 
    "sourceDisplayName": "Food.com", 
    "recipeName": "Blueberry Buttermilk Muffins", 
    "attributes": {
        "course": [
            "Breads", 
            "Breakfast and Brunch"
        ]
    }, 
    "id": "Blueberry-Buttermilk-Muffins-Recipezaar_2"
}{
    "flavors": {
        "sweet": 1.0, 
        "sour": 0.5, 
        "salty": 0.5, 
        "piquant": 0.0, 
        "bitter": 0.16666666666666666, 
        "meaty": 0.5
    }, 
    "rating": 4.79, 
    "totalTimeInSeconds": 2400.0, 
    "ingredients": [
        "eggs", 
        "blueberries", 
        "vanilla", 
        "buttermilk", 
        "sugar", 
        "butter", 
        "baking soda", 
        "salt", 
        "bananas", 
        "all-purpose flour"
    ], 
    "smallImageUrls": [
        "http://i2.yummly.com/The-Best-Blueberry-Banana-Muffins-Recipezaar-2.s.png", 
        "http://i.yummly.com/The-Best-Blueberry-Banana-Muffins-Recipezaar-188357.s.jpg"
    ], 
    "sourceDisplayName": "Food.com", 
    "recipeName": "The Best Blueberry Banana Muffins", 
    "attributes": {
        "course": [
            "Breads", 
            "Breakfast and Brunch"
        ]
    }, 
    "id": "The-Best-Blueberry-Banana-Muffins-Recipezaar"
}{
    "flavors": {
        "sweet": 1.0, 
        "sour": 0.3333333333333333, 
        "salty": 0.6666666666666666, 
        "piquant": 0.0, 
        "bitter": 0.5, 
        "meaty": 0.6666666666666666
    }, 
    "rating": 5.0, 
    "totalTimeInSeconds": 1200.0, 
    "ingredients": [
        "brown sugar", 
        "vanilla essence", 
        "bran", 
        "salt", 
        "cake flour", 
        "bicarbonate of soda", 
        "vegetable oil", 
        "milk", 
        "raisins", 
        "eggs"
    ], 
    "smallImageUrls": [
        "http://i.yummly.com/Body-_-Soul-Health-Muffins-Recipezaar-152808.s.jpg"
    ], 
    "sourceDisplayName": "Food.com", 
    "recipeName": "Body & Soul Health Muffins", 
    "attributes": {}, 
    "id": "Body-_-Soul-Health-Muffins-Recipezaar"
}{
    "flavors": {
        "sweet": 1.0, 
        "sour": 0.3333333333333333, 
        "salty": 0.6666666666666666, 
        "piquant": 0.0, 
        "bitter": 0.5, 
        "meaty": 0.8333333333333334
    }, 
    "rating": 4.64, 
    "totalTimeInSeconds": 2400.0, 
    "ingredients": [
        "vegetable oil", 
        "salt", 
        "baking soda", 
        "pumpkin", 
        "banana", 
        "whole wheat flour", 
        "ground cinnamon", 
        "large eggs", 
        "brown sugar", 
        "baking powder", 
        "ground ginger", 
        "granulated sugar"
    ], 
    "smallImageUrls": [
        "http://i.yummly.com/Pumpkin-Banana-Muffins-Recipezaar-185004.s.jpg"
    ], 
    "sourceDisplayName": "Food.com", 
    "recipeName": "Pumpkin Banana Muffins", 
    "attributes": {
        "course": [
            "Breads"
        ]
    }, 
    "id": "Pumpkin-Banana-Muffins-Recipezaar"
}{
    "flavors": {
        "sweet": 0.3333333333333333, 
        "sour": 0.6666666666666666, 
        "salty": 0.6666666666666666, 
        "piquant": 0.6666666666666666, 
        "bitter": 0.3333333333333333, 
        "meaty": 0.3333333333333333
    }, 
    "rating": 4.51, 
    "totalTimeInSeconds": 1800.0, 
    "ingredients": [
        "finely chopped onion", 
        "salt", 
        "plain yogurt", 
        "celery", 
        "black pepper", 
        "dried oregano", 
        "milk", 
        "cayenne pepper", 
        "dried thyme", 
        "green bell pepper", 
        "chicken broth", 
        "minced garlic", 
        "cream style corn", 
        "butter", 
        "dried basil", 
        "muffin mix", 
        "beaten eggs"
    ], 
    "smallImageUrls": [
        "http://i.yummly.com/Cornbread-Stuffing-Southern-Style-Allrecipes-79827.s.png", 
        "http://i.yummly.com/Cornbread-Stuffing-Southern-Style-Allrecipes-79826.s.png"
    ], 
    "sourceDisplayName": "AllRecipes", 
    "recipeName": "Cornbread Stuffing Southern Style", 
    "attributes": {
        "course": [
            "Side Dishes", 
            "Breads"
        ], 
        "holiday": [
            "Thanksgiving"
        ], 
        "cuisine": [
            "American", 
            "Southern & Soul Food"
        ]
    }, 
    "id": "Cornbread-Stuffing-Southern-Style-Allrecipes"
}{
    "flavors": {
        "sweet": 0.8333333333333334, 
        "sour": 0.5, 
        "salty": 0.8333333333333334, 
        "piquant": 0.0, 
        "bitter": 0.5, 
        "meaty": 0.5
    }, 
    "rating": 0.0, 
    "totalTimeInSeconds": 0, 
    "ingredients": [
        "sour cream", 
        "corn kernels", 
        "yellow cornmeal", 
        "eggs", 
        "unsalted butter", 
        "nonfat buttermilk", 
        "baking powder", 
        "coarse salt", 
        "all-purpose flour", 
        "light brown sugar"
    ], 
    "smallImageUrls": [
        "http://i.yummly.com/Mini-Cornbread-Muffins-Martha-Stewart-111200.s.png"
    ], 
    "sourceDisplayName": "Martha Stewart", 
    "recipeName": "Mini Cornbread Muffins", 
    "attributes": {
        "course": [
            "Breads"
        ], 
        "cuisine": [
            "American"
        ]
    }, 
    "id": "Mini-Cornbread-Muffins-Martha-Stewart"
}{
    "flavors": {
        "sweet": 0.8333333333333334, 
        "sour": 0.3333333333333333, 
        "salty": 0.3333333333333333, 
        "piquant": 0.0, 
        "bitter": 0.16666666666666666, 
        "meaty": 0.5
    }, 
    "rating": 4.78, 
    "totalTimeInSeconds": 2100.0, 
    "ingredients": [
        "semi-sweet chocolate", 
        "sugar", 
        "all-purpose flour", 
        "egg", 
        "salt", 
        "skim milk", 
        "baking powder", 
        "canola oil"
    ], 
    "smallImageUrls": [
        "http://i.yummly.com/Basic-Chocolate-Chip-Muffins-Recipezaar-165960.s.jpg"
    ], 
    "sourceDisplayName": "Food.com", 
    "recipeName": "Basic Chocolate Chip Muffins", 
    "attributes": {
        "course": [
            "Breads", 
            "Breakfast and Brunch"
        ]
    }, 
    "id": "Basic-Chocolate-Chip-Muffins-Recipezaar"
}{
    "flavors": {
        "sweet": 1.0, 
        "sour": 0.3333333333333333, 
        "salty": 0.5, 
        "piquant": 0.0, 
        "bitter": 0.16666666666666666, 
        "meaty": 0.5
    }, 
    "rating": 4.88, 
    "totalTimeInSeconds": 2400.0, 
    "ingredients": [
        "flour", 
        "applesauce", 
        "baking powder", 
        "eggs", 
        "sugar", 
        "butter", 
        "ground cloves", 
        "salt", 
        "cinnamon", 
        "baking soda"
    ], 
    "smallImageUrls": [
        "http://i.yummly.com/Applesauce-Muffins-Recipezaar_8-169685.s.jpg"
    ], 
    "sourceDisplayName": "Food.com", 
    "recipeName": "Applesauce Muffins", 
    "attributes": {
        "course": [
            "Breads", 
            "Breakfast and Brunch", 
            "Lunch and Snacks"
        ]
    }, 
    "id": "Applesauce-Muffins-Recipezaar_8"
}{
    "flavors": {
        "sweet": 1.0, 
        "sour": 0.5, 
        "salty": 0.3333333333333333, 
        "piquant": 0.0, 
        "bitter": 1.0, 
        "meaty": 0.6666666666666666
    }, 
    "rating": 4.0, 
    "totalTimeInSeconds": 2100.0, 
    "ingredients": [
        "brown sugar", 
        "baking soda", 
        "chopped walnuts", 
        "chopped walnuts", 
        "ground cinnamon", 
        "all-purpose flour", 
        "vanilla extract", 
        "egg", 
        "brown sugar", 
        "salt", 
        "vegetable oil", 
        "rhubarb", 
        "buttermilk"
    ], 
    "smallImageUrls": [
        "http://i.yummly.com/Rhubarb-Nut-Muffins-Allrecipes-60420.s.png"
    ], 
    "sourceDisplayName": "Taste of Home", 
    "recipeName": "Rhubarb Nut Muffins", 
    "attributes": {
        "course": [
            "Breads"
        ]
    }, 
    "id": "Rhubarb-Nut-Muffins-TasteOfHome"
}{
    "flavors": {
        "sweet": 1.0, 
        "sour": 0.0, 
        "salty": 0.8333333333333334, 
        "piquant": 0.0, 
        "bitter": 1.0, 
        "meaty": 0.3333333333333333
    }, 
    "rating": 5.0, 
    "totalTimeInSeconds": 3300.0, 
    "ingredients": [
        "chocolate chips", 
        "sugar", 
        "vanilla", 
        "butter", 
        "salt", 
        "baking soda", 
        "eggs", 
        "flour", 
        "mashed banana"
    ], 
    "smallImageUrls": [
        "http://i.yummly.com/Banana-Muffins-Recipezaar_2-229311.s.jpg"
    ], 
    "sourceDisplayName": "Food.com", 
    "recipeName": "Banana Muffins", 
    "attributes": {
        "course": [
            "Breads", 
            "Breakfast and Brunch", 
            "Lunch and Snacks"
        ]
    }, 
    "id": "Banana-Muffins-Recipezaar_2"
}{
    "flavors": {
        "sweet": 1.0, 
        "sour": 0.6666666666666666, 
        "salty": 0.8333333333333334, 
        "piquant": 0.0, 
        "bitter": 0.5, 
        "meaty": 0.3333333333333333
    }, 
    "rating": 2.71, 
    "totalTimeInSeconds": 2400.0, 
    "ingredients": [
        "ground cinnamon", 
        "mashed banana", 
        "nonfat milk", 
        "granny smith apples", 
        "water", 
        "self rising flour", 
        "salt", 
        "orange zest", 
        "white sugar", 
        "white sugar", 
        "ground cinnamon", 
        "vanilla extract"
    ], 
    "smallImageUrls": [
        "http://i.yummly.com/Choice-Apple-And-Banana-Muffins-Allrecipes-73507.s.png"
    ], 
    "sourceDisplayName": "AllRecipes", 
    "recipeName": "Choice Apple and Banana Muffins", 
    "attributes": {
        "course": [
            "Breads"
        ]
    }, 
    "id": "Choice-Apple-And-Banana-Muffins-Allrecipes"
}{
    "flavors": {
        "sweet": 0.16666666666666666, 
        "sour": 0.6666666666666666, 
        "salty": 0.8333333333333334, 
        "piquant": 0.0, 
        "bitter": 0.5, 
        "meaty": 1.0
    }, 
    "rating": 3.5, 
    "totalTimeInSeconds": 1800.0, 
    "ingredients": [
        "tart apples", 
        "ground cinnamon", 
        "salt", 
        "shredded cheddar cheese", 
        "vegetable oil", 
        "all-purpose flour", 
        "baking powder", 
        "grated parmesan cheese", 
        "buttermilk", 
        "sugar", 
        "baking soda", 
        "egg"
    ], 
    "smallImageUrls": [
        "http://i.yummly.com/Apple-Cheddar-Muffins-Allrecipes-53977.s.png"
    ], 
    "sourceDisplayName": "Taste of Home", 
    "recipeName": "Apple Cheddar Muffins", 
    "attributes": {
        "course": [
            "Breads"
        ]
    }, 
    "id": "Apple-Cheddar-Muffins-TasteOfHome"
}{
    "flavors": {
        "sweet": 1.0, 
        "sour": 0.6666666666666666, 
        "salty": 0.16666666666666666, 
        "piquant": 0.0, 
        "bitter": 0.16666666666666666, 
        "meaty": 0.3333333333333333
    }, 
    "rating": 5.0, 
    "totalTimeInSeconds": 3780.0, 
    "ingredients": [
        "dark brown sugar", 
        "quinoa", 
        "egg", 
        "vegetable oil", 
        "vegetable oil", 
        "all-purpose flour", 
        "baking powder", 
        "raisins", 
        "pure vanilla extract", 
        "salt", 
        "milk"
    ], 
    "smallImageUrls": [
        "http://i.yummly.com/Quinoa-Muffins-Recipezaar-242242.s.jpg"
    ], 
    "sourceDisplayName": "Food.com", 
    "recipeName": "Quinoa Muffins", 
    "attributes": {
        "course": [
            "Breads", 
            "Breakfast and Brunch"
        ]
    }, 
    "id": "Quinoa-Muffins-Recipezaar"
}{
    "flavors": {
        "sweet": 0.16666666666666666, 
        "sour": 0.16666666666666666, 
        "salty": 0.5, 
        "piquant": 0.0, 
        "bitter": 0.3333333333333333, 
        "meaty": 0.3333333333333333
    }, 
    "rating": 4.5, 
    "totalTimeInSeconds": 780.0, 
    "ingredients": [
        "english muffins", 
        "spaghetti sauce", 
        "mozzarella cheese", 
        "sausage"
    ], 
    "smallImageUrls": [], 
    "sourceDisplayName": "Food.com", 
    "recipeName": "English Muffin Pizzas", 
    "attributes": {
        "course": [
            "Lunch and Snacks"
        ]
    }, 
    "id": "English-Muffin-Pizzas-Recipezaar"
}{
    "flavors": {
        "sweet": 1.0, 
        "sour": 0.3333333333333333, 
        "salty": 0.6666666666666666, 
        "piquant": 0.0, 
        "bitter": 0.3333333333333333, 
        "meaty": 0.3333333333333333
    }, 
    "rating": 4.77, 
    "totalTimeInSeconds": 2700.0, 
    "ingredients": [
        "granulated sugar", 
        "chopped walnuts", 
        "brown sugar", 
        "low-fat buttermilk", 
        "bananas", 
        "egg", 
        "salt", 
        "chocolate chips", 
        "flour", 
        "baking soda"
    ], 
    "smallImageUrls": [], 
    "sourceDisplayName": "Food.com", 
    "recipeName": "Banana-Chocolate Chip Muffins", 
    "attributes": {
        "course": [
            "Breads", 
            "Lunch and Snacks"
        ]
    }, 
    "id": "Banana_chocolate-Chip-Muffins-Recipezaar"
}{
    "flavors": {
        "sweet": 0.16666666666666666, 
        "sour": 0.16666666666666666, 
        "salty": 0.16666666666666666, 
        "piquant": 0.0, 
        "bitter": 0.16666666666666666, 
        "meaty": 0.16666666666666666
    }, 
    "rating": 4.69, 
    "totalTimeInSeconds": 2400.0, 
    "ingredients": [
        "butter", 
        "sugar", 
        "wheat flour", 
        "baking powder", 
        "brown sugar", 
        "milk", 
        "vanilla extract", 
        "salt", 
        "all-purpose flour", 
        "vegetable oil", 
        "eggs", 
        "blueberry"
    ], 
    "smallImageUrls": [
        "http://i.yummly.com/Blueberry-Streusel-Muffins-Food_com-145414-209396.s.jpg"
    ], 
    "sourceDisplayName": "Food.com", 
    "recipeName": "Blueberry Streusel Muffins", 
    "attributes": {
        "course": [
            "Breads", 
            "Breakfast and Brunch"
        ], 
        "cuisine": [
            "American"
        ]
    }, 
    "id": "Blueberry-Streusel-Muffins-Food_com-145414"
}{
    "flavors": {
        "sweet": 0.8333333333333334, 
        "sour": 0.5, 
        "salty": 0.8333333333333334, 
        "piquant": 0.0, 
        "bitter": 0.5, 
        "meaty": 0.5
    }, 
    "rating": 0.0, 
    "totalTimeInSeconds": 2700.0, 
    "ingredients": [
        "unsalted butter", 
        "all-purpose flour", 
        "yellow cornmeal", 
        "light brown sugar", 
        "corn kernels", 
        "unsalted butter", 
        "eggs", 
        "baking powder", 
        "jalapenos", 
        "nonfat buttermilk", 
        "sour cream", 
        "coarse salt"
    ], 
    "smallImageUrls": [
        "http://i.yummly.com/Jalapeno-Corn-Muffins-Martha-Stewart-197633-113234.s.png"
    ], 
    "sourceDisplayName": "Martha Stewart", 
    "recipeName": "Jalapeno Corn Muffins", 
    "attributes": {
        "course": [
            "Breads"
        ], 
        "cuisine": [
            "American"
        ]
    }, 
    "id": "Jalapeno-Corn-Muffins-Martha-Stewart-197633"
}{
    "flavors": {
        "sweet": 0.5, 
        "sour": 0.5, 
        "salty": 0.8333333333333334, 
        "piquant": 0.6666666666666666, 
        "bitter": 0.6666666666666666, 
        "meaty": 0.5
    }, 
    "rating": 3.88, 
    "totalTimeInSeconds": 0, 
    "ingredients": [
        "eggs", 
        "unsalted butter", 
        "salt", 
        "chili powder", 
        "corn kernels", 
        "buttermilk", 
        "yellow cornmeal", 
        "sugar", 
        "baking soda", 
        "all purpose flour", 
        "baking powder"
    ], 
    "smallImageUrls": [], 
    "sourceDisplayName": "Epicurious", 
    "recipeName": "Chili Cornmeal Muffins", 
    "attributes": {
        "course": [
            "Breads"
        ], 
        "cuisine": [
            "American", 
            "Southwestern"
        ]
    }, 
    "id": "Chili-Cornmeal-Muffins-Epicurious"
}{
    "flavors": {
        "sweet": 0.3333333333333333, 
        "sour": 0.3333333333333333, 
        "salty": 0.6666666666666666, 
        "piquant": 0.6666666666666666, 
        "bitter": 0.5, 
        "meaty": 0.5
    }, 
    "rating": 4.27, 
    "totalTimeInSeconds": 1500.0, 
    "ingredients": [
        "butter", 
        "english muffins", 
        "egg yolks", 
        "eggs", 
        "canadian bacon", 
        "white vinegar", 
        "salt", 
        "lemon juice", 
        "heavy cream", 
        "cayenne pepper"
    ], 
    "smallImageUrls": [
        "http://i.yummly.com/Quick-And-Easy-Eggs-Benedict-Allrecipes-1.s.jpg", 
        "http://i.yummly.com/Quick-And-Easy-Eggs-Benedict-Allrecipes-65851.s.png"
    ], 
    "sourceDisplayName": "AllRecipes", 
    "recipeName": "Quick and Easy Eggs Benedict", 
    "attributes": {
        "course": [
            "Breakfast and Brunch"
        ]
    }, 
    "id": "Quick-And-Easy-Eggs-Benedict-Allrecipes"
}{
    "flavors": {
        "sweet": 0.0, 
        "sour": 0.0, 
        "salty": 0.5, 
        "piquant": 0.0, 
        "bitter": 0.16666666666666666, 
        "meaty": 0.3333333333333333
    }, 
    "rating": 4.0, 
    "totalTimeInSeconds": 1500.0, 
    "ingredients": [
        "melted butter", 
        "sugar", 
        "passion fruit", 
        "yoghurt", 
        "self raising flour", 
        "eggs", 
        "coconut"
    ], 
    "smallImageUrls": [
        "http://i.yummly.com/Passionfruit-Muffins-Recipezaar-224642.s.jpg"
    ], 
    "sourceDisplayName": "Food.com", 
    "recipeName": "Passionfruit Muffins", 
    "attributes": {
        "course": [
            "Breads"
        ]
    }, 
    "id": "Passionfruit-Muffins-Recipezaar"
}{
    "flavors": {
        "sweet": 1.0, 
        "sour": 0.6666666666666666, 
        "salty": 0.6666666666666666, 
        "piquant": 0.0, 
        "bitter": 0.3333333333333333, 
        "meaty": 0.6666666666666666
    }, 
    "rating": 0.0, 
    "totalTimeInSeconds": 3600.0, 
    "ingredients": [
        "eggs", 
        "buttermilk", 
        "baking powder", 
        "ground cinnamon", 
        "fine salt", 
        "milk", 
        "granulated sugar", 
        "granulated sugar", 
        "all-purpose flour", 
        "unsalted butter", 
        "unsalted butter", 
        "ground nutmeg", 
        "baking soda"
    ], 
    "smallImageUrls": [
        "http://i.yummly.com/Doughnut-Muffins-Recipe-Chow-56617-39306.s.png"
    ], 
    "sourceDisplayName": "Chow", 
    "recipeName": "Doughnut Muffins Recipe", 
    "attributes": {
        "course": [
            "Breads"
        ]
    }, 
    "id": "Doughnut-Muffins-Recipe-Chow-56617"
}{
    "flavors": {
        "sweet": 0.8333333333333334, 
        "sour": 0.5, 
        "salty": 0.5, 
        "piquant": 0.0, 
        "bitter": 0.6666666666666666, 
        "meaty": 0.3333333333333333
    }, 
    "rating": 4.71, 
    "totalTimeInSeconds": 1800.0, 
    "ingredients": [
        "oil", 
        "baking powder", 
        "sugar", 
        "flour", 
        "vanilla extract", 
        "milk", 
        "beaten eggs", 
        "salt", 
        "instant oats"
    ], 
    "smallImageUrls": [
        "http://i.yummly.com/Magic-Muffins-Recipezaar_1-250011.s.jpg"
    ], 
    "sourceDisplayName": "Food.com", 
    "recipeName": "Magic Muffins", 
    "attributes": {
        "course": [
            "Breads", 
            "Breakfast and Brunch"
        ]
    }, 
    "id": "Magic-Muffins-Recipezaar_1"
}{
    "flavors": {
        "sweet": 1.0, 
        "sour": 0.16666666666666666, 
        "salty": 0.8333333333333334, 
        "piquant": 0.0, 
        "bitter": 0.6666666666666666, 
        "meaty": 0.5
    }, 
    "rating": 5.0, 
    "totalTimeInSeconds": 1200.0, 
    "ingredients": [
        "baking soda", 
        "whole wheat flour", 
        "eggs", 
        "unsweetened applesauce", 
        "olive oil", 
        "cinnamon", 
        "warm water", 
        "nutmeg", 
        "honey", 
        "cooking spray", 
        "mashed bananas", 
        "salt"
    ], 
    "smallImageUrls": [
        "http://i.yummly.com/Whole-Wheat-Banana-Muffins-Recipezaar-17803.s.png", 
        "http://i.yummly.com/Whole-Wheat-Banana-Muffins-Recipezaar-158692.s.jpg"
    ], 
    "sourceDisplayName": "Food.com", 
    "recipeName": "Whole Wheat Banana Muffins", 
    "attributes": {
        "course": [
            "Breads", 
            "Breakfast and Brunch", 
            "Lunch and Snacks"
        ]
    }, 
    "id": "Whole-Wheat-Banana-Muffins-Recipezaar"
}{
    "flavors": {
        "sweet": 0.8333333333333334, 
        "sour": 0.3333333333333333, 
        "salty": 0.16666666666666666, 
        "piquant": 0.0, 
        "bitter": 0.16666666666666666, 
        "meaty": 0.6666666666666666
    }, 
    "rating": 4.13, 
    "totalTimeInSeconds": 1800.0, 
    "ingredients": [
        "eggs", 
        "brown sugar", 
        "poppy seeds", 
        "ground cinnamon", 
        "carrots", 
        "self raising flour", 
        "canola oil"
    ], 
    "smallImageUrls": [
        "http://i.yummly.com/Carrot-And-Poppy-Seed-Muffins-Recipezaar-162072.s.jpg"
    ], 
    "sourceDisplayName": "Food.com", 
    "recipeName": "Carrot and Poppy Seed Muffins", 
    "attributes": {
        "course": [
            "Breads"
        ]
    }, 
    "id": "Carrot-And-Poppy-Seed-Muffins-Recipezaar"
}{
    "flavors": {
        "sweet": 0.3333333333333333, 
        "sour": 0.6666666666666666, 
        "salty": 0.8333333333333334, 
        "piquant": 0.0, 
        "bitter": 0.5, 
        "meaty": 0.6666666666666666
    }, 
    "rating": 0.0, 
    "totalTimeInSeconds": 3300.0, 
    "ingredients": [
        "sour cream", 
        "self rising flour", 
        "peaches", 
        "unsalted butter", 
        "vanilla extract", 
        "nonstick cooking spray", 
        "sugar"
    ], 
    "smallImageUrls": [], 
    "sourceDisplayName": "Food Network", 
    "recipeName": "Peaches and Cream Muffins", 
    "attributes": {
        "course": [
            "Breads"
        ], 
        "cuisine": [
            "American"
        ]
    }, 
    "id": "Peaches-and-Cream-Muffins-Food-Network-272245"
}{
    "flavors": {
        "sweet": 1.0, 
        "sour": 0.3333333333333333, 
        "salty": 0.3333333333333333, 
        "piquant": 0.0, 
        "bitter": 0.8333333333333334, 
        "meaty": 0.6666666666666666
    }, 
    "rating": 5.0, 
    "totalTimeInSeconds": 1800.0, 
    "ingredients": [
        "chopped pecans", 
        "brown sugar", 
        "all-purpose flour", 
        "melted butter", 
        "beaten eggs"
    ], 
    "smallImageUrls": [], 
    "sourceDisplayName": "Food.com", 
    "recipeName": "Praline Muffins", 
    "attributes": {
        "course": [
            "Breads", 
            "Breakfast and Brunch"
        ], 
        "cuisine": [
            "American", 
            "Southern & Soul Food", 
            "Cajun & Creole"
        ]
    }, 
    "id": "Praline-Muffins-Recipezaar_1"
}{
    "flavors": null, 
    "rating": 0.0, 
    "totalTimeInSeconds": 2400.0, 
    "ingredients": [
        "eggs", 
        "orange juice", 
        "oiled", 
        "all-purpose flour", 
        "bran", 
        "baking powder", 
        "salt", 
        "milk", 
        "brown sugar", 
        "baking soda", 
        "blueberry"
    ], 
    "smallImageUrls": [
        "http://i.yummly.com/All-Bran_s-Best-Blueberry-Muffins-AllRecipes-39720-71175.s.png"
    ], 
    "sourceDisplayName": "AllRecipes", 
    "recipeName": "All-Bran's Best Blueberry Muffins", 
    "attributes": {
        "course": [
            "Breads", 
            "Breakfast and Brunch"
        ]
    }, 
    "id": "All-Bran_s-Best-Blueberry-Muffins-AllRecipes-39720"
}{
    "flavors": {
        "sweet": 0.5, 
        "sour": 0.5, 
        "salty": 0.5, 
        "piquant": 0.0, 
        "bitter": 0.16666666666666666, 
        "meaty": 0.6666666666666666
    }, 
    "rating": 0.0, 
    "totalTimeInSeconds": 1500.0, 
    "ingredients": [
        "onions", 
        "eggs", 
        "cottage cheese", 
        "corn muffin mix", 
        "milk", 
        "frozen chopped spinach"
    ], 
    "smallImageUrls": [
        "http://i.yummly.com/Spinach-Muffins-Recipezaar-148813.s.jpg"
    ], 
    "sourceDisplayName": "Food.com", 
    "recipeName": "Spinach Muffins", 
    "attributes": {
        "course": [
            "Breads"
        ]
    }, 
    "id": "Spinach-Muffins-Recipezaar"
}{
    "flavors": {
        "sweet": 1.0, 
        "sour": 0.5, 
        "salty": 0.6666666666666666, 
        "piquant": 0.0, 
        "bitter": 0.5, 
        "meaty": 0.5
    }, 
    "rating": 4.61, 
    "totalTimeInSeconds": 2400.0, 
    "ingredients": [
        "sugar", 
        "salt", 
        "milk", 
        "egg", 
        "cinnamon sugar", 
        "baking powder", 
        "margarine", 
        "flour", 
        "nutmeg"
    ], 
    "smallImageUrls": [
        "http://i.yummly.com/Baked-Donut-Muffins-Recipezaar-233587.s.jpg"
    ], 
    "sourceDisplayName": "Food.com", 
    "recipeName": "Baked Donut Muffins", 
    "attributes": {
        "course": [
            "Breads", 
            "Breakfast and Brunch"
        ]
    }, 
    "id": "Baked-Donut-Muffins-Recipezaar"
}{
    "flavors": {
        "sweet": 0.8333333333333334, 
        "sour": 0.5, 
        "salty": 0.16666666666666666, 
        "piquant": 0.0, 
        "bitter": 0.3333333333333333, 
        "meaty": 0.3333333333333333
    }, 
    "rating": 0.0, 
    "totalTimeInSeconds": 2100.0, 
    "ingredients": [
        "cornmeal", 
        "all-purpose flour", 
        "chopped fresh cilantro", 
        "country crock spread", 
        "milk", 
        "eggs", 
        "grated lime peel", 
        "baking powder", 
        "cilantro", 
        "muffins", 
        "country crock spread", 
        "sugar"
    ], 
    "smallImageUrls": [
        "http://i.yummly.com/Cowboy-corn-muffins-with-cilantro-spread-298557-267225.s.jpg", 
        "http://i.yummly.com/Cowboy-corn-muffins-with-cilantro-spread-298557-265652.s.jpg", 
        "http://i.yummly.com/Cowboy-corn-muffins-with-cilantro-spread-298557-265357.s.jpg"
    ], 
    "sourceDisplayName": "Country Crock", 
    "recipeName": "Cowboy Corn Muffins With Cilantro Spread", 
    "attributes": {
        "course": [
            "Breads"
        ], 
        "cuisine": [
            "American"
        ]
    }, 
    "id": "Cowboy-corn-muffins-with-cilantro-spread-298557"
}{
    "flavors": {
        "sweet": 0.6666666666666666, 
        "sour": 0.3333333333333333, 
        "salty": 0.6666666666666666, 
        "piquant": 0.0, 
        "bitter": 0.3333333333333333, 
        "meaty": 0.5
    }, 
    "rating": 4.0, 
    "totalTimeInSeconds": 0, 
    "ingredients": [
        "egg", 
        "milk", 
        "grated orange", 
        "all-purpose flour", 
        "aniseed", 
        "rye flour", 
        "salt", 
        "caraway seeds", 
        "unsalted butter", 
        "baking powder", 
        "molasses"
    ], 
    "smallImageUrls": [], 
    "sourceDisplayName": "Epicurious", 
    "recipeName": "Limpa Muffins", 
    "attributes": {
        "course": [
            "Breads"
        ]
    }, 
    "id": "Limpa-Muffins-Epicurious"
}{
    "flavors": {
        "sweet": 0.8333333333333334, 
        "sour": 0.3333333333333333, 
        "salty": 0.5, 
        "piquant": 0.0, 
        "bitter": 0.16666666666666666, 
        "meaty": 0.5
    }, 
    "rating": 4.78, 
    "totalTimeInSeconds": 2400.0, 
    "ingredients": [
        "margarine", 
        "baking powder", 
        "all-purpose flour", 
        "large eggs", 
        "honey", 
        "salt", 
        "skim milk", 
        "blueberries", 
        "splenda granular", 
        "vanilla"
    ], 
    "smallImageUrls": [
        "http://i.yummly.com/Blueberry-Muffins-_with-Splenda_-Recipezaar-17588.s.png", 
        "http://i.yummly.com/Blueberry-Muffins-_with-Splenda_-Recipezaar-181437.s.jpg"
    ], 
    "sourceDisplayName": "Food.com", 
    "recipeName": "Blueberry Muffins (With Splenda)", 
    "attributes": {
        "course": [
            "Breads", 
            "Breakfast and Brunch", 
            "Lunch and Snacks"
        ]
    }, 
    "id": "Blueberry-Muffins-_with-Splenda_-Recipezaar"
}{
    "flavors": {
        "sweet": 0.8333333333333334, 
        "sour": 0.3333333333333333, 
        "salty": 0.6666666666666666, 
        "piquant": 0.0, 
        "bitter": 0.3333333333333333, 
        "meaty": 0.5
    }, 
    "rating": 0.0, 
    "totalTimeInSeconds": 2400.0, 
    "ingredients": [
        "light brown sugar", 
        "all-purpose flour", 
        "walnuts", 
        "mild molasses", 
        "milk", 
        "salt", 
        "pitted date", 
        "baking soda", 
        "safflower oil", 
        "wheat flour", 
        "eggs", 
        "pumpkin pie spice"
    ], 
    "smallImageUrls": [
        "http://i.yummly.com/Walnut-Date-Muffins-Martha-Stewart-106308.s.png"
    ], 
    "sourceDisplayName": "Martha Stewart", 
    "recipeName": "Walnut Date Muffins", 
    "attributes": {
        "course": [
            "Breads", 
            "Breakfast and Brunch"
        ]
    }, 
    "id": "Walnut-Date-Muffins-Martha-Stewart"
}{
    "flavors": {
        "sweet": 0.16666666666666666, 
        "sour": 0.16666666666666666, 
        "salty": 0.16666666666666666, 
        "piquant": 0.0, 
        "bitter": 0.16666666666666666, 
        "meaty": 0.16666666666666666
    }, 
    "rating": 4.64, 
    "totalTimeInSeconds": 4500.0, 
    "ingredients": [
        "cheddar cheese", 
        "water packed tuna", 
        "parsley", 
        "eggs", 
        "milk", 
        "seasoned salt", 
        "melted butter", 
        "fresh onion", 
        "lemon juice", 
        "rice", 
        "seasoned salt", 
        "parsley"
    ], 
    "smallImageUrls": [
        "http://i.yummly.com/Tuna-Muffins-Food_com-124045-196815.s.jpg"
    ], 
    "sourceDisplayName": "Food.com", 
    "recipeName": "Tuna Muffins", 
    "attributes": {
        "course": [
            "Lunch and Snacks"
        ]
    }, 
    "id": "Tuna-Muffins-Food_com-124045"
}{
    "flavors": {
        "sweet": 0.3333333333333333, 
        "sour": 0.16666666666666666, 
        "salty": 0.8333333333333334, 
        "piquant": 0.5, 
        "bitter": 0.6666666666666666, 
        "meaty": 0.3333333333333333
    }, 
    "rating": 4.54, 
    "totalTimeInSeconds": 1560.0, 
    "ingredients": [
        "celery salt", 
        "mayonnaise", 
        "american cheese", 
        "yellow bell pepper", 
        "onion", 
        "chopped celery", 
        "fresh tomato", 
        "garlic powder", 
        "butter", 
        "tuna", 
        "english muffins", 
        "onion powder"
    ], 
    "smallImageUrls": [
        "http://i.yummly.com/Tuna-Cheesies-Allrecipes-57032.s.png"
    ], 
    "sourceDisplayName": "AllRecipes", 
    "recipeName": "Tuna Cheesies", 
    "attributes": {}, 
    "id": "Tuna-Cheesies-Allrecipes"
}{
    "flavors": {
        "sweet": 0.3333333333333333, 
        "sour": 0.5, 
        "salty": 0.3333333333333333, 
        "piquant": 0.5, 
        "bitter": 0.16666666666666666, 
        "meaty": 0.16666666666666666
    }, 
    "rating": 3.11, 
    "totalTimeInSeconds": 0, 
    "ingredients": [
        "leeks", 
        "butter", 
        "beaten eggs", 
        "rubbed sage", 
        "chopped fresh thyme", 
        "fresh parsley", 
        "low salt chicken broth", 
        "ham", 
        "kosher salt", 
        "white sandwich bread", 
        "black pepper", 
        "chopped celery"
    ], 
    "smallImageUrls": [
        "http://i.yummly.com/Cornbread-Stuffing-Muffins-With-Ham-And-Sage-Epicurious-48714.s.png"
    ], 
    "sourceDisplayName": "Epicurious", 
    "recipeName": "Cornbread Stuffing Muffins with Ham and Sage", 
    "attributes": {
        "course": [
            "Side Dishes", 
            "Breads"
        ], 
        "holiday": [
            "Thanksgiving"
        ], 
        "cuisine": [
            "American"
        ]
    }, 
    "id": "Cornbread-Stuffing-Muffins-With-Ham-And-Sage-Epicurious"
}{
    "flavors": {
        "sweet": 0.3333333333333333, 
        "sour": 0.16666666666666666, 
        "salty": 0.5, 
        "piquant": 0.0, 
        "bitter": 0.3333333333333333, 
        "meaty": 0.3333333333333333
    }, 
    "rating": 4.0, 
    "totalTimeInSeconds": 1320.0, 
    "ingredients": [
        "shredded mozzarella cheese", 
        "pesto sauce", 
        "cooked bacon", 
        "cooked chicken", 
        "melted butter", 
        "english muffins"
    ], 
    "smallImageUrls": [], 
    "sourceDisplayName": "Food.com", 
    "recipeName": "Cowboy Chicken-Cheese Muffins", 
    "attributes": {
        "course": [
            "Lunch and Snacks"
        ]
    }, 
    "id": "Cowboy-Chicken_cheese-Muffins-Recipezaar"
}{
    "flavors": {
        "sweet": 1.0, 
        "sour": 0.0, 
        "salty": 0.16666666666666666, 
        "piquant": 0.0, 
        "bitter": 1.0, 
        "meaty": 0.3333333333333333
    }, 
    "rating": 5.0, 
    "totalTimeInSeconds": 1200.0, 
    "ingredients": [
        "baking mix", 
        "brown sugar", 
        "vanilla extract", 
        "milk", 
        "chocolate chips", 
        "mashed bananas", 
        "egg", 
        "vegetable oil"
    ], 
    "smallImageUrls": [
        "http://i.yummly.com/Banana-Bisquick-Muffins-Recipezaar-218601.s.jpg"
    ], 
    "sourceDisplayName": "Food.com", 
    "recipeName": "Banana Bisquick Muffins", 
    "attributes": {
        "course": [
            "Breads"
        ]
    }, 
    "id": "Banana-Bisquick-Muffins-Recipezaar"
}{
    "flavors": {
        "sweet": 0.0, 
        "sour": 0.6666666666666666, 
        "salty": 0.5, 
        "piquant": 0.0, 
        "bitter": 0.16666666666666666, 
        "meaty": 0.5
    }, 
    "rating": 4.0, 
    "totalTimeInSeconds": 0, 
    "ingredients": [
        "radishes", 
        "zucchini", 
        "pepper", 
        "salt", 
        "vegetable shortening", 
        "buttermilk", 
        "all-purpose flour", 
        "unsalted butter", 
        "double-acting baking powder", 
        "baking soda", 
        "fresh basil leaves", 
        "sugar", 
        "egg"
    ], 
    "smallImageUrls": [], 
    "sourceDisplayName": "Epicurious", 
    "recipeName": "Radish Sandwiches on Zucchini Basil Muffins", 
    "attributes": {
        "course": [
            "Breads"
        ]
    }, 
    "id": "Radish-Sandwiches-On-Zucchini-Basil-Muffins-Epicurious"
}{
    "flavors": {
        "sweet": 0.8333333333333334, 
        "sour": 0.3333333333333333, 
        "salty": 0.6666666666666666, 
        "piquant": 0.0, 
        "bitter": 0.5, 
        "meaty": 0.6666666666666666
    }, 
    "rating": 4.65, 
    "totalTimeInSeconds": 2400.0, 
    "ingredients": [
        "granulated sugar", 
        "oats", 
        "baking soda", 
        "butter", 
        "salt", 
        "bananas", 
        "egg", 
        "all-purpose flour", 
        "baking powder", 
        "cranberries"
    ], 
    "smallImageUrls": [
        "http://i.yummly.com/Cranberry-Banana-Oat-Muffins-Recipezaar_1-186037.s.jpg"
    ], 
    "sourceDisplayName": "Food.com", 
    "recipeName": "Cranberry Banana Oat Muffins", 
    "attributes": {
        "course": [
            "Breads", 
            "Breakfast and Brunch"
        ]
    }, 
    "id": "Cranberry-Banana-Oat-Muffins-Recipezaar_1"
}{
    "flavors": {
        "sweet": 0.8333333333333334, 
        "sour": 0.3333333333333333, 
        "salty": 0.6666666666666666, 
        "piquant": 0.0, 
        "bitter": 1.0, 
        "meaty": 0.5
    }, 
    "rating": 5.0, 
    "totalTimeInSeconds": 2100.0, 
    "ingredients": [
        "canola oil", 
        "buttermilk", 
        "salt", 
        "cocoa", 
        "all-purpose flour", 
        "whole wheat flour", 
        "miniature semisweet chocolate chips", 
        "brown sugar", 
        "baking soda", 
        "fiber one cereal", 
        "vanilla", 
        "egg"
    ], 
    "smallImageUrls": [
        "http://i.yummly.com/Double_chocolate-Muffins-Recipezaar-257132.s.jpg"
    ], 
    "sourceDisplayName": "Food.com", 
    "recipeName": "Double-Chocolate Muffins", 
    "attributes": {
        "course": [
            "Breads", 
            "Breakfast and Brunch"
        ]
    }, 
    "id": "Double_chocolate-Muffins-Recipezaar"
}{
    "flavors": {
        "sweet": 0.0, 
        "sour": 0.5, 
        "salty": 0.5, 
        "piquant": 0.0, 
        "bitter": 0.16666666666666666, 
        "meaty": 0.3333333333333333
    }, 
    "rating": 4.67, 
    "totalTimeInSeconds": 1800.0, 
    "ingredients": [
        "baking soda", 
        "baking powder", 
        "egg", 
        "bananas", 
        "blueberries", 
        "nutmeg", 
        "vanilla", 
        "cinnamon", 
        "splenda", 
        "all-purpose flour", 
        "low-fat sour cream", 
        "salt"
    ], 
    "smallImageUrls": [
        "http://i.yummly.com/Kittencal_s-Extreme-1_gram-Low-Fat-Banana_blueberry-Muffins-Recipezaar-18850.s.png", 
        "http://i.yummly.com/Kittencal_s-Extreme-1_gram-Low-Fat-Banana_blueberry-Muffins-Recipezaar-228253.s.jpg"
    ], 
    "sourceDisplayName": "Food.com", 
    "recipeName": "Kittencal's 1-Gram Low Fat Banana-Blueberry Muffins", 
    "attributes": {
        "course": [
            "Breads"
        ], 
        "holiday": [
            "Christmas"
        ]
    }, 
    "id": "Kittencal_s-Extreme-1_gram-Low-Fat-Banana_blueberry-Muffins-Recipezaar"
}{
    "flavors": {
        "sweet": 1.0, 
        "sour": 0.16666666666666666, 
        "salty": 0.16666666666666666, 
        "piquant": 0.0, 
        "bitter": 1.0, 
        "meaty": 0.8333333333333334
    }, 
    "rating": 4.09, 
    "totalTimeInSeconds": 0, 
    "ingredients": [
        "light brown sugar", 
        "vanilla", 
        "muffin", 
        "salt", 
        "confectioners sugar", 
        "egg", 
        "unsalted butter", 
        "pine nuts"
    ], 
    "smallImageUrls": [
        "http://i.yummly.com/Pine-Nut-Tassies-Epicurious-51957-43443.s.png"
    ], 
    "sourceDisplayName": "Epicurious", 
    "recipeName": "Pine Nut Tassies", 
    "attributes": {
        "course": [
            "Desserts"
        ], 
        "cuisine": [
            "American"
        ]
    }, 
    "id": "Pine-Nut-Tassies-Epicurious-51957"
}{
    "flavors": {
        "sweet": 0.8333333333333334, 
        "sour": 0.5, 
        "salty": 0.6666666666666666, 
        "piquant": 0.0, 
        "bitter": 0.3333333333333333, 
        "meaty": 0.5
    }, 
    "rating": 4.6, 
    "totalTimeInSeconds": 3000.0, 
    "ingredients": [
        "brown sugar", 
        "bananas", 
        "baking soda", 
        "melted butter", 
        "baking powder", 
        "quick-cooking oatmeal", 
        "all-purpose flour", 
        "shredded zucchini", 
        "egg", 
        "salt"
    ], 
    "smallImageUrls": [
        "http://i.yummly.com/Lunch-Box-Muffins-Recipezaar-181877.s.jpg"
    ], 
    "sourceDisplayName": "Food.com", 
    "recipeName": "Lunch Box Muffins", 
    "attributes": {
        "course": [
            "Breads", 
            "Lunch and Snacks"
        ], 
        "cuisine": [
            "American"
        ]
    }, 
    "id": "Lunch-Box-Muffins-Recipezaar"
}{
    "flavors": {
        "sweet": 0.8333333333333334, 
        "sour": 0.3333333333333333, 
        "salty": 0.6666666666666666, 
        "piquant": 0.0, 
        "bitter": 0.3333333333333333, 
        "meaty": 0.6666666666666666
    }, 
    "rating": 4.6, 
    "totalTimeInSeconds": 1800.0, 
    "ingredients": [
        "baking soda", 
        "baking powder", 
        "buttermilk", 
        "butter", 
        "flour", 
        "sugar", 
        "bananas", 
        "salt", 
        "vanilla", 
        "large eggs", 
        "walnuts"
    ], 
    "smallImageUrls": [
        "http://i.yummly.com/Banana-Muffins-Recipezaar_31-188187.s.jpg"
    ], 
    "sourceDisplayName": "Food.com", 
    "recipeName": "Banana Muffins", 
    "attributes": {
        "course": [
            "Breads", 
            "Breakfast and Brunch", 
            "Lunch and Snacks"
        ]
    }, 
    "id": "Banana-Muffins-Recipezaar_31"
}{
    "flavors": {
        "sweet": 1.0, 
        "sour": 0.8333333333333334, 
        "salty": 0.5, 
        "piquant": 0.0, 
        "bitter": 0.6666666666666666, 
        "meaty": 0.5
    }, 
    "rating": 5.0, 
    "totalTimeInSeconds": 1620.0, 
    "ingredients": [
        "flour", 
        "orange juice", 
        "sugar", 
        "oil", 
        "baking soda", 
        "salt", 
        "cinnamon", 
        "baking powder", 
        "egg", 
        "oats", 
        "blueberries", 
        "sugar"
    ], 
    "smallImageUrls": [
        "http://i.yummly.com/Blueberry-Muffins-Recipezaar_23-252583.s.jpg"
    ], 
    "sourceDisplayName": "Food.com", 
    "recipeName": "Blueberry Muffins", 
    "attributes": {
        "course": [
            "Breads", 
            "Breakfast and Brunch", 
            "Lunch and Snacks"
        ]
    }, 
    "id": "Blueberry-Muffins-Recipezaar_23"
}{
    "flavors": null, 
    "rating": 3.67, 
    "totalTimeInSeconds": 0, 
    "ingredients": [
        "milk", 
        "granola", 
        "eggs", 
        "salt"
    ], 
    "smallImageUrls": [
        "http://i.yummly.com/Granola-Muffin-Frittatas-AllRecipes-70526.s.png"
    ], 
    "sourceDisplayName": "AllRecipes", 
    "recipeName": "Granola Muffin Frittatas", 
    "attributes": {
        "course": [
            "Breakfast and Brunch"
        ]
    }, 
    "id": "Granola-Muffin-Frittatas-AllRecipes"
}{
    "flavors": {
        "sweet": 1.0, 
        "sour": 0.5, 
        "salty": 0.16666666666666666, 
        "piquant": 0.0, 
        "bitter": 0.8333333333333334, 
        "meaty": 0.5
    }, 
    "rating": 0.0, 
    "totalTimeInSeconds": 3300.0, 
    "ingredients": [
        "baking powder", 
        "granulated sugar", 
        "mashed bananas", 
        "mexican chocolate", 
        "egg", 
        "milk", 
        "unsalted butter", 
        "all-purpose flour", 
        "salt", 
        "muffin"
    ], 
    "smallImageUrls": [], 
    "sourceDisplayName": "Food Network", 
    "recipeName": "Mexican Chocolate-Banana Muffins", 
    "attributes": {
        "course": [
            "Breads"
        ], 
        "cuisine": [
            "Mexican"
        ]
    }, 
    "id": "Mexican-Chocolate-Banana-Muffins-Food-Network-273299"
}{
    "flavors": {
        "sweet": 0.6666666666666666, 
        "sour": 0.6666666666666666, 
        "salty": 0.5, 
        "piquant": 0.0, 
        "bitter": 0.16666666666666666, 
        "meaty": 0.6666666666666666
    }, 
    "rating": 5.0, 
    "totalTimeInSeconds": 3600.0, 
    "ingredients": [
        "milk", 
        "warm water", 
        "salt", 
        "shortening", 
        "nonstick cooking spray", 
        "dry yeast", 
        "honey", 
        "all-purpose flour"
    ], 
    "smallImageUrls": [
        "http://i.yummly.com/English-Muffins-Recipezaar_3-174151.s.jpg"
    ], 
    "sourceDisplayName": "Food.com", 
    "recipeName": "English Muffins", 
    "attributes": {
        "course": [
            "Breads", 
            "Breakfast and Brunch", 
            "Lunch and Snacks"
        ], 
        "cuisine": [
            "American"
        ]
    }, 
    "id": "English-Muffins-Recipezaar_3"
}{
    "flavors": {
        "sweet": 0.8333333333333334, 
        "sour": 0.5, 
        "salty": 0.3333333333333333, 
        "piquant": 0.0, 
        "bitter": 0.16666666666666666, 
        "meaty": 0.3333333333333333
    }, 
    "rating": 3.67, 
    "totalTimeInSeconds": 0, 
    "ingredients": [
        "unsweetened applesauce", 
        "nonfat milk", 
        "dried apple", 
        "baking powder", 
        "golden brown sugar", 
        "all purpose flour", 
        "vegetable oil spray", 
        "egg", 
        "salt", 
        "all bran cereal", 
        "baking soda", 
        "vegetable oil"
    ], 
    "smallImageUrls": [], 
    "sourceDisplayName": "Epicurious", 
    "recipeName": "Bran Muffins with Dried Apples", 
    "attributes": {
        "course": [
            "Breads"
        ]
    }, 
    "id": "Bran-Muffins-With-Dried-Apples-Epicurious"
}{
    "flavors": {
        "sweet": 1.0, 
        "sour": 0.0, 
        "salty": 0.3333333333333333, 
        "piquant": 0.0, 
        "bitter": 0.16666666666666666, 
        "meaty": 0.3333333333333333
    }, 
    "rating": 4.8, 
    "totalTimeInSeconds": 1200.0, 
    "ingredients": [
        "bisquick", 
        "melted butter", 
        "powdered sugar", 
        "softened butter", 
        "milk", 
        "sugar", 
        "raspberry jam", 
        "vanilla", 
        "milk"
    ], 
    "smallImageUrls": [
        "http://i.yummly.com/Raspberry-Muffins-Food_com-62662-222753.s.jpg"
    ], 
    "sourceDisplayName": "Food.com", 
    "recipeName": "Raspberry Muffins", 
    "attributes": {
        "course": [
            "Breads", 
            "Breakfast and Brunch", 
            "Lunch and Snacks"
        ]
    }, 
    "id": "Raspberry-Muffins-Food_com-62662"
}{
    "flavors": {
        "sweet": 0.6666666666666666, 
        "sour": 0.0, 
        "salty": 0.8333333333333334, 
        "piquant": 0.0, 
        "bitter": 0.3333333333333333, 
        "meaty": 0.3333333333333333
    }, 
    "rating": 0.0, 
    "totalTimeInSeconds": 3360.0, 
    "ingredients": [
        "chicken broth", 
        "hellmann's or best foods real mayonnaise", 
        "seasoned cube stuffing mix", 
        "dried sage leaves, crushed", 
        "finely chopped fresh parsley"
    ], 
    "smallImageUrls": [
        "http://i.yummly.com/Stuffing-muffins-296633-265914.s.jpg", 
        "http://i.yummly.com/Stuffing-muffins-296633-265584.s.jpg"
    ], 
    "sourceDisplayName": "Hellmann's / Best Foods", 
    "recipeName": "Stuffing Muffins", 
    "attributes": {
        "course": [
            "Side Dishes", 
            "Breads"
        ], 
        "holiday": [
            "Thanksgiving"
        ]
    }, 
    "id": "Stuffing-muffins-296633"
}{
    "flavors": {
        "sweet": 0.0, 
        "sour": 0.8333333333333334, 
        "salty": 1.0, 
        "piquant": 0.0, 
        "bitter": 0.6666666666666666, 
        "meaty": 0.5
    }, 
    "rating": 0.0, 
    "totalTimeInSeconds": 0, 
    "ingredients": [
        "blueberries", 
        "sugar", 
        "eggs", 
        "self rising flour", 
        "milk", 
        "vegetable oil"
    ], 
    "smallImageUrls": [], 
    "sourceDisplayName": "MyRecipes", 
    "recipeName": "Blueberry Muffins", 
    "attributes": {
        "course": [
            "Breads", 
            "Breakfast and Brunch", 
            "Lunch and Snacks"
        ], 
        "cuisine": [
            "American"
        ]
    }, 
    "id": "Blueberry-Muffins-My-Recipes_1"
}{
    "flavors": {
        "sweet": 1.0, 
        "sour": 0.8333333333333334, 
        "salty": 0.3333333333333333, 
        "piquant": 0.0, 
        "bitter": 0.16666666666666666, 
        "meaty": 0.3333333333333333
    }, 
    "rating": 3.88, 
    "totalTimeInSeconds": 3000.0, 
    "ingredients": [
        "orange juice", 
        "vegetable oil", 
        "all-purpose flour", 
        "salt", 
        "white sugar", 
        "baking soda", 
        "baking powder", 
        "beaten eggs", 
        "orange zest", 
        "rhubarb"
    ], 
    "smallImageUrls": [], 
    "sourceDisplayName": "AllRecipes", 
    "recipeName": "Rhubarb Muffins I", 
    "attributes": {
        "course": [
            "Breads"
        ]
    }, 
    "id": "Rhubarb-Muffins-I-Allrecipes"
}{
    "flavors": {
        "sweet": 0.3333333333333333, 
        "sour": 0.3333333333333333, 
        "salty": 0.6666666666666666, 
        "piquant": 0.5, 
        "bitter": 0.6666666666666666, 
        "meaty": 0.8333333333333334
    }, 
    "rating": 4.86, 
    "totalTimeInSeconds": 2100.0, 
    "ingredients": [
        "english muffins", 
        "salt", 
        "green bell pepper", 
        "sun-dried tomatoes", 
        "egg", 
        "hot pepper sauce", 
        "ground beef", 
        "vegetable oil", 
        "minced garlic", 
        "green onions", 
        "pepper", 
        "bread crumbs", 
        "worcestershire sauce"
    ], 
    "smallImageUrls": [
        "http://i.yummly.com/Inwood-Hamburgers-AllRecipes-53760.s.png"
    ], 
    "sourceDisplayName": "AllRecipes", 
    "recipeName": "Inwood Hamburgers", 
    "attributes": {
        "course": [
            "Main Dishes"
        ], 
        "cuisine": [
            "American"
        ]
    }, 
    "id": "Inwood-Hamburgers-AllRecipes"
}{
    "flavors": {
        "sweet": 1.0, 
        "sour": 0.5, 
        "salty": 0.3333333333333333, 
        "piquant": 0.0, 
        "bitter": 0.3333333333333333, 
        "meaty": 0.3333333333333333
    }, 
    "rating": 4.5, 
    "totalTimeInSeconds": 2100.0, 
    "ingredients": [
        "beaten eggs", 
        "vanilla", 
        "melted butter", 
        "milk", 
        "cinnamon", 
        "flour", 
        "sugar", 
        "sugar", 
        "baking powder"
    ], 
    "smallImageUrls": [
        "http://i.yummly.com/Vanilla-Muffins-Recipezaar_1-157176.s.jpg"
    ], 
    "sourceDisplayName": "Food.com", 
    "recipeName": "Vanilla Muffins", 
    "attributes": {
        "course": [
            "Breads"
        ]
    }, 
    "id": "Vanilla-Muffins-Recipezaar_1"
}{
    "flavors": {
        "sweet": 0.8333333333333334, 
        "sour": 0.5, 
        "salty": 0.3333333333333333, 
        "piquant": 0.0, 
        "bitter": 0.16666666666666666, 
        "meaty": 0.5
    }, 
    "rating": 5.0, 
    "totalTimeInSeconds": 2100.0, 
    "ingredients": [
        "grated orange", 
        "yogurt", 
        "orange juice", 
        "flour", 
        "salt", 
        "sugar", 
        "nutmeg", 
        "eggs", 
        "vegetable oil", 
        "baking powder", 
        "blueberries"
    ], 
    "smallImageUrls": [
        "http://i.yummly.com/Karen_s-Blueberry-Yogurt-Muffins-Recipezaar-188613.s.jpg"
    ], 
    "sourceDisplayName": "Food.com", 
    "recipeName": "Karen's Blueberry Yogurt Muffins", 
    "attributes": {
        "course": [
            "Breads", 
            "Lunch and Snacks"
        ]
    }, 
    "id": "Karen_s-Blueberry-Yogurt-Muffins-Recipezaar"
}{
    "flavors": null, 
    "rating": 4.67, 
    "totalTimeInSeconds": 0, 
    "ingredients": [
        "hass avocado", 
        "cayenne pepper", 
        "eggs", 
        "turkey", 
        "parsley", 
        "salt", 
        "lemon juice", 
        "english muffins"
    ], 
    "smallImageUrls": [
        "http://i.yummly.com/Eggs-Avocado-Benedict-Style-AllRecipes-70399.s.png"
    ], 
    "sourceDisplayName": "AllRecipes", 
    "recipeName": "Eggs Avocado Benedict Style", 
    "attributes": {
        "course": [
            "Breakfast and Brunch"
        ]
    }, 
    "id": "Eggs-Avocado-Benedict-Style-AllRecipes"
}{
    "flavors": {
        "sweet": 0.3333333333333333, 
        "sour": 0.8333333333333334, 
        "salty": 0.3333333333333333, 
        "piquant": 0.0, 
        "bitter": 0.6666666666666666, 
        "meaty": 0.3333333333333333
    }, 
    "rating": 4.1, 
    "totalTimeInSeconds": 1800.0, 
    "ingredients": [
        "garlic cloves", 
        "tomato", 
        "bread crumbs", 
        "english muffins", 
        "gruyere", 
        "fresh basil"
    ], 
    "smallImageUrls": [], 
    "sourceDisplayName": "Epicurious", 
    "recipeName": "Tomato Gruy&egrave;re Melts", 
    "attributes": {}, 
    "id": "Tomato-Gruyere-Melts-Epicurious"
}{
    "flavors": {
        "sweet": 1.0, 
        "sour": 0.5, 
        "salty": 0.3333333333333333, 
        "piquant": 0.0, 
        "bitter": 0.16666666666666666, 
        "meaty": 0.5
    }, 
    "rating": 5.0, 
    "totalTimeInSeconds": 2400.0, 
    "ingredients": [
        "baking powder", 
        "flour", 
        "egg", 
        "raspberries", 
        "sugar", 
        "sour cream", 
        "baking soda", 
        "oil"
    ], 
    "smallImageUrls": [
        "http://i.yummly.com/Ripplecove_s-Light-Berry-Muffins-Recipezaar-187061.s.jpg"
    ], 
    "sourceDisplayName": "Food.com", 
    "recipeName": "Ripplecove's Light Berry Muffins", 
    "attributes": {
        "course": [
            "Breads"
        ]
    }, 
    "id": "Ripplecove_s-Light-Berry-Muffins-Recipezaar"
}{
    "flavors": {
        "sweet": 1.0, 
        "sour": 0.5, 
        "salty": 0.5, 
        "piquant": 0.0, 
        "bitter": 0.5, 
        "meaty": 0.5
    }, 
    "rating": 4.79, 
    "totalTimeInSeconds": 1800.0, 
    "ingredients": [
        "white sugar", 
        "nectarine", 
        "egg", 
        "baking powder", 
        "milk", 
        "flour", 
        "vegetable oil", 
        "brown sugar", 
        "salt", 
        "peach"
    ], 
    "smallImageUrls": [
        "http://i.yummly.com/The-Best-Peach-Nectarine-Muffins-Recipezaar-258215.s.jpg"
    ], 
    "sourceDisplayName": "Food.com", 
    "recipeName": "The Best Peach Nectarine Muffins", 
    "attributes": {
        "course": [
            "Breads"
        ]
    }, 
    "id": "The-Best-Peach-Nectarine-Muffins-Recipezaar"
}{
    "flavors": {
        "sweet": 0.8333333333333334, 
        "sour": 1.0, 
        "salty": 1.0, 
        "piquant": 0.8333333333333334, 
        "bitter": 0.8333333333333334, 
        "meaty": 0.6666666666666666
    }, 
    "rating": 4.92, 
    "totalTimeInSeconds": 1980.0, 
    "ingredients": [
        "shredded cheddar cheese", 
        "milk", 
        "biscuit mix", 
        "onion", 
        "green chilies", 
        "pork sausage", 
        "corn", 
        "beaten eggs", 
        "water"
    ], 
    "smallImageUrls": [
        "http://i.yummly.com/Sausage-Brunch-Muffins-Recipezaar-223409.s.jpg"
    ], 
    "sourceDisplayName": "Food.com", 
    "recipeName": "Sausage Brunch Muffins", 
    "attributes": {
        "course": [
            "Breads", 
            "Breakfast and Brunch"
        ]
    }, 
    "id": "Sausage-Brunch-Muffins-Recipezaar"
}{
    "flavors": {
        "sweet": 1.0, 
        "sour": 0.5, 
        "salty": 0.8333333333333334, 
        "piquant": 0.0, 
        "bitter": 1.0, 
        "meaty": 0.8333333333333334
    }, 
    "rating": 4.82, 
    "totalTimeInSeconds": 1800.0, 
    "ingredients": [
        "salt", 
        "sugar", 
        "baking powder", 
        "vegetable oil", 
        "flour", 
        "eggs", 
        "chocolate chips", 
        "canned pumpkin", 
        "vanilla extract", 
        "baking soda", 
        "cinnamon"
    ], 
    "smallImageUrls": [], 
    "sourceDisplayName": "Food.com", 
    "recipeName": "Pumpkin Chocolate Chip Muffins", 
    "attributes": {
        "course": [
            "Breads", 
            "Breakfast and Brunch", 
            "Lunch and Snacks"
        ], 
        "holiday": [
            "Thanksgiving"
        ]
    }, 
    "id": "Pumpkin-Chocolate-Chip-Muffins-Recipezaar_6"
}{
    "flavors": null, 
    "rating": 4.5, 
    "totalTimeInSeconds": 600.0, 
    "ingredients": [
        "english muffins", 
        "veggies", 
        "pita bread", 
        "cream cheese", 
        "bagels"
    ], 
    "smallImageUrls": [], 
    "sourceDisplayName": "Food Network", 
    "recipeName": "&quot;Pita&quot; Pizzas", 
    "attributes": {
        "course": [
            "Lunch and Snacks"
        ]
    }, 
    "id": "_pita_-Pizzas-Food-Network"
}{
    "flavors": {
        "sweet": 0.5, 
        "sour": 0.5, 
        "salty": 0.8333333333333334, 
        "piquant": 0.0, 
        "bitter": 0.3333333333333333, 
        "meaty": 0.6666666666666666
    }, 
    "rating": 4.83, 
    "totalTimeInSeconds": 2100.0, 
    "ingredients": [
        "eggs", 
        "salt", 
        "spinach", 
        "milk", 
        "feta cheese", 
        "baking powder", 
        "olive oil", 
        "flour"
    ], 
    "smallImageUrls": [
        "http://i.yummly.com/Spinach_feta_muffins-Recipezaar-17980.s.png", 
        "http://i.yummly.com/Spinach_feta_muffins-Recipezaar-172823.s.jpg"
    ], 
    "sourceDisplayName": "Food.com", 
    "recipeName": "Spinach-Feta-Muffins", 
    "attributes": {
        "course": [
            "Lunch and Snacks"
        ]
    }, 
    "id": "Spinach_feta_muffins-Recipezaar"
}{
    "flavors": {
        "sweet": 0.0, 
        "sour": 0.5, 
        "salty": 0.16666666666666666, 
        "piquant": 0.0, 
        "bitter": 0.16666666666666666, 
        "meaty": 0.6666666666666666
    }, 
    "rating": 4.41, 
    "totalTimeInSeconds": 0, 
    "ingredients": [
        "active dry yeast", 
        "egg", 
        "bread flour", 
        "unsalted butter", 
        "salt", 
        "warm water", 
        "milk", 
        "muffin", 
        "sugar", 
        "all-purpose flour"
    ], 
    "smallImageUrls": [
        "http://i.yummly.com/Cloverleaf-Rolls-Epicurious-43387.s.png"
    ], 
    "sourceDisplayName": "Epicurious", 
    "recipeName": "Cloverleaf Rolls", 
    "attributes": {
        "course": [
            "Breads"
        ], 
        "cuisine": [
            "American"
        ]
    }, 
    "id": "Cloverleaf-Rolls-Epicurious"
}{
    "flavors": {
        "sweet": 1.0, 
        "sour": 0.5, 
        "salty": 0.3333333333333333, 
        "piquant": 0.0, 
        "bitter": 0.16666666666666666, 
        "meaty": 0.3333333333333333
    }, 
    "rating": 0.0, 
    "totalTimeInSeconds": 0, 
    "ingredients": [
        "eggs", 
        "yellow cornmeal", 
        "muffins", 
        "baking powder", 
        "salt", 
        "all-purpose flour", 
        "buttermilk", 
        "light brown sugar", 
        "raisins", 
        "ground cinnamon", 
        "melted butter"
    ], 
    "smallImageUrls": [], 
    "sourceDisplayName": "Martha Stewart", 
    "recipeName": "Cornmeal Raisin Muffins", 
    "attributes": {
        "course": [
            "Breads", 
            "Lunch and Snacks"
        ], 
        "cuisine": [
            "American"
        ]
    }, 
    "id": "Cornmeal-Raisin-Muffins-Martha-Stewart-191391"
}{
    "flavors": {
        "sweet": 1.0, 
        "sour": 0.8333333333333334, 
        "salty": 0.5, 
        "piquant": 0.0, 
        "bitter": 0.3333333333333333, 
        "meaty": 0.3333333333333333
    }, 
    "rating": 0.0, 
    "totalTimeInSeconds": 2100.0, 
    "ingredients": [
        "baking powder", 
        "nonfat vanilla yogurt", 
        "country crock spread", 
        "baking soda", 
        "sugar", 
        "all-purpose flour", 
        "salt", 
        "zucchini", 
        "ground cinnamon", 
        "eggs"
    ], 
    "smallImageUrls": [
        "http://i.yummly.com/Zucchini-muffins-299913-268129.s.jpg", 
        "http://i.yummly.com/Zucchini-muffins-299913-265629.s.jpg", 
        "http://i.yummly.com/Zucchini-muffins-299913-265342.s.jpg"
    ], 
    "sourceDisplayName": "Country Crock", 
    "recipeName": "Zucchini Muffins", 
    "attributes": {
        "course": [
            "Breads", 
            "Breakfast and Brunch"
        ]
    }, 
    "id": "Zucchini-muffins-299913"
}{
    "flavors": {
        "sweet": 1.0, 
        "sour": 0.5, 
        "salty": 0.3333333333333333, 
        "piquant": 0.0, 
        "bitter": 0.16666666666666666, 
        "meaty": 0.6666666666666666
    }, 
    "rating": 4.82, 
    "totalTimeInSeconds": 2700.0, 
    "ingredients": [
        "eggs", 
        "cream cheese", 
        "egg", 
        "cinnamon", 
        "salt", 
        "butter", 
        "white sugar", 
        "flour", 
        "chopped pecans", 
        "flour", 
        "vanilla", 
        "baking powder", 
        "brown sugar", 
        "olive oil", 
        "cinnamon", 
        "vanilla extract", 
        "white sugar", 
        "pumpkin"
    ], 
    "smallImageUrls": [
        "http://i.yummly.com/Pumpkin-Cream-Cheese-Muffins-Recipezaar_2-186753.s.jpg"
    ], 
    "sourceDisplayName": "Food.com", 
    "recipeName": "Pumpkin Cream Cheese Muffins", 
    "attributes": {
        "course": [
            "Breads", 
            "Breakfast and Brunch"
        ], 
        "holiday": [
            "Thanksgiving", 
            "Hanukkah", 
            "Christmas"
        ]
    }, 
    "id": "Pumpkin-Cream-Cheese-Muffins-Recipezaar_2"
}{
    "flavors": {
        "sweet": 1.0, 
        "sour": 0.16666666666666666, 
        "salty": 0.5, 
        "piquant": 0.0, 
        "bitter": 0.6666666666666666, 
        "meaty": 0.8333333333333334
    }, 
    "rating": 4.5, 
    "totalTimeInSeconds": 2100.0, 
    "ingredients": [
        "eggs", 
        "chocolate chips", 
        "sugar", 
        "oil", 
        "carrots", 
        "vanilla", 
        "dried apricot", 
        "cinnamon", 
        "banana", 
        "sunflower seed", 
        "shredded coconut", 
        "baking soda", 
        "whole wheat flour"
    ], 
    "smallImageUrls": [
        "http://i2.yummly.com/Sunshine-Muffins-Recipezaar_2.s.png", 
        "http://i2.yummly.com/Sunshine-Muffins-Recipezaar_2-1.s.png"
    ], 
    "sourceDisplayName": "Food.com", 
    "recipeName": "Sunshine Muffins", 
    "attributes": {
        "course": [
            "Breads"
        ]
    }, 
    "id": "Sunshine-Muffins-Recipezaar_2"
}{
    "flavors": null, 
    "rating": 4.0, 
    "totalTimeInSeconds": 1200.0, 
    "ingredients": [
        "corn muffin", 
        "jelly", 
        "milk", 
        "eggs"
    ], 
    "smallImageUrls": [], 
    "sourceDisplayName": "Food.com", 
    "recipeName": "Filled Corn Muffin Mix", 
    "attributes": {
        "course": [
            "Breads"
        ]
    }, 
    "id": "Filled-Corn-Muffin-Mix-Recipezaar"
}{
    "flavors": {
        "sweet": 0.6666666666666666, 
        "sour": 0.16666666666666666, 
        "salty": 0.8333333333333334, 
        "piquant": 0.0, 
        "bitter": 0.3333333333333333, 
        "meaty": 0.3333333333333333
    }, 
    "rating": 5.0, 
    "totalTimeInSeconds": 6300.0, 
    "ingredients": [
        "sugar", 
        "melted butter", 
        "white bread", 
        "yeast", 
        "salt", 
        "milk", 
        "rice flour"
    ], 
    "smallImageUrls": [], 
    "sourceDisplayName": "Food.com", 
    "recipeName": "English Muffins", 
    "attributes": {
        "course": [
            "Breads", 
            "Breakfast and Brunch", 
            "Lunch and Snacks"
        ], 
        "cuisine": [
            "American"
        ]
    }, 
    "id": "English-Muffins-Recipezaar_5"
}{
    "flavors": {
        "sweet": 1.0, 
        "sour": 0.3333333333333333, 
        "salty": 0.3333333333333333, 
        "piquant": 0.0, 
        "bitter": 1.0, 
        "meaty": 0.6666666666666666
    }, 
    "rating": 5.0, 
    "totalTimeInSeconds": 1800.0, 
    "ingredients": [
        "flour", 
        "nuts", 
        "vanilla extract", 
        "chopped walnuts", 
        "cinnamon", 
        "cocoa", 
        "sugar", 
        "chocolate chips", 
        "eggs", 
        "baking powder", 
        "chocolate chips", 
        "butter"
    ], 
    "smallImageUrls": [
        "http://i2.yummly.com/Brownie-Muffins-Recipezaar_2.s.png"
    ], 
    "sourceDisplayName": "Food.com", 
    "recipeName": "Brownie Muffins", 
    "attributes": {
        "course": [
            "Breads", 
            "Desserts"
        ]
    }, 
    "id": "Brownie-Muffins-Recipezaar_2"
}{
    "flavors": {
        "sweet": 0.16666666666666666, 
        "sour": 0.6666666666666666, 
        "salty": 0.16666666666666666, 
        "piquant": 0.0, 
        "bitter": 0.16666666666666666, 
        "meaty": 0.5
    }, 
    "rating": 0.0, 
    "totalTimeInSeconds": 0, 
    "ingredients": [
        "pure vanilla extract", 
        "all-purpose flour", 
        "sugar", 
        "millet", 
        "cranberries", 
        "nonstick cooking spray", 
        "milk", 
        "baking powder", 
        "salt", 
        "unsalted butter", 
        "eggs"
    ], 
    "smallImageUrls": [
        "http://i.yummly.com/Cranberry-Millet-Muffin-Martha-Stewart-106806.s.png"
    ], 
    "sourceDisplayName": "Martha Stewart", 
    "recipeName": "Cranberry Millet Muffin", 
    "attributes": {
        "course": [
            "Breads", 
            "Breakfast and Brunch"
        ]
    }, 
    "id": "Cranberry-Millet-Muffin-Martha-Stewart"
}{
    "flavors": {
        "sweet": 0.8333333333333334, 
        "sour": 0.5, 
        "salty": 0.3333333333333333, 
        "piquant": 0.0, 
        "bitter": 0.5, 
        "meaty": 0.6666666666666666
    }, 
    "rating": 5.0, 
    "totalTimeInSeconds": 1800.0, 
    "ingredients": [
        "egg", 
        "pecans", 
        "cake flour", 
        "shortening", 
        "baking powder", 
        "salt", 
        "coffee", 
        "brown sugar"
    ], 
    "smallImageUrls": [
        "http://i2.yummly.com/Coffee-Muffins-Recipezaar.s.png"
    ], 
    "sourceDisplayName": "Food.com", 
    "recipeName": "Coffee Muffins", 
    "attributes": {
        "course": [
            "Breads"
        ]
    }, 
    "id": "Coffee-Muffins-Recipezaar"
}{
    "flavors": {
        "sweet": 0.8333333333333334, 
        "sour": 0.3333333333333333, 
        "salty": 0.5, 
        "piquant": 0.0, 
        "bitter": 0.3333333333333333, 
        "meaty": 0.3333333333333333
    }, 
    "rating": 2.71, 
    "totalTimeInSeconds": 2700.0, 
    "ingredients": [
        "white rice flour", 
        "cranberry juice", 
        "egg", 
        "melted butter", 
        "flax seed", 
        "ground nutmeg", 
        "plain yogurt", 
        "gala apples", 
        "arrowroot powder", 
        "steel cut oats", 
        "ground cinnamon", 
        "baking soda"
    ], 
    "smallImageUrls": [
        "http://i.yummly.com/Awesome-Apple-Muffins-Allrecipes-65663.s.png"
    ], 
    "sourceDisplayName": "AllRecipes", 
    "recipeName": "Awesome Apple Muffins", 
    "attributes": {
        "course": [
            "Breakfast and Brunch"
        ]
    }, 
    "id": "Awesome-Apple-Muffins-Allrecipes"
}{
    "flavors": {
        "sweet": 0.8333333333333334, 
        "sour": 0.0, 
        "salty": 0.6666666666666666, 
        "piquant": 0.0, 
        "bitter": 1.0, 
        "meaty": 0.5
    }, 
    "rating": 4.67, 
    "totalTimeInSeconds": 1500.0, 
    "ingredients": [
        "water", 
        "vanilla extract", 
        "baking soda", 
        "sugar", 
        "whole wheat flour", 
        "margarine", 
        "baking powder", 
        "chocolate chips", 
        "mashed bananas"
    ], 
    "smallImageUrls": [
        "http://i.yummly.com/Moist-Banana-Chocolate-Chip-Muffins-Recipezaar-248836.s.jpg"
    ], 
    "sourceDisplayName": "Food.com", 
    "recipeName": "Moist Banana Chocolate Chip Muffins", 
    "attributes": {
        "course": [
            "Breads", 
            "Breakfast and Brunch", 
            "Lunch and Snacks"
        ]
    }, 
    "id": "Moist-Banana-Chocolate-Chip-Muffins-Recipezaar"
}{
    "flavors": {
        "sweet": 0.8333333333333334, 
        "sour": 0.3333333333333333, 
        "salty": 0.5, 
        "piquant": 0.0, 
        "bitter": 0.16666666666666666, 
        "meaty": 0.6666666666666666
    }, 
    "rating": 4.89, 
    "totalTimeInSeconds": 2400.0, 
    "ingredients": [
        "cornmeal", 
        "vanilla extract", 
        "vegetable shortening", 
        "salt", 
        "sugar", 
        "all-purpose flour", 
        "unsalted butter", 
        "whole milk", 
        "baking powder", 
        "large eggs"
    ], 
    "smallImageUrls": [
        "http://i.yummly.com/Junior_s-Golden-Corn-Muffins-Recipezaar-193942.s.jpg"
    ], 
    "sourceDisplayName": "Food.com", 
    "recipeName": "Junior's Golden Corn Muffins", 
    "attributes": {
        "course": [
            "Breads"
        ]
    }, 
    "id": "Junior_s-Golden-Corn-Muffins-Recipezaar"
}{
    "flavors": {
        "sweet": 0.16666666666666666, 
        "sour": 0.16666666666666666, 
        "salty": 0.6666666666666666, 
        "piquant": 0.0, 
        "bitter": 0.5, 
        "meaty": 1.0
    }, 
    "rating": 4.67, 
    "totalTimeInSeconds": 1500.0, 
    "ingredients": [
        "mayonnaise", 
        "crabmeat", 
        "butter", 
        "english muffins", 
        "garlic powder", 
        "cheese spread"
    ], 
    "smallImageUrls": [
        "http://i.yummly.com/Cheesy-Crab-Appetizer-Recipezaar-196816.s.jpg"
    ], 
    "sourceDisplayName": "Food.com", 
    "recipeName": "Cheesy Crab Appetizer", 
    "attributes": {
        "course": [
            "Appetizers"
        ]
    }, 
    "id": "Cheesy-Crab-Appetizer-Recipezaar"
}{
    "flavors": {
        "sweet": 1.0, 
        "sour": 0.3333333333333333, 
        "salty": 0.8333333333333334, 
        "piquant": 0.0, 
        "bitter": 1.0, 
        "meaty": 0.8333333333333334
    }, 
    "rating": 4.77, 
    "totalTimeInSeconds": 2700.0, 
    "ingredients": [
        "all-purpose flour", 
        "canned pumpkin", 
        "cinnamon", 
        "whole wheat flour", 
        "nutmeg", 
        "mashed bananas", 
        "ground ginger", 
        "chopped walnuts", 
        "baking soda", 
        "rolled oat", 
        "oat bran", 
        "granulated sugar", 
        "applesauce", 
        "baking powder", 
        "salt", 
        "brown sugar", 
        "eggs"
    ], 
    "smallImageUrls": [
        "http://i.yummly.com/Healthy-Pumpkin-Banana-Muffins-Recipezaar_1-17566.s.png"
    ], 
    "sourceDisplayName": "Food.com", 
    "recipeName": "Healthy Pumpkin Banana Muffins", 
    "attributes": {
        "course": [
            "Breads", 
            "Breakfast and Brunch"
        ]
    }, 
    "id": "Healthy-Pumpkin-Banana-Muffins-Recipezaar_1"
}{
    "flavors": {
        "sweet": 0.8333333333333334, 
        "sour": 0.5, 
        "salty": 0.16666666666666666, 
        "piquant": 0.0, 
        "bitter": 0.5, 
        "meaty": 0.3333333333333333
    }, 
    "rating": 5.0, 
    "totalTimeInSeconds": 3600.0, 
    "ingredients": [
        "plain yogurt", 
        "muffin", 
        "confectioners sugar", 
        "kataifi", 
        "water", 
        "cinnamon", 
        "unsalted butter", 
        "sliced almonds", 
        "sugar pumpkin", 
        "honey", 
        "fresh lemon juice", 
        "granulated sugar"
    ], 
    "smallImageUrls": [
        "http://i.yummly.com/Kataifi-With-Candied-Pumpkin-And-Yogurt-Epicurious-47315.s.png"
    ], 
    "sourceDisplayName": "Epicurious", 
    "recipeName": "Kataifi with Candied Pumpkin and Yogurt", 
    "attributes": {
        "cuisine": [
            "Greek"
        ]
    }, 
    "id": "Kataifi-With-Candied-Pumpkin-And-Yogurt-Epicurious"
}{
    "flavors": {
        "sweet": 0.8333333333333334, 
        "sour": 0.16666666666666666, 
        "salty": 0.6666666666666666, 
        "piquant": 0.0, 
        "bitter": 0.3333333333333333, 
        "meaty": 0.5
    }, 
    "rating": 4.82, 
    "totalTimeInSeconds": 1800.0, 
    "ingredients": [
        "boiling water", 
        "skim milk", 
        "whole wheat flour", 
        "applesauce", 
        "baking soda", 
        "fiber one cereal", 
        "egg substitute", 
        "lemon juice", 
        "sugar", 
        "salt"
    ], 
    "smallImageUrls": [
        "http://i.yummly.com/Absolutely-Delicious-Bran-Muffins-Recipezaar-18098.s.png", 
        "http://i.yummly.com/Absolutely-Delicious-Bran-Muffins-Recipezaar-184636.s.jpg"
    ], 
    "sourceDisplayName": "Food.com", 
    "recipeName": "Absolutely Delicious Bran Muffins", 
    "attributes": {
        "course": [
            "Breads", 
            "Breakfast and Brunch"
        ]
    }, 
    "id": "Absolutely-Delicious-Bran-Muffins-Recipezaar"
}{
    "flavors": {
        "sweet": 1.0, 
        "sour": 0.6666666666666666, 
        "salty": 0.6666666666666666, 
        "piquant": 0.0, 
        "bitter": 0.8333333333333334, 
        "meaty": 0.5
    }, 
    "rating": 4.6, 
    "totalTimeInSeconds": 3300.0, 
    "ingredients": [
        "granulated sugar", 
        "egg", 
        "rolled oat", 
        "fresh lemon", 
        "baking soda", 
        "lemon juice", 
        "salt", 
        "baking powder", 
        "lemon peel", 
        "plain yogurt", 
        "lemon juice", 
        "granulated sugar", 
        "all-purpose flour"
    ], 
    "smallImageUrls": [
        "http://i.yummly.com/Lemon-Yogurt-Muffins-Recipezaar_2-232206.s.jpg"
    ], 
    "sourceDisplayName": "Food.com", 
    "recipeName": "Lemon Yogurt Muffins", 
    "attributes": {
        "course": [
            "Breads", 
            "Lunch and Snacks"
        ]
    }, 
    "id": "Lemon-Yogurt-Muffins-Recipezaar_2"
}{
    "flavors": {
        "sweet": 0.5, 
        "sour": 1.0, 
        "salty": 1.0, 
        "piquant": 0.8333333333333334, 
        "bitter": 0.8333333333333334, 
        "meaty": 0.8333333333333334
    }, 
    "rating": 4.0, 
    "totalTimeInSeconds": 0, 
    "ingredients": [
        "softened butter", 
        "shredded monterey jack cheese", 
        "salt", 
        "corn kernels", 
        "eggs", 
        "cornmeal", 
        "baking powder", 
        "shredded cheddar cheese", 
        "all-purpose flour", 
        "sugar", 
        "green chile", 
        "buttermilk"
    ], 
    "smallImageUrls": [
        "http://i.yummly.com/Cactus-Corn-Muffins-Allrecipes_1-92251.s.png", 
        "http://i.yummly.com/Cactus-Corn-Muffins-Allrecipes_1-91602.s.png"
    ], 
    "sourceDisplayName": "Taste of Home", 
    "recipeName": "Cactus Corn Muffins", 
    "attributes": {
        "course": [
            "Breads"
        ], 
        "cuisine": [
            "American", 
            "Southwestern"
        ]
    }, 
    "id": "Cactus-Corn-Muffins-TasteOfHome_1"
}{
    "flavors": {
        "sweet": 0.8333333333333334, 
        "sour": 0.3333333333333333, 
        "salty": 0.3333333333333333, 
        "piquant": 0.0, 
        "bitter": 0.5, 
        "meaty": 0.5
    }, 
    "rating": 5.0, 
    "totalTimeInSeconds": 600.0, 
    "ingredients": [
        "butter", 
        "eggs", 
        "white sugar", 
        "bananas", 
        "bran", 
        "baking powder", 
        "milk", 
        "flour"
    ], 
    "smallImageUrls": [
        "http://i.yummly.com/Banana-Muffins-Recipezaar_32-194795.s.jpg"
    ], 
    "sourceDisplayName": "Food.com", 
    "recipeName": "Banana Muffins", 
    "attributes": {
        "course": [
            "Breads", 
            "Breakfast and Brunch", 
            "Lunch and Snacks"
        ]
    }, 
    "id": "Banana-Muffins-Recipezaar_32"
}{
    "flavors": {
        "sweet": 1.0, 
        "sour": 0.0, 
        "salty": 1.0, 
        "piquant": 0.0, 
        "bitter": 0.16666666666666666, 
        "meaty": 0.16666666666666666
    }, 
    "rating": 5.0, 
    "totalTimeInSeconds": 2400.0, 
    "ingredients": [
        "butter", 
        "boiling water", 
        "baking soda", 
        "beaten eggs", 
        "buttermilk", 
        "bran cereal", 
        "cinnamon sugar", 
        "oil", 
        "brown sugar", 
        "flour", 
        "salt"
    ], 
    "smallImageUrls": [
        "http://i.yummly.com/6-Week-Bran-Muffins-_Auntie-Anne_s-Muffins_-Food_com-138667-216258.s.jpg"
    ], 
    "sourceDisplayName": "Food.com", 
    "recipeName": "6 Week Bran Muffins (Auntie Anne's Muffins)", 
    "attributes": {
        "course": [
            "Breads", 
            "Breakfast and Brunch"
        ]
    }, 
    "id": "6-Week-Bran-Muffins-_Auntie-Anne_s-Muffins_-Food_com-138667"
}{
    "flavors": null, 
    "rating": 0.0, 
    "totalTimeInSeconds": 0, 
    "ingredients": [
        "raisins", 
        "ground nutmeg", 
        "ground ginger", 
        "medjool dates", 
        "walnuts", 
        "carrots", 
        "ground cinnamon", 
        "honey", 
        "kosher salt"
    ], 
    "smallImageUrls": [
        "http://i.yummly.com/Raw-carrot-cake-_muffins_-306902-270627.s.jpg"
    ], 
    "sourceDisplayName": "Serious Eats", 
    "recipeName": "Raw Carrot Cake &quot;Muffins&quot;", 
    "attributes": {}, 
    "id": "Raw-carrot-cake-_muffins_-306902"
}{
    "flavors": {
        "sweet": 0.8333333333333334, 
        "sour": 0.5, 
        "salty": 0.6666666666666666, 
        "piquant": 0.0, 
        "bitter": 0.5, 
        "meaty": 0.5
    }, 
    "rating": 5.0, 
    "totalTimeInSeconds": 1800.0, 
    "ingredients": [
        "blueberries", 
        "whole wheat flour", 
        "egg whites", 
        "salt", 
        "fruit", 
        "all-purpose flour", 
        "low-fat granola", 
        "brown sugar", 
        "baking soda", 
        "large egg", 
        "melted butter"
    ], 
    "smallImageUrls": [
        "http://i.yummly.com/Blueberry_peach-Muffins-Recipezaar-251689.s.jpg"
    ], 
    "sourceDisplayName": "Food.com", 
    "recipeName": "Blueberry-Peach Muffins", 
    "attributes": {
        "course": [
            "Breads", 
            "Breakfast and Brunch"
        ]
    }, 
    "id": "Blueberry_peach-Muffins-Recipezaar"
}{
    "flavors": {
        "sweet": 0.8333333333333334, 
        "sour": 0.3333333333333333, 
        "salty": 0.5, 
        "piquant": 0.0, 
        "bitter": 0.16666666666666666, 
        "meaty": 0.5
    }, 
    "rating": 4.75, 
    "totalTimeInSeconds": 2100.0, 
    "ingredients": [
        "white sugar", 
        "all-purpose flour", 
        "milk", 
        "salt", 
        "oat", 
        "vegetable oil", 
        "baking powder", 
        "egg"
    ], 
    "smallImageUrls": [
        "http://i.yummly.com/Tim-Horton_s-Style-Oatmeal-Muffins-Recipezaar-173502.s.jpg"
    ], 
    "sourceDisplayName": "Food.com", 
    "recipeName": "Tim Horton's Style Oatmeal Muffins", 
    "attributes": {
        "course": [
            "Breads", 
            "Breakfast and Brunch"
        ]
    }, 
    "id": "Tim-Horton_s-Style-Oatmeal-Muffins-Recipezaar"
}{
    "flavors": {
        "sweet": 0.3333333333333333, 
        "sour": 0.3333333333333333, 
        "salty": 0.5, 
        "piquant": 0.0, 
        "bitter": 0.5, 
        "meaty": 0.3333333333333333
    }, 
    "rating": 4.5, 
    "totalTimeInSeconds": 420.0, 
    "ingredients": [
        "corn", 
        "butter", 
        "bacon", 
        "english muffins", 
        "parsley"
    ], 
    "smallImageUrls": [], 
    "sourceDisplayName": "Food.com", 
    "recipeName": "Creamed Corn, Parsley &amp; Bacon on Muffins", 
    "attributes": {
        "course": [
            "Breakfast and Brunch"
        ]
    }, 
    "id": "Creamed-Corn_-Parsley-_-Bacon-On-Muffins-Recipezaar"
}{
    "flavors": null, 
    "rating": 5.0, 
    "totalTimeInSeconds": 1500.0, 
    "ingredients": [
        "muffin", 
        "peanut butter cups", 
        "chocolate chip cookie dough"
    ], 
    "smallImageUrls": [
        "http://i2.yummly.com/Easy-Chocolately-Holiday-Cookies-Food-Network.s.png"
    ], 
    "sourceDisplayName": "Food Network", 
    "recipeName": "Easy Chocolately Holiday Cookies", 
    "attributes": {
        "course": [
            "Desserts"
        ], 
        "holiday": [
            "Christmas"
        ]
    }, 
    "id": "Easy-Chocolately-Holiday-Cookies-Food-Network"
}{
    "flavors": {
        "sweet": 0.8333333333333334, 
        "sour": 0.16666666666666666, 
        "salty": 0.6666666666666666, 
        "piquant": 0.0, 
        "bitter": 0.5, 
        "meaty": 0.8333333333333334
    }, 
    "rating": 5.0, 
    "totalTimeInSeconds": 2400.0, 
    "ingredients": [
        "eggs", 
        "chopped walnuts", 
        "salt", 
        "vanilla", 
        "baking powder", 
        "butter", 
        "whole wheat flour", 
        "grated coconut", 
        "bananas", 
        "sugar"
    ], 
    "smallImageUrls": [
        "http://i.yummly.com/Coconut-Banana-Muffins-Recipezaar-152464.s.jpg"
    ], 
    "sourceDisplayName": "Food.com", 
    "recipeName": "Coconut Banana Muffins", 
    "attributes": {
        "course": [
            "Breads", 
            "Breakfast and Brunch"
        ]
    }, 
    "id": "Coconut-Banana-Muffins-Recipezaar"
}{
    "flavors": {
        "sweet": 0.5, 
        "sour": 0.16666666666666666, 
        "salty": 0.6666666666666666, 
        "piquant": 0.0, 
        "bitter": 0.3333333333333333, 
        "meaty": 0.6666666666666666
    }, 
    "rating": 4.75, 
    "totalTimeInSeconds": 3000.0, 
    "ingredients": [
        "corn", 
        "cottage cheese", 
        "corn muffin", 
        "diced onion", 
        "beaten eggs", 
        "melted butter", 
        "sugar"
    ], 
    "smallImageUrls": [
        "http://i.yummly.com/Best-Cornbread-Ever-Recipezaar-229590.s.jpg"
    ], 
    "sourceDisplayName": "Food.com", 
    "recipeName": "Best Cornbread Ever", 
    "attributes": {
        "course": [
            "Breads"
        ], 
        "cuisine": [
            "American", 
            "Southern & Soul Food"
        ]
    }, 
    "id": "Best-Cornbread-Ever-Recipezaar"
}{
    "flavors": {
        "sweet": 1.0, 
        "sour": 0.6666666666666666, 
        "salty": 0.3333333333333333, 
        "piquant": 0.0, 
        "bitter": 0.5, 
        "meaty": 0.3333333333333333
    }, 
    "rating": 0.0, 
    "totalTimeInSeconds": 2100.0, 
    "ingredients": [
        "sugar", 
        "vanilla extract", 
        "milk", 
        "baking soda", 
        "country crock calcium plus vitamin d", 
        "all-purpose flour", 
        "large eggs", 
        "fresh blueberries", 
        "baking powder", 
        "banana"
    ], 
    "smallImageUrls": [
        "http://i.yummly.com/Blueberry-banana-muffins-297956-266816.s.jpg"
    ], 
    "sourceDisplayName": "Country Crock", 
    "recipeName": "Blueberry Banana Muffins", 
    "attributes": {
        "course": [
            "Breads", 
            "Breakfast and Brunch", 
            "Lunch and Snacks"
        ]
    }, 
    "id": "Blueberry-banana-muffins-297956"
}{
    "flavors": {
        "sweet": 0.8333333333333334, 
        "sour": 0.5, 
        "salty": 0.5, 
        "piquant": 0.0, 
        "bitter": 0.5, 
        "meaty": 0.3333333333333333
    }, 
    "rating": 4.45, 
    "totalTimeInSeconds": 1800.0, 
    "ingredients": [
        "sugar", 
        "flour", 
        "oil", 
        "salt", 
        "milk", 
        "quick oatmeal", 
        "cinnamon", 
        "sugar", 
        "baking powder", 
        "egg", 
        "blueberries"
    ], 
    "smallImageUrls": [
        "http://i.yummly.com/Blueberry-Oatmeal-Muffins-Food_com-84901-252463.s.jpg"
    ], 
    "sourceDisplayName": "Food.com", 
    "recipeName": "Blueberry Oatmeal Muffins", 
    "attributes": {
        "course": [
            "Breads", 
            "Breakfast and Brunch"
        ]
    }, 
    "id": "Blueberry-Oatmeal-Muffins-Food_com-84901"
}{
    "flavors": {
        "sweet": 0.3333333333333333, 
        "sour": 0.16666666666666666, 
        "salty": 0.16666666666666666, 
        "piquant": 0.0, 
        "bitter": 0.3333333333333333, 
        "meaty": 0.6666666666666666
    }, 
    "rating": 4.75, 
    "totalTimeInSeconds": 1500.0, 
    "ingredients": [
        "bananas", 
        "caster sugar", 
        "beaten eggs", 
        "porridge oats", 
        "porridge oats", 
        "plain flour", 
        "baking powder", 
        "salt", 
        "corn oil"
    ], 
    "smallImageUrls": [
        "http://i.yummly.com/Oaty-Banana-Muffins-Recipezaar-262726.s.jpg"
    ], 
    "sourceDisplayName": "Food.com", 
    "recipeName": "Oaty Banana Muffins", 
    "attributes": {
        "course": [
            "Breads"
        ]
    }, 
    "id": "Oaty-Banana-Muffins-Recipezaar"
}{
    "flavors": {
        "sweet": 0.8333333333333334, 
        "sour": 0.3333333333333333, 
        "salty": 0.8333333333333334, 
        "piquant": 0.0, 
        "bitter": 0.16666666666666666, 
        "meaty": 0.5
    }, 
    "rating": 4.63, 
    "totalTimeInSeconds": 2100.0, 
    "ingredients": [
        "vanilla", 
        "mashed banana", 
        "quick oats", 
        "eggs", 
        "salt", 
        "margarine", 
        "flour", 
        "semi-sweet chocolate", 
        "sugar", 
        "baking soda"
    ], 
    "smallImageUrls": [
        "http://i.yummly.com/Chocolate-Chip-Banana-Muffins-Recipezaar_1-263131.s.jpg"
    ], 
    "sourceDisplayName": "Food.com", 
    "recipeName": "Chocolate Chip Banana Muffins", 
    "attributes": {
        "course": [
            "Breads", 
            "Breakfast and Brunch", 
            "Lunch and Snacks"
        ]
    }, 
    "id": "Chocolate-Chip-Banana-Muffins-Recipezaar_1"
}{
    "flavors": {
        "sweet": 0.16666666666666666, 
        "sour": 0.6666666666666666, 
        "salty": 0.16666666666666666, 
        "piquant": 0.5, 
        "bitter": 0.16666666666666666, 
        "meaty": 0.5
    }, 
    "rating": 4.0, 
    "totalTimeInSeconds": 0, 
    "ingredients": [
        "double-acting baking powder", 
        "unsalted butter", 
        "cheddar", 
        "salt", 
        "egg", 
        "all-purpose flour", 
        "dry mustard", 
        "caraway seeds", 
        "sugar", 
        "milk"
    ], 
    "smallImageUrls": [], 
    "sourceDisplayName": "Epicurious", 
    "recipeName": "Caraway Cheese Muffins", 
    "attributes": {
        "course": [
            "Breads"
        ]
    }, 
    "id": "Caraway-Cheese-Muffins-Epicurious"
}{
    "flavors": {
        "sweet": 0.3333333333333333, 
        "sour": 0.3333333333333333, 
        "salty": 0.5, 
        "piquant": 0.0, 
        "bitter": 0.5, 
        "meaty": 0.3333333333333333
    }, 
    "rating": 0.0, 
    "totalTimeInSeconds": 3600.0, 
    "ingredients": [
        "cheese spread", 
        "butter", 
        "english muffins", 
        "garlic salt", 
        "crabmeat", 
        "mayonnaise"
    ], 
    "smallImageUrls": [], 
    "sourceDisplayName": "Food.com", 
    "recipeName": "Crab Muffins", 
    "attributes": {
        "course": [
            "Appetizers", 
            "Lunch and Snacks"
        ], 
        "cuisine": [
            "American"
        ]
    }, 
    "id": "Crab-Muffins-Food_com-176924"
}{
    "flavors": {
        "sweet": 0.8333333333333334, 
        "sour": 0.5, 
        "salty": 0.5, 
        "piquant": 0.0, 
        "bitter": 0.5, 
        "meaty": 0.8333333333333334
    }, 
    "rating": 4.5, 
    "totalTimeInSeconds": 1800.0, 
    "ingredients": [
        "pumpkin", 
        "canola oil", 
        "pumpkin pie spice", 
        "baking powder", 
        "water", 
        "eggs", 
        "oatmeal", 
        "nuts", 
        "salt", 
        "brown sugar", 
        "flour", 
        "nutmeg"
    ], 
    "smallImageUrls": [
        "http://i.yummly.com/Moist-Oatmeal-Pumpkin-Muffins-Recipezaar-179746.s.jpg"
    ], 
    "sourceDisplayName": "Food.com", 
    "recipeName": "Moist Oatmeal Pumpkin Muffins", 
    "attributes": {
        "course": [
            "Breads"
        ]
    }, 
    "id": "Moist-Oatmeal-Pumpkin-Muffins-Recipezaar"
}{
    "flavors": {
        "sweet": 0.3333333333333333, 
        "sour": 0.3333333333333333, 
        "salty": 0.6666666666666666, 
        "piquant": 0.0, 
        "bitter": 0.5, 
        "meaty": 0.5
    }, 
    "rating": 0.0, 
    "totalTimeInSeconds": 0, 
    "ingredients": [
        "cooking spray", 
        "egg substitute", 
        "fat free milk", 
        "vanilla extract", 
        "english muffins"
    ], 
    "smallImageUrls": [], 
    "sourceDisplayName": "MyRecipes", 
    "recipeName": "English Muffin French Toast", 
    "attributes": {
        "course": [
            "Breads", 
            "Breakfast and Brunch"
        ], 
        "cuisine": [
            "American"
        ]
    }, 
    "id": "English-Muffin-French-Toast-My-Recipes"
}{
    "flavors": {
        "sweet": 1.0, 
        "sour": 0.3333333333333333, 
        "salty": 0.6666666666666666, 
        "piquant": 0.0, 
        "bitter": 0.8333333333333334, 
        "meaty": 0.5
    }, 
    "rating": 4.52, 
    "totalTimeInSeconds": 2100.0, 
    "ingredients": [
        "oil", 
        "cream cheese", 
        "sugar", 
        "flour", 
        "baking powder", 
        "milk", 
        "cocoa powder", 
        "beaten eggs", 
        "salt", 
        "sugar"
    ], 
    "smallImageUrls": [
        "http://i.yummly.com/Chocolate-Cheesecake-Muffins-Recipezaar_1-260937.s.jpg"
    ], 
    "sourceDisplayName": "Food.com", 
    "recipeName": "Chocolate Cheesecake Muffins", 
    "attributes": {
        "course": [
            "Breads"
        ]
    }, 
    "id": "Chocolate-Cheesecake-Muffins-Recipezaar_1"
}{
    "flavors": {
        "sweet": 1.0, 
        "sour": 0.3333333333333333, 
        "salty": 0.3333333333333333, 
        "piquant": 0.0, 
        "bitter": 1.0, 
        "meaty": 0.3333333333333333
    }, 
    "rating": 4.62, 
    "totalTimeInSeconds": 2100.0, 
    "ingredients": [
        "margarine", 
        "egg", 
        "margarine", 
        "salt", 
        "cocoa", 
        "boiling water", 
        "baking powder", 
        "cocoa", 
        "milk", 
        "brown sugar", 
        "flour", 
        "icing sugar"
    ], 
    "smallImageUrls": [
        "http://i.yummly.com/Chocolate-Muffins-Food_com-92779-161563.s.jpg"
    ], 
    "sourceDisplayName": "Food.com", 
    "recipeName": "Chocolate Muffins", 
    "attributes": {
        "course": [
            "Breads", 
            "Breakfast and Brunch"
        ]
    }, 
    "id": "Chocolate-Muffins-Food_com-92779"
}{
    "flavors": {
        "sweet": 1.0, 
        "sour": 0.5, 
        "salty": 0.5, 
        "piquant": 0.0, 
        "bitter": 0.16666666666666666, 
        "meaty": 0.5
    }, 
    "rating": 4.91, 
    "totalTimeInSeconds": 2700.0, 
    "ingredients": [
        "ground cinnamon", 
        "all-purpose flour", 
        "apples", 
        "baking soda", 
        "butter", 
        "white sugar", 
        "pumpkin pie spice", 
        "salt", 
        "vegetable oil", 
        "white sugar", 
        "eggs", 
        "all-purpose flour", 
        "pumpkin"
    ], 
    "smallImageUrls": [
        "http://i.yummly.com/Pumpkin-Apple-Streusel-Muffins-Recipezaar_1-178626.s.jpg"
    ], 
    "sourceDisplayName": "Food.com", 
    "recipeName": "Pumpkin Apple Streusel Muffins", 
    "attributes": {
        "course": [
            "Breads", 
            "Lunch and Snacks"
        ], 
        "holiday": [
            "Thanksgiving"
        ]
    }, 
    "id": "Pumpkin-Apple-Streusel-Muffins-Recipezaar_1"
}{
    "flavors": {
        "sweet": 0.3333333333333333, 
        "sour": 0.6666666666666666, 
        "salty": 0.5, 
        "piquant": 0.0, 
        "bitter": 1.0, 
        "meaty": 1.0
    }, 
    "rating": 4.31, 
    "totalTimeInSeconds": 3300.0, 
    "ingredients": [
        "sugar", 
        "unsweetened coconut milk", 
        "eggs", 
        "shredded coconut", 
        "blanched almonds", 
        "unsweetened cocoa powder", 
        "baking soda", 
        "muffin", 
        "salt", 
        "pure vanilla extract", 
        "almonds", 
        "baking powder", 
        "unsalted butter", 
        "unsweetened chocolate", 
        "all-purpose flour"
    ], 
    "smallImageUrls": [
        "http://i2.yummly.com/Chocolate_almond-Cupcakes-With-Fluffy-Coconut-Frosting-Epicurious.s.png", 
        "http://i.yummly.com/Chocolate_almond-Cupcakes-With-Fluffy-Coconut-Frosting-Epicurious-48248.s.png"
    ], 
    "sourceDisplayName": "Epicurious", 
    "recipeName": "Chocolate-Almond Cupcakes with Fluffy Coconut Frosting", 
    "attributes": {
        "course": [
            "Desserts"
        ]
    }, 
    "id": "Chocolate_almond-Cupcakes-With-Fluffy-Coconut-Frosting-Epicurious"
}{
    "flavors": {
        "sweet": 0.8333333333333334, 
        "sour": 0.3333333333333333, 
        "salty": 0.5, 
        "piquant": 0.0, 
        "bitter": 0.3333333333333333, 
        "meaty": 0.5
    }, 
    "rating": 4.93, 
    "totalTimeInSeconds": 2100.0, 
    "ingredients": [
        "chopped walnuts", 
        "vegetable oil", 
        "cinnamon", 
        "pears", 
        "baking powder", 
        "egg", 
        "cooking spray", 
        "ginger", 
        "sugar", 
        "vanilla", 
        "brown sugar", 
        "baking soda", 
        "salt", 
        "all-purpose flour", 
        "plain yogurt", 
        "whole wheat flour"
    ], 
    "smallImageUrls": [
        "http://i.yummly.com/Pear-And-Walnut-Muffins-Recipezaar-14081.s.png", 
        "http://i.yummly.com/Pear-And-Walnut-Muffins-Recipezaar-152527.s.jpg"
    ], 
    "sourceDisplayName": "Food.com", 
    "recipeName": "Pear and Walnut Muffins", 
    "attributes": {
        "course": [
            "Breads", 
            "Breakfast and Brunch"
        ], 
        "cuisine": [
            "American"
        ]
    }, 
    "id": "Pear-And-Walnut-Muffins-Recipezaar"
}{
    "flavors": {
        "sweet": 0.8333333333333334, 
        "sour": 0.16666666666666666, 
        "salty": 0.3333333333333333, 
        "piquant": 0.0, 
        "bitter": 0.5, 
        "meaty": 0.8333333333333334
    }, 
    "rating": 4.9, 
    "totalTimeInSeconds": 2400.0, 
    "ingredients": [
        "eggs", 
        "brown sugar", 
        "flour", 
        "pecans", 
        "butter"
    ], 
    "smallImageUrls": [], 
    "sourceDisplayName": "Food.com", 
    "recipeName": "Pecan Pie Mini Muffins", 
    "attributes": {
        "course": [
            "Breads", 
            "Desserts"
        ], 
        "holiday": [
            "Thanksgiving", 
            "Christmas"
        ]
    }, 
    "id": "Pecan-Pie-Mini-Muffins-Recipezaar"
}{
    "flavors": {
        "sweet": 0.16666666666666666, 
        "sour": 0.6666666666666666, 
        "salty": 0.16666666666666666, 
        "piquant": 0.0, 
        "bitter": 0.16666666666666666, 
        "meaty": 0.5
    }, 
    "rating": 2.8, 
    "totalTimeInSeconds": 2100.0, 
    "ingredients": [
        "all-purpose flour", 
        "baking powder", 
        "cream cheese", 
        "confectioners' sugar", 
        "milk", 
        "salt", 
        "orange marmalade", 
        "sugar", 
        "vegetable oil", 
        "eggs", 
        "orange marmalade"
    ], 
    "smallImageUrls": [
        "http://i.yummly.com/Marmalade-Muffins-Allrecipes-81842.s.png", 
        "http://i.yummly.com/Marmalade-Muffins-Allrecipes-81752.s.png"
    ], 
    "sourceDisplayName": "Taste of Home", 
    "recipeName": "Marmalade Muffins", 
    "attributes": {
        "course": [
            "Breads"
        ]
    }, 
    "id": "Marmalade-Muffins-TasteOfHome"
}{
    "flavors": {
        "sweet": 0.8333333333333334, 
        "sour": 0.5, 
        "salty": 0.3333333333333333, 
        "piquant": 0.0, 
        "bitter": 0.16666666666666666, 
        "meaty": 0.6666666666666666
    }, 
    "rating": 4.9, 
    "totalTimeInSeconds": 2100.0, 
    "ingredients": [
        "butter", 
        "granulated sugar", 
        "vanilla extract", 
        "strawberries", 
        "sugar", 
        "heavy whipping cream", 
        "baking powder", 
        "egg", 
        "flour"
    ], 
    "smallImageUrls": [
        "http://i.yummly.com/Strawberry-Shortcake-Muffins-Recipezaar-194958.s.jpg"
    ], 
    "sourceDisplayName": "Food.com", 
    "recipeName": "Strawberry Shortcake Muffins", 
    "attributes": {
        "course": [
            "Breads", 
            "Desserts", 
            "Breakfast and Brunch"
        ]
    }, 
    "id": "Strawberry-Shortcake-Muffins-Recipezaar"
}{
    "flavors": {
        "sweet": 0.6666666666666666, 
        "sour": 0.16666666666666666, 
        "salty": 0.3333333333333333, 
        "piquant": 0.0, 
        "bitter": 0.16666666666666666, 
        "meaty": 0.3333333333333333
    }, 
    "rating": 0.0, 
    "totalTimeInSeconds": 0, 
    "ingredients": [
        "large egg", 
        "white cornmeal", 
        "sugar", 
        "buttermilk", 
        "melted butter"
    ], 
    "smallImageUrls": [], 
    "sourceDisplayName": "MyRecipes", 
    "recipeName": "Cornmeal Muffins", 
    "attributes": {
        "course": [
            "Breads", 
            "Breakfast and Brunch"
        ], 
        "cuisine": [
            "American", 
            "Southern & Soul Food"
        ]
    }, 
    "id": "Cornmeal-Muffins-My-Recipes_1"
}{
    "flavors": {
        "sweet": 0.6666666666666666, 
        "sour": 0.5, 
        "salty": 0.6666666666666666, 
        "piquant": 0.8333333333333334, 
        "bitter": 0.16666666666666666, 
        "meaty": 0.6666666666666666
    }, 
    "rating": 0.0, 
    "totalTimeInSeconds": 2520.0, 
    "ingredients": [
        "bacon", 
        "egg", 
        "muffin", 
        "honey", 
        "salt", 
        "cream cheese", 
        "hot sauce", 
        "pastry", 
        "chives", 
        "melted butter", 
        "milk", 
        "baking powder", 
        "brown sugar", 
        "all-purpose flour", 
        "bacon fat", 
        "cornmeal"
    ], 
    "smallImageUrls": [
        "http://i.yummly.com/Bacon-Corn-Muffins-with-Savory-Cream-Cheese-Frosting-Food-Network-222100-145524.s.jpg"
    ], 
    "sourceDisplayName": "Food Network", 
    "recipeName": "Bacon Corn Muffins with Savory Cream Cheese Frosting", 
    "attributes": {
        "course": [
            "Breads"
        ]
    }, 
    "id": "Bacon-Corn-Muffins-with-Savory-Cream-Cheese-Frosting-Food-Network-222100"
}{
    "flavors": {
        "sweet": 0.8333333333333334, 
        "sour": 0.5, 
        "salty": 0.16666666666666666, 
        "piquant": 0.0, 
        "bitter": 0.5, 
        "meaty": 0.5
    }, 
    "rating": 3.81, 
    "totalTimeInSeconds": 0, 
    "ingredients": [
        "salt", 
        "baking powder", 
        "low-fat granola", 
        "fresh lemon juice", 
        "pear", 
        "eggs", 
        "vegetable oil", 
        "lemon peel", 
        "golden brown sugar", 
        "ground nutmeg", 
        "wheat flour", 
        "pear", 
        "all purpose flour"
    ], 
    "smallImageUrls": [], 
    "sourceDisplayName": "Epicurious", 
    "recipeName": "Pear and Granola Whole Wheat Muffins", 
    "attributes": {
        "course": [
            "Breads"
        ], 
        "cuisine": [
            "American"
        ]
    }, 
    "id": "Pear-And-Granola-Whole-Wheat-Muffins-Epicurious"
}{
    "flavors": {
        "sweet": 1.0, 
        "sour": 0.6666666666666666, 
        "salty": 0.5, 
        "piquant": 0.0, 
        "bitter": 0.8333333333333334, 
        "meaty": 0.5
    }, 
    "rating": 0.0, 
    "totalTimeInSeconds": 5400.0, 
    "ingredients": [
        "sweet cherries", 
        "beaten eggs", 
        "vegetable oil", 
        "baking powder", 
        "miniature semisweet chocolate chips", 
        "white sugar", 
        "unsweetened cocoa powder", 
        "baking soda", 
        "milk", 
        "almond extract", 
        "salt", 
        "all-purpose flour", 
        "sour cream"
    ], 
    "smallImageUrls": [
        "http://i.yummly.com/Double-Chocolate-Cherry-Muffins-AllRecipes-39445-83992.s.png", 
        "http://i.yummly.com/Double-Chocolate-Cherry-Muffins-AllRecipes-39445-83910.s.png"
    ], 
    "sourceDisplayName": "AllRecipes", 
    "recipeName": "Double Chocolate Cherry Muffins", 
    "attributes": {
        "course": [
            "Breads"
        ]
    }, 
    "id": "Double-Chocolate-Cherry-Muffins-AllRecipes-39445"
}{
    "flavors": null, 
    "rating": 0.0, 
    "totalTimeInSeconds": 2100.0, 
    "ingredients": [
        "all-purpose flour", 
        "cocoa", 
        "vegetable oil", 
        "banana", 
        "salt", 
        "baking powder", 
        "egg white", 
        "granulated sugar", 
        "skim milk", 
        "baking soda", 
        "bran"
    ], 
    "smallImageUrls": [
        "http://i.yummly.com/Low-Fat-All-Bran-Banana-Cocoa-Muffins-AllRecipes-37731-71009.s.png"
    ], 
    "sourceDisplayName": "AllRecipes", 
    "recipeName": "Low-Fat All-Bran Banana-Cocoa Muffins", 
    "attributes": {
        "course": [
            "Breads"
        ]
    }, 
    "id": "Low-Fat-All-Bran-Banana-Cocoa-Muffins-AllRecipes-37731"
}{
    "flavors": {
        "sweet": 0.8333333333333334, 
        "sour": 0.3333333333333333, 
        "salty": 0.6666666666666666, 
        "piquant": 0.0, 
        "bitter": 0.16666666666666666, 
        "meaty": 0.5
    }, 
    "rating": 0.0, 
    "totalTimeInSeconds": 1680.0, 
    "ingredients": [
        "dried cranberries", 
        "egg whites", 
        "ground nutmeg", 
        "ground cinnamon", 
        "apricots", 
        "margarine", 
        "sugar", 
        "milk", 
        "bisquick"
    ], 
    "smallImageUrls": [
        "http://i.yummly.com/Apricot-Cranberry-Muffins-Food-Network-142725.s.jpg"
    ], 
    "sourceDisplayName": "Food Network", 
    "recipeName": "Apricot Cranberry Muffins", 
    "attributes": {
        "course": [
            "Breads", 
            "Breakfast and Brunch"
        ]
    }, 
    "id": "Apricot-Cranberry-Muffins-Food-Network"
}{
    "flavors": {
        "sweet": 1.0, 
        "sour": 0.6666666666666666, 
        "salty": 1.0, 
        "piquant": 0.0, 
        "bitter": 0.3333333333333333, 
        "meaty": 0.5
    }, 
    "rating": 2.0, 
    "totalTimeInSeconds": 3300.0, 
    "ingredients": [
        "melted butter", 
        "all-purpose flour", 
        "coffee", 
        "buttermilk", 
        "eggs", 
        "baking soda", 
        "bran cereal", 
        "white sugar"
    ], 
    "smallImageUrls": [
        "http://i.yummly.com/Bran-Muffins-With-Coffee-Allrecipes-51891.s.png"
    ], 
    "sourceDisplayName": "AllRecipes", 
    "recipeName": "Bran Muffins with Coffee", 
    "attributes": {
        "course": [
            "Breads"
        ]
    }, 
    "id": "Bran-Muffins-With-Coffee-Allrecipes"
}{
    "flavors": null, 
    "rating": 0.0, 
    "totalTimeInSeconds": 2100.0, 
    "ingredients": [
        "baking powder", 
        "nutmeg", 
        "cinnamon", 
        "milk", 
        "baking soda", 
        "rolled oats", 
        "yogurt", 
        "brown sugar", 
        "eggs", 
        "salt", 
        "vegetable oil", 
        "oat flour", 
        "mashed banana"
    ], 
    "smallImageUrls": [], 
    "recipeName": "Oatmeal Muffins", 
    "attributes": {
        "course": [
            "Breads", 
            "Breakfast and Brunch", 
            "Lunch and Snacks"
        ]
    }, 
    "id": "Oatmeal-Muffins-HealthyMama-40377"
}{
    "flavors": {
        "sweet": 0.8333333333333334, 
        "sour": 0.6666666666666666, 
        "salty": 0.16666666666666666, 
        "piquant": 0.0, 
        "bitter": 0.16666666666666666, 
        "meaty": 0.3333333333333333
    }, 
    "rating": 3.25, 
    "totalTimeInSeconds": 2400.0, 
    "ingredients": [
        "all-purpose flour", 
        "baking powder", 
        "milk", 
        "grated orange", 
        "dried apricots", 
        "salt", 
        "eggs", 
        "brown sugar", 
        "boiling water", 
        "quick-cooking oats", 
        "butter"
    ], 
    "smallImageUrls": [
        "http://i.yummly.com/Apricot-Oatmeal-Muffins-Allrecipes-88790.s.png", 
        "http://i.yummly.com/Apricot-Oatmeal-Muffins-Allrecipes-88433.s.png"
    ], 
    "sourceDisplayName": "Taste of Home", 
    "recipeName": "Apricot Oatmeal Muffins", 
    "attributes": {
        "course": [
            "Breads"
        ]
    }, 
    "id": "Apricot-Oatmeal-Muffins-TasteOfHome"
}{
    "flavors": null, 
    "rating": 0.0, 
    "totalTimeInSeconds": 1800.0, 
    "ingredients": [
        "eggs", 
        "sugar", 
        "milk", 
        "bacon"
    ], 
    "smallImageUrls": [
        "http://i.yummly.com/Busy-Day-Bacon-Muffins-Recipe-Taste-of-Home-44630-9311.s.png", 
        "http://i.yummly.com/Busy-Day-Bacon-Muffins-Recipe-Taste-of-Home-44630-7918.s.jpg", 
        "http://i.yummly.com/Busy-Day-Bacon-Muffins-Recipe-Taste-of-Home-44630-5943.s.jpg"
    ], 
    "sourceDisplayName": "Taste of Home", 
    "recipeName": "Busy Day Bacon Muffins Recipe", 
    "attributes": {
        "course": [
            "Breads", 
            "Breakfast and Brunch"
        ]
    }, 
    "id": "Busy-Day-Bacon-Muffins-Recipe-Taste-of-Home-44630"
}{
    "flavors": null, 
    "rating": 4.75, 
    "totalTimeInSeconds": 3600.0, 
    "ingredients": [
        "creme fraiche", 
        "grated nutmeg", 
        "emmenthaler", 
        "butter", 
        "potatoes", 
        "salt", 
        "pepper", 
        "garlic cloves"
    ], 
    "smallImageUrls": [
        "http://i.yummly.com/Twice-Baked-Mini-Potato-Dauphinoise-_-Potato-Gratin-Muffins-Recipezaar-154387.s.jpg"
    ], 
    "sourceDisplayName": "Food.com", 
    "recipeName": "Twice Baked Mini Potato Dauphinoise - Potato Gratin Muffins", 
    "attributes": {
        "course": [
            "Side Dishes", 
            "Lunch and Snacks"
        ]
    }, 
    "id": "Twice-Baked-Mini-Potato-Dauphinoise-_-Potato-Gratin-Muffins-Recipezaar"
}{
    "flavors": {
        "sweet": 1.0, 
        "sour": 0.5, 
        "salty": 0.5, 
        "piquant": 0.0, 
        "bitter": 0.16666666666666666, 
        "meaty": 0.8333333333333334
    }, 
    "rating": 3.95, 
    "totalTimeInSeconds": 4800.0, 
    "ingredients": [
        "muffin", 
        "vanilla", 
        "eggs", 
        "rosewater", 
        "fresh lemon juice", 
        "confectioners sugar", 
        "cake flour", 
        "granulated sugar", 
        "salt", 
        "baking powder", 
        "unsalted butter", 
        "milk", 
        "roses", 
        "cream cheese"
    ], 
    "smallImageUrls": [
        "http://i.yummly.com/Blossom-Topped-Cupcakes-Epicurious-50582.s.jpg", 
        "http://i.yummly.com/Blossom-Topped-Cupcakes-Epicurious-50582-41102.s.png"
    ], 
    "sourceDisplayName": "Epicurious", 
    "recipeName": "Blossom-Topped Cupcakes", 
    "attributes": {
        "course": [
            "Desserts"
        ], 
        "cuisine": [
            "American"
        ]
    }, 
    "id": "Blossom-Topped-Cupcakes-Epicurious-50582"
}{
    "flavors": {
        "sweet": 0.8333333333333334, 
        "sour": 0.5, 
        "salty": 0.3333333333333333, 
        "piquant": 0.0, 
        "bitter": 0.5, 
        "meaty": 0.3333333333333333
    }, 
    "rating": 4.47, 
    "totalTimeInSeconds": 1800.0, 
    "ingredients": [
        "bran cereal", 
        "melted butter", 
        "egg", 
        "brown sugar", 
        "salt", 
        "unsweetened applesauce", 
        "baking powder", 
        "nonfat milk", 
        "all-purpose flour"
    ], 
    "smallImageUrls": [
        "http://i.yummly.com/Applesauce-Raisin-Bran-Muffins-Recipezaar-160962.s.jpg"
    ], 
    "sourceDisplayName": "Food.com", 
    "recipeName": "Applesauce Raisin Bran Muffins", 
    "attributes": {
        "course": [
            "Breads", 
            "Breakfast and Brunch"
        ]
    }, 
    "id": "Applesauce-Raisin-Bran-Muffins-Recipezaar"
}{
    "flavors": {
        "sweet": 1.0, 
        "sour": 0.6666666666666666, 
        "salty": 0.16666666666666666, 
        "piquant": 0.0, 
        "bitter": 0.16666666666666666, 
        "meaty": 0.3333333333333333
    }, 
    "rating": 0.0, 
    "totalTimeInSeconds": 1740.0, 
    "ingredients": [
        "all-purpose flour", 
        "baking powder", 
        "fresh lemon juice", 
        "lemon rind", 
        "salt", 
        "part skim ricotta cheese", 
        "olive oil", 
        "turbinado sugar", 
        "cooking spray", 
        "granulated sugar", 
        "water", 
        "egg"
    ], 
    "smallImageUrls": [
        "http://i.yummly.com/Tuscan-Lemon-Muffins-MyRecipes-264440-132473.s.png"
    ], 
    "sourceDisplayName": "MyRecipes", 
    "recipeName": "Tuscan Lemon Muffins", 
    "attributes": {
        "course": [
            "Breads", 
            "Breakfast and Brunch"
        ]
    }, 
    "id": "Tuscan-Lemon-Muffins-MyRecipes-264440"
}{
    "flavors": {
        "sweet": 0.8333333333333334, 
        "sour": 0.16666666666666666, 
        "salty": 0.5, 
        "piquant": 0.0, 
        "bitter": 0.5, 
        "meaty": 0.5
    }, 
    "rating": 4.86, 
    "totalTimeInSeconds": 1500.0, 
    "ingredients": [
        "wheat bran", 
        "unsweetened applesauce", 
        "baking soda", 
        "whole wheat flour", 
        "egg", 
        "brown sugar", 
        "all-purpose flour", 
        "blueberries", 
        "salt", 
        "nonfat milk", 
        "vanilla extract", 
        "baking powder"
    ], 
    "smallImageUrls": [
        "http://i.yummly.com/Low_fat-High-Fiber-Blueberry-Bran-Muffins-Recipezaar-154871.s.jpg"
    ], 
    "sourceDisplayName": "Food.com", 
    "recipeName": "Low-Fat High Fiber Blueberry Bran Muffins", 
    "attributes": {
        "course": [
            "Breads", 
            "Breakfast and Brunch"
        ]
    }, 
    "id": "Low_fat-High-Fiber-Blueberry-Bran-Muffins-Recipezaar"
}{
    "flavors": {
        "sweet": 0.3333333333333333, 
        "sour": 0.5, 
        "salty": 0.3333333333333333, 
        "piquant": 0.0, 
        "bitter": 0.16666666666666666, 
        "meaty": 0.3333333333333333
    }, 
    "rating": 4.6, 
    "totalTimeInSeconds": 4500.0, 
    "ingredients": [
        "butter", 
        "ricotta cheese", 
        "salt", 
        "sour cream", 
        "potato", 
        "egg", 
        "green onions", 
        "milk"
    ], 
    "smallImageUrls": [
        "http://i.yummly.com/Mashed-Potato-Muffins-Recipezaar-169232.s.jpg"
    ], 
    "sourceDisplayName": "Food.com", 
    "recipeName": "Mashed Potato Muffins", 
    "attributes": {
        "course": [
            "Side Dishes", 
            "Breads", 
            "Breakfast and Brunch"
        ]
    }, 
    "id": "Mashed-Potato-Muffins-Recipezaar"
}{
    "flavors": {
        "sweet": 0.8333333333333334, 
        "sour": 0.5, 
        "salty": 0.3333333333333333, 
        "piquant": 0.0, 
        "bitter": 0.6666666666666666, 
        "meaty": 0.5
    }, 
    "rating": 3.6, 
    "totalTimeInSeconds": 0, 
    "ingredients": [
        "sweet potato", 
        "milk", 
        "salt", 
        "ground ginger", 
        "all purpose flour", 
        "light molasses", 
        "ground cinnamon", 
        "beaten eggs", 
        "baking powder", 
        "melted butter", 
        "wheat flour"
    ], 
    "smallImageUrls": [], 
    "sourceDisplayName": "Epicurious", 
    "recipeName": "Sweet Potato and Molasses Muffins", 
    "attributes": {
        "course": [
            "Breads"
        ], 
        "holiday": [
            "Thanksgiving"
        ], 
        "cuisine": [
            "American"
        ]
    }, 
    "id": "Sweet-Potato-And-Molasses-Muffins-Epicurious"
}{
    "flavors": {
        "sweet": 0.16666666666666666, 
        "sour": 0.6666666666666666, 
        "salty": 1.0, 
        "piquant": 0.0, 
        "bitter": 0.8333333333333334, 
        "meaty": 0.6666666666666666
    }, 
    "rating": 0.0, 
    "totalTimeInSeconds": 0, 
    "ingredients": [
        "pork sausage", 
        "eggs", 
        "milk", 
        "vegetable oil", 
        "parmesan cheese", 
        "self rising flour", 
        "sugar"
    ], 
    "smallImageUrls": [], 
    "sourceDisplayName": "MyRecipes", 
    "recipeName": "Breakfast Muffins", 
    "attributes": {
        "course": [
            "Breads", 
            "Breakfast and Brunch"
        ], 
        "cuisine": [
            "American"
        ]
    }, 
    "id": "Breakfast-Muffins-My-Recipes"
}{
    "flavors": null, 
    "rating": 5.0, 
    "totalTimeInSeconds": 600.0, 
    "ingredients": [
        "english muffin", 
        "laughing cow", 
        "canadian bacon", 
        "egg"
    ], 
    "smallImageUrls": [
        "http://i.yummly.com/Wannabe-Eggs-Benedict-Recipezaar-174789.s.jpg"
    ], 
    "sourceDisplayName": "Food.com", 
    "recipeName": "Wannabe Eggs Benedict", 
    "attributes": {
        "course": [
            "Breakfast and Brunch"
        ]
    }, 
    "id": "Wannabe-Eggs-Benedict-Recipezaar"
}{
    "flavors": {
        "sweet": 0.0, 
        "sour": 0.0, 
        "salty": 0.8333333333333334, 
        "piquant": 0.0, 
        "bitter": 0.8333333333333334, 
        "meaty": 0.5
    }, 
    "rating": 5.0, 
    "totalTimeInSeconds": 2400.0, 
    "ingredients": [
        "baking soda", 
        "mashed bananas", 
        "baking powder", 
        "salt", 
        "wheat flour", 
        "egg", 
        "margarine", 
        "sugar"
    ], 
    "smallImageUrls": [
        "http://i.yummly.com/Whole-Wheat-Banana-Muffins-Recipezaar_1-157699.s.jpg"
    ], 
    "sourceDisplayName": "Food.com", 
    "recipeName": "Whole Wheat Banana Muffins", 
    "attributes": {
        "course": [
            "Breads", 
            "Breakfast and Brunch", 
            "Lunch and Snacks"
        ]
    }, 
    "id": "Whole-Wheat-Banana-Muffins-Recipezaar_1"
}{
    "flavors": {
        "sweet": 0.6666666666666666, 
        "sour": 0.3333333333333333, 
        "salty": 0.5, 
        "piquant": 0.0, 
        "bitter": 0.16666666666666666, 
        "meaty": 0.5
    }, 
    "rating": 5.0, 
    "totalTimeInSeconds": 900.0, 
    "ingredients": [
        "baking powder", 
        "egg", 
        "salt", 
        "melted butter", 
        "flour", 
        "milk", 
        "fruit", 
        "sugar"
    ], 
    "smallImageUrls": [
        "http://i.yummly.com/Fruit-Muffins-Recipezaar_1-194872.s.jpg"
    ], 
    "sourceDisplayName": "Food.com", 
    "recipeName": "Fruit Muffins", 
    "attributes": {
        "course": [
            "Breads"
        ]
    }, 
    "id": "Fruit-Muffins-Recipezaar_1"
}{
    "flavors": {
        "sweet": 1.0, 
        "sour": 0.16666666666666666, 
        "salty": 0.3333333333333333, 
        "piquant": 0.0, 
        "bitter": 0.6666666666666666, 
        "meaty": 0.8333333333333334
    }, 
    "rating": 4.0, 
    "totalTimeInSeconds": 2400.0, 
    "ingredients": [
        "flour", 
        "nuts", 
        "eggs", 
        "vanilla", 
        "butter", 
        "sugar", 
        "cocoa"
    ], 
    "smallImageUrls": [
        "http://i.yummly.com/Chocolate-Muffins-Recipezaar_1-227212.s.jpg"
    ], 
    "sourceDisplayName": "Food.com", 
    "recipeName": "Chocolate Muffins", 
    "attributes": {
        "course": [
            "Desserts", 
            "Breakfast and Brunch"
        ]
    }, 
    "id": "Chocolate-Muffins-Recipezaar_1"
}{
    "flavors": {
        "sweet": 0.16666666666666666, 
        "sour": 0.5, 
        "salty": 0.3333333333333333, 
        "piquant": 0.0, 
        "bitter": 0.5, 
        "meaty": 0.5
    }, 
    "rating": 3.5, 
    "totalTimeInSeconds": 1800.0, 
    "ingredients": [
        "all-purpose flour", 
        "baking powder", 
        "dates", 
        "chopped pecans", 
        "ground nutmeg", 
        "ground cinnamon", 
        "melted butter", 
        "sugar", 
        "milk", 
        "salt", 
        "egg"
    ], 
    "smallImageUrls": [
        "http://i.yummly.com/Nutty-Date-Muffins-Allrecipes-82411.s.png", 
        "http://i.yummly.com/Nutty-Date-Muffins-Allrecipes-82278.s.png"
    ], 
    "sourceDisplayName": "Taste of Home", 
    "recipeName": "Nutty Date Muffins", 
    "attributes": {
        "course": [
            "Breads", 
            "Breakfast and Brunch"
        ]
    }, 
    "id": "Nutty-Date-Muffins-TasteOfHome"
}{
    "flavors": {
        "sweet": 0.16666666666666666, 
        "sour": 0.6666666666666666, 
        "salty": 0.16666666666666666, 
        "piquant": 0.0, 
        "bitter": 0.16666666666666666, 
        "meaty": 0.5
    }, 
    "rating": 3.2, 
    "totalTimeInSeconds": 0, 
    "ingredients": [
        "all-purpose flour", 
        "milk", 
        "egg", 
        "unsalted butter", 
        "grated nutmeg", 
        "salt", 
        "sugar", 
        "double-acting baking powder", 
        "cranberries"
    ], 
    "smallImageUrls": [], 
    "sourceDisplayName": "Epicurious", 
    "recipeName": "Cranberry Upside-Down Muffins", 
    "attributes": {
        "course": [
            "Breads"
        ]
    }, 
    "id": "Cranberry-Upside_down-Muffins-Epicurious"
}{
    "flavors": {
        "sweet": 0.8333333333333334, 
        "sour": 0.5, 
        "salty": 0.8333333333333334, 
        "piquant": 0.0, 
        "bitter": 0.6666666666666666, 
        "meaty": 0.5
    }, 
    "rating": 5.0, 
    "totalTimeInSeconds": 1380.0, 
    "ingredients": [
        "sugar", 
        "large eggs", 
        "baking powder", 
        "salt", 
        "yellow cornmeal", 
        "milk", 
        "melted butter", 
        "all-purpose flour"
    ], 
    "smallImageUrls": [
        "http://i.yummly.com/Magnolia-Cafe-Corn-Muffins_-Recipezaar-261428.s.jpg"
    ], 
    "sourceDisplayName": "Food.com", 
    "recipeName": "Magnolia Cafe Corn Muffins..", 
    "attributes": {
        "course": [
            "Breads"
        ]
    }, 
    "id": "Magnolia-Cafe-Corn-Muffins_-Recipezaar"
}{
    "flavors": {
        "sweet": 1.0, 
        "sour": 0.6666666666666666, 
        "salty": 1.0, 
        "piquant": 0.0, 
        "bitter": 1.0, 
        "meaty": 0.6666666666666666
    }, 
    "rating": 4.5, 
    "totalTimeInSeconds": 1800.0, 
    "ingredients": [
        "eggs", 
        "coconut extract", 
        "chopped pecans", 
        "rum extract", 
        "water", 
        "flaked coconut", 
        "butter", 
        "crushed pineapple", 
        "cake mix"
    ], 
    "smallImageUrls": [], 
    "sourceDisplayName": "Taste of Home", 
    "recipeName": "Quick Coconut Muffins", 
    "attributes": {
        "course": [
            "Breads", 
            "Breakfast and Brunch"
        ]
    }, 
    "id": "Quick-Coconut-Muffins-TasteOfHome"
}{
    "flavors": {
        "sweet": 0.8333333333333334, 
        "sour": 0.16666666666666666, 
        "salty": 0.3333333333333333, 
        "piquant": 0.0, 
        "bitter": 0.3333333333333333, 
        "meaty": 0.5
    }, 
    "rating": 5.0, 
    "totalTimeInSeconds": 2100.0, 
    "ingredients": [
        "whole wheat flour", 
        "salt", 
        "bananas", 
        "lemon juice", 
        "butter", 
        "ground nutmeg", 
        "milk", 
        "baking powder", 
        "egg", 
        "raisins", 
        "light brown sugar"
    ], 
    "smallImageUrls": [
        "http://i.yummly.com/Wholemeal-Banana-Muffins-Recipezaar-166937.s.jpg"
    ], 
    "sourceDisplayName": "Food.com", 
    "recipeName": "Wholemeal Banana Muffins", 
    "attributes": {
        "course": [
            "Breads"
        ]
    }, 
    "id": "Wholemeal-Banana-Muffins-Recipezaar"
}{
    "flavors": {
        "sweet": 1.0, 
        "sour": 0.6666666666666666, 
        "salty": 0.3333333333333333, 
        "piquant": 0.0, 
        "bitter": 1.0, 
        "meaty": 0.5
    }, 
    "rating": 4.67, 
    "totalTimeInSeconds": 2100.0, 
    "ingredients": [
        "mashed bananas", 
        "chocolate chips", 
        "egg", 
        "apple", 
        "baking soda", 
        "oil", 
        "baking powder", 
        "brown sugar", 
        "flour"
    ], 
    "smallImageUrls": [
        "http://i.yummly.com/Abc-Muffins-Recipezaar-259126.s.jpg"
    ], 
    "sourceDisplayName": "Food.com", 
    "recipeName": "Abc Muffins", 
    "attributes": {
        "course": [
            "Breads", 
            "Breakfast and Brunch"
        ]
    }, 
    "id": "Abc-Muffins-Recipezaar"
}{
    "flavors": {
        "sweet": 0.8333333333333334, 
        "sour": 0.16666666666666666, 
        "salty": 0.6666666666666666, 
        "piquant": 0.0, 
        "bitter": 0.6666666666666666, 
        "meaty": 0.6666666666666666
    }, 
    "rating": 4.6, 
    "totalTimeInSeconds": 24300.0, 
    "ingredients": [
        "eggs", 
        "baking soda", 
        "dark brown sugar", 
        "whole wheat flour", 
        "buttermilk", 
        "salt", 
        "vegetable oil", 
        "rolled oat"
    ], 
    "smallImageUrls": [
        "http://i.yummly.com/Irish-Oatmeal-Muffins-Recipezaar-162367.s.jpg"
    ], 
    "sourceDisplayName": "Food.com", 
    "recipeName": "Irish Oatmeal Muffins", 
    "attributes": {
        "course": [
            "Breads"
        ], 
        "cuisine": [
            "Irish"
        ]
    }, 
    "id": "Irish-Oatmeal-Muffins-Recipezaar"
}{
    "flavors": {
        "sweet": 0.6666666666666666, 
        "sour": 0.3333333333333333, 
        "salty": 1.0, 
        "piquant": 0.0, 
        "bitter": 1.0, 
        "meaty": 1.0
    }, 
    "rating": 4.43, 
    "totalTimeInSeconds": 0, 
    "ingredients": [
        "red onions", 
        "ground beef", 
        "canned chipotles", 
        "tomato", 
        "english muffins", 
        "sharp cheddar cheese", 
        "olive oil", 
        "ketchup", 
        "black pepper", 
        "kosher salt", 
        "balsamic vinegar", 
        "balsamic vinegar", 
        "spinach leaves", 
        "kosher salt"
    ], 
    "smallImageUrls": [
        "http://i.yummly.com/Cheddar-Burgers-with-Balsamic-Onions-and-Chipotle-Ketchup-Epicurious-53479-49347.s.png"
    ], 
    "sourceDisplayName": "Epicurious", 
    "recipeName": "Cheddar Burgers with Balsamic Onions and Chipotle Ketchup", 
    "attributes": {
        "course": [
            "Main Dishes"
        ], 
        "cuisine": [
            "American"
        ]
    }, 
    "id": "Cheddar-Burgers-with-Balsamic-Onions-and-Chipotle-Ketchup-Epicurious-53479"
}{
    "flavors": {
        "sweet": 0.8333333333333334, 
        "sour": 0.16666666666666666, 
        "salty": 0.3333333333333333, 
        "piquant": 0.0, 
        "bitter": 0.3333333333333333, 
        "meaty": 0.5
    }, 
    "rating": 5.0, 
    "totalTimeInSeconds": 2100.0, 
    "ingredients": [
        "light brown sugar", 
        "lemon juice", 
        "salt", 
        "baking powder", 
        "ground nutmeg", 
        "whole wheat flour", 
        "egg", 
        "raisins", 
        "milk", 
        "butter", 
        "bananas"
    ], 
    "smallImageUrls": [
        "http://i.yummly.com/Wholemeal-Banana-Muffins-Recipezaar-166937.s.jpg"
    ], 
    "sourceDisplayName": "Food.com", 
    "recipeName": "Wholemeal Banana Muffins", 
    "attributes": {
        "course": [
            "Breads"
        ]
    }, 
    "id": "Wholemeal-Banana-Muffins-Recipezaar"
}{
    "flavors": {
        "sweet": 1.0, 
        "sour": 0.6666666666666666, 
        "salty": 0.3333333333333333, 
        "piquant": 0.0, 
        "bitter": 1.0, 
        "meaty": 0.5
    }, 
    "rating": 4.67, 
    "totalTimeInSeconds": 2100.0, 
    "ingredients": [
        "egg", 
        "chocolate chips", 
        "mashed bananas", 
        "oil", 
        "baking soda", 
        "flour", 
        "apple", 
        "baking powder", 
        "brown sugar"
    ], 
    "smallImageUrls": [
        "http://i.yummly.com/Abc-Muffins-Recipezaar-259126.s.jpg"
    ], 
    "sourceDisplayName": "Food.com", 
    "recipeName": "Abc Muffins", 
    "attributes": {
        "course": [
            "Breads", 
            "Breakfast and Brunch"
        ]
    }, 
    "id": "Abc-Muffins-Recipezaar"
}{
    "flavors": {
        "sweet": 0.8333333333333334, 
        "sour": 0.16666666666666666, 
        "salty": 0.6666666666666666, 
        "piquant": 0.0, 
        "bitter": 0.6666666666666666, 
        "meaty": 0.6666666666666666
    }, 
    "rating": 4.6, 
    "totalTimeInSeconds": 24300.0, 
    "ingredients": [
        "vegetable oil", 
        "salt", 
        "buttermilk", 
        "rolled oat", 
        "whole wheat flour", 
        "eggs", 
        "baking soda", 
        "dark brown sugar"
    ], 
    "smallImageUrls": [
        "http://i.yummly.com/Irish-Oatmeal-Muffins-Recipezaar-162367.s.jpg"
    ], 
    "sourceDisplayName": "Food.com", 
    "recipeName": "Irish Oatmeal Muffins", 
    "attributes": {
        "course": [
            "Breads"
        ], 
        "cuisine": [
            "Irish"
        ]
    }, 
    "id": "Irish-Oatmeal-Muffins-Recipezaar"
}{
    "flavors": {
        "sweet": 0.6666666666666666, 
        "sour": 0.3333333333333333, 
        "salty": 1.0, 
        "piquant": 0.0, 
        "bitter": 1.0, 
        "meaty": 1.0
    }, 
    "rating": 4.43, 
    "totalTimeInSeconds": 0, 
    "ingredients": [
        "red onions", 
        "spinach leaves", 
        "balsamic vinegar", 
        "tomato", 
        "olive oil", 
        "kosher salt", 
        "ketchup", 
        "kosher salt", 
        "canned chipotles", 
        "sharp cheddar cheese", 
        "balsamic vinegar", 
        "ground beef", 
        "black pepper", 
        "english muffins"
    ], 
    "smallImageUrls": [
        "http://i.yummly.com/Cheddar-Burgers-with-Balsamic-Onions-and-Chipotle-Ketchup-Epicurious-53479-49347.s.png"
    ], 
    "sourceDisplayName": "Epicurious", 
    "recipeName": "Cheddar Burgers with Balsamic Onions and Chipotle Ketchup", 
    "attributes": {
        "course": [
            "Main Dishes"
        ], 
        "cuisine": [
            "American"
        ]
    }, 
    "id": "Cheddar-Burgers-with-Balsamic-Onions-and-Chipotle-Ketchup-Epicurious-53479"
}{
    "flavors": {
        "sweet": 0.8333333333333334, 
        "sour": 0.16666666666666666, 
        "salty": 0.3333333333333333, 
        "piquant": 0.0, 
        "bitter": 0.16666666666666666, 
        "meaty": 0.5
    }, 
    "rating": 4.8, 
    "totalTimeInSeconds": 1500.0, 
    "ingredients": [
        "baking soda", 
        "cinnamon", 
        "water", 
        "flax seed meal", 
        "sugar", 
        "eggs", 
        "baking powder", 
        "canola oil", 
        "vanilla"
    ], 
    "smallImageUrls": [
        "http://i.yummly.com/Cinnamon-Flax-Muffins-Recipezaar-195290.s.jpg"
    ], 
    "sourceDisplayName": "Food.com", 
    "recipeName": "Cinnamon Flax Muffins", 
    "attributes": {
        "course": [
            "Breads", 
            "Breakfast and Brunch"
        ]
    }, 
    "id": "Cinnamon-Flax-Muffins-Recipezaar"
}{
    "flavors": {
        "sweet": 1.0, 
        "sour": 0.16666666666666666, 
        "salty": 0.5, 
        "piquant": 0.0, 
        "bitter": 0.6666666666666666, 
        "meaty": 0.3333333333333333
    }, 
    "rating": 0.0, 
    "totalTimeInSeconds": 0, 
    "ingredients": [
        "gluten-free rolled oat", 
        "vegetable oil", 
        "unsweetened applesauce", 
        "brown rice flour", 
        "milk", 
        "sorghum flour", 
        "tapioca starch", 
        "salt", 
        "dark brown sugar", 
        "ground cinnamon", 
        "vanilla extract", 
        "water", 
        "ground nutmeg", 
        "meal", 
        "baking powder"
    ], 
    "smallImageUrls": [], 
    "sourceDisplayName": "Serious Eats", 
    "recipeName": "Gluten-Free Low-Fat Vegan Oatmeal Muffins", 
    "attributes": {
        "course": [
            "Breads"
        ]
    }, 
    "id": "Gluten-Free-Low-Fat-Vegan-Oatmeal-Muffins-Serious-Eats-280842"
}{
    "flavors": {
        "sweet": 0.8333333333333334, 
        "sour": 0.3333333333333333, 
        "salty": 0.8333333333333334, 
        "piquant": 0.0, 
        "bitter": 0.3333333333333333, 
        "meaty": 0.5
    }, 
    "rating": 4.82, 
    "totalTimeInSeconds": 1980.0, 
    "ingredients": [
        "sugar", 
        "butter", 
        "baking powder", 
        "salt", 
        "flour", 
        "cornmeal", 
        "egg", 
        "buttermilk", 
        "baking soda"
    ], 
    "smallImageUrls": [
        "http://i.yummly.com/Buttermilk-Cornmeal-Muffins-Recipezaar_1-186257.s.jpg"
    ], 
    "sourceDisplayName": "Food.com", 
    "recipeName": "Buttermilk Cornmeal Muffins", 
    "attributes": {
        "course": [
            "Breads"
        ]
    }, 
    "id": "Buttermilk-Cornmeal-Muffins-Recipezaar_1"
}{
    "flavors": {
        "sweet": 0.8333333333333334, 
        "sour": 0.5, 
        "salty": 0.16666666666666666, 
        "piquant": 0.0, 
        "bitter": 1.0, 
        "meaty": 0.6666666666666666
    }, 
    "rating": 3.17, 
    "totalTimeInSeconds": 0, 
    "ingredients": [
        "egg", 
        "all-purpose flour", 
        "chopped walnuts", 
        "milk", 
        "semisweet chocolate chips", 
        "unsalted butter", 
        "sugar", 
        "salt", 
        "double-acting baking powder", 
        "rolled oats"
    ], 
    "smallImageUrls": [], 
    "sourceDisplayName": "Epicurious", 
    "recipeName": "Chocolate-Chip Oatmeal Muffins", 
    "attributes": {
        "course": [
            "Breads"
        ]
    }, 
    "id": "Chocolate_chip-Oatmeal-Muffins-Epicurious_1"
}{
    "flavors": {
        "sweet": 0.8333333333333334, 
        "sour": 0.16666666666666666, 
        "salty": 0.3333333333333333, 
        "piquant": 0.0, 
        "bitter": 0.6666666666666666, 
        "meaty": 0.8333333333333334
    }, 
    "rating": 4.89, 
    "totalTimeInSeconds": 2700.0, 
    "ingredients": [
        "brown sugar", 
        "eggs", 
        "salt", 
        "melted butter", 
        "chopped walnuts", 
        "vanilla extract", 
        "flour"
    ], 
    "smallImageUrls": [], 
    "sourceDisplayName": "Food.com", 
    "recipeName": "Abilene Country Club Muffins", 
    "attributes": {
        "course": [
            "Breads", 
            "Lunch and Snacks"
        ]
    }, 
    "id": "Abilene-Country-Club-Muffins-Recipezaar"
}{
    "flavors": {
        "sweet": 1.0, 
        "sour": 0.16666666666666666, 
        "salty": 0.5, 
        "piquant": 0.0, 
        "bitter": 0.16666666666666666, 
        "meaty": 0.5
    }, 
    "rating": 4.89, 
    "totalTimeInSeconds": 2400.0, 
    "ingredients": [
        "vanilla", 
        "blueberries", 
        "butter", 
        "large eggs", 
        "salt", 
        "plain flour", 
        "milk", 
        "baking powder", 
        "sugar"
    ], 
    "smallImageUrls": [
        "http://i.yummly.com/No-Brainer-_never-Fail-Blueberry-Muffins_-Recipezaar-185714.s.jpg"
    ], 
    "sourceDisplayName": "Food.com", 
    "recipeName": "No Brainer ,never Fail Blueberry Muffins.", 
    "attributes": {
        "course": [
            "Breads"
        ]
    }, 
    "id": "No-Brainer-_never-Fail-Blueberry-Muffins_-Recipezaar"
}{
    "flavors": {
        "sweet": 0.6666666666666666, 
        "sour": 0.16666666666666666, 
        "salty": 0.6666666666666666, 
        "piquant": 0.0, 
        "bitter": 0.8333333333333334, 
        "meaty": 0.5
    }, 
    "rating": 4.43, 
    "totalTimeInSeconds": 1800.0, 
    "ingredients": [
        "salt", 
        "whole wheat flour", 
        "beaten eggs", 
        "melted butter", 
        "baking powder", 
        "brown sugar", 
        "milk"
    ], 
    "smallImageUrls": [], 
    "sourceDisplayName": "Food.com", 
    "recipeName": "100% Whole Wheat Muffins", 
    "attributes": {
        "course": [
            "Breads"
        ]
    }, 
    "id": "100_-Whole-Wheat-Muffins-Recipezaar"
}{
    "flavors": {
        "sweet": 1.0, 
        "sour": 0.5, 
        "salty": 0.6666666666666666, 
        "piquant": 0.0, 
        "bitter": 0.5, 
        "meaty": 0.5
    }, 
    "rating": 4.86, 
    "totalTimeInSeconds": 1800.0, 
    "ingredients": [
        "egg", 
        "brown sugar", 
        "cinnamon", 
        "white sugar", 
        "salt", 
        "white flour", 
        "half and half", 
        "baking powder", 
        "almond extract", 
        "oil", 
        "peaches"
    ], 
    "smallImageUrls": [
        "http://i.yummly.com/Peach-Muffins-Recipezaar-158308.s.jpg"
    ], 
    "sourceDisplayName": "Food.com", 
    "recipeName": "Peach Muffins", 
    "attributes": {
        "course": [
            "Breads", 
            "Breakfast and Brunch"
        ]
    }, 
    "id": "Peach-Muffins-Recipezaar"
}{
    "flavors": {
        "sweet": 0.0, 
        "sour": 0.16666666666666666, 
        "salty": 0.6666666666666666, 
        "piquant": 0.0, 
        "bitter": 0.5, 
        "meaty": 0.6666666666666666
    }, 
    "rating": 5.0, 
    "totalTimeInSeconds": 2400.0, 
    "ingredients": [
        "wheat flour", 
        "baking soda", 
        "sugar", 
        "softened butter", 
        "buttermilk", 
        "grapefruit", 
        "baking powder", 
        "orange zest", 
        "salt"
    ], 
    "smallImageUrls": [
        "http://i.yummly.com/Citrus-Muffins-Recipezaar-219541.s.jpg"
    ], 
    "sourceDisplayName": "Food.com", 
    "recipeName": "Citrus Muffins", 
    "attributes": {
        "course": [
            "Breads"
        ]
    }, 
    "id": "Citrus-Muffins-Recipezaar"
}{
    "flavors": {
        "sweet": 0.8333333333333334, 
        "sour": 0.5, 
        "salty": 0.8333333333333334, 
        "piquant": 0.0, 
        "bitter": 0.5, 
        "meaty": 0.6666666666666666
    }, 
    "rating": 5.0, 
    "totalTimeInSeconds": 2100.0, 
    "ingredients": [
        "vegetable oil cooking spray", 
        "sugar", 
        "cream cheese", 
        "biscuit mix", 
        "egg substitute", 
        "nonfat milk", 
        "vegetable oil", 
        "green onions"
    ], 
    "smallImageUrls": [
        "http://i.yummly.com/Green-Onion_and_cream-Cheese-Muffins-Recipezaar-260315.s.jpg"
    ], 
    "sourceDisplayName": "Food.com", 
    "recipeName": "Green Onion-And-Cream Cheese Muffins", 
    "attributes": {
        "course": [
            "Breads"
        ]
    }, 
    "id": "Green-Onion_and_cream-Cheese-Muffins-Recipezaar"
}{
    "flavors": {
        "sweet": 1.0, 
        "sour": 0.3333333333333333, 
        "salty": 0.3333333333333333, 
        "piquant": 0.0, 
        "bitter": 0.8333333333333334, 
        "meaty": 0.6666666666666666
    }, 
    "rating": 0.0, 
    "totalTimeInSeconds": 1620.0, 
    "ingredients": [
        "salt", 
        "light brown sugar", 
        "cooking spray", 
        "eggs", 
        "chopped pecans", 
        "melted butter", 
        "chopped pecans", 
        "baking powder", 
        "all-purpose flour", 
        "vanilla extract"
    ], 
    "smallImageUrls": [
        "http://i.yummly.com/Pecan-Pie-Muffins-MyRecipes-240063-128495.s.png"
    ], 
    "sourceDisplayName": "MyRecipes", 
    "recipeName": "Pecan Pie Muffins", 
    "attributes": {
        "course": [
            "Breads", 
            "Desserts", 
            "Breakfast and Brunch"
        ], 
        "holiday": [
            "Thanksgiving", 
            "Game Day", 
            "Christmas"
        ], 
        "cuisine": [
            "American"
        ]
    }, 
    "id": "Pecan-Pie-Muffins-MyRecipes-240063"
}{
    "flavors": {
        "sweet": 0.16666666666666666, 
        "sour": 0.16666666666666666, 
        "salty": 0.16666666666666666, 
        "piquant": 0.0, 
        "bitter": 0.16666666666666666, 
        "meaty": 0.16666666666666666
    }, 
    "rating": 4.18, 
    "totalTimeInSeconds": 3600.0, 
    "ingredients": [
        "ground cinnamon", 
        "orange zest", 
        "vanilla", 
        "large eggs", 
        "olive oil", 
        "unsalted butter", 
        "sugar", 
        "cream cheese", 
        "muffin", 
        "crystallized ginger", 
        "honey", 
        "ground ginger", 
        "all-purpose flour", 
        "baking soda", 
        "ground cinnamon", 
        "ground ginger", 
        "salt", 
        "zucchini", 
        "orange zest", 
        "baking powder"
    ], 
    "smallImageUrls": [
        "http://i.yummly.com/Zucchini-Ginger-Cupcakes-Epicurious-54828-1.s.jpg", 
        "http://i.yummly.com/Zucchini-Ginger-Cupcakes-Epicurious-54828-46797.s.png"
    ], 
    "sourceDisplayName": "Epicurious", 
    "recipeName": "Zucchini Ginger Cupcakes", 
    "attributes": {
        "course": [
            "Desserts"
        ], 
        "cuisine": [
            "American"
        ]
    }, 
    "id": "Zucchini-Ginger-Cupcakes-Epicurious-54828"
}{
    "flavors": {
        "sweet": 1.0, 
        "sour": 0.16666666666666666, 
        "salty": 0.16666666666666666, 
        "piquant": 0.0, 
        "bitter": 0.8333333333333334, 
        "meaty": 0.5
    }, 
    "rating": 4.0, 
    "totalTimeInSeconds": 1500.0, 
    "ingredients": [
        "flour", 
        "butter", 
        "milk", 
        "chocolate chip", 
        "caster sugar", 
        "bananas", 
        "eggs"
    ], 
    "smallImageUrls": [
        "http://i.yummly.com/Banana-Choc-Chip-Muffins-Recipezaar-166128.s.jpg"
    ], 
    "sourceDisplayName": "Food.com", 
    "recipeName": "Banana Choc Chip Muffins", 
    "attributes": {
        "course": [
            "Desserts"
        ]
    }, 
    "id": "Banana-Choc-Chip-Muffins-Recipezaar"
}{
    "flavors": {
        "sweet": 0.8333333333333334, 
        "sour": 0.3333333333333333, 
        "salty": 0.3333333333333333, 
        "piquant": 0.0, 
        "bitter": 0.16666666666666666, 
        "meaty": 0.5
    }, 
    "rating": 4.58, 
    "totalTimeInSeconds": 0, 
    "ingredients": [
        "egg", 
        "pumpkin", 
        "cinnamon", 
        "sugar", 
        "salt", 
        "unbleached flour", 
        "milk", 
        "baking powder", 
        "vegetable shortening"
    ], 
    "smallImageUrls": [
        "http://i.yummly.com/Pumpkin-Muffins-Recipezaar_12-177816.s.jpg"
    ], 
    "sourceDisplayName": "Food.com", 
    "recipeName": "Pumpkin Muffins", 
    "attributes": {
        "course": [
            "Breads", 
            "Breakfast and Brunch"
        ], 
        "holiday": [
            "Thanksgiving", 
            "Halloween"
        ]
    }, 
    "id": "Pumpkin-Muffins-Recipezaar_12"
}{
    "flavors": {
        "sweet": 0.8333333333333334, 
        "sour": 0.6666666666666666, 
        "salty": 0.6666666666666666, 
        "piquant": 0.0, 
        "bitter": 0.6666666666666666, 
        "meaty": 0.5
    }, 
    "rating": 4.5, 
    "totalTimeInSeconds": 1800.0, 
    "ingredients": [
        "bananas", 
        "all-purpose flour", 
        "vanilla essence", 
        "brown sugar", 
        "muffins", 
        "eggs", 
        "baking powder", 
        "ground cinnamon", 
        "salt", 
        "melted butter"
    ], 
    "smallImageUrls": [
        "http://i.yummly.com/Banana-Berry-Muffins-Recipezaar-159210.s.jpg"
    ], 
    "sourceDisplayName": "Food.com", 
    "recipeName": "Banana Berry Muffins", 
    "attributes": {
        "course": [
            "Breads", 
            "Lunch and Snacks"
        ]
    }, 
    "id": "Banana-Berry-Muffins-Recipezaar"
}{
    "flavors": {
        "sweet": 0.8333333333333334, 
        "sour": 0.6666666666666666, 
        "salty": 0.5, 
        "piquant": 0.0, 
        "bitter": 0.3333333333333333, 
        "meaty": 0.6666666666666666
    }, 
    "rating": 4.92, 
    "totalTimeInSeconds": 1920.0, 
    "ingredients": [
        "melted butter", 
        "vanilla", 
        "eggs", 
        "whole wheat flour", 
        "baking powder", 
        "salt", 
        "cranberries", 
        "brown sugar", 
        "orange zest", 
        "cinnamon", 
        "whole milk", 
        "orange juice", 
        "flour"
    ], 
    "smallImageUrls": [
        "http://i.yummly.com/Cranberry_orange-Muffins-Recipezaar_3-187456.s.jpg"
    ], 
    "sourceDisplayName": "Food.com", 
    "recipeName": "Cranberry-Orange Muffins", 
    "attributes": {
        "course": [
            "Breads", 
            "Breakfast and Brunch"
        ]
    }, 
    "id": "Cranberry_orange-Muffins-Recipezaar_3"
}{
    "flavors": {
        "sweet": 0.16666666666666666, 
        "sour": 0.5, 
        "salty": 0.16666666666666666, 
        "piquant": 0.0, 
        "bitter": 0.16666666666666666, 
        "meaty": 0.3333333333333333
    }, 
    "rating": 0.0, 
    "totalTimeInSeconds": 1500.0, 
    "ingredients": [
        "salt", 
        "cooking spray", 
        "preserves", 
        "canola oil", 
        "almond extract", 
        "egg", 
        "all purpose flour", 
        "baking powder", 
        "no calorie sweetener", 
        "skim milk"
    ], 
    "smallImageUrls": [
        "http://i.yummly.com/Apricot-Breakfast-Muffins-AllRecipes-39048-73847.s.png"
    ], 
    "sourceDisplayName": "AllRecipes", 
    "recipeName": "Apricot Breakfast Muffins", 
    "attributes": {
        "course": [
            "Breads", 
            "Breakfast and Brunch"
        ]
    }, 
    "id": "Apricot-Breakfast-Muffins-AllRecipes-39048"
}{
    "flavors": {
        "sweet": 0.8333333333333334, 
        "sour": 0.5, 
        "salty": 0.6666666666666666, 
        "piquant": 0.0, 
        "bitter": 0.5, 
        "meaty": 0.5
    }, 
    "rating": 4.64, 
    "totalTimeInSeconds": 2100.0, 
    "ingredients": [
        "almond extract", 
        "blueberries", 
        "baking powder", 
        "eggs", 
        "sugar", 
        "melted butter", 
        "vanilla extract", 
        "ricotta cheese", 
        "all-purpose flour", 
        "sugar", 
        "salt", 
        "plain yogurt"
    ], 
    "smallImageUrls": [
        "http://i.yummly.com/Blueberry-Cheesecake-Muffins-Recipezaar-204579.s.jpg"
    ], 
    "sourceDisplayName": "Food.com", 
    "recipeName": "Blueberry Cheesecake Muffins", 
    "attributes": {
        "course": [
            "Breads"
        ]
    }, 
    "id": "Blueberry-Cheesecake-Muffins-Recipezaar"
}{
    "flavors": {
        "sweet": 1.0, 
        "sour": 0.5, 
        "salty": 0.8333333333333334, 
        "piquant": 0.0, 
        "bitter": 0.6666666666666666, 
        "meaty": 0.5
    }, 
    "rating": 0.0, 
    "totalTimeInSeconds": 0, 
    "ingredients": [
        "all-purpose flour", 
        "quick-cooking oats", 
        "cooking spray", 
        "lemon rind", 
        "ground cinnamon", 
        "salt", 
        "granulated sugar", 
        "whole wheat flour", 
        "canola oil", 
        "all-purpose flour", 
        "blueberries", 
        "large eggs", 
        "light brown sugar", 
        "fat-free buttermilk", 
        "baking powder", 
        "baking soda"
    ], 
    "smallImageUrls": [
        "http://i.yummly.com/Blueberry-Oatmeal-Muffins-My-Recipes-115007.s.png"
    ], 
    "sourceDisplayName": "MyRecipes", 
    "recipeName": "Blueberry Oatmeal Muffins", 
    "attributes": {
        "course": [
            "Breads", 
            "Breakfast and Brunch"
        ], 
        "cuisine": [
            "American"
        ]
    }, 
    "id": "Blueberry-Oatmeal-Muffins-My-Recipes"
}{
    "flavors": {
        "sweet": 1.0, 
        "sour": 0.5, 
        "salty": 0.6666666666666666, 
        "piquant": 0.0, 
        "bitter": 1.0, 
        "meaty": 0.5
    }, 
    "rating": 4.89, 
    "totalTimeInSeconds": 1800.0, 
    "ingredients": [
        "egg", 
        "chocolate chips", 
        "baking powder", 
        "sugar", 
        "espresso powder", 
        "flour", 
        "milk", 
        "cinnamon", 
        "melted butter", 
        "salt", 
        "vanilla"
    ], 
    "smallImageUrls": [
        "http://i.yummly.com/William-Shatner_s-Cappuccino-Muffins-Recipezaar-156812.s.jpg"
    ], 
    "sourceDisplayName": "Food.com", 
    "recipeName": "William Shatner's Cappuccino Muffins", 
    "attributes": {
        "course": [
            "Breads"
        ]
    }, 
    "id": "William-Shatner_s-Cappuccino-Muffins-Recipezaar"
}{
    "flavors": {
        "sweet": 0.8333333333333334, 
        "sour": 0.3333333333333333, 
        "salty": 0.5, 
        "piquant": 0.0, 
        "bitter": 0.3333333333333333, 
        "meaty": 0.5
    }, 
    "rating": 4.4, 
    "totalTimeInSeconds": 2100.0, 
    "ingredients": [
        "milk", 
        "maple syrup", 
        "flour", 
        "baking powder", 
        "butter", 
        "salt", 
        "egg", 
        "sugar"
    ], 
    "smallImageUrls": [
        "http://i.yummly.com/Maple-Muffins-Recipezaar_2-168419.s.jpg"
    ], 
    "sourceDisplayName": "Food.com", 
    "recipeName": "Maple Muffins", 
    "attributes": {
        "course": [
            "Breads"
        ]
    }, 
    "id": "Maple-Muffins-Recipezaar_2"
}{
    "flavors": {
        "sweet": 1.0, 
        "sour": 0.5, 
        "salty": 0.3333333333333333, 
        "piquant": 0.0, 
        "bitter": 0.16666666666666666, 
        "meaty": 0.6666666666666666
    }, 
    "rating": 4.85, 
    "totalTimeInSeconds": 2100.0, 
    "ingredients": [
        "all-purpose flour", 
        "blueberries", 
        "large eggs", 
        "sugar", 
        "pure vanilla extract", 
        "unsalted butter", 
        "baking powder", 
        "sour cream", 
        "baking soda", 
        "milk", 
        "kosher salt"
    ], 
    "smallImageUrls": [
        "http://i.yummly.com/Blueberry-Coffee-Cake-Muffins-Recipezaar_1-187884.s.jpg"
    ], 
    "sourceDisplayName": "Food.com", 
    "recipeName": "Blueberry Coffee Cake Muffins", 
    "attributes": {
        "course": [
            "Breads", 
            "Breakfast and Brunch"
        ], 
        "cuisine": [
            "American"
        ]
    }, 
    "id": "Blueberry-Coffee-Cake-Muffins-Recipezaar_1"
}{
    "flavors": {
        "sweet": 1.0, 
        "sour": 0.16666666666666666, 
        "salty": 0.8333333333333334, 
        "piquant": 0.0, 
        "bitter": 1.0, 
        "meaty": 0.8333333333333334
    }, 
    "rating": 5.0, 
    "totalTimeInSeconds": 2100.0, 
    "ingredients": [
        "whole wheat flour", 
        "chocolate chip", 
        "canola oil", 
        "salt", 
        "applesauce", 
        "sugar", 
        "baking soda", 
        "baking powder", 
        "mashed bananas", 
        "walnut oil", 
        "eggs", 
        "cocoa"
    ], 
    "smallImageUrls": [
        "http://i.yummly.com/Chocolaty-Decadence-Banana-Muffins-Recipezaar-173841.s.jpg"
    ], 
    "sourceDisplayName": "Food.com", 
    "recipeName": "Chocolaty Decadence Banana Muffins", 
    "attributes": {
        "course": [
            "Breads", 
            "Lunch and Snacks"
        ]
    }, 
    "id": "Chocolaty-Decadence-Banana-Muffins-Recipezaar"
}{
    "flavors": {
        "sweet": 0.8333333333333334, 
        "sour": 0.5, 
        "salty": 0.8333333333333334, 
        "piquant": 0.0, 
        "bitter": 1.0, 
        "meaty": 0.6666666666666666
    }, 
    "rating": 5.0, 
    "totalTimeInSeconds": 2100.0, 
    "ingredients": [
        "baking soda", 
        "flour", 
        "margarine", 
        "egg", 
        "cranberries", 
        "salt", 
        "oats", 
        "baking powder", 
        "sugar", 
        "mashed bananas"
    ], 
    "smallImageUrls": [
        "http://i.yummly.com/Cranberry-Banana-Oat-Muffins-Recipezaar-261757.s.jpg"
    ], 
    "sourceDisplayName": "Food.com", 
    "recipeName": "Cranberry Banana Oat Muffins", 
    "attributes": {
        "course": [
            "Breads", 
            "Breakfast and Brunch"
        ]
    }, 
    "id": "Cranberry-Banana-Oat-Muffins-Recipezaar"
}{
    "flavors": {
        "sweet": 0.5, 
        "sour": 0.16666666666666666, 
        "salty": 0.8333333333333334, 
        "piquant": 0.0, 
        "bitter": 0.5, 
        "meaty": 0.6666666666666666
    }, 
    "rating": 4.44, 
    "totalTimeInSeconds": 11280.0, 
    "ingredients": [
        "sugar", 
        "dry yeast", 
        "milk", 
        "melted butter", 
        "bread flour", 
        "salt"
    ], 
    "smallImageUrls": [], 
    "sourceDisplayName": "Food.com", 
    "recipeName": "English Muffins", 
    "attributes": {
        "course": [
            "Breads", 
            "Breakfast and Brunch", 
            "Lunch and Snacks"
        ], 
        "cuisine": [
            "American"
        ]
    }, 
    "id": "English-Muffins-Recipezaar_4"
}{
    "flavors": {
        "sweet": 0.8333333333333334, 
        "sour": 0.3333333333333333, 
        "salty": 0.6666666666666666, 
        "piquant": 0.0, 
        "bitter": 0.3333333333333333, 
        "meaty": 0.8333333333333334
    }, 
    "rating": 4.33, 
    "totalTimeInSeconds": 2100.0, 
    "ingredients": [
        "jelly", 
        "milk", 
        "flour", 
        "sugar", 
        "peanut butter", 
        "baking powder", 
        "egg", 
        "salt"
    ], 
    "smallImageUrls": [
        "http://i.yummly.com/Peanut-Butter-And-Jelly-Muffins-Recipezaar_6-183580.s.jpg"
    ], 
    "sourceDisplayName": "Food.com", 
    "recipeName": "Peanut Butter and Jelly Muffins", 
    "attributes": {
        "course": [
            "Breads", 
            "Breakfast and Brunch", 
            "Lunch and Snacks"
        ], 
        "cuisine": [
            "American"
        ]
    }, 
    "id": "Peanut-Butter-And-Jelly-Muffins-Recipezaar_6"
}{
    "flavors": {
        "sweet": 0.8333333333333334, 
        "sour": 0.5, 
        "salty": 0.16666666666666666, 
        "piquant": 0.0, 
        "bitter": 0.8333333333333334, 
        "meaty": 0.6666666666666666
    }, 
    "rating": 3.78, 
    "totalTimeInSeconds": 2400.0, 
    "ingredients": [
        "butter", 
        "all-purpose flour", 
        "ground allspice", 
        "raisins", 
        "rolled oats", 
        "wheat germ", 
        "water", 
        "brown sugar", 
        "all-purpose flour", 
        "egg", 
        "rolled oats", 
        "baking powder", 
        "ground cinnamon", 
        "evaporated milk"
    ], 
    "smallImageUrls": [], 
    "sourceDisplayName": "AllRecipes", 
    "recipeName": "Caramelized Oatmeal Raisin Muffins", 
    "attributes": {
        "course": [
            "Breads", 
            "Breakfast and Brunch"
        ]
    }, 
    "id": "Caramelized-Oatmeal-Raisin-Muffins-Allrecipes"
}{
    "flavors": {
        "sweet": 1.0, 
        "sour": 0.5, 
        "salty": 0.8333333333333334, 
        "piquant": 0.0, 
        "bitter": 0.8333333333333334, 
        "meaty": 0.8333333333333334
    }, 
    "rating": 5.0, 
    "totalTimeInSeconds": 1920.0, 
    "ingredients": [
        "sugar", 
        "lemon zest", 
        "cake mix", 
        "vanilla instant pudding mix", 
        "vegetable oil", 
        "eggs", 
        "poppy seed", 
        "ricotta cheese"
    ], 
    "smallImageUrls": [
        "http://i.yummly.com/Easy-Lemon-Poppy-Seed-Muffins-Recipezaar-234412.s.jpg"
    ], 
    "sourceDisplayName": "Food.com", 
    "recipeName": "Easy Lemon Poppy Seed Muffins", 
    "attributes": {
        "course": [
            "Breads"
        ]
    }, 
    "id": "Easy-Lemon-Poppy-Seed-Muffins-Recipezaar"
}{
    "flavors": {
        "sweet": 0.8333333333333334, 
        "sour": 0.5, 
        "salty": 0.3333333333333333, 
        "piquant": 0.0, 
        "bitter": 0.5, 
        "meaty": 0.6666666666666666
    }, 
    "rating": 5.0, 
    "totalTimeInSeconds": 2100.0, 
    "ingredients": [
        "eggs", 
        "mashed banana", 
        "vegetable oil", 
        "baking powder", 
        "salt", 
        "maraschino cherry", 
        "semi-sweet chocolate", 
        "sugar", 
        "baking soda", 
        "slivered almond", 
        "almond extract", 
        "all-purpose flour", 
        "shredded coconut"
    ], 
    "smallImageUrls": [
        "http://i.yummly.com/Banana-Coconut-Muffins-Recipezaar-220362.s.jpg"
    ], 
    "sourceDisplayName": "Food.com", 
    "recipeName": "Banana Coconut Muffins", 
    "attributes": {
        "course": [
            "Breads", 
            "Breakfast and Brunch", 
            "Lunch and Snacks"
        ], 
        "cuisine": [
            "American"
        ]
    }, 
    "id": "Banana-Coconut-Muffins-Recipezaar"
}{
    "flavors": {
        "sweet": 0.8333333333333334, 
        "sour": 0.6666666666666666, 
        "salty": 0.3333333333333333, 
        "piquant": 0.0, 
        "bitter": 1.0, 
        "meaty": 0.5
    }, 
    "rating": 0.0, 
    "totalTimeInSeconds": 2100.0, 
    "ingredients": [
        "sugar", 
        "cooking spray", 
        "coffee granules", 
        "melted butter", 
        "vanilla extract", 
        "milk", 
        "semisweet chocolate chips", 
        "egg", 
        "baking powder", 
        "all-purpose flour", 
        "salt"
    ], 
    "smallImageUrls": [
        "http://i.yummly.com/Chocolate-Chip-Coffee-Muffins-MyRecipes-237552-127839.s.png"
    ], 
    "sourceDisplayName": "MyRecipes", 
    "recipeName": "Chocolate Chip-Coffee Muffins", 
    "attributes": {
        "course": [
            "Breads", 
            "Breakfast and Brunch"
        ], 
        "cuisine": [
            "American"
        ]
    }, 
    "id": "Chocolate-Chip-Coffee-Muffins-MyRecipes-237552"
}{
    "flavors": {
        "sweet": 0.8333333333333334, 
        "sour": 0.5, 
        "salty": 0.6666666666666666, 
        "piquant": 0.0, 
        "bitter": 0.3333333333333333, 
        "meaty": 0.5
    }, 
    "rating": 4.56, 
    "totalTimeInSeconds": 2400.0, 
    "ingredients": [
        "eggs", 
        "flour", 
        "vanilla extract", 
        "melted butter", 
        "berries", 
        "oil", 
        "sugar", 
        "salt", 
        "baking powder", 
        "milk"
    ], 
    "smallImageUrls": [
        "http://i.yummly.com/Berry-Muffins-Recipezaar_1-184197.s.jpg"
    ], 
    "sourceDisplayName": "Food.com", 
    "recipeName": "Berry Muffins", 
    "attributes": {
        "course": [
            "Breads", 
            "Breakfast and Brunch", 
            "Lunch and Snacks"
        ]
    }, 
    "id": "Berry-Muffins-Recipezaar_1"
}{
    "flavors": null, 
    "rating": 4.2, 
    "totalTimeInSeconds": 2400.0, 
    "ingredients": [
        "cinnamon", 
        "cinnamon sugar", 
        "sugar", 
        "baking powder", 
        "eggs", 
        "flour", 
        "nutmeg", 
        "oiled", 
        "jam", 
        "milk", 
        "jam"
    ], 
    "smallImageUrls": [
        "http://i.yummly.com/Doughnut-Muffins-Food_com-180833-214483.s.jpg"
    ], 
    "sourceDisplayName": "Food.com", 
    "recipeName": "Doughnut-Muffins", 
    "attributes": {
        "course": [
            "Breads"
        ]
    }, 
    "id": "Doughnut-Muffins-Food_com-180833"
}{
    "flavors": {
        "sweet": 1.0, 
        "sour": 0.3333333333333333, 
        "salty": 0.5, 
        "piquant": 0.0, 
        "bitter": 0.16666666666666666, 
        "meaty": 0.5
    }, 
    "rating": 5.0, 
    "totalTimeInSeconds": 2400.0, 
    "ingredients": [
        "sugar", 
        "sugar", 
        "salt", 
        "evaporated milk", 
        "baking powder", 
        "egg", 
        "vanilla", 
        "lemon juice", 
        "unbleached flour", 
        "baking soda", 
        "butter", 
        "apple butter"
    ], 
    "smallImageUrls": [
        "http://i.yummly.com/Apple-Butter-Muffins-Recipezaar_1-153950.s.jpg"
    ], 
    "sourceDisplayName": "Food.com", 
    "recipeName": "Apple Butter Muffins", 
    "attributes": {
        "course": [
            "Breads", 
            "Breakfast and Brunch"
        ]
    }, 
    "id": "Apple-Butter-Muffins-Recipezaar_1"
}{
    "flavors": {
        "sweet": 0.8333333333333334, 
        "sour": 0.6666666666666666, 
        "salty": 0.6666666666666666, 
        "piquant": 0.0, 
        "bitter": 0.16666666666666666, 
        "meaty": 0.6666666666666666
    }, 
    "rating": 4.4, 
    "totalTimeInSeconds": 2700.0, 
    "ingredients": [
        "baking soda", 
        "crisco", 
        "orange juice", 
        "flour", 
        "bananas", 
        "sugar", 
        "salt", 
        "eggs", 
        "carrots"
    ], 
    "smallImageUrls": [
        "http://i.yummly.com/Banana-Carrot-Muffins-Recipezaar_1-183662.s.jpg"
    ], 
    "sourceDisplayName": "Food.com", 
    "recipeName": "Banana Carrot Muffins", 
    "attributes": {
        "course": [
            "Breads", 
            "Desserts", 
            "Breakfast and Brunch", 
            "Lunch and Snacks"
        ]
    }, 
    "id": "Banana-Carrot-Muffins-Recipezaar_1"
}{
    "flavors": {
        "sweet": 0.8333333333333334, 
        "sour": 0.3333333333333333, 
        "salty": 0.3333333333333333, 
        "piquant": 0.0, 
        "bitter": 0.5, 
        "meaty": 0.6666666666666666
    }, 
    "rating": 4.82, 
    "totalTimeInSeconds": 1920.0, 
    "ingredients": [
        "brown sugar", 
        "flour", 
        "sour milk", 
        "butter", 
        "blueberries", 
        "egg", 
        "baking powder", 
        "salt", 
        "baking soda", 
        "rolled oat"
    ], 
    "smallImageUrls": [
        "http://i.yummly.com/Blueberry-Oat-Muffins-Recipezaar_1-193035.s.jpg"
    ], 
    "sourceDisplayName": "Food.com", 
    "recipeName": "Blueberry Oat Muffins", 
    "attributes": {
        "course": [
            "Breads", 
            "Breakfast and Brunch"
        ]
    }, 
    "id": "Blueberry-Oat-Muffins-Recipezaar_1"
}{
    "flavors": {
        "sweet": 0.16666666666666666, 
        "sour": 0.16666666666666666, 
        "salty": 0.16666666666666666, 
        "piquant": 0.0, 
        "bitter": 0.16666666666666666, 
        "meaty": 0.16666666666666666
    }, 
    "rating": 4.86, 
    "totalTimeInSeconds": 2400.0, 
    "ingredients": [
        "all-purpose flour", 
        "crushed pineapple", 
        "banana", 
        "ground cinnamon", 
        "vegetable oil", 
        "all-purpose flour", 
        "baking soda", 
        "chopped pecans", 
        "softened butter", 
        "ground cinnamon", 
        "vanilla extract", 
        "sugar", 
        "beaten eggs", 
        "salt", 
        "sugar"
    ], 
    "smallImageUrls": [
        "http://i.yummly.com/Banana-Pineapple-Streusel-Muffins-Food_com-190022-215903.s.jpg"
    ], 
    "sourceDisplayName": "Food.com", 
    "recipeName": "Banana Pineapple Streusel Muffins", 
    "attributes": {
        "course": [
            "Breads"
        ], 
        "cuisine": [
            "American"
        ]
    }, 
    "id": "Banana-Pineapple-Streusel-Muffins-Food_com-190022"
}{
    "flavors": {
        "sweet": 0.8333333333333334, 
        "sour": 0.5, 
        "salty": 0.3333333333333333, 
        "piquant": 0.0, 
        "bitter": 0.3333333333333333, 
        "meaty": 0.8333333333333334
    }, 
    "rating": 4.71, 
    "totalTimeInSeconds": 1920.0, 
    "ingredients": [
        "flour", 
        "salt", 
        "nuts", 
        "cranberries", 
        "sugar", 
        "large eggs", 
        "baking powder", 
        "orange zest", 
        "orange juice", 
        "vegetable oil"
    ], 
    "smallImageUrls": [
        "http://i.yummly.com/Cranberry-Orange-Muffins-Recipezaar_7-186924.s.jpg"
    ], 
    "sourceDisplayName": "Food.com", 
    "recipeName": "Cranberry Orange Muffins", 
    "attributes": {
        "course": [
            "Breads", 
            "Breakfast and Brunch", 
            "Lunch and Snacks"
        ]
    }, 
    "id": "Cranberry-Orange-Muffins-Recipezaar_7"
}{
    "flavors": {
        "sweet": 1.0, 
        "sour": 0.5, 
        "salty": 0.3333333333333333, 
        "piquant": 0.0, 
        "bitter": 0.16666666666666666, 
        "meaty": 0.5
    }, 
    "rating": 4.71, 
    "totalTimeInSeconds": 2100.0, 
    "ingredients": [
        "vegetable oil", 
        "all-purpose flour", 
        "large eggs", 
        "key lime juice", 
        "flaked coconut", 
        "salt", 
        "milk", 
        "sugar", 
        "baking powder"
    ], 
    "smallImageUrls": [
        "http://i.yummly.com/Put-The-Lime-In-The-Coconut-Muffins-Recipezaar-195621.s.jpg"
    ], 
    "sourceDisplayName": "Food.com", 
    "recipeName": "Put the Lime in the Coconut Muffins", 
    "attributes": {
        "course": [
            "Breads"
        ]
    }, 
    "id": "Put-The-Lime-In-The-Coconut-Muffins-Recipezaar"
}{
    "flavors": {
        "sweet": 0.16666666666666666, 
        "sour": 0.3333333333333333, 
        "salty": 0.5, 
        "piquant": 0.0, 
        "bitter": 0.16666666666666666, 
        "meaty": 0.6666666666666666
    }, 
    "rating": 5.0, 
    "totalTimeInSeconds": 1980.0, 
    "ingredients": [
        "finely chopped onion", 
        "eggs", 
        "flour", 
        "baking powder", 
        "butter", 
        "salt"
    ], 
    "smallImageUrls": [], 
    "sourceDisplayName": "Food.com", 
    "recipeName": "Onion Muffins", 
    "attributes": {
        "course": [
            "Breads"
        ]
    }, 
    "id": "Onion-Muffins-Recipezaar"
}{
    "flavors": {
        "sweet": 1.0, 
        "sour": 0.5, 
        "salty": 0.6666666666666666, 
        "piquant": 0.0, 
        "bitter": 0.5, 
        "meaty": 0.5
    }, 
    "rating": 0.0, 
    "totalTimeInSeconds": 1800.0, 
    "ingredients": [
        "powdered sugar", 
        "roasted pistachios", 
        "tea bags", 
        "low-fat buttermilk", 
        "baking soda", 
        "all-purpose flour", 
        "water", 
        "brown sugar", 
        "vanilla extract", 
        "baking powder", 
        "egg", 
        "melted butter", 
        "salt", 
        "cooking spray"
    ], 
    "smallImageUrls": [
        "http://i.yummly.com/Pistachio-Chai-Muffins-MyRecipes-264378-132443.s.png"
    ], 
    "sourceDisplayName": "MyRecipes", 
    "recipeName": "Pistachio-Chai Muffins", 
    "attributes": {
        "course": [
            "Breads", 
            "Breakfast and Brunch"
        ], 
        "cuisine": [
            "American"
        ]
    }, 
    "id": "Pistachio-Chai-Muffins-MyRecipes-264378"
}{
    "flavors": {
        "sweet": 0.6666666666666666, 
        "sour": 0.16666666666666666, 
        "salty": 0.16666666666666666, 
        "piquant": 0.0, 
        "bitter": 0.16666666666666666, 
        "meaty": 0.16666666666666666
    }, 
    "rating": 0.0, 
    "totalTimeInSeconds": 0, 
    "ingredients": [
        "unsalted butter", 
        "greek yogurt", 
        "eggs", 
        "salt", 
        "baking powder", 
        "baking soda", 
        "fresh lemon juice", 
        "grated lemon zest", 
        "poppy seeds", 
        "sugar", 
        "pure vanilla extract", 
        "lemon extract", 
        "all purpose flour"
    ], 
    "smallImageUrls": [
        "http://i.yummly.com/Lemon-poppy-seed-yogurt-muffins-306764-270317.s.jpg"
    ], 
    "sourceDisplayName": "Serious Eats", 
    "recipeName": "Lemon Poppy Seed Yogurt Muffins", 
    "attributes": {}, 
    "id": "Lemon-poppy-seed-yogurt-muffins-306764"
}{
    "flavors": {
        "sweet": 0.3333333333333333, 
        "sour": 0.3333333333333333, 
        "salty": 0.5, 
        "piquant": 0.0, 
        "bitter": 0.3333333333333333, 
        "meaty": 0.8333333333333334
    }, 
    "rating": 4.16, 
    "totalTimeInSeconds": 0, 
    "ingredients": [
        "sharp cheddar cheese", 
        "ground sirloin", 
        "fresh parsley", 
        "worcestershire sauce", 
        "english muffins", 
        "red onion", 
        "salt", 
        "pepper"
    ], 
    "smallImageUrls": [], 
    "sourceDisplayName": "Epicurious", 
    "recipeName": "Cheddar Cheese-Stuffed Burgers", 
    "attributes": {
        "course": [
            "Main Dishes", 
            "Lunch and Snacks"
        ], 
        "cuisine": [
            "Barbecue"
        ]
    }, 
    "id": "Cheddar-Cheese_stuffed-Burgers-Epicurious"
}{
    "flavors": {
        "sweet": 1.0, 
        "sour": 0.6666666666666666, 
        "salty": 1.0, 
        "piquant": 0.0, 
        "bitter": 0.3333333333333333, 
        "meaty": 0.6666666666666666
    }, 
    "rating": 5.0, 
    "totalTimeInSeconds": 1800.0, 
    "ingredients": [
        "applesauce", 
        "bran cereal", 
        "flour", 
        "baking soda", 
        "eggs", 
        "sugar", 
        "salt", 
        "buttermilk"
    ], 
    "smallImageUrls": [
        "http://i.yummly.com/Six-Week-Apple-Bran-Muffins-Recipezaar-183874.s.jpg"
    ], 
    "sourceDisplayName": "Food.com", 
    "recipeName": "Six week Apple Bran Muffins", 
    "attributes": {
        "course": [
            "Breads", 
            "Breakfast and Brunch"
        ]
    }, 
    "id": "Six-Week-Apple-Bran-Muffins-Recipezaar"
}{
    "flavors": {
        "sweet": 0.8333333333333334, 
        "sour": 0.16666666666666666, 
        "salty": 0.8333333333333334, 
        "piquant": 0.0, 
        "bitter": 0.5, 
        "meaty": 0.16666666666666666
    }, 
    "rating": 5.0, 
    "totalTimeInSeconds": 2820.0, 
    "ingredients": [
        "canola oil", 
        "sea salt", 
        "fruit", 
        "maple syrup", 
        "baking soda", 
        "cinnamon", 
        "spelt flour", 
        "unsweetened applesauce", 
        "fructose", 
        "baking powder", 
        "water"
    ], 
    "smallImageUrls": [], 
    "sourceDisplayName": "Food.com", 
    "recipeName": "muffins", 
    "attributes": {
        "course": [
            "Breads"
        ]
    }, 
    "id": "Muffins-Recipezaar_4"
}{
    "flavors": {
        "sweet": 0.16666666666666666, 
        "sour": 0.3333333333333333, 
        "salty": 0.5, 
        "piquant": 0.0, 
        "bitter": 0.16666666666666666, 
        "meaty": 0.16666666666666666
    }, 
    "rating": 5.0, 
    "totalTimeInSeconds": 900.0, 
    "ingredients": [
        "olives", 
        "whole wheat english muffins", 
        "pizza sauce", 
        "shredded mozzarella cheese"
    ], 
    "smallImageUrls": [], 
    "sourceDisplayName": "Food.com", 
    "recipeName": "Mini Muffin Pizzas", 
    "attributes": {
        "course": [
            "Breads", 
            "Lunch and Snacks"
        ]
    }, 
    "id": "Mini-Muffin-Pizzas-Recipezaar"
}{
    "flavors": {
        "sweet": 1.0, 
        "sour": 0.6666666666666666, 
        "salty": 0.8333333333333334, 
        "piquant": 0.0, 
        "bitter": 0.6666666666666666, 
        "meaty": 0.5
    }, 
    "rating": 0.0, 
    "totalTimeInSeconds": 0, 
    "ingredients": [
        "canned pumpkin", 
        "salt", 
        "fat free milk", 
        "cooking spray", 
        "vegetable oil", 
        "large egg whites", 
        "granulated sugar", 
        "ground cinnamon", 
        "granulated sugar", 
        "baking soda", 
        "brown sugar", 
        "baking powder", 
        "all-purpose flour", 
        "large egg", 
        "fat free sour cream", 
        "vanilla extract"
    ], 
    "smallImageUrls": [
        "http://i.yummly.com/Pumpkin-Muffins-My-Recipes_3-124103.s.png"
    ], 
    "sourceDisplayName": "MyRecipes", 
    "recipeName": "Pumpkin Muffins", 
    "attributes": {
        "course": [
            "Breads", 
            "Breakfast and Brunch"
        ], 
        "holiday": [
            "Halloween", 
            "Christmas"
        ], 
        "cuisine": [
            "American"
        ]
    }, 
    "id": "Pumpkin-Muffins-My-Recipes_3"
}{
    "flavors": {
        "sweet": 1.0, 
        "sour": 0.5, 
        "salty": 0.6666666666666666, 
        "piquant": 0.0, 
        "bitter": 0.8333333333333334, 
        "meaty": 0.3333333333333333
    }, 
    "rating": 5.0, 
    "totalTimeInSeconds": 1800.0, 
    "ingredients": [
        "raisins", 
        "maple syrup", 
        "beaten eggs", 
        "flour", 
        "walnuts", 
        "fat free sour cream", 
        "baking soda", 
        "bran flakes"
    ], 
    "smallImageUrls": [
        "http://i.yummly.com/Maple-Bran-Muffins-Recipezaar-257072.s.jpg"
    ], 
    "sourceDisplayName": "Food.com", 
    "recipeName": "Maple Bran Muffins", 
    "attributes": {
        "course": [
            "Breads", 
            "Breakfast and Brunch", 
            "Lunch and Snacks"
        ]
    }, 
    "id": "Maple-Bran-Muffins-Recipezaar"
}{
    "flavors": {
        "sweet": 0.6666666666666666, 
        "sour": 0.6666666666666666, 
        "salty": 0.6666666666666666, 
        "piquant": 0.0, 
        "bitter": 0.5, 
        "meaty": 0.3333333333333333
    }, 
    "rating": 0.0, 
    "totalTimeInSeconds": 2280.0, 
    "ingredients": [
        "grated lemon peel", 
        "large eggs", 
        "sugar", 
        "fresh blueberries", 
        "grated lemon peel", 
        "vanilla extract", 
        "all-purpose flour", 
        "i can't believe it's not butter! all purpose sticks", 
        "baking powder", 
        "salt", 
        "milk"
    ], 
    "smallImageUrls": [
        "http://i.yummly.com/Blueberry-muffins-296495-265812.s.jpg"
    ], 
    "sourceDisplayName": "I Can't Believe It's Not Butter!", 
    "recipeName": "Blueberry Muffins", 
    "attributes": {
        "course": [
            "Breads", 
            "Breakfast and Brunch", 
            "Lunch and Snacks"
        ], 
        "cuisine": [
            "American"
        ]
    }, 
    "id": "Blueberry-muffins-296495"
}{
    "flavors": {
        "bitter": 0.5, 
        "sweet": 1.0, 
        "sour": 0.3333333333333333, 
        "salty": 0.3333333333333333, 
        "meaty": 0.6666666666666666
    }, 
    "rating": 4.8, 
    "totalTimeInSeconds": 1980.0, 
    "ingredients": [
        "ground cinnamon", 
        "unsalted butter", 
        "baking soda", 
        "mashed banana", 
        "chocolate chip", 
        "pure vanilla extract", 
        "all-purpose flour", 
        "granulated sugar", 
        "large eggs"
    ], 
    "smallImageUrls": [
        "http://i.yummly.com/Banana-Mini-Choco-Chip-Muffins-Recipezaar-184419.s.jpg"
    ], 
    "sourceDisplayName": "Food.com", 
    "recipeName": "Banana Mini Choco Chip Muffins", 
    "attributes": {
        "course": [
            "Breads"
        ]
    }, 
    "id": "Banana-Mini-Choco-Chip-Muffins-Recipezaar"
}{
    "flavors": {
        "sweet": 0.16666666666666666, 
        "sour": 0.6666666666666666, 
        "salty": 0.6666666666666666, 
        "piquant": 0.0, 
        "bitter": 0.6666666666666666, 
        "meaty": 0.5
    }, 
    "rating": 4.33, 
    "totalTimeInSeconds": 2400.0, 
    "ingredients": [
        "ground allspice", 
        "ground cinnamon", 
        "macadamia nuts", 
        "raisins", 
        "mashed banana", 
        "sugar", 
        "ground ginger", 
        "butter", 
        "baking powder", 
        "eggs", 
        "baking soda", 
        "all-purpose flour", 
        "papaya", 
        "salt"
    ], 
    "smallImageUrls": [], 
    "sourceDisplayName": "Food Network", 
    "recipeName": "Banana Papaya Muffins", 
    "attributes": {
        "course": [
            "Breads", 
            "Breakfast and Brunch"
        ], 
        "cuisine": [
            "American"
        ]
    }, 
    "id": "Banana-Papaya-Muffins-Food-Network"
}{
    "flavors": {
        "sweet": 0.16666666666666666, 
        "sour": 0.16666666666666666, 
        "salty": 0.3333333333333333, 
        "piquant": 0.0, 
        "bitter": 0.5, 
        "meaty": 1.0
    }, 
    "rating": 0.0, 
    "totalTimeInSeconds": 0, 
    "ingredients": [
        "vinegar", 
        "dijon mustard", 
        "english muffins", 
        "scallions", 
        "duck egg", 
        "unsalted butter", 
        "ground lamb", 
        "oil", 
        "sea salt", 
        "black pepper", 
        "lemon"
    ], 
    "smallImageUrls": [
        "http://i.yummly.com/Zakary-Pelaccio_s-Lamb-Burgers-Serious-Eats-280828-113895.s.png"
    ], 
    "sourceDisplayName": "Serious Eats", 
    "recipeName": "Zakary Pelaccio's Lamb Burgers", 
    "attributes": {
        "course": [
            "Main Dishes"
        ]
    }, 
    "id": "Zakary-Pelaccio_s-Lamb-Burgers-Serious-Eats-280828"
}{
    "flavors": {
        "sweet": 0.16666666666666666, 
        "sour": 0.16666666666666666, 
        "salty": 0.3333333333333333, 
        "piquant": 0.0, 
        "bitter": 0.16666666666666666, 
        "meaty": 0.16666666666666666
    }, 
    "rating": 0.0, 
    "totalTimeInSeconds": 0, 
    "ingredients": [
        "english muffin", 
        "cucumber", 
        "fresh lemon juice", 
        "solid white tuna", 
        "radicchio"
    ], 
    "smallImageUrls": [
        "http://i.yummly.com/Tuna-and-Pesto-Sandwich-Martha-Stewart-195293-110414.s.png"
    ], 
    "sourceDisplayName": "Martha Stewart", 
    "recipeName": "Tuna and Pesto Sandwich", 
    "attributes": {
        "course": [
            "Lunch and Snacks"
        ]
    }, 
    "id": "Tuna-and-Pesto-Sandwich-Martha-Stewart-195293"
}{
    "flavors": {
        "sweet": 0.8333333333333334, 
        "sour": 0.6666666666666666, 
        "salty": 0.3333333333333333, 
        "piquant": 0.0, 
        "bitter": 0.5, 
        "meaty": 0.5
    }, 
    "rating": 4.5, 
    "totalTimeInSeconds": 2100.0, 
    "ingredients": [
        "eggs", 
        "all-purpose flour", 
        "vegetable oil", 
        "milk", 
        "mashed bananas", 
        "salt", 
        "peanut butter cups", 
        "brown sugar", 
        "baking powder"
    ], 
    "smallImageUrls": [
        "http://i.yummly.com/Peanut-Butter-Banana-Muffins-Recipezaar_2-203818.s.jpg"
    ], 
    "sourceDisplayName": "Food.com", 
    "recipeName": "Peanut Butter Banana Muffins", 
    "attributes": {
        "course": [
            "Breads", 
            "Breakfast and Brunch"
        ]
    }, 
    "id": "Peanut-Butter-Banana-Muffins-Recipezaar_2"
}{
    "flavors": {
        "sweet": 1.0, 
        "sour": 0.5, 
        "salty": 0.6666666666666666, 
        "piquant": 0.0, 
        "bitter": 0.3333333333333333, 
        "meaty": 0.3333333333333333
    }, 
    "rating": 4.54, 
    "totalTimeInSeconds": 2400.0, 
    "ingredients": [
        "pumpkin", 
        "cake mix"
    ], 
    "smallImageUrls": [
        "http://i2.yummly.com/Pumpkin-Muffins-Recipezaar_28.s.png", 
        "http://i.yummly.com/Pumpkin-Muffins-Recipezaar_28-178504.s.jpg"
    ], 
    "sourceDisplayName": "Food.com", 
    "recipeName": "Pumpkin Muffins", 
    "attributes": {
        "course": [
            "Breads", 
            "Breakfast and Brunch", 
            "Lunch and Snacks"
        ], 
        "holiday": [
            "Thanksgiving", 
            "Halloween"
        ]
    }, 
    "id": "Pumpkin-Muffins-Recipezaar_28"
}{
    "flavors": {
        "sweet": 0.8333333333333334, 
        "sour": 0.16666666666666666, 
        "salty": 0.3333333333333333, 
        "piquant": 0.0, 
        "bitter": 0.5, 
        "meaty": 0.5
    }, 
    "rating": 4.83, 
    "totalTimeInSeconds": 1800.0, 
    "ingredients": [
        "raisins", 
        "bananas", 
        "baking powder", 
        "salt", 
        "sugar", 
        "whole wheat pastry flour", 
        "chopped pecans", 
        "whole wheat flour", 
        "unsweetened applesauce", 
        "oat bran", 
        "egg whites", 
        "nonfat yogurt", 
        "maple syrup", 
        "vanilla"
    ], 
    "smallImageUrls": [
        "http://i.yummly.com/Banana-Oat-Bran-Muffins-Recipezaar-181510.s.jpg"
    ], 
    "sourceDisplayName": "Food.com", 
    "recipeName": "Banana Oat Bran Muffins", 
    "attributes": {
        "course": [
            "Breads"
        ]
    }, 
    "id": "Banana-Oat-Bran-Muffins-Recipezaar"
}{
    "flavors": {
        "sweet": 0.6666666666666666, 
        "sour": 0.16666666666666666, 
        "salty": 0.8333333333333334, 
        "piquant": 0.0, 
        "bitter": 0.5, 
        "meaty": 0.8333333333333334
    }, 
    "rating": 5.0, 
    "totalTimeInSeconds": 2400.0, 
    "ingredients": [
        "lemons", 
        "baking soda", 
        "blueberries", 
        "oat flour", 
        "margarine", 
        "margarine", 
        "eggs", 
        "baking powder", 
        "splenda", 
        "whole wheat flour", 
        "salt", 
        "nonfat sour cream", 
        "chopped pecans"
    ], 
    "smallImageUrls": [
        "http://i.yummly.com/Whole-Wheat-Blueberry-Muffins-Recipezaar_4-190539.s.jpg"
    ], 
    "sourceDisplayName": "Food.com", 
    "recipeName": "Whole Wheat Blueberry Muffins", 
    "attributes": {
        "course": [
            "Breads", 
            "Breakfast and Brunch"
        ]
    }, 
    "id": "Whole-Wheat-Blueberry-Muffins-Recipezaar_4"
}{
    "flavors": {
        "sweet": 1.0, 
        "sour": 0.16666666666666666, 
        "salty": 0.16666666666666666, 
        "piquant": 0.0, 
        "bitter": 1.0, 
        "meaty": 0.3333333333333333
    }, 
    "rating": 3.0, 
    "totalTimeInSeconds": 0, 
    "ingredients": [
        "ice cream", 
        "cocktail peanuts", 
        "muffin", 
        "vegetable oil cooking spray", 
        "bittersweet chocolate"
    ], 
    "smallImageUrls": [
        "http://i.yummly.com/Chocolate-Cups-With-Ice-Cream-And-Peanuts-Epicurious-43432.s.png"
    ], 
    "sourceDisplayName": "Epicurious", 
    "recipeName": "Chocolate Cups with Ice Cream and Peanuts", 
    "attributes": {
        "course": [
            "Desserts"
        ], 
        "cuisine": [
            "American"
        ]
    }, 
    "id": "Chocolate-Cups-With-Ice-Cream-And-Peanuts-Epicurious"
}{
    "flavors": {
        "sweet": 0.8333333333333334, 
        "sour": 0.6666666666666666, 
        "salty": 0.5, 
        "piquant": 0.0, 
        "bitter": 0.5, 
        "meaty": 0.3333333333333333
    }, 
    "rating": 4.78, 
    "totalTimeInSeconds": 2100.0, 
    "ingredients": [
        "salt", 
        "large egg", 
        "blackberry", 
        "baking powder", 
        "unsalted butter", 
        "sugar", 
        "lemon juice", 
        "baking soda", 
        "milk", 
        "vanilla", 
        "all-purpose flour"
    ], 
    "smallImageUrls": [
        "http://i.yummly.com/Lemon-Blackberry-Muffins-Recipezaar-203422.s.jpg"
    ], 
    "sourceDisplayName": "Food.com", 
    "recipeName": "Lemon Blackberry Muffins", 
    "attributes": {
        "course": [
            "Breads", 
            "Breakfast and Brunch"
        ]
    }, 
    "id": "Lemon-Blackberry-Muffins-Recipezaar"
}{
    "flavors": {
        "sweet": 0.6666666666666666, 
        "sour": 0.3333333333333333, 
        "salty": 0.5, 
        "piquant": 0.6666666666666666, 
        "bitter": 0.16666666666666666, 
        "meaty": 0.5
    }, 
    "rating": 5.0, 
    "totalTimeInSeconds": 1500.0, 
    "ingredients": [
        "black pepper", 
        "corn muffin", 
        "milk", 
        "corn", 
        "cinnamon", 
        "egg", 
        "honey", 
        "chipotle"
    ], 
    "smallImageUrls": [], 
    "sourceDisplayName": "Food.com", 
    "recipeName": "Quick & Easy Gourmet Corn Muffins", 
    "attributes": {
        "course": [
            "Breads"
        ], 
        "holiday": [
            "Thanksgiving"
        ]
    }, 
    "id": "Quick-_-Easy-Gourmet-Corn-Muffins-Recipezaar"
}{
    "flavors": {
        "sweet": 0.3333333333333333, 
        "sour": 0.6666666666666666, 
        "salty": 0.16666666666666666, 
        "piquant": 0.0, 
        "bitter": 0.16666666666666666, 
        "meaty": 0.3333333333333333
    }, 
    "rating": 4.88, 
    "totalTimeInSeconds": 1920.0, 
    "ingredients": [
        "margarine", 
        "honey", 
        "blueberries", 
        "all-purpose flour", 
        "baking powder", 
        "skim milk", 
        "sugar substitute", 
        "salt", 
        "vanilla extract", 
        "eggs"
    ], 
    "smallImageUrls": [
        "http://i.yummly.com/Very-Berry-Blueberry-Muffins-Recipezaar-218744.s.jpg"
    ], 
    "sourceDisplayName": "Food.com", 
    "recipeName": "Very Berry Blueberry Muffins", 
    "attributes": {
        "course": [
            "Breads", 
            "Breakfast and Brunch"
        ]
    }, 
    "id": "Very-Berry-Blueberry-Muffins-Recipezaar"
}{
    "flavors": {
        "sweet": 0.8333333333333334, 
        "sour": 0.3333333333333333, 
        "salty": 0.5, 
        "piquant": 0.0, 
        "bitter": 0.16666666666666666, 
        "meaty": 0.3333333333333333
    }, 
    "rating": 4.0, 
    "totalTimeInSeconds": 2100.0, 
    "ingredients": [
        "vegetable oil", 
        "white flour", 
        "white sugar", 
        "baking powder", 
        "blueberries", 
        "whole wheat flour", 
        "salt", 
        "buttermilk"
    ], 
    "smallImageUrls": [
        "http://i.yummly.com/Blueberry-Muffins-Recipezaar_32-174545.s.jpg"
    ], 
    "sourceDisplayName": "Food.com", 
    "recipeName": "Blueberry Muffins", 
    "attributes": {
        "course": [
            "Breads", 
            "Breakfast and Brunch", 
            "Lunch and Snacks"
        ]
    }, 
    "id": "Blueberry-Muffins-Recipezaar_32"
}{
    "flavors": {
        "sweet": 0.8333333333333334, 
        "sour": 0.3333333333333333, 
        "salty": 0.6666666666666666, 
        "piquant": 0.0, 
        "bitter": 1.0, 
        "meaty": 0.6666666666666666
    }, 
    "rating": 5.0, 
    "totalTimeInSeconds": 1500.0, 
    "ingredients": [
        "vegetable oil", 
        "buttermilk", 
        "baking soda", 
        "rolled oat", 
        "baking powder", 
        "white flour", 
        "semi-sweet chocolate", 
        "whole wheat flour", 
        "nutmeg", 
        "demerara sugar", 
        "mashed banana", 
        "cinnamon", 
        "salt", 
        "egg"
    ], 
    "smallImageUrls": [
        "http://i.yummly.com/Mj_s-Migraine-Muffins-Recipezaar-256641.s.jpg"
    ], 
    "sourceDisplayName": "Food.com", 
    "recipeName": "MJ's Migraine Muffins", 
    "attributes": {
        "course": [
            "Breads", 
            "Lunch and Snacks"
        ]
    }, 
    "id": "Mj_s-Migraine-Muffins-Recipezaar"
}{
    "flavors": {
        "sweet": 0.16666666666666666, 
        "sour": 0.16666666666666666, 
        "salty": 0.16666666666666666, 
        "piquant": 0.0, 
        "bitter": 0.16666666666666666, 
        "meaty": 0.16666666666666666
    }, 
    "rating": 4.92, 
    "totalTimeInSeconds": 2280.0, 
    "ingredients": [
        "sugar", 
        "sugar", 
        "sliced almonds", 
        "lemon rind", 
        "ground cinnamon", 
        "softened butter", 
        "all-purpose flour", 
        "apple", 
        "baking powder", 
        "salt", 
        "eggs"
    ], 
    "smallImageUrls": [
        "http://i.yummly.com/Norsk-Apple-Muffins-Food_com-130205-207257.s.jpg"
    ], 
    "sourceDisplayName": "Food.com", 
    "recipeName": "Norsk Apple Muffins", 
    "attributes": {
        "course": [
            "Breads"
        ], 
        "cuisine": [
            "American"
        ]
    }, 
    "id": "Norsk-Apple-Muffins-Food_com-130205"
}{
    "flavors": {
        "sweet": 1.0, 
        "sour": 0.5, 
        "salty": 0.8333333333333334, 
        "piquant": 0.0, 
        "bitter": 0.3333333333333333, 
        "meaty": 0.5
    }, 
    "rating": 5.0, 
    "totalTimeInSeconds": 2100.0, 
    "ingredients": [
        "salt", 
        "white sugar", 
        "sour cream", 
        "vegetable oil", 
        "fruit", 
        "egg", 
        "white flour", 
        "baking soda"
    ], 
    "smallImageUrls": [
        "http://i.yummly.com/Yummy-Fruit-Muffins-Recipezaar-256167.s.jpg"
    ], 
    "sourceDisplayName": "Food.com", 
    "recipeName": "Yummy Fruit Muffins", 
    "attributes": {
        "course": [
            "Breakfast and Brunch"
        ]
    }, 
    "id": "Yummy-Fruit-Muffins-Recipezaar"
}{
    "flavors": {
        "sweet": 0.3333333333333333, 
        "sour": 0.3333333333333333, 
        "salty": 0.6666666666666666, 
        "piquant": 0.0, 
        "bitter": 0.5, 
        "meaty": 0.5
    }, 
    "rating": 4.67, 
    "totalTimeInSeconds": 600.0, 
    "ingredients": [
        "ripe olives", 
        "shredded cheddar cheese", 
        "sliced mushrooms", 
        "pepperoni", 
        "english muffins", 
        "shredded mozzarella cheese", 
        "mayonnaise", 
        "onion"
    ], 
    "smallImageUrls": [
        "http://i.yummly.com/Pizza-Snacks-Allrecipes-57164.s.png"
    ], 
    "sourceDisplayName": "Taste of Home", 
    "recipeName": "Pizza Snacks", 
    "attributes": {
        "course": [
            "Appetizers", 
            "Lunch and Snacks"
        ], 
        "holiday": [
            "Game Day"
        ], 
        "cuisine": [
            "American"
        ]
    }, 
    "id": "Pizza-Snacks-TasteOfHome"
}{
    "flavors": {
        "sweet": 0.16666666666666666, 
        "sour": 0.16666666666666666, 
        "salty": 1.0, 
        "piquant": 0.0, 
        "bitter": 0.8333333333333334, 
        "meaty": 1.0
    }, 
    "rating": 5.0, 
    "totalTimeInSeconds": 1320.0, 
    "ingredients": [
        "pineapple chunks", 
        "pepperoni", 
        "english muffins", 
        "canned tomatoes", 
        "cheddar cheese", 
        "italian seasoning"
    ], 
    "smallImageUrls": [
        "http://i.yummly.com/Ibs_friendly-Pizzas-English-Muffin-_-Sourdough-Recipezaar-253058.s.jpg"
    ], 
    "sourceDisplayName": "Food.com", 
    "recipeName": "Ibs-Friendly Pizzas English Muffin &amp;  Sourdough", 
    "attributes": {
        "course": [
            "Breads", 
            "Main Dishes"
        ]
    }, 
    "id": "Ibs_friendly-Pizzas-English-Muffin-_-Sourdough-Recipezaar"
}{
    "flavors": {
        "sweet": 0.3333333333333333, 
        "sour": 0.3333333333333333, 
        "salty": 1.0, 
        "piquant": 0.0, 
        "bitter": 1.0, 
        "meaty": 1.0
    }, 
    "rating": 5.0, 
    "totalTimeInSeconds": 900.0, 
    "ingredients": [
        "mozzarella cheese", 
        "english muffins", 
        "pizza sauce", 
        "chicken breasts"
    ], 
    "smallImageUrls": [], 
    "sourceDisplayName": "Food.com", 
    "recipeName": "English Muffin Chicken Pizza", 
    "attributes": {
        "course": [
            "Main Dishes", 
            "Lunch and Snacks"
        ]
    }, 
    "id": "English-Muffin-Chicken-Pizza-Recipezaar"
}{
    "flavors": {
        "sweet": 0.16666666666666666, 
        "sour": 0.8333333333333334, 
        "salty": 0.16666666666666666, 
        "piquant": 0.0, 
        "bitter": 0.16666666666666666, 
        "meaty": 0.3333333333333333
    }, 
    "rating": 4.9, 
    "totalTimeInSeconds": 1920.0, 
    "ingredients": [
        "sugar", 
        "lemon juice", 
        "oil", 
        "all-purpose flour", 
        "baking powder", 
        "egg", 
        "lemon zest", 
        "salt", 
        "milk", 
        "cranberries"
    ], 
    "smallImageUrls": [
        "http://i.yummly.com/Lemon-Cranberry-Muffins-Recipezaar-221609.s.jpg"
    ], 
    "sourceDisplayName": "Food.com", 
    "recipeName": "Lemon Cranberry Muffins", 
    "attributes": {
        "course": [
            "Breads"
        ]
    }, 
    "id": "Lemon-Cranberry-Muffins-Recipezaar"
}{
    "flavors": {
        "sweet": 0.8333333333333334, 
        "sour": 0.3333333333333333, 
        "salty": 0.6666666666666666, 
        "piquant": 0.0, 
        "bitter": 0.3333333333333333, 
        "meaty": 0.6666666666666666
    }, 
    "rating": 5.0, 
    "totalTimeInSeconds": 1500.0, 
    "ingredients": [
        "skim milk", 
        "salt", 
        "honey", 
        "egg", 
        "baking soda", 
        "wheat germ", 
        "white flour", 
        "safflower oil", 
        "whole wheat flour", 
        "oatmeal", 
        "raisins"
    ], 
    "smallImageUrls": [], 
    "sourceDisplayName": "Food.com", 
    "recipeName": "Muffins", 
    "attributes": {
        "course": [
            "Breads", 
            "Breakfast and Brunch"
        ]
    }, 
    "id": "Muffins-Recipezaar_2"
}{
    "flavors": {
        "sweet": 0.5, 
        "sour": 0.3333333333333333, 
        "salty": 0.8333333333333334, 
        "piquant": 0.0, 
        "bitter": 0.5, 
        "meaty": 0.5
    }, 
    "rating": 4.88, 
    "totalTimeInSeconds": 2700.0, 
    "ingredients": [
        "sour cream", 
        "corn", 
        "large eggs", 
        "canola oil", 
        "corn muffin", 
        "salt"
    ], 
    "smallImageUrls": [
        "http://i2.yummly.com/Extra-Moist-Cornbread-With-Sour-Cream-Recipezaar.s.jpg"
    ], 
    "sourceDisplayName": "Food.com", 
    "recipeName": "Extra Moist Cornbread with Sour Cream", 
    "attributes": {
        "course": [
            "Breads"
        ]
    }, 
    "id": "Extra-Moist-Cornbread-With-Sour-Cream-Recipezaar"
}{
    "flavors": {
        "sweet": 0.5, 
        "sour": 0.3333333333333333, 
        "salty": 0.5, 
        "piquant": 0.6666666666666666, 
        "bitter": 0.3333333333333333, 
        "meaty": 0.6666666666666666
    }, 
    "rating": 4.5, 
    "totalTimeInSeconds": 1800.0, 
    "ingredients": [
        "granulated sugar", 
        "milk", 
        "baking powder", 
        "salt", 
        "sharp cheddar cheese", 
        "cayenne pepper", 
        "all-purpose flour", 
        "unsalted butter", 
        "egg"
    ], 
    "smallImageUrls": [
        "http://i.yummly.com/Cheddar-Cheese-Muffins-Recipezaar-183528.s.jpg"
    ], 
    "sourceDisplayName": "Food.com", 
    "recipeName": "Cheddar Cheese Muffins", 
    "attributes": {
        "course": [
            "Breads", 
            "Lunch and Snacks"
        ]
    }, 
    "id": "Cheddar-Cheese-Muffins-Recipezaar"
}{
    "flavors": {
        "sweet": 1.0, 
        "sour": 0.6666666666666666, 
        "salty": 0.3333333333333333, 
        "piquant": 0.0, 
        "bitter": 1.0, 
        "meaty": 0.6666666666666666
    }, 
    "rating": 4.88, 
    "totalTimeInSeconds": 2400.0, 
    "ingredients": [
        "vanilla", 
        "ground cinnamon", 
        "chopped walnuts", 
        "melted butter", 
        "eggs", 
        "brown sugar", 
        "banana", 
        "chocolate chips", 
        "all-purpose flour", 
        "baking powder", 
        "salt"
    ], 
    "smallImageUrls": [
        "http://i.yummly.com/Banana-Chocolate-Chip-Muffins-Recipezaar_1-228548.s.jpg"
    ], 
    "sourceDisplayName": "Food.com", 
    "recipeName": "Banana Chocolate Chip Muffins", 
    "attributes": {
        "course": [
            "Breads", 
            "Breakfast and Brunch", 
            "Lunch and Snacks"
        ]
    }, 
    "id": "Banana-Chocolate-Chip-Muffins-Recipezaar_1"
}{
    "flavors": {
        "sweet": 0.16666666666666666, 
        "sour": 0.6666666666666666, 
        "salty": 0.6666666666666666, 
        "piquant": 0.6666666666666666, 
        "bitter": 0.3333333333333333, 
        "meaty": 0.3333333333333333
    }, 
    "rating": 4.33, 
    "totalTimeInSeconds": 3900.0, 
    "ingredients": [
        "celery salt", 
        "cream style corn", 
        "muffin mix", 
        "onion", 
        "black pepper", 
        "butter", 
        "beaten eggs", 
        "salt"
    ], 
    "smallImageUrls": [
        "http://i.yummly.com/Country-Corn-Bake-Allrecipes-56498.s.png"
    ], 
    "sourceDisplayName": "AllRecipes", 
    "recipeName": "Country Corn Bake", 
    "attributes": {
        "course": [
            "Side Dishes"
        ]
    }, 
    "id": "Country-Corn-Bake-Allrecipes"
}{
    "flavors": {
        "sweet": 0.8333333333333334, 
        "sour": 0.3333333333333333, 
        "salty": 1.0, 
        "piquant": 0.0, 
        "bitter": 0.8333333333333334, 
        "meaty": 0.3333333333333333
    }, 
    "rating": 0.0, 
    "totalTimeInSeconds": 0, 
    "ingredients": [
        "all-purpose flour", 
        "honey", 
        "milk", 
        "granulated sugar", 
        "baking powder", 
        "corn kernels", 
        "turbinado sugar", 
        "maple syrup", 
        "coarse salt", 
        "unsalted butter", 
        "yellow cornmeal", 
        "egg"
    ], 
    "smallImageUrls": [
        "http://i.yummly.com/Mini-Cornbread-Muffins-Martha-Stewart-196079-111426.s.png"
    ], 
    "sourceDisplayName": "Martha Stewart", 
    "recipeName": "Mini Cornbread Muffins", 
    "attributes": {
        "course": [
            "Breads"
        ], 
        "cuisine": [
            "American"
        ]
    }, 
    "id": "Mini-Cornbread-Muffins-Martha-Stewart-196079"
}{
    "flavors": {
        "sweet": 0.16666666666666666, 
        "sour": 0.0, 
        "salty": 0.16666666666666666, 
        "piquant": 0.0, 
        "bitter": 0.16666666666666666, 
        "meaty": 0.16666666666666666
    }, 
    "rating": 4.5, 
    "totalTimeInSeconds": 2700.0, 
    "ingredients": [
        "vanilla extract", 
        "milk", 
        "butter", 
        "salt", 
        "flour", 
        "baking powder", 
        "cinnamon", 
        "strawberry", 
        "eggs", 
        "softened butter", 
        "sugar", 
        "flour", 
        "sugar"
    ], 
    "smallImageUrls": [
        "http://i.yummly.com/Strawberry-Strudel-Muffins-Food_com-152725-210437.s.jpg"
    ], 
    "sourceDisplayName": "Food.com", 
    "recipeName": "Strawberry Strudel Muffins", 
    "attributes": {
        "course": [
            "Breads", 
            "Breakfast and Brunch"
        ]
    }, 
    "id": "Strawberry-Strudel-Muffins-Food_com-152725"
}{
    "flavors": {
        "sweet": 1.0, 
        "sour": 0.16666666666666666, 
        "salty": 0.8333333333333334, 
        "piquant": 0.0, 
        "bitter": 1.0, 
        "meaty": 0.8333333333333334
    }, 
    "rating": 0.0, 
    "totalTimeInSeconds": 2400.0, 
    "ingredients": [
        "applesauce", 
        "canola oil", 
        "beets", 
        "salt", 
        "baking soda", 
        "ground cinnamon", 
        "blueberries", 
        "white sugar", 
        "baking powder", 
        "rolled oats", 
        "eggs", 
        "water", 
        "wheat flour"
    ], 
    "smallImageUrls": [
        "http://i.yummly.com/Whole-Wheat-Blueberry-Beet-Muffins-AllRecipes-39432-83988.s.png", 
        "http://i.yummly.com/Whole-Wheat-Blueberry-Beet-Muffins-AllRecipes-39432-83906.s.png"
    ], 
    "sourceDisplayName": "AllRecipes", 
    "recipeName": "Whole Wheat Blueberry Beet Muffins", 
    "attributes": {
        "course": [
            "Breads"
        ]
    }, 
    "id": "Whole-Wheat-Blueberry-Beet-Muffins-AllRecipes-39432"
}{
    "flavors": {
        "sweet": 0.6666666666666666, 
        "sour": 0.16666666666666666, 
        "salty": 0.3333333333333333, 
        "piquant": 0.0, 
        "bitter": 0.16666666666666666, 
        "meaty": 0.3333333333333333
    }, 
    "rating": 0.0, 
    "totalTimeInSeconds": 300.0, 
    "ingredients": [
        "sugar substitute", 
        "cottage cheese", 
        "english muffin", 
        "water", 
        "jam"
    ], 
    "smallImageUrls": [
        "http://i.yummly.com/Cottage-Cheese-Jam-On-An-English-Muffin-Recipezaar-156240.s.jpg"
    ], 
    "sourceDisplayName": "Food.com", 
    "recipeName": "Cottage Cheese Jam on an English Muffin", 
    "attributes": {}, 
    "id": "Cottage-Cheese-Jam-On-An-English-Muffin-Recipezaar"
}{
    "flavors": {
        "sweet": 0.8333333333333334, 
        "sour": 0.5, 
        "salty": 0.16666666666666666, 
        "piquant": 0.0, 
        "bitter": 0.16666666666666666, 
        "meaty": 0.3333333333333333
    }, 
    "rating": 3.75, 
    "totalTimeInSeconds": 0, 
    "ingredients": [
        "unsalted butter", 
        "baking powder", 
        "apple cider", 
        "cinnamon", 
        "salt", 
        "brown sugar", 
        "granny smith", 
        "granulated sugar", 
        "all-purpose flour", 
        "walnuts", 
        "apple cider", 
        "egg"
    ], 
    "smallImageUrls": [], 
    "sourceDisplayName": "Epicurious", 
    "recipeName": "Cider-Glazed Mini Apple Muffins", 
    "attributes": {
        "course": [
            "Breads"
        ], 
        "cuisine": [
            "American"
        ]
    }, 
    "id": "Cider-Glazed-Mini-Apple-Muffins-Epicurious-50381"
}{
    "flavors": {
        "sweet": 0.0, 
        "sour": 0.0, 
        "salty": 0.0, 
        "piquant": 0.0, 
        "bitter": 0.0, 
        "meaty": 0.5
    }, 
    "rating": 4.5, 
    "totalTimeInSeconds": 1800.0, 
    "ingredients": [
        "baking powder", 
        "sugar", 
        "salt", 
        "eggs", 
        "vegetable oil", 
        "flour", 
        "blueberries", 
        "milk"
    ], 
    "smallImageUrls": [
        "http://i.yummly.com/Blueberry-Muffins-Recipezaar_7-227950.s.jpg"
    ], 
    "sourceDisplayName": "Food.com", 
    "recipeName": "Blueberry Muffins", 
    "attributes": {
        "course": [
            "Breads", 
            "Breakfast and Brunch", 
            "Lunch and Snacks"
        ], 
        "cuisine": [
            "American"
        ]
    }, 
    "id": "Blueberry-Muffins-Recipezaar_7"
}{
    "flavors": {
        "sweet": 1.0, 
        "sour": 0.5, 
        "salty": 0.5, 
        "piquant": 0.0, 
        "bitter": 0.16666666666666666, 
        "meaty": 0.5
    }, 
    "rating": 4.9, 
    "totalTimeInSeconds": 2400.0, 
    "ingredients": [
        "orange juice", 
        "baking soda", 
        "orange zest", 
        "salt", 
        "plain yogurt", 
        "vegetable oil", 
        "sugar", 
        "sugar", 
        "baking powder", 
        "flour", 
        "blueberries", 
        "eggs"
    ], 
    "smallImageUrls": [
        "http://i.yummly.com/Blueberries-And-Orange-Muffins-Recipezaar-166149.s.jpg"
    ], 
    "sourceDisplayName": "Food.com", 
    "recipeName": "Blueberries and Orange Muffins", 
    "attributes": {
        "course": [
            "Breads"
        ]
    }, 
    "id": "Blueberries-And-Orange-Muffins-Recipezaar"
}{
    "flavors": {
        "sweet": 0.6666666666666666, 
        "sour": 0.6666666666666666, 
        "salty": 0.3333333333333333, 
        "piquant": 0.0, 
        "bitter": 0.3333333333333333, 
        "meaty": 0.5
    }, 
    "rating": 0.0, 
    "totalTimeInSeconds": 2700.0, 
    "ingredients": [
        "sugar", 
        "white cornmeal", 
        "melted butter", 
        "sour cream", 
        "eggs", 
        "green tomatoes", 
        "cooking spray", 
        "lemon zest"
    ], 
    "smallImageUrls": [
        "http://i.yummly.com/Sweet-Green-Tomato-Cornmeal-Muffins-MyRecipes-263887-132242.s.png"
    ], 
    "sourceDisplayName": "MyRecipes", 
    "recipeName": "Sweet Green Tomato Cornmeal Muffins", 
    "attributes": {
        "course": [
            "Breads"
        ], 
        "cuisine": [
            "American"
        ]
    }, 
    "id": "Sweet-Green-Tomato-Cornmeal-Muffins-MyRecipes-263887"
}{
    "flavors": {
        "sweet": 0.8333333333333334, 
        "sour": 0.5, 
        "salty": 0.5, 
        "piquant": 0.0, 
        "bitter": 0.6666666666666666, 
        "meaty": 0.5
    }, 
    "rating": 4.6, 
    "totalTimeInSeconds": 3000.0, 
    "ingredients": [
        "milk", 
        "oil", 
        "egg", 
        "baking powder", 
        "sugar", 
        "all bran cereal", 
        "salt", 
        "flour"
    ], 
    "smallImageUrls": [
        "http://i.yummly.com/The-Original-All-Bran-Muffins-Recipezaar-166452.s.jpg"
    ], 
    "sourceDisplayName": "Food.com", 
    "recipeName": "The Original All Bran Muffins", 
    "attributes": {
        "course": [
            "Breads", 
            "Breakfast and Brunch"
        ]
    }, 
    "id": "The-Original-All-Bran-Muffins-Recipezaar"
}{
    "flavors": {
        "sweet": 1.0, 
        "sour": 0.5, 
        "salty": 1.0, 
        "piquant": 0.0, 
        "bitter": 0.8333333333333334, 
        "meaty": 1.0
    }, 
    "rating": 4.78, 
    "totalTimeInSeconds": 4500.0, 
    "ingredients": [
        "water", 
        "sugar", 
        "margarine", 
        "mashed bananas", 
        "nuts", 
        "baking soda", 
        "baking powder", 
        "flour", 
        "salt", 
        "eggs", 
        "chocolate chips"
    ], 
    "smallImageUrls": [
        "http://i.yummly.com/_the-Best_-Banana-Bread-_or-Muffins_-Recipezaar-199255.s.jpg"
    ], 
    "sourceDisplayName": "Food.com", 
    "recipeName": "\"The Best\" Banana Bread (or Muffins!)", 
    "attributes": {
        "course": [
            "Breads"
        ]
    }, 
    "id": "_the-Best_-Banana-Bread-_or-Muffins_-Recipezaar"
}{
    "flavors": {
        "sweet": 0.6666666666666666, 
        "sour": 1.0, 
        "salty": 0.6666666666666666, 
        "piquant": 0.8333333333333334, 
        "bitter": 0.6666666666666666, 
        "meaty": 0.3333333333333333
    }, 
    "rating": 4.08, 
    "totalTimeInSeconds": 8100.0, 
    "ingredients": [
        "horseradish", 
        "buttermilk", 
        "salt", 
        "onion", 
        "vegetable oil", 
        "minced garlic", 
        "boiling potatoes", 
        "green cabbage", 
        "bread crumbs", 
        "unsalted butter", 
        "muffin", 
        "water", 
        "black pepper", 
        "cheddar"
    ], 
    "smallImageUrls": [
        "http://i.yummly.com/Potato-And-Cabbage-Bundles-Epicurious-43557.s.png"
    ], 
    "sourceDisplayName": "Epicurious", 
    "recipeName": "Potato and Cabbage Bundles", 
    "attributes": {
        "cuisine": [
            "American", 
            "Irish"
        ]
    }, 
    "id": "Potato-And-Cabbage-Bundles-Epicurious"
}{
    "flavors": {
        "sweet": 0.8333333333333334, 
        "sour": 0.16666666666666666, 
        "salty": 0.6666666666666666, 
        "piquant": 0.0, 
        "bitter": 0.16666666666666666, 
        "meaty": 0.5
    }, 
    "rating": 5.0, 
    "totalTimeInSeconds": 2400.0, 
    "ingredients": [
        "dates", 
        "whole wheat flour", 
        "margarine", 
        "ground cinnamon", 
        "salt", 
        "bran", 
        "egg", 
        "unsweetened applesauce", 
        "light brown sugar", 
        "baking soda"
    ], 
    "smallImageUrls": [
        "http://i.yummly.com/Applesauce-Date-Muffins-Recipezaar-182674.s.jpg"
    ], 
    "sourceDisplayName": "Food.com", 
    "recipeName": "Applesauce Date Muffins", 
    "attributes": {
        "course": [
            "Breads", 
            "Breakfast and Brunch"
        ]
    }, 
    "id": "Applesauce-Date-Muffins-Recipezaar"
}{
    "flavors": {
        "sweet": 1.0, 
        "sour": 0.5, 
        "salty": 0.8333333333333334, 
        "piquant": 0.0, 
        "bitter": 1.0, 
        "meaty": 0.8333333333333334
    }, 
    "rating": 4.33, 
    "totalTimeInSeconds": 1500.0, 
    "ingredients": [
        "banana pudding", 
        "chopped walnuts", 
        "eggs", 
        "vegetable oil", 
        "cake mix", 
        "mashed bananas", 
        "water"
    ], 
    "smallImageUrls": [
        "http://i.yummly.com/Super-Quick-Banana-Nana-Nut-Muffins-Recipezaar-258001.s.jpg"
    ], 
    "sourceDisplayName": "Food.com", 
    "recipeName": "Super Quick Banana Nana Nut Muffins", 
    "attributes": {
        "course": [
            "Breads"
        ]
    }, 
    "id": "Super-Quick-Banana-Nana-Nut-Muffins-Recipezaar"
}{
    "flavors": {
        "sweet": 1.0, 
        "sour": 0.3333333333333333, 
        "salty": 0.5, 
        "piquant": 0.0, 
        "bitter": 0.16666666666666666, 
        "meaty": 0.3333333333333333
    }, 
    "rating": 4.79, 
    "totalTimeInSeconds": 1500.0, 
    "ingredients": [
        "unsweetened applesauce", 
        "all-purpose flour", 
        "semi-sweet chocolate", 
        "baking soda", 
        "salt", 
        "sugar", 
        "bananas", 
        "egg", 
        "low-fat vanilla yogurt", 
        "baking powder"
    ], 
    "smallImageUrls": [
        "http://i.yummly.com/Low-Fat-Banana-Chocolate-Chip-Muffins-Recipezaar_1-18185.s.png", 
        "http://i.yummly.com/Low-Fat-Banana-Chocolate-Chip-Muffins-Recipezaar_1-183098.s.jpg"
    ], 
    "sourceDisplayName": "Food.com", 
    "recipeName": "Low Fat Banana Chocolate Chip Muffins", 
    "attributes": {
        "course": [
            "Breads"
        ]
    }, 
    "id": "Low-Fat-Banana-Chocolate-Chip-Muffins-Recipezaar_1"
}{
    "flavors": {
        "sweet": 0.6666666666666666, 
        "sour": 0.5, 
        "salty": 0.3333333333333333, 
        "piquant": 0.0, 
        "bitter": 0.8333333333333334, 
        "meaty": 0.3333333333333333
    }, 
    "rating": 0.0, 
    "totalTimeInSeconds": 0, 
    "ingredients": [
        "egg", 
        "nonfat yogurt plain", 
        "all-purpose flour", 
        "currants", 
        "molasses", 
        "vanilla extract", 
        "wheat bran", 
        "salt", 
        "prune juice", 
        "vegetable oil", 
        "baking soda", 
        "baking powder"
    ], 
    "smallImageUrls": [
        "http://i.yummly.com/Bran-and-Currant-Muffins-Martha-Stewart-108964.s.png"
    ], 
    "sourceDisplayName": "Martha Stewart", 
    "recipeName": "Bran and Currant Muffins", 
    "attributes": {
        "course": [
            "Breads", 
            "Breakfast and Brunch"
        ]
    }, 
    "id": "Bran-and-Currant-Muffins-Martha-Stewart"
}{
    "flavors": {
        "sweet": 0.6666666666666666, 
        "sour": 0.8333333333333334, 
        "salty": 0.3333333333333333, 
        "piquant": 0.0, 
        "bitter": 0.16666666666666666, 
        "meaty": 0.16666666666666666
    }, 
    "rating": 4.67, 
    "totalTimeInSeconds": 2400.0, 
    "ingredients": [
        "orange peel", 
        "flour", 
        "milk", 
        "baking powder", 
        "baking soda", 
        "shortening", 
        "egg", 
        "sugar", 
        "orange juice", 
        "salt"
    ], 
    "smallImageUrls": [
        "http://i.yummly.com/Orange-Muffins-Recipezaar-20051.s.png", 
        "http://i.yummly.com/Orange-Muffins-Recipezaar-223165.s.jpg"
    ], 
    "sourceDisplayName": "Food.com", 
    "recipeName": "Orange Muffins", 
    "attributes": {
        "course": [
            "Breads", 
            "Breakfast and Brunch"
        ]
    }, 
    "id": "Orange-Muffins-Recipezaar"
}{
    "flavors": {
        "sweet": 1.0, 
        "sour": 0.5, 
        "salty": 0.5, 
        "piquant": 0.0, 
        "bitter": 0.8333333333333334, 
        "meaty": 0.5
    }, 
    "rating": 4.92, 
    "totalTimeInSeconds": 2100.0, 
    "ingredients": [
        "milk", 
        "salt", 
        "chopped walnuts", 
        "shortening", 
        "beaten eggs", 
        "brown sugar", 
        "sugar", 
        "softened butter", 
        "baking powder", 
        "flour", 
        "cinnamon", 
        "flour"
    ], 
    "smallImageUrls": [
        "http://i.yummly.com/Coffee-Cake-Muffins-Recipezaar_7-203537.s.jpg"
    ], 
    "sourceDisplayName": "Food.com", 
    "recipeName": "Coffee Cake Muffins", 
    "attributes": {
        "course": [
            "Breads", 
            "Breakfast and Brunch"
        ], 
        "holiday": [
            "Christmas"
        ], 
        "cuisine": [
            "American"
        ]
    }, 
    "id": "Coffee-Cake-Muffins-Recipezaar_7"
}{
    "flavors": {
        "sweet": 1.0, 
        "sour": 0.3333333333333333, 
        "salty": 0.3333333333333333, 
        "piquant": 0.0, 
        "bitter": 0.16666666666666666, 
        "meaty": 0.6666666666666666
    }, 
    "rating": 5.0, 
    "totalTimeInSeconds": 2700.0, 
    "ingredients": [
        "eggs", 
        "all-purpose flour", 
        "vanilla extract", 
        "salt", 
        "half-and-half", 
        "tart", 
        "sugar", 
        "unsalted butter", 
        "almond extract", 
        "baking powder"
    ], 
    "smallImageUrls": [
        "http://i2.yummly.com/Cheery-Cherry-Muffins-Recipezaar.s.jpg", 
        "http://i.yummly.com/Cheery-Cherry-Muffins-Recipezaar-180289.s.jpg"
    ], 
    "sourceDisplayName": "Food.com", 
    "recipeName": "Cheery Cherry Muffins", 
    "attributes": {
        "course": [
            "Breads", 
            "Breakfast and Brunch"
        ]
    }, 
    "id": "Cheery-Cherry-Muffins-Recipezaar"
}{
    "flavors": {
        "sweet": 1.0, 
        "sour": 0.0, 
        "salty": 0.5, 
        "piquant": 0.0, 
        "bitter": 0.16666666666666666, 
        "meaty": 0.3333333333333333
    }, 
    "rating": 5.0, 
    "totalTimeInSeconds": 2400.0, 
    "ingredients": [
        "baking powder", 
        "melted butter", 
        "flour", 
        "softened butter", 
        "vanilla", 
        "salt", 
        "cinnamon", 
        "milk", 
        "flour", 
        "sugar", 
        "white sugar", 
        "blueberries", 
        "egg"
    ], 
    "smallImageUrls": [
        "http://i.yummly.com/Blueberry-Bakery-Muffins-Food_com-160407-228727.s.jpg"
    ], 
    "sourceDisplayName": "Food.com", 
    "recipeName": "Blueberry Bakery Muffins", 
    "attributes": {
        "course": [
            "Breads", 
            "Breakfast and Brunch"
        ]
    }, 
    "id": "Blueberry-Bakery-Muffins-Food_com-160407"
}{
    "flavors": {
        "sweet": 0.8333333333333334, 
        "sour": 0.3333333333333333, 
        "salty": 0.8333333333333334, 
        "piquant": 0.0, 
        "bitter": 0.8333333333333334, 
        "meaty": 0.5
    }, 
    "rating": 4.4, 
    "totalTimeInSeconds": 1980.0, 
    "ingredients": [
        "cornmeal", 
        "baking powder", 
        "sugar", 
        "eggs", 
        "milk", 
        "flour", 
        "vegetable oil", 
        "salt"
    ], 
    "smallImageUrls": [
        "http://i.yummly.com/Favorite-Corn-Muffins-Recipezaar-253591.s.jpg"
    ], 
    "sourceDisplayName": "Food.com", 
    "recipeName": "Favorite Corn Muffins", 
    "attributes": {
        "course": [
            "Breads"
        ]
    }, 
    "id": "Favorite-Corn-Muffins-Recipezaar"
}{
    "flavors": {
        "sweet": 0.3333333333333333, 
        "sour": 0.16666666666666666, 
        "salty": 0.16666666666666666, 
        "piquant": 0.0, 
        "bitter": 0.16666666666666666, 
        "meaty": 0.16666666666666666
    }, 
    "rating": 4.89, 
    "totalTimeInSeconds": 2400.0, 
    "ingredients": [
        "baking soda", 
        "yogurt", 
        "large eggs", 
        "melted butter", 
        "vanilla essence", 
        "all-purpose flour", 
        "baking powder", 
        "chocolate chip", 
        "salt", 
        "demerara sugar"
    ], 
    "smallImageUrls": [
        "http://i.yummly.com/Chocolate-Chip-Muffins-Food_com-141105-208756.s.jpg"
    ], 
    "sourceDisplayName": "Food.com", 
    "recipeName": "Chocolate Chip Muffins", 
    "attributes": {
        "course": [
            "Breads", 
            "Breakfast and Brunch", 
            "Lunch and Snacks"
        ]
    }, 
    "id": "Chocolate-Chip-Muffins-Food_com-141105"
}{
    "flavors": {
        "sweet": 1.0, 
        "sour": 0.3333333333333333, 
        "salty": 0.5, 
        "piquant": 0.0, 
        "bitter": 0.16666666666666666, 
        "meaty": 0.5
    }, 
    "rating": 5.0, 
    "totalTimeInSeconds": 2400.0, 
    "ingredients": [
        "sugar", 
        "vegetable oil", 
        "baking soda", 
        "large eggs", 
        "pumpkin pie spice", 
        "sugar", 
        "baking powder", 
        "raisins", 
        "pumpkin", 
        "all-purpose flour", 
        "cinnamon", 
        "salt"
    ], 
    "smallImageUrls": [
        "http://i.yummly.com/Pumpkin-Muffins-Recipezaar_25-172118.s.jpg"
    ], 
    "sourceDisplayName": "Food.com", 
    "recipeName": "Pumpkin Muffins", 
    "attributes": {
        "course": [
            "Breads", 
            "Breakfast and Brunch", 
            "Lunch and Snacks"
        ], 
        "holiday": [
            "Thanksgiving", 
            "Halloween"
        ]
    }, 
    "id": "Pumpkin-Muffins-Recipezaar_25"
}{
    "flavors": {
        "sweet": 1.0, 
        "sour": 0.6666666666666666, 
        "salty": 0.8333333333333334, 
        "piquant": 0.0, 
        "bitter": 0.8333333333333334, 
        "meaty": 0.5
    }, 
    "rating": 4.53, 
    "totalTimeInSeconds": 2100.0, 
    "ingredients": [
        "baking soda", 
        "bran cereal", 
        "beaten eggs", 
        "flour", 
        "sugar", 
        "buttermilk", 
        "salt", 
        "walnuts", 
        "applesauce"
    ], 
    "smallImageUrls": [
        "http://i.yummly.com/Raisin-Bran-Muffins-Recipezaar_5-18589.s.png"
    ], 
    "sourceDisplayName": "Food.com", 
    "recipeName": "Raisin Bran Muffins", 
    "attributes": {
        "course": [
            "Breads", 
            "Breakfast and Brunch"
        ], 
        "cuisine": [
            "American"
        ]
    }, 
    "id": "Raisin-Bran-Muffins-Recipezaar_5"
}{
    "flavors": {
        "sweet": 1.0, 
        "sour": 0.3333333333333333, 
        "salty": 0.3333333333333333, 
        "piquant": 0.0, 
        "bitter": 0.0, 
        "meaty": 0.3333333333333333
    }, 
    "rating": 0.0, 
    "totalTimeInSeconds": 0, 
    "ingredients": [
        "baking powder", 
        "whole milk", 
        "vanilla extract", 
        "all-purpose flour", 
        "light brown sugar", 
        "unsalted butter", 
        "salt", 
        "macadamia nuts", 
        "large eggs"
    ], 
    "smallImageUrls": [], 
    "sourceDisplayName": "Chow", 
    "recipeName": "Brown Sugar Macadamia Muffins", 
    "attributes": {
        "course": [
            "Breads"
        ]
    }, 
    "id": "Brown-Sugar-Macadamia-Muffins-Chow"
}{
    "flavors": {
        "sweet": 0.3333333333333333, 
        "sour": 0.3333333333333333, 
        "salty": 0.6666666666666666, 
        "piquant": 0.0, 
        "bitter": 0.5, 
        "meaty": 0.6666666666666666
    }, 
    "rating": 0.0, 
    "totalTimeInSeconds": 0, 
    "ingredients": [
        "unsalted butter", 
        "salt", 
        "sugar", 
        "cinnamon", 
        "english muffins", 
        "ground allspice", 
        "aniseed"
    ], 
    "smallImageUrls": [], 
    "sourceDisplayName": "Epicurious", 
    "recipeName": "Spiced English Muffin Toasts", 
    "attributes": {
        "course": [
            "Breakfast and Brunch"
        ]
    }, 
    "id": "Spiced-English-Muffin-Toasts-Epicurious"
}{
    "flavors": {
        "sweet": 1.0, 
        "sour": 0.6666666666666666, 
        "salty": 0.3333333333333333, 
        "piquant": 0.0, 
        "bitter": 0.8333333333333334, 
        "meaty": 0.5
    }, 
    "rating": 4.65, 
    "totalTimeInSeconds": 1920.0, 
    "ingredients": [
        "lemon zest", 
        "baking powder", 
        "milk", 
        "salt", 
        "chopped walnuts", 
        "large egg", 
        "sugar", 
        "blueberries", 
        "sugar", 
        "all-purpose flour", 
        "vanilla", 
        "butter"
    ], 
    "smallImageUrls": [
        "http://i.yummly.com/Lemon_blueberry-Muffins-Recipezaar_1-249450.s.jpg"
    ], 
    "sourceDisplayName": "Food.com", 
    "recipeName": "Lemon-Blueberry Muffins", 
    "attributes": {
        "course": [
            "Breads", 
            "Breakfast and Brunch"
        ]
    }, 
    "id": "Lemon_blueberry-Muffins-Recipezaar_1"
}{
    "flavors": {
        "sweet": 0.8333333333333334, 
        "sour": 0.5, 
        "salty": 0.5, 
        "piquant": 0.0, 
        "bitter": 0.3333333333333333, 
        "meaty": 0.6666666666666666
    }, 
    "rating": 4.83, 
    "totalTimeInSeconds": 2400.0, 
    "ingredients": [
        "brown sugar", 
        "baking powder", 
        "egg", 
        "baking soda", 
        "salt", 
        "granulated sugar", 
        "orange extract", 
        "pecans", 
        "flour", 
        "mandarin oranges", 
        "butter", 
        "sour cream"
    ], 
    "smallImageUrls": [
        "http://i.yummly.com/Mandarin-Muffins-Recipezaar-188998.s.jpg"
    ], 
    "sourceDisplayName": "Food.com", 
    "recipeName": "Mandarin Muffins", 
    "attributes": {
        "course": [
            "Breads"
        ]
    }, 
    "id": "Mandarin-Muffins-Recipezaar"
}{
    "flavors": {
        "sweet": 0.8333333333333334, 
        "sour": 0.6666666666666666, 
        "salty": 0.8333333333333334, 
        "piquant": 0.0, 
        "bitter": 0.6666666666666666, 
        "meaty": 0.5
    }, 
    "rating": 4.86, 
    "totalTimeInSeconds": 2100.0, 
    "ingredients": [
        "vegetable oil", 
        "beaten eggs", 
        "baking soda", 
        "quick-cooking oatmeal", 
        "buttermilk", 
        "all-purpose flour", 
        "brown sugar", 
        "salt", 
        "baking powder"
    ], 
    "smallImageUrls": [
        "http://i.yummly.com/Golden-Oatmeal-Muffins-Recipezaar-250385.s.jpg"
    ], 
    "sourceDisplayName": "Food.com", 
    "recipeName": "Golden Oatmeal Muffins", 
    "attributes": {
        "course": [
            "Breads"
        ]
    }, 
    "id": "Golden-Oatmeal-Muffins-Recipezaar"
}{
    "flavors": {
        "sweet": 0.5, 
        "sour": 0.8333333333333334, 
        "salty": 0.6666666666666666, 
        "piquant": 0.6666666666666666, 
        "bitter": 0.8333333333333334, 
        "meaty": 0.5
    }, 
    "rating": 4.39, 
    "totalTimeInSeconds": 900.0, 
    "ingredients": [
        "pepper", 
        "prepared mustard", 
        "slivered almonds", 
        "cooked chicken", 
        "celery ribs", 
        "mayonnaise", 
        "onion", 
        "green pepper", 
        "lettuce leaves", 
        "english muffins", 
        "slicing tomato", 
        "pimiento stuffed olives", 
        "pickle relish", 
        "salt"
    ], 
    "smallImageUrls": [
        "http://i.yummly.com/Chicken-Salad-Sandwiches-Allrecipes-57267.s.png"
    ], 
    "sourceDisplayName": "Taste of Home", 
    "recipeName": "Chicken Salad Sandwiches", 
    "attributes": {
        "course": [
            "Lunch and Snacks"
        ], 
        "cuisine": [
            "American"
        ]
    }, 
    "id": "Chicken-Salad-Sandwiches-TasteOfHome"
}{
    "flavors": {
        "sweet": 0.16666666666666666, 
        "sour": 0.16666666666666666, 
        "salty": 0.16666666666666666, 
        "piquant": 0.0, 
        "bitter": 0.16666666666666666, 
        "meaty": 0.16666666666666666
    }, 
    "rating": 5.0, 
    "totalTimeInSeconds": 360.0, 
    "ingredients": [
        "canadian bacon", 
        "english muffin", 
        "eggs", 
        "american cheese"
    ], 
    "smallImageUrls": [
        "http://i.yummly.com/MockDonald-Breakfast-Sandwich-Food_com-150475-210181.s.jpg"
    ], 
    "sourceDisplayName": "Food.com", 
    "recipeName": "MockDonald Breakfast Sandwich", 
    "attributes": {
        "course": [
            "Breakfast and Brunch", 
            "Lunch and Snacks"
        ]
    }, 
    "id": "MockDonald-Breakfast-Sandwich-Food_com-150475"
}{
    "flavors": {
        "sweet": 1.0, 
        "sour": 0.3333333333333333, 
        "salty": 0.16666666666666666, 
        "piquant": 0.0, 
        "bitter": 0.5, 
        "meaty": 0.16666666666666666
    }, 
    "rating": 4.5, 
    "totalTimeInSeconds": 1800.0, 
    "ingredients": [
        "banana", 
        "coffee", 
        "vanilla flavoring", 
        "baking powder", 
        "cocoa", 
        "butter", 
        "eggs", 
        "maple syrup", 
        "orange juice", 
        "gluten-free flour"
    ], 
    "smallImageUrls": [
        "http://i.yummly.com/Chocolate-Muffins-Food_com-63988-230568.s.jpg"
    ], 
    "sourceDisplayName": "Food.com", 
    "recipeName": "Chocolate Muffins", 
    "attributes": {
        "course": [
            "Breakfast and Brunch"
        ]
    }, 
    "id": "Chocolate-Muffins-Food_com-63988"
}{
    "flavors": {
        "sweet": 0.6666666666666666, 
        "sour": 0.3333333333333333, 
        "salty": 0.5, 
        "piquant": 0.5, 
        "bitter": 0.16666666666666666, 
        "meaty": 0.6666666666666666
    }, 
    "rating": 4.57, 
    "totalTimeInSeconds": 2400.0, 
    "ingredients": [
        "sugar", 
        "eggs", 
        "paprika", 
        "dried thyme", 
        "sharp cheddar cheese", 
        "butter", 
        "baking powder", 
        "all-purpose flour", 
        "salt", 
        "milk"
    ], 
    "smallImageUrls": [
        "http://i.yummly.com/Cheesy-Muffins-Recipezaar-195794.s.jpg"
    ], 
    "sourceDisplayName": "Food.com", 
    "recipeName": "Cheesy Muffins", 
    "attributes": {
        "course": [
            "Breads"
        ]
    }, 
    "id": "Cheesy-Muffins-Recipezaar"
}{
    "flavors": {
        "sweet": 0.8333333333333334, 
        "sour": 0.3333333333333333, 
        "salty": 0.16666666666666666, 
        "piquant": 0.0, 
        "bitter": 0.5, 
        "meaty": 0.6666666666666666
    }, 
    "rating": 4.67, 
    "totalTimeInSeconds": 1800.0, 
    "ingredients": [
        "brown sugar", 
        "unsweetened applesauce", 
        "egg", 
        "vegetable oil", 
        "maple syrup", 
        "whole wheat flour", 
        "oats", 
        "baking powder", 
        "blueberries", 
        "orange juice"
    ], 
    "smallImageUrls": [
        "http://i.yummly.com/Arctic-Garden_s-Blueberry-Muffins-Recipezaar-152670.s.jpg"
    ], 
    "sourceDisplayName": "Food.com", 
    "recipeName": "Arctic Garden's Blueberry Muffins", 
    "attributes": {
        "course": [
            "Breads", 
            "Breakfast and Brunch", 
            "Lunch and Snacks"
        ]
    }, 
    "id": "Arctic-Garden_s-Blueberry-Muffins-Recipezaar"
}{
    "flavors": {
        "sweet": 0.8333333333333334, 
        "sour": 0.3333333333333333, 
        "salty": 0.5, 
        "piquant": 0.0, 
        "bitter": 0.16666666666666666, 
        "meaty": 0.5
    }, 
    "rating": 4.93, 
    "totalTimeInSeconds": 2400.0, 
    "ingredients": [
        "egg", 
        "granulated sugar", 
        "ground ginger", 
        "all-purpose flour", 
        "baking powder", 
        "salt", 
        "margarine", 
        "baking soda", 
        "buttermilk", 
        "pumpkin", 
        "crystallized ginger", 
        "ground cloves", 
        "ground cinnamon", 
        "light brown sugar"
    ], 
    "smallImageUrls": [
        "http://i.yummly.com/Pumpkin-Ginger-Muffins-Recipezaar_1-182086.s.jpg"
    ], 
    "sourceDisplayName": "Food.com", 
    "recipeName": "Pumpkin Ginger Muffins", 
    "attributes": {
        "course": [
            "Breads", 
            "Breakfast and Brunch"
        ]
    }, 
    "id": "Pumpkin-Ginger-Muffins-Recipezaar_1"
}{
    "flavors": {
        "sweet": 1.0, 
        "sour": 0.5, 
        "salty": 0.3333333333333333, 
        "piquant": 0.0, 
        "bitter": 0.16666666666666666, 
        "meaty": 0.5
    }, 
    "rating": 4.5, 
    "totalTimeInSeconds": 3180.0, 
    "ingredients": [
        "baking powder", 
        "milk", 
        "lime rind", 
        "all-purpose flour", 
        "sugar", 
        "large eggs", 
        "salt", 
        "key lime juice", 
        "vegetable oil"
    ], 
    "smallImageUrls": [
        "http://i.yummly.com/Key-Lime-Muffins-Recipezaar-190709.s.jpg"
    ], 
    "sourceDisplayName": "Food.com", 
    "recipeName": "Key Lime Muffins", 
    "attributes": {
        "course": [
            "Breads"
        ], 
        "cuisine": [
            "American"
        ]
    }, 
    "id": "Key-Lime-Muffins-Recipezaar"
}{
    "flavors": {
        "sweet": 0.8333333333333334, 
        "sour": 0.5, 
        "salty": 0.3333333333333333, 
        "piquant": 0.0, 
        "bitter": 0.3333333333333333, 
        "meaty": 0.8333333333333334
    }, 
    "rating": 4.12, 
    "totalTimeInSeconds": 2100.0, 
    "ingredients": [
        "salt", 
        "eggnog", 
        "egg", 
        "raisins", 
        "chopped pecans", 
        "flour", 
        "baking powder", 
        "sugar", 
        "nutmeg", 
        "vegetable oil"
    ], 
    "smallImageUrls": [
        "http://i.yummly.com/Eggnog-Muffins-Recipezaar_1-181000.s.jpg"
    ], 
    "sourceDisplayName": "Food.com", 
    "recipeName": "Eggnog Muffins", 
    "attributes": {
        "course": [
            "Breads", 
            "Breakfast and Brunch"
        ], 
        "holiday": [
            "Christmas"
        ]
    }, 
    "id": "Eggnog-Muffins-Recipezaar_1"
}{
    "flavors": {
        "sweet": 0.8333333333333334, 
        "sour": 0.16666666666666666, 
        "salty": 0.5, 
        "piquant": 0.0, 
        "bitter": 0.5, 
        "meaty": 0.6666666666666666
    }, 
    "rating": 4.6, 
    "totalTimeInSeconds": 3600.0, 
    "ingredients": [
        "salt", 
        "buttermilk", 
        "rolled oat", 
        "baking powder", 
        "melted butter", 
        "baking soda", 
        "eggs", 
        "light brown sugar", 
        "cinnamon", 
        "flour", 
        "raisins"
    ], 
    "smallImageUrls": [
        "http://i.yummly.com/Oatmeal_raisin-Muffins-Recipezaar-181107.s.jpg"
    ], 
    "sourceDisplayName": "Food.com", 
    "recipeName": "Oatmeal-Raisin Muffins", 
    "attributes": {
        "course": [
            "Breads", 
            "Breakfast and Brunch", 
            "Lunch and Snacks"
        ]
    }, 
    "id": "Oatmeal_raisin-Muffins-Recipezaar"
}{
    "flavors": {
        "sweet": 0.8333333333333334, 
        "sour": 0.3333333333333333, 
        "salty": 0.16666666666666666, 
        "piquant": 0.0, 
        "bitter": 0.16666666666666666, 
        "meaty": 0.3333333333333333
    }, 
    "rating": 5.0, 
    "totalTimeInSeconds": 2100.0, 
    "ingredients": [
        "bananas", 
        "milk", 
        "egg", 
        "light brown sugar", 
        "flour", 
        "chips", 
        "baking powder", 
        "vegetable oil"
    ], 
    "smallImageUrls": [
        "http://i.yummly.com/Chips-Ahoy-Banana-Muffins-Recipezaar-191901.s.jpg"
    ], 
    "sourceDisplayName": "Food.com", 
    "recipeName": "Chips Ahoy Banana Muffins", 
    "attributes": {
        "course": [
            "Breads", 
            "Breakfast and Brunch"
        ]
    }, 
    "id": "Chips-Ahoy-Banana-Muffins-Recipezaar"
}{
    "flavors": null, 
    "rating": 0.0, 
    "totalTimeInSeconds": 0, 
    "ingredients": [
        "heavy cream", 
        "sugar", 
        "pure maple syrup", 
        "canola oil", 
        "milk", 
        "vanilla", 
        "eggs", 
        "powdered sugar", 
        "english muffins"
    ], 
    "smallImageUrls": [
        "http://i.yummly.com/English-muffin-french-toast-308181-272189.s.jpg"
    ], 
    "sourceDisplayName": "The Kitchn", 
    "recipeName": "English Muffin French Toast", 
    "attributes": {}, 
    "id": "English-muffin-french-toast-308181"
}{
    "flavors": {
        "sweet": 0.3333333333333333, 
        "sour": 0.5, 
        "salty": 1.0, 
        "piquant": 0.0, 
        "bitter": 0.6666666666666666, 
        "meaty": 0.6666666666666666
    }, 
    "rating": 0.0, 
    "totalTimeInSeconds": 0, 
    "ingredients": [
        "watercress", 
        "canadian bacon", 
        "english muffins"
    ], 
    "smallImageUrls": [
        "http://i.yummly.com/Classic-Eggs-Benedict-My-Recipes-113966.s.png"
    ], 
    "sourceDisplayName": "MyRecipes", 
    "recipeName": "Classic Eggs Benedict", 
    "attributes": {
        "course": [
            "Breakfast and Brunch"
        ]
    }, 
    "id": "Classic-Eggs-Benedict-My-Recipes"
}{
    "flavors": {
        "sweet": 0.8333333333333334, 
        "sour": 0.3333333333333333, 
        "salty": 0.5, 
        "piquant": 0.0, 
        "bitter": 0.16666666666666666, 
        "meaty": 0.5
    }, 
    "rating": 4.56, 
    "totalTimeInSeconds": 1800.0, 
    "ingredients": [
        "baking powder", 
        "egg", 
        "salt", 
        "vanilla", 
        "butter", 
        "flour", 
        "sugar", 
        "sugar", 
        "baking soda", 
        "low-fat vanilla yogurt"
    ], 
    "smallImageUrls": [
        "http://i.yummly.com/Very-Vanilla-Muffins-Recipezaar-196200.s.jpg"
    ], 
    "sourceDisplayName": "Food.com", 
    "recipeName": "Very Vanilla Muffins", 
    "attributes": {
        "course": [
            "Breads"
        ]
    }, 
    "id": "Very-Vanilla-Muffins-Recipezaar"
}{
    "flavors": {
        "sweet": 0.8333333333333334, 
        "sour": 0.3333333333333333, 
        "salty": 0.3333333333333333, 
        "piquant": 0.0, 
        "bitter": 0.3333333333333333, 
        "meaty": 0.5
    }, 
    "rating": 4.6, 
    "totalTimeInSeconds": 1800.0, 
    "ingredients": [
        "honey", 
        "cinnamon", 
        "brown sugar", 
        "vegetable oil", 
        "salt", 
        "egg substitute", 
        "whole wheat flour", 
        "baking powder", 
        "flour", 
        "skim milk", 
        "blueberries"
    ], 
    "smallImageUrls": [
        "http://i2.yummly.com/Whole-Wheat-Blueberry-Muffins-Recipezaar_2.s.jpg", 
        "http://i.yummly.com/Whole-Wheat-Blueberry-Muffins-Recipezaar_2-184017.s.jpg"
    ], 
    "sourceDisplayName": "Food.com", 
    "recipeName": "Whole Wheat Blueberry Muffins", 
    "attributes": {
        "course": [
            "Breads", 
            "Breakfast and Brunch"
        ]
    }, 
    "id": "Whole-Wheat-Blueberry-Muffins-Recipezaar_2"
}{
    "flavors": {
        "sweet": 0.8333333333333334, 
        "sour": 0.3333333333333333, 
        "salty": 0.3333333333333333, 
        "piquant": 0.0, 
        "bitter": 0.5, 
        "meaty": 0.8333333333333334
    }, 
    "rating": 4.72, 
    "totalTimeInSeconds": 3600.0, 
    "ingredients": [
        "ground cinnamon", 
        "salt", 
        "all-purpose flour", 
        "eggs", 
        "raisins", 
        "grated nutmeg", 
        "vanilla extract", 
        "ground allspice", 
        "brown sugar", 
        "baking powder", 
        "canola oil", 
        "walnuts", 
        "sweet potato"
    ], 
    "smallImageUrls": [
        "http://i.yummly.com/Disappearing-Sweet-Potato-Muffins-Recipezaar-201169.s.jpg"
    ], 
    "sourceDisplayName": "Food.com", 
    "recipeName": "Disappearing Sweet Potato Muffins", 
    "attributes": {
        "course": [
            "Breads", 
            "Breakfast and Brunch"
        ]
    }, 
    "id": "Disappearing-Sweet-Potato-Muffins-Recipezaar"
}{
    "flavors": {
        "sweet": 0.3333333333333333, 
        "sour": 0.3333333333333333, 
        "salty": 0.5, 
        "piquant": 0.0, 
        "bitter": 0.16666666666666666, 
        "meaty": 0.6666666666666666
    }, 
    "rating": 5.0, 
    "totalTimeInSeconds": 2100.0, 
    "ingredients": [
        "salt", 
        "pesto sauce", 
        "milk", 
        "baking powder", 
        "vegetable oil", 
        "egg", 
        "all-purpose flour", 
        "parmesan cheese"
    ], 
    "smallImageUrls": [
        "http://i.yummly.com/Pesto-Surprise-Muffins-Recipezaar-174420.s.jpg"
    ], 
    "sourceDisplayName": "Food.com", 
    "recipeName": "Pesto Surprise Muffins", 
    "attributes": {
        "course": [
            "Breads"
        ]
    }, 
    "id": "Pesto-Surprise-Muffins-Recipezaar"
}{
    "flavors": {
        "sweet": 0.8333333333333334, 
        "sour": 0.5, 
        "salty": 0.5, 
        "piquant": 0.0, 
        "bitter": 0.16666666666666666, 
        "meaty": 0.5
    }, 
    "rating": 4.75, 
    "totalTimeInSeconds": 1800.0, 
    "ingredients": [
        "palm sugar", 
        "vanilla extract", 
        "coconut milk", 
        "eggs", 
        "baking soda", 
        "salt", 
        "durian", 
        "flour"
    ], 
    "smallImageUrls": [
        "http://i.yummly.com/Jonny_s-Durian-Breakfast-Muffins-Recipezaar-200454.s.jpg"
    ], 
    "sourceDisplayName": "Food.com", 
    "recipeName": "Jonny's Durian Breakfast Muffins", 
    "attributes": {
        "course": [
            "Breads", 
            "Breakfast and Brunch"
        ]
    }, 
    "id": "Jonny_s-Durian-Breakfast-Muffins-Recipezaar"
}{
    "flavors": {
        "sweet": 0.3333333333333333, 
        "sour": 0.16666666666666666, 
        "salty": 0.3333333333333333, 
        "piquant": 0.0, 
        "bitter": 0.16666666666666666, 
        "meaty": 0.6666666666666666
    }, 
    "rating": 0.0, 
    "totalTimeInSeconds": 1200.0, 
    "ingredients": [
        "ground turkey", 
        "english muffins, split and toasted", 
        "iceberg lettuce", 
        "skippy super chunk peanut butter", 
        "tomato", 
        "broccoli slaw", 
        "ground black pepper"
    ], 
    "smallImageUrls": [
        "http://i.yummly.com/Open-faced-asian-turkey-burgers-296587-265883.s.jpg"
    ], 
    "sourceDisplayName": "Skippy", 
    "recipeName": "Open-faced Asian Turkey Burgers", 
    "attributes": {
        "course": [
            "Main Dishes", 
            "Lunch and Snacks"
        ], 
        "cuisine": [
            "Asian"
        ]
    }, 
    "id": "Open-faced-asian-turkey-burgers-296587"
}{
    "flavors": {
        "sweet": 0.8333333333333334, 
        "sour": 0.6666666666666666, 
        "salty": 0.3333333333333333, 
        "piquant": 0.0, 
        "bitter": 0.16666666666666666, 
        "meaty": 0.5
    }, 
    "rating": 0.0, 
    "totalTimeInSeconds": 0, 
    "ingredients": [
        "baking powder", 
        "white sugar", 
        "semi-sweet chocolate", 
        "vanilla extract", 
        "softened butter", 
        "egg", 
        "all-purpose flour", 
        "salt", 
        "plain yogurt"
    ], 
    "smallImageUrls": [
        "http://i.yummly.com/Dannon-Chocolate-Chip-Muffins-AllRecipes-38803-94045.s.png", 
        "http://i.yummly.com/Dannon-Chocolate-Chip-Muffins-AllRecipes-38803-93277.s.png"
    ], 
    "sourceDisplayName": "AllRecipes", 
    "recipeName": "Dannon Chocolate Chip Muffins", 
    "attributes": {
        "course": [
            "Breads"
        ]
    }, 
    "id": "Dannon-Chocolate-Chip-Muffins-AllRecipes-38803"
}{
    "flavors": {
        "sweet": 0.8333333333333334, 
        "sour": 0.6666666666666666, 
        "salty": 0.3333333333333333, 
        "piquant": 0.0, 
        "bitter": 0.5, 
        "meaty": 0.3333333333333333
    }, 
    "rating": 4.4, 
    "totalTimeInSeconds": 1200.0, 
    "ingredients": [
        "salt", 
        "baking powder", 
        "sugar", 
        "nutmeg", 
        "sweetened condensed milk", 
        "cinnamon", 
        "brown sugar", 
        "flour", 
        "mashed bananas"
    ], 
    "smallImageUrls": [
        "http://i.yummly.com/Nana-Muffins-Recipezaar-234654.s.jpg"
    ], 
    "sourceDisplayName": "Food.com", 
    "recipeName": "Nana Muffins", 
    "attributes": {
        "course": [
            "Breads", 
            "Breakfast and Brunch"
        ]
    }, 
    "id": "Nana-Muffins-Recipezaar"
}{
    "flavors": {
        "sweet": 1.0, 
        "sour": 0.6666666666666666, 
        "salty": 0.6666666666666666, 
        "piquant": 0.0, 
        "bitter": 1.0, 
        "meaty": 0.5
    }, 
    "rating": 5.0, 
    "totalTimeInSeconds": 2700.0, 
    "ingredients": [
        "chocolate chips", 
        "sugar", 
        "pumpkin", 
        "oil", 
        "eggs", 
        "salt", 
        "baking soda", 
        "pumpkin pie spice", 
        "flour", 
        "apples"
    ], 
    "smallImageUrls": [
        "http://i.yummly.com/Apple-Pumpkin-Muffins-Recipezaar-254781.s.jpg"
    ], 
    "sourceDisplayName": "Food.com", 
    "recipeName": "Apple Pumpkin Muffins", 
    "attributes": {
        "course": [
            "Breads"
        ]
    }, 
    "id": "Apple-Pumpkin-Muffins-Recipezaar"
}{
    "flavors": {
        "sweet": 1.0, 
        "sour": 0.16666666666666666, 
        "salty": 0.6666666666666666, 
        "piquant": 0.0, 
        "bitter": 0.16666666666666666, 
        "meaty": 0.3333333333333333
    }, 
    "rating": 5.0, 
    "totalTimeInSeconds": 3000.0, 
    "ingredients": [
        "mashed bananas", 
        "granulated sugar", 
        "walnut oil", 
        "potato starch", 
        "eggs", 
        "baking soda", 
        "cream of tartar", 
        "ground cinnamon", 
        "matzo meal", 
        "walnuts"
    ], 
    "smallImageUrls": [
        "http://i.yummly.com/Banana-Nut-Muffins-Food_com-63798-230448.s.jpg"
    ], 
    "sourceDisplayName": "Food.com", 
    "recipeName": "Banana Nut Muffins", 
    "attributes": {
        "course": [
            "Breads", 
            "Lunch and Snacks"
        ]
    }, 
    "id": "Banana-Nut-Muffins-Food_com-63798"
}{
    "flavors": {
        "sweet": 0.8333333333333334, 
        "sour": 0.5, 
        "salty": 0.16666666666666666, 
        "piquant": 0.0, 
        "bitter": 0.8333333333333334, 
        "meaty": 0.6666666666666666
    }, 
    "rating": 3.26, 
    "totalTimeInSeconds": 0, 
    "ingredients": [
        "peeled fresh ginger", 
        "ground cinnamon", 
        "unsalted butter", 
        "baking powder", 
        "shells", 
        "sugar", 
        "salt", 
        "ground cloves", 
        "chopped walnuts", 
        "all purpose flour", 
        "vegetable oil spray", 
        "pumpkin puree", 
        "milk", 
        "golden brown sugar", 
        "eggs", 
        "wheat flour"
    ], 
    "smallImageUrls": [], 
    "sourceDisplayName": "Epicurious", 
    "recipeName": "Spiced Pumpkin Muffins", 
    "attributes": {
        "course": [
            "Breads", 
            "Breakfast and Brunch"
        ], 
        "holiday": [
            "Thanksgiving"
        ], 
        "cuisine": [
            "American"
        ]
    }, 
    "id": "Spiced-Pumpkin-Muffins-Epicurious"
}{
    "flavors": {
        "sweet": 1.0, 
        "sour": 0.3333333333333333, 
        "salty": 0.5, 
        "piquant": 0.0, 
        "bitter": 0.16666666666666666, 
        "meaty": 0.5
    }, 
    "rating": 4.75, 
    "totalTimeInSeconds": 2700.0, 
    "ingredients": [
        "vegetable oil", 
        "eggs", 
        "peaches", 
        "baking soda", 
        "sugar", 
        "salt", 
        "ground cinnamon", 
        "vanilla extract", 
        "all-purpose flour"
    ], 
    "smallImageUrls": [
        "http://i.yummly.com/Golden-Peach-Muffins-Recipezaar-185347.s.jpg"
    ], 
    "sourceDisplayName": "Food.com", 
    "recipeName": "Golden Peach Muffins", 
    "attributes": {
        "course": [
            "Breads"
        ]
    }, 
    "id": "Golden-Peach-Muffins-Recipezaar"
}{
    "flavors": {
        "sweet": 0.3333333333333333, 
        "sour": 0.3333333333333333, 
        "salty": 0.6666666666666666, 
        "piquant": 0.0, 
        "bitter": 0.6666666666666666, 
        "meaty": 0.8333333333333334
    }, 
    "rating": 4.0, 
    "totalTimeInSeconds": 1800.0, 
    "ingredients": [
        "english muffins", 
        "onion", 
        "green pepper", 
        "rice", 
        "sauce", 
        "ground chicken"
    ], 
    "smallImageUrls": [
        "http://i.yummly.com/Fancy-Joes-Allrecipes-77245.s.png"
    ], 
    "sourceDisplayName": "Taste of Home", 
    "recipeName": "Fancy Joes", 
    "attributes": {}, 
    "id": "Fancy-Joes-TasteOfHome"
}{
    "flavors": {
        "sweet": 0.8333333333333334, 
        "sour": 0.5, 
        "salty": 0.6666666666666666, 
        "piquant": 0.0, 
        "bitter": 0.5, 
        "meaty": 0.5
    }, 
    "rating": 4.86, 
    "totalTimeInSeconds": 1200.0, 
    "ingredients": [
        "beaten eggs", 
        "milk", 
        "strawberry jam", 
        "salt", 
        "sugar", 
        "baking powder", 
        "cinnamon", 
        "melted butter", 
        "flour"
    ], 
    "smallImageUrls": [
        "http://i.yummly.com/Stuffed-Strawberry-Muffins-Recipezaar-232748.s.jpg"
    ], 
    "sourceDisplayName": "Food.com", 
    "recipeName": "Stuffed  Strawberry Muffins", 
    "attributes": {
        "course": [
            "Breads", 
            "Breakfast and Brunch", 
            "Lunch and Snacks"
        ]
    }, 
    "id": "Stuffed-Strawberry-Muffins-Recipezaar"
}{
    "flavors": {
        "sweet": 0.5, 
        "sour": 0.5, 
        "salty": 0.8333333333333334, 
        "piquant": 0.8333333333333334, 
        "bitter": 0.6666666666666666, 
        "meaty": 0.6666666666666666
    }, 
    "rating": 3.88, 
    "totalTimeInSeconds": 2400.0, 
    "ingredients": [
        "jalapeno peppers", 
        "white cornmeal", 
        "sugar", 
        "buttermilk", 
        "cheddar cheese", 
        "baking powder", 
        "vegetable oil", 
        "cayenne", 
        "salt", 
        "corn kernels", 
        "softened butter", 
        "beaten eggs", 
        "all-purpose flour"
    ], 
    "smallImageUrls": [], 
    "sourceDisplayName": "Food Network", 
    "recipeName": "Cheesy Corn Jalapeno Muffins", 
    "attributes": {
        "course": [
            "Breads"
        ]
    }, 
    "id": "Cheesy-Corn-Jalapeno-Muffins-Food-Network"
}{
    "flavors": {
        "bitter": 0.5, 
        "sweet": 0.6666666666666666, 
        "sour": 0.8333333333333334, 
        "salty": 0.16666666666666666, 
        "meaty": 0.3333333333333333
    }, 
    "rating": 4.75, 
    "totalTimeInSeconds": 1800.0, 
    "ingredients": [
        "water", 
        "pumpkin", 
        "spice cake mix"
    ], 
    "smallImageUrls": [
        "http://i2.yummly.com/Weight-Watchers-2-Point_-Pumpkin-Muffins-Recipezaar.s.jpg", 
        "http://i.yummly.com/Weight-Watchers-2-Point_-Pumpkin-Muffins-Recipezaar-199148.s.jpg"
    ], 
    "sourceDisplayName": "Food.com", 
    "recipeName": "Weight Watchers 2 Point- Pumpkin Muffins", 
    "attributes": {
        "course": [
            "Breads", 
            "Lunch and Snacks"
        ]
    }, 
    "id": "Weight-Watchers-2-Point_-Pumpkin-Muffins-Recipezaar"
}{
    "flavors": {
        "sweet": 0.5, 
        "sour": 0.3333333333333333, 
        "salty": 0.3333333333333333, 
        "piquant": 0.0, 
        "bitter": 0.16666666666666666, 
        "meaty": 0.3333333333333333
    }, 
    "rating": 4.75, 
    "totalTimeInSeconds": 1500.0, 
    "ingredients": [
        "baking powder", 
        "egg", 
        "baking soda", 
        "sugar", 
        "salt", 
        "beer", 
        "flour", 
        "low-fat cheddar cheese"
    ], 
    "smallImageUrls": [
        "http://i2.yummly.com/Beer-_-Cheese-Muffins-Recipezaar.s.png"
    ], 
    "sourceDisplayName": "Food.com", 
    "recipeName": "Beer & Cheese Muffins", 
    "attributes": {
        "course": [
            "Breads"
        ]
    }, 
    "id": "Beer-_-Cheese-Muffins-Recipezaar"
}{
    "flavors": {
        "sweet": 1.0, 
        "sour": 0.5, 
        "salty": 0.3333333333333333, 
        "piquant": 0.0, 
        "bitter": 0.16666666666666666, 
        "meaty": 0.5
    }, 
    "rating": 5.0, 
    "totalTimeInSeconds": 3000.0, 
    "ingredients": [
        "cranberries", 
        "eggs", 
        "butter", 
        "baking powder", 
        "sugar", 
        "sugar", 
        "vanilla bean", 
        "salt", 
        "milk", 
        "flour", 
        "nutmeg"
    ], 
    "smallImageUrls": [
        "http://i.yummly.com/Cranberry-Muffins-Recipezaar_4-187461.s.jpg"
    ], 
    "sourceDisplayName": "Food.com", 
    "recipeName": "Cranberry Muffins", 
    "attributes": {
        "course": [
            "Breads", 
            "Breakfast and Brunch"
        ], 
        "holiday": [
            "Thanksgiving"
        ]
    }, 
    "id": "Cranberry-Muffins-Recipezaar_4"
}{
    "flavors": {
        "sweet": 0.16666666666666666, 
        "sour": 0.6666666666666666, 
        "salty": 0.8333333333333334, 
        "piquant": 0.0, 
        "bitter": 0.5, 
        "meaty": 1.0
    }, 
    "rating": 3.65, 
    "totalTimeInSeconds": 2100.0, 
    "ingredients": [
        "shredded cheddar cheese", 
        "finely chopped onion", 
        "ground beef", 
        "pepper", 
        "salt", 
        "eggs", 
        "milk", 
        "corn", 
        "muffin mix", 
        "pickled jalapenos"
    ], 
    "smallImageUrls": [
        "http://i.yummly.com/Cornbread-That-Is-A-Meal-Allrecipes-51766.s.png"
    ], 
    "sourceDisplayName": "AllRecipes", 
    "recipeName": "Cornbread that is a Meal", 
    "attributes": {
        "course": [
            "Breads", 
            "Main Dishes"
        ]
    }, 
    "id": "Cornbread-That-Is-A-Meal-Allrecipes"
}{
    "flavors": {
        "sweet": 0.6666666666666666, 
        "sour": 0.8333333333333334, 
        "salty": 0.8333333333333334, 
        "piquant": 0.0, 
        "bitter": 0.5, 
        "meaty": 0.3333333333333333
    }, 
    "rating": 0.0, 
    "totalTimeInSeconds": 0, 
    "ingredients": [
        "golden raisins", 
        "dried apple", 
        "muffin mix"
    ], 
    "smallImageUrls": [
        "http://i.yummly.com/Cinnamon-Streusel-Muffins-My-Recipes-135547.s.png"
    ], 
    "sourceDisplayName": "MyRecipes", 
    "recipeName": "Cinnamon Streusel Muffins", 
    "attributes": {
        "course": [
            "Breads", 
            "Breakfast and Brunch"
        ], 
        "cuisine": [
            "American"
        ]
    }, 
    "id": "Cinnamon-Streusel-Muffins-My-Recipes"
}{
    "flavors": {
        "sweet": 0.8333333333333334, 
        "sour": 0.5, 
        "salty": 0.5, 
        "piquant": 0.0, 
        "bitter": 0.8333333333333334, 
        "meaty": 0.5
    }, 
    "rating": 4.71, 
    "totalTimeInSeconds": 2100.0, 
    "ingredients": [
        "canola oil", 
        "chopped walnuts", 
        "sugar", 
        "baking soda", 
        "whole wheat flour", 
        "large egg", 
        "all-purpose flour", 
        "low-fat buttermilk", 
        "banana", 
        "baking powder", 
        "vanilla"
    ], 
    "smallImageUrls": [], 
    "sourceDisplayName": "Food.com", 
    "recipeName": "Banana-Buttermilk Muffins", 
    "attributes": {
        "course": [
            "Breads", 
            "Breakfast and Brunch"
        ]
    }, 
    "id": "Banana_buttermilk-Muffins-Recipezaar"
}{
    "flavors": {
        "sweet": 0.16666666666666666, 
        "sour": 0.0, 
        "salty": 0.16666666666666666, 
        "piquant": 0.3333333333333333, 
        "bitter": 0.16666666666666666, 
        "meaty": 0.16666666666666666
    }, 
    "rating": 4.5, 
    "totalTimeInSeconds": 420.0, 
    "ingredients": [
        "fat-free cheese", 
        "egg white", 
        "whole wheat english muffin", 
        "pepper", 
        "dijon mustard"
    ], 
    "smallImageUrls": [], 
    "sourceDisplayName": "Food.com", 
    "recipeName": "Whole Wheat Egg 'mc'muffin", 
    "attributes": {
        "course": [
            "Breakfast and Brunch", 
            "Lunch and Snacks"
        ]
    }, 
    "id": "Whole-Wheat-Egg-_mc_muffin-Recipezaar"
}{
    "flavors": {
        "sweet": 0.8333333333333334, 
        "sour": 0.16666666666666666, 
        "salty": 0.3333333333333333, 
        "piquant": 0.0, 
        "bitter": 0.16666666666666666, 
        "meaty": 0.16666666666666666
    }, 
    "rating": 5.0, 
    "totalTimeInSeconds": 2100.0, 
    "ingredients": [
        "whole wheat pastry flour", 
        "honey", 
        "skim milk", 
        "baking powder", 
        "bananas", 
        "salt", 
        "applesauce"
    ], 
    "smallImageUrls": [], 
    "sourceDisplayName": "Food.com", 
    "recipeName": "Lullaby Muffins", 
    "attributes": {
        "course": [
            "Breads"
        ]
    }, 
    "id": "Lullaby-Muffins-Recipezaar"
}{
    "flavors": {
        "sweet": 0.8333333333333334, 
        "sour": 0.3333333333333333, 
        "salty": 0.6666666666666666, 
        "piquant": 0.0, 
        "bitter": 0.16666666666666666, 
        "meaty": 0.3333333333333333
    }, 
    "rating": 4.5, 
    "totalTimeInSeconds": 1500.0, 
    "ingredients": [
        "salt", 
        "butter", 
        "bananas", 
        "baking soda", 
        "white sugar", 
        "egg", 
        "all-purpose flour", 
        "baking powder"
    ], 
    "smallImageUrls": [
        "http://i.yummly.com/Banana-Muffins-Recipezaar_35-198950.s.jpg"
    ], 
    "sourceDisplayName": "Food.com", 
    "recipeName": "Banana Muffins", 
    "attributes": {
        "course": [
            "Breads", 
            "Breakfast and Brunch", 
            "Lunch and Snacks"
        ]
    }, 
    "id": "Banana-Muffins-Recipezaar_35"
}{
    "flavors": {
        "sweet": 0.8333333333333334, 
        "sour": 0.3333333333333333, 
        "salty": 0.3333333333333333, 
        "piquant": 0.0, 
        "bitter": 0.16666666666666666, 
        "meaty": 0.5
    }, 
    "rating": 4.67, 
    "totalTimeInSeconds": 1800.0, 
    "ingredients": [
        "salt", 
        "vegetable oil", 
        "egg", 
        "baking powder", 
        "honey", 
        "milk", 
        "flour", 
        "whole wheat flour"
    ], 
    "smallImageUrls": [
        "http://i.yummly.com/Honey-Wheat-Muffins-Recipezaar_2-186561.s.jpg"
    ], 
    "sourceDisplayName": "Food.com", 
    "recipeName": "Honey Wheat Muffins", 
    "attributes": {
        "course": [
            "Breads", 
            "Breakfast and Brunch", 
            "Lunch and Snacks"
        ]
    }, 
    "id": "Honey-Wheat-Muffins-Recipezaar_2"
}{
    "flavors": {
        "sweet": 0.16666666666666666, 
        "sour": 0.8333333333333334, 
        "salty": 0.8333333333333334, 
        "piquant": 0.6666666666666666, 
        "bitter": 0.5, 
        "meaty": 0.5
    }, 
    "rating": 4.03, 
    "totalTimeInSeconds": 3000.0, 
    "ingredients": [
        "sun-dried tomatoes", 
        "muffin mix", 
        "chili powder", 
        "eggs", 
        "milk", 
        "butter"
    ], 
    "smallImageUrls": [], 
    "sourceDisplayName": "Food Network", 
    "recipeName": "Spicy Italian Corn Bread", 
    "attributes": {
        "course": [
            "Breads"
        ]
    }, 
    "id": "Spicy-Italian-Corn-Bread-Food-Network"
}{
    "flavors": {
        "sweet": 0.6666666666666666, 
        "sour": 0.16666666666666666, 
        "salty": 0.5, 
        "piquant": 0.0, 
        "bitter": 0.5, 
        "meaty": 0.3333333333333333
    }, 
    "rating": 4.67, 
    "totalTimeInSeconds": 1800.0, 
    "ingredients": [
        "bananas", 
        "oat bran", 
        "flour", 
        "baking powder", 
        "sugar", 
        "skim milk", 
        "salt", 
        "unsweetened applesauce", 
        "baking soda", 
        "vanilla"
    ], 
    "smallImageUrls": [
        "http://i.yummly.com/Banana_oat-Bran-Muffins-Recipezaar-230046.s.jpg"
    ], 
    "sourceDisplayName": "Food.com", 
    "recipeName": "Banana-Oat Bran Muffins", 
    "attributes": {
        "course": [
            "Breads"
        ]
    }, 
    "id": "Banana_oat-Bran-Muffins-Recipezaar"
}{
    "flavors": {
        "sweet": 0.0, 
        "sour": 0.8333333333333334, 
        "salty": 0.16666666666666666, 
        "piquant": 0.0, 
        "bitter": 0.16666666666666666, 
        "meaty": 0.6666666666666666
    }, 
    "rating": 0.0, 
    "totalTimeInSeconds": 3300.0, 
    "ingredients": [
        "baking powder", 
        "large eggs", 
        "salt", 
        "cornmeal", 
        "milk", 
        "unsalted butter", 
        "all-purpose flour", 
        "sugar"
    ], 
    "smallImageUrls": [], 
    "sourceDisplayName": "Food Network", 
    "recipeName": "Corn Muffins", 
    "attributes": {
        "course": [
            "Breads", 
            "Breakfast and Brunch"
        ], 
        "holiday": [
            "Thanksgiving"
        ], 
        "cuisine": [
            "American"
        ]
    }, 
    "id": "Corn-Muffins-Food-Network-271515"
}{
    "flavors": {
        "sweet": 0.8333333333333334, 
        "sour": 0.3333333333333333, 
        "salty": 0.16666666666666666, 
        "piquant": 0.0, 
        "bitter": 0.8333333333333334, 
        "meaty": 0.6666666666666666
    }, 
    "rating": 5.0, 
    "totalTimeInSeconds": 1500.0, 
    "ingredients": [
        "baking powder", 
        "all-purpose flour", 
        "chopped walnuts", 
        "margarine", 
        "milk", 
        "maple syrup", 
        "egg", 
        "cinnamon", 
        "rolled oats"
    ], 
    "smallImageUrls": [
        "http://i2.yummly.com/Maple-Oatmeal-Muffins-Recipezaar_2.s.png", 
        "http://i.yummly.com/Maple-Oatmeal-Muffins-Recipezaar_2-198942.s.jpg"
    ], 
    "sourceDisplayName": "Food.com", 
    "recipeName": "Maple Oatmeal Muffins", 
    "attributes": {
        "course": [
            "Breads", 
            "Breakfast and Brunch"
        ]
    }, 
    "id": "Maple-Oatmeal-Muffins-Recipezaar_2"
}{
    "flavors": {
        "sweet": 0.8333333333333334, 
        "sour": 0.3333333333333333, 
        "salty": 0.5, 
        "piquant": 0.0, 
        "bitter": 0.8333333333333334, 
        "meaty": 0.6666666666666666
    }, 
    "rating": 5.0, 
    "totalTimeInSeconds": 6300.0, 
    "ingredients": [
        "baking soda", 
        "chocolate", 
        "whole wheat flour", 
        "unsweetened applesauce", 
        "nonfat milk", 
        "unsweetened cocoa powder", 
        "old fashioned oats", 
        "egg whites", 
        "baking powder", 
        "splenda", 
        "salt"
    ], 
    "smallImageUrls": [
        "http://i.yummly.com/Low-Fat-Dark-Chocolate-Muffins-Recipezaar-16152.s.png", 
        "http://i.yummly.com/Low-Fat-Dark-Chocolate-Muffins-Recipezaar-171035.s.jpg"
    ], 
    "sourceDisplayName": "Food.com", 
    "recipeName": "Low Fat Dark Chocolate Muffins", 
    "attributes": {
        "course": [
            "Breads", 
            "Lunch and Snacks"
        ]
    }, 
    "id": "Low-Fat-Dark-Chocolate-Muffins-Recipezaar"
}{
    "flavors": {
        "sweet": 0.6666666666666666, 
        "sour": 0.3333333333333333, 
        "salty": 0.6666666666666666, 
        "piquant": 0.0, 
        "bitter": 0.3333333333333333, 
        "meaty": 0.5
    }, 
    "rating": 4.25, 
    "totalTimeInSeconds": 2400.0, 
    "ingredients": [
        "salt", 
        "egg", 
        "sugar", 
        "baking powder", 
        "butter", 
        "milk", 
        "flour", 
        "popcorn"
    ], 
    "smallImageUrls": [
        "http://i.yummly.com/Popcorn-Muffins-Recipezaar-182189.s.jpg"
    ], 
    "sourceDisplayName": "Food.com", 
    "recipeName": "Popcorn Muffins", 
    "attributes": {
        "course": [
            "Breads"
        ]
    }, 
    "id": "Popcorn-Muffins-Recipezaar"
}{
    "flavors": {
        "sweet": 0.8333333333333334, 
        "sour": 0.3333333333333333, 
        "salty": 0.3333333333333333, 
        "piquant": 0.0, 
        "bitter": 0.16666666666666666, 
        "meaty": 0.5
    }, 
    "rating": 4.56, 
    "totalTimeInSeconds": 2100.0, 
    "ingredients": [
        "egg", 
        "sugar", 
        "flaked coconut", 
        "bananas", 
        "baking powder", 
        "salt", 
        "unsalted butter", 
        "vanilla", 
        "all-purpose flour"
    ], 
    "smallImageUrls": [
        "http://i.yummly.com/Banana-Coconut-Muffins-Recipezaar_3-196046.s.jpg"
    ], 
    "sourceDisplayName": "Food.com", 
    "recipeName": "Banana Coconut Muffins", 
    "attributes": {
        "course": [
            "Breads", 
            "Breakfast and Brunch", 
            "Lunch and Snacks"
        ], 
        "cuisine": [
            "American"
        ]
    }, 
    "id": "Banana-Coconut-Muffins-Recipezaar_3"
}{
    "flavors": {
        "sweet": 1.0, 
        "sour": 0.8333333333333334, 
        "salty": 0.6666666666666666, 
        "piquant": 0.0, 
        "bitter": 0.5, 
        "meaty": 0.3333333333333333
    }, 
    "rating": 0.0, 
    "totalTimeInSeconds": 2100.0, 
    "ingredients": [
        "country crock spread", 
        "baking powder", 
        "all-purpose flour", 
        "salt", 
        "baking soda", 
        "lemon", 
        "eggs", 
        "yogurt", 
        "sugar", 
        "fresh blueberries"
    ], 
    "smallImageUrls": [
        "http://i.yummly.com/Lemon-blueberry-muffins-298658-267297.s.jpg"
    ], 
    "sourceDisplayName": "Country Crock", 
    "recipeName": "Lemon Blueberry Muffins", 
    "attributes": {
        "course": [
            "Breads", 
            "Breakfast and Brunch", 
            "Lunch and Snacks"
        ]
    }, 
    "id": "Lemon-blueberry-muffins-298658"
}{
    "flavors": {
        "sweet": 0.8333333333333334, 
        "sour": 0.5, 
        "salty": 0.6666666666666666, 
        "piquant": 0.0, 
        "bitter": 0.6666666666666666, 
        "meaty": 0.6666666666666666
    }, 
    "rating": 0.0, 
    "totalTimeInSeconds": 1920.0, 
    "ingredients": [
        "all-purpose flour", 
        "english muffins, split and toasted", 
        "cilantro", 
        "onion", 
        "milk", 
        "cornmeal", 
        "red bell pepper, sliced", 
        "cornstarch", 
        "baking powder", 
        "chopped fresh cilantro", 
        "i can't believe it's not butter! spread", 
        "grated lime peel", 
        "large eggs", 
        "shredded monterey jack cheese", 
        "salt", 
        "i can't believe it's not butter!", 
        "sugar"
    ], 
    "smallImageUrls": [
        "http://i.yummly.com/Cornmeal-muffins-with-cilantro-spread-297069-266220.s.jpg"
    ], 
    "sourceDisplayName": "I Can't Believe It's Not Butter!", 
    "recipeName": "Cornmeal Muffins With Cilantro Spread", 
    "attributes": {
        "course": [
            "Breads"
        ], 
        "holiday": [
            "Thanksgiving"
        ]
    }, 
    "id": "Cornmeal-muffins-with-cilantro-spread-297069"
}{
    "flavors": {
        "sweet": 0.8333333333333334, 
        "sour": 0.5, 
        "salty": 0.8333333333333334, 
        "piquant": 0.0, 
        "bitter": 0.8333333333333334, 
        "meaty": 0.5
    }, 
    "rating": 5.0, 
    "totalTimeInSeconds": 2400.0, 
    "ingredients": [
        "egg", 
        "blueberries", 
        "vegetable oil", 
        "salt", 
        "oatmeal", 
        "sugar", 
        "baking powder", 
        "milk", 
        "plain flour"
    ], 
    "smallImageUrls": [
        "http://i.yummly.com/Blueberry-Muffins_-Recipezaar-161607.s.jpg"
    ], 
    "sourceDisplayName": "Food.com", 
    "recipeName": "Blueberry Muffins!", 
    "attributes": {
        "course": [
            "Breads", 
            "Breakfast and Brunch"
        ]
    }, 
    "id": "Blueberry-Muffins_-Recipezaar"
}{
    "flavors": {
        "sweet": 0.6666666666666666, 
        "sour": 0.6666666666666666, 
        "salty": 0.8333333333333334, 
        "piquant": 0.6666666666666666, 
        "bitter": 0.8333333333333334, 
        "meaty": 0.8333333333333334
    }, 
    "rating": 4.77, 
    "totalTimeInSeconds": 1200.0, 
    "ingredients": [
        "lemon juice", 
        "salt", 
        "cayenne pepper", 
        "butter", 
        "avocado", 
        "sugar", 
        "egg", 
        "spring onions", 
        "cheese", 
        "milk", 
        "flour", 
        "bacon", 
        "baking powder"
    ], 
    "smallImageUrls": [
        "http://i.yummly.com/Avocado-And-Bacon-Muffins-Recipezaar-158531.s.jpg"
    ], 
    "sourceDisplayName": "Food.com", 
    "recipeName": "Avocado and Bacon Muffins", 
    "attributes": {
        "course": [
            "Breads", 
            "Lunch and Snacks"
        ]
    }, 
    "id": "Avocado-And-Bacon-Muffins-Recipezaar"
}{
    "flavors": {
        "sweet": 1.0, 
        "sour": 0.8333333333333334, 
        "salty": 0.3333333333333333, 
        "piquant": 0.0, 
        "bitter": 0.16666666666666666, 
        "meaty": 0.5
    }, 
    "rating": 5.0, 
    "totalTimeInSeconds": 2100.0, 
    "ingredients": [
        "coconut", 
        "baking powder", 
        "pineapple", 
        "vanilla", 
        "sugar", 
        "eggs", 
        "salt", 
        "flour", 
        "butter"
    ], 
    "smallImageUrls": [
        "http://i.yummly.com/Pineapple-_-Coconut-Muffins-Recipezaar_1-189554.s.jpg"
    ], 
    "sourceDisplayName": "Food.com", 
    "recipeName": "Pineapple - Coconut Muffins", 
    "attributes": {
        "course": [
            "Breads", 
            "Breakfast and Brunch"
        ]
    }, 
    "id": "Pineapple-_-Coconut-Muffins-Recipezaar_1"
}{
    "flavors": {
        "sweet": 0.8333333333333334, 
        "sour": 0.6666666666666666, 
        "salty": 0.3333333333333333, 
        "piquant": 0.0, 
        "bitter": 0.16666666666666666, 
        "meaty": 0.5
    }, 
    "rating": 4.63, 
    "totalTimeInSeconds": 3000.0, 
    "ingredients": [
        "milk", 
        "crushed pineapple", 
        "baking powder", 
        "sugar", 
        "salt", 
        "ground cinnamon", 
        "beaten eggs", 
        "melted butter", 
        "brown sugar", 
        "nutmeg", 
        "all-purpose flour", 
        "all-purpose flour"
    ], 
    "smallImageUrls": [
        "http://i.yummly.com/Pineapple-Muffins-Recipezaar_1-219675.s.jpg"
    ], 
    "sourceDisplayName": "Food.com", 
    "recipeName": "Pineapple Muffins", 
    "attributes": {
        "course": [
            "Breads", 
            "Breakfast and Brunch"
        ]
    }, 
    "id": "Pineapple-Muffins-Recipezaar_1"
}{
    "flavors": {
        "sweet": 1.0, 
        "sour": 0.5, 
        "salty": 0.6666666666666666, 
        "piquant": 0.0, 
        "bitter": 0.8333333333333334, 
        "meaty": 0.6666666666666666
    }, 
    "rating": 4.81, 
    "totalTimeInSeconds": 2700.0, 
    "ingredients": [
        "salt", 
        "buttermilk", 
        "canned pumpkin", 
        "baking soda", 
        "all-purpose flour", 
        "chopped walnuts", 
        "ground cinnamon", 
        "vanilla extract", 
        "raisins", 
        "sugar", 
        "vegetable oil", 
        "baking powder", 
        "eggs", 
        "ground allspice"
    ], 
    "smallImageUrls": [
        "http://i.yummly.com/Pueblo-Pumpkin-Muffins-Recipezaar-262741.s.jpg"
    ], 
    "sourceDisplayName": "Food.com", 
    "recipeName": "Pueblo Pumpkin Muffins", 
    "attributes": {
        "course": [
            "Breads", 
            "Breakfast and Brunch"
        ]
    }, 
    "id": "Pueblo-Pumpkin-Muffins-Recipezaar"
}{
    "flavors": {
        "sweet": 0.8333333333333334, 
        "sour": 0.3333333333333333, 
        "salty": 0.16666666666666666, 
        "piquant": 0.0, 
        "bitter": 0.5, 
        "meaty": 0.8333333333333334
    }, 
    "rating": 5.0, 
    "totalTimeInSeconds": 2700.0, 
    "ingredients": [
        "baking powder", 
        "oil", 
        "eggs", 
        "flour", 
        "yoghurt", 
        "sugar", 
        "plums", 
        "biscuits"
    ], 
    "smallImageUrls": [
        "http://i.yummly.com/Plum_amarettini_muffins-Recipezaar-224230.s.jpg"
    ], 
    "sourceDisplayName": "Food.com", 
    "recipeName": "Plum-Amarettini-Muffins", 
    "attributes": {
        "course": [
            "Breads"
        ]
    }, 
    "id": "Plum_amarettini_muffins-Recipezaar"
}{
    "flavors": {
        "sweet": 1.0, 
        "sour": 0.6666666666666666, 
        "salty": 0.16666666666666666, 
        "piquant": 0.0, 
        "bitter": 0.3333333333333333, 
        "meaty": 0.3333333333333333
    }, 
    "rating": 3.5, 
    "totalTimeInSeconds": 1200.0, 
    "ingredients": [
        "baking powder", 
        "flour", 
        "sugar", 
        "brown sugar", 
        "milk", 
        "bananas"
    ], 
    "smallImageUrls": [
        "http://i.yummly.com/Banana-Muffins-Recipezaar_13-234509.s.jpg"
    ], 
    "sourceDisplayName": "Food.com", 
    "recipeName": "Banana Muffins", 
    "attributes": {
        "course": [
            "Breads", 
            "Breakfast and Brunch", 
            "Lunch and Snacks"
        ]
    }, 
    "id": "Banana-Muffins-Recipezaar_13"
}{
    "flavors": {
        "sweet": 0.16666666666666666, 
        "sour": 0.16666666666666666, 
        "salty": 0.16666666666666666, 
        "piquant": 0.0, 
        "bitter": 0.16666666666666666, 
        "meaty": 0.16666666666666666
    }, 
    "rating": 5.0, 
    "totalTimeInSeconds": 2400.0, 
    "ingredients": [
        "dried cranberries", 
        "lemon zest", 
        "grapeseed oil", 
        "baking soda", 
        "eggs", 
        "agave nectar", 
        "blanched almond", 
        "sea salt"
    ], 
    "smallImageUrls": [
        "http://i.yummly.com/Cranberry-Lemon-Muffins-Recipezaar-204044.s.jpg"
    ], 
    "sourceDisplayName": "Food.com", 
    "recipeName": "Cranberry Lemon Muffins", 
    "attributes": {
        "course": [
            "Breads"
        ]
    }, 
    "id": "Cranberry-Lemon-Muffins-Recipezaar"
}{
    "flavors": {
        "sweet": 0.8333333333333334, 
        "sour": 0.6666666666666666, 
        "salty": 0.6666666666666666, 
        "piquant": 0.0, 
        "bitter": 0.16666666666666666, 
        "meaty": 0.5
    }, 
    "rating": 0.0, 
    "totalTimeInSeconds": 2100.0, 
    "ingredients": [
        "vanilla extract", 
        "white sugar", 
        "all-purpose flour", 
        "baking powder", 
        "baking soda", 
        "melted butter", 
        "ground nutmeg", 
        "egg", 
        "salt", 
        "buttermilk"
    ], 
    "smallImageUrls": [
        "http://i.yummly.com/Basic-Buttermilk-Muffins-AllRecipes-201187-72894.s.png"
    ], 
    "sourceDisplayName": "AllRecipes", 
    "recipeName": "Basic Buttermilk Muffins", 
    "attributes": {
        "course": [
            "Breads"
        ]
    }, 
    "id": "Basic-Buttermilk-Muffins-AllRecipes-201187"
}{
    "flavors": {
        "sweet": 1.0, 
        "sour": 0.3333333333333333, 
        "salty": 0.6666666666666666, 
        "piquant": 0.0, 
        "bitter": 0.3333333333333333, 
        "meaty": 0.6666666666666666
    }, 
    "rating": 5.0, 
    "totalTimeInSeconds": 2220.0, 
    "ingredients": [
        "eggs", 
        "flour", 
        "chopped walnuts", 
        "bran", 
        "bananas", 
        "baking soda", 
        "sugar", 
        "raisins", 
        "butter", 
        "salt", 
        "orange juice concentrate"
    ], 
    "smallImageUrls": [
        "http://i.yummly.com/Banana-Bran-Muffins-Recipezaar_4-193289.s.jpg"
    ], 
    "sourceDisplayName": "Food.com", 
    "recipeName": "Banana Bran Muffins", 
    "attributes": {
        "course": [
            "Breads", 
            "Breakfast and Brunch", 
            "Lunch and Snacks"
        ]
    }, 
    "id": "Banana-Bran-Muffins-Recipezaar_4"
}{
    "flavors": {
        "sweet": 0.5, 
        "sour": 0.5, 
        "salty": 0.8333333333333334, 
        "piquant": 0.6666666666666666, 
        "bitter": 0.5, 
        "meaty": 0.5
    }, 
    "rating": 3.89, 
    "totalTimeInSeconds": 2400.0, 
    "ingredients": [
        "cayenne pepper", 
        "finely chopped onion", 
        "eggs", 
        "baking powder", 
        "shredded cheddar", 
        "jalapenos", 
        "vegetable oil", 
        "jalapenos", 
        "salt", 
        "unsalted butter", 
        "yellow cornmeal", 
        "buttermilk", 
        "corn kernels", 
        "all-purpose flour", 
        "honey"
    ], 
    "smallImageUrls": [], 
    "sourceDisplayName": "Food Network", 
    "recipeName": "Jalapeno Corn Muffins", 
    "attributes": {
        "course": [
            "Breads"
        ], 
        "cuisine": [
            "American"
        ]
    }, 
    "id": "Jalapeno-Corn-Muffins-Food-Network"
}{
    "flavors": {
        "sweet": 1.0, 
        "sour": 0.3333333333333333, 
        "salty": 0.3333333333333333, 
        "piquant": 0.0, 
        "bitter": 0.16666666666666666, 
        "meaty": 0.6666666666666666
    }, 
    "rating": 5.0, 
    "totalTimeInSeconds": 2100.0, 
    "ingredients": [
        "sour cream", 
        "sugar", 
        "eggs", 
        "flour", 
        "baking powder", 
        "marmalade", 
        "butter", 
        "vanilla"
    ], 
    "smallImageUrls": [
        "http://i.yummly.com/My-Orange-Marmalade-Muffins-Recipezaar-174020.s.jpg"
    ], 
    "sourceDisplayName": "Food.com", 
    "recipeName": "My Orange Marmalade Muffins", 
    "attributes": {
        "course": [
            "Breads"
        ]
    }, 
    "id": "My-Orange-Marmalade-Muffins-Recipezaar"
}{
    "flavors": {
        "sweet": 0.16666666666666666, 
        "sour": 0.6666666666666666, 
        "salty": 0.8333333333333334, 
        "piquant": 0.0, 
        "bitter": 0.5, 
        "meaty": 0.5
    }, 
    "rating": 4.8, 
    "totalTimeInSeconds": 1200.0, 
    "ingredients": [
        "milk", 
        "sharp cheddar cheese", 
        "muffin mix", 
        "egg", 
        "ground cumin", 
        "pepperoni"
    ], 
    "smallImageUrls": [
        "http://i.yummly.com/Pepperoni-_-Cheddar-Corn-Muffins-In-A-_jiffy_-Recipezaar-218631.s.jpg"
    ], 
    "sourceDisplayName": "Food.com", 
    "recipeName": "Pepperoni &amp; Cheddar Corn Muffins in a &quot;jiffy&quot;", 
    "attributes": {
        "course": [
            "Breads"
        ]
    }, 
    "id": "Pepperoni-_-Cheddar-Corn-Muffins-In-A-_jiffy_-Recipezaar"
}{
    "flavors": {
        "sweet": 0.16666666666666666, 
        "sour": 0.16666666666666666, 
        "salty": 0.16666666666666666, 
        "piquant": 0.0, 
        "bitter": 0.16666666666666666, 
        "meaty": 0.16666666666666666
    }, 
    "rating": 5.0, 
    "totalTimeInSeconds": 2100.0, 
    "ingredients": [
        "all-purpose flour", 
        "white sugar", 
        "cornmeal", 
        "melted butter", 
        "eggs", 
        "baking powder", 
        "salt", 
        "sour cream"
    ], 
    "smallImageUrls": [
        "http://i.yummly.com/Unbelievably-Moist-Cornmeal-Muffins-Food_com-168104-212594.s.jpg"
    ], 
    "sourceDisplayName": "Food.com", 
    "recipeName": "Unbelievably Moist Cornmeal Muffins", 
    "attributes": {
        "course": [
            "Breads"
        ]
    }, 
    "id": "Unbelievably-Moist-Cornmeal-Muffins-Food_com-168104"
}{
    "flavors": {
        "sweet": 0.3333333333333333, 
        "sour": 0.3333333333333333, 
        "salty": 0.8333333333333334, 
        "piquant": 0.0, 
        "bitter": 0.6666666666666666, 
        "meaty": 0.8333333333333334
    }, 
    "rating": 4.56, 
    "totalTimeInSeconds": 1200.0, 
    "ingredients": [
        "raisins", 
        "curry powder", 
        "green onions", 
        "celery", 
        "english muffins", 
        "tuna", 
        "lemon juice", 
        "mayonnaise", 
        "salt", 
        "cheddar cheese"
    ], 
    "smallImageUrls": [
        "http://i.yummly.com/Curried-Tuna-Melt-Allrecipes-72742.s.png"
    ], 
    "sourceDisplayName": "Taste of Home", 
    "recipeName": "Curried Tuna Melt", 
    "attributes": {
        "course": [
            "Lunch and Snacks"
        ]
    }, 
    "id": "Curried-Tuna-Melt-TasteOfHome"
}{
    "flavors": {
        "sweet": 0.8333333333333334, 
        "sour": 0.16666666666666666, 
        "salty": 0.8333333333333334, 
        "piquant": 0.0, 
        "bitter": 0.5, 
        "meaty": 0.5
    }, 
    "rating": 4.86, 
    "totalTimeInSeconds": 2100.0, 
    "ingredients": [
        "baking powder", 
        "whole wheat pastry flour", 
        "walnuts", 
        "ground cinnamon", 
        "clove", 
        "salt", 
        "pumpkin", 
        "sugar", 
        "non-fat powdered milk", 
        "water", 
        "canola oil", 
        "ground nutmeg", 
        "splenda granular", 
        "unsweetened applesauce", 
        "baking soda", 
        "fat"
    ], 
    "smallImageUrls": [
        "http://i.yummly.com/Pumpkin-Muffins-Recipezaar_16-192285.s.jpg"
    ], 
    "sourceDisplayName": "Food.com", 
    "recipeName": "Pumpkin Muffins", 
    "attributes": {
        "course": [
            "Breads", 
            "Lunch and Snacks"
        ], 
        "holiday": [
            "Thanksgiving", 
            "Halloween"
        ]
    }, 
    "id": "Pumpkin-Muffins-Recipezaar_16"
}{
    "flavors": {
        "sweet": 0.16666666666666666, 
        "sour": 0.16666666666666666, 
        "salty": 0.16666666666666666, 
        "piquant": 0.0, 
        "bitter": 0.16666666666666666, 
        "meaty": 0.16666666666666666
    }, 
    "rating": 4.63, 
    "totalTimeInSeconds": 1800.0, 
    "ingredients": [
        "large eggs", 
        "sugar", 
        "chocolate chip", 
        "sour cream", 
        "vanilla", 
        "dried cranberries", 
        "banana", 
        "orange zest", 
        "baking soda", 
        "all-purpose flour", 
        "unsalted butter", 
        "dried blueberries", 
        "baking powder", 
        "salt", 
        "dried cherries"
    ], 
    "smallImageUrls": [
        "http://i.yummly.com/Mix-In-Muffins-Food_com-176219-213782.s.jpg"
    ], 
    "sourceDisplayName": "Food.com", 
    "recipeName": "Mix-In Muffins", 
    "attributes": {
        "course": [
            "Breads"
        ]
    }, 
    "id": "Mix-In-Muffins-Food_com-176219"
}{
    "flavors": {
        "sweet": 0.8333333333333334, 
        "sour": 0.16666666666666666, 
        "salty": 0.5, 
        "piquant": 0.0, 
        "bitter": 0.5, 
        "meaty": 0.8333333333333334
    }, 
    "rating": 5.0, 
    "totalTimeInSeconds": 2100.0, 
    "ingredients": [
        "egg whites", 
        "oat bran", 
        "boiling water", 
        "buttermilk", 
        "baking soda", 
        "sugar", 
        "white flour", 
        "whole wheat flour", 
        "dates", 
        "cinnamon", 
        "raisins", 
        "canola oil"
    ], 
    "smallImageUrls": [
        "http://i.yummly.com/Natural-Bran-Muffins-Recipezaar-189368.s.jpg"
    ], 
    "sourceDisplayName": "Food.com", 
    "recipeName": "Natural Bran Muffins", 
    "attributes": {
        "course": [
            "Breads", 
            "Breakfast and Brunch"
        ]
    }, 
    "id": "Natural-Bran-Muffins-Recipezaar"
}{
    "flavors": {
        "sweet": 1.0, 
        "sour": 0.3333333333333333, 
        "salty": 0.3333333333333333, 
        "piquant": 0.0, 
        "bitter": 0.3333333333333333, 
        "meaty": 0.6666666666666666
    }, 
    "rating": 5.0, 
    "totalTimeInSeconds": 3600.0, 
    "ingredients": [
        "milk", 
        "walnuts", 
        "light brown sugar", 
        "shredded coconut", 
        "sugar", 
        "salt", 
        "all-purpose flour", 
        "baking powder", 
        "vanilla extract", 
        "eggs", 
        "almond extract", 
        "unsalted butter", 
        "coffee"
    ], 
    "smallImageUrls": [
        "http://i.yummly.com/Coffee-Coconut-Muffins-Recipezaar-152862.s.jpg"
    ], 
    "sourceDisplayName": "Food.com", 
    "recipeName": "Coffee Coconut Muffins", 
    "attributes": {
        "course": [
            "Breads"
        ]
    }, 
    "id": "Coffee-Coconut-Muffins-Recipezaar"
}{
    "flavors": {
        "sweet": 0.8333333333333334, 
        "sour": 0.3333333333333333, 
        "salty": 0.3333333333333333, 
        "piquant": 0.0, 
        "bitter": 0.5, 
        "meaty": 0.5
    }, 
    "rating": 4.53, 
    "totalTimeInSeconds": 2100.0, 
    "ingredients": [
        "all-purpose flour", 
        "white sugar", 
        "cornmeal", 
        "unsalted butter", 
        "egg", 
        "baking powder", 
        "salt", 
        "1% low-fat milk"
    ], 
    "smallImageUrls": [], 
    "sourceDisplayName": "Food.com", 
    "recipeName": "Cornbread Muffins", 
    "attributes": {
        "course": [
            "Breads"
        ], 
        "cuisine": [
            "American"
        ]
    }, 
    "id": "Cornbread-Muffins-Recipezaar_2"
}{
    "flavors": {
        "sweet": 0.8333333333333334, 
        "sour": 0.3333333333333333, 
        "salty": 0.3333333333333333, 
        "piquant": 0.0, 
        "bitter": 0.16666666666666666, 
        "meaty": 0.6666666666666666
    }, 
    "rating": 4.86, 
    "totalTimeInSeconds": 2400.0, 
    "ingredients": [
        "sugar", 
        "baking powder", 
        "flour", 
        "seedless grapes", 
        "eggs", 
        "milk", 
        "vanilla", 
        "butter"
    ], 
    "smallImageUrls": [], 
    "sourceDisplayName": "Food.com", 
    "recipeName": "Grape Muffins", 
    "attributes": {
        "course": [
            "Breads", 
            "Breakfast and Brunch"
        ]
    }, 
    "id": "Grape-Muffins-Recipezaar"
}{
    "flavors": {
        "sweet": 1.0, 
        "sour": 0.5, 
        "salty": 0.8333333333333334, 
        "piquant": 0.0, 
        "bitter": 0.6666666666666666, 
        "meaty": 0.8333333333333334
    }, 
    "rating": 4.25, 
    "totalTimeInSeconds": 2700.0, 
    "ingredients": [
        "milk", 
        "poppy seeds", 
        "eggs", 
        "baking powder", 
        "sugar", 
        "salt", 
        "flour", 
        "almond extract", 
        "vegetable oil"
    ], 
    "smallImageUrls": [
        "http://i.yummly.com/Almond-Poppy-Seed-Muffins-Recipezaar_1-256990.s.jpg"
    ], 
    "sourceDisplayName": "Food.com", 
    "recipeName": "Almond Poppy Seed Muffins", 
    "attributes": {
        "course": [
            "Breads"
        ]
    }, 
    "id": "Almond-Poppy-Seed-Muffins-Recipezaar_1"
}{
    "flavors": {
        "sweet": 0.3333333333333333, 
        "sour": 0.6666666666666666, 
        "salty": 0.3333333333333333, 
        "piquant": 0.0, 
        "bitter": 0.6666666666666666, 
        "meaty": 0.5
    }, 
    "rating": 3.06, 
    "totalTimeInSeconds": 0, 
    "ingredients": [
        "sweetener", 
        "all purpose flour", 
        "chopped walnuts", 
        "baking powder", 
        "sour cream", 
        "baking soda", 
        "sugar", 
        "dried cranberries", 
        "eggs", 
        "salt", 
        "orange peel"
    ], 
    "smallImageUrls": [], 
    "sourceDisplayName": "Epicurious", 
    "recipeName": "Cranberry-Nut Muffins", 
    "attributes": {
        "course": [
            "Breads"
        ]
    }, 
    "id": "Cranberry_nut-Muffins-Epicurious"
}{
    "flavors": {
        "sweet": 0.8333333333333334, 
        "sour": 0.6666666666666666, 
        "salty": 0.8333333333333334, 
        "piquant": 0.0, 
        "bitter": 0.6666666666666666, 
        "meaty": 0.5
    }, 
    "rating": 4.86, 
    "totalTimeInSeconds": 3300.0, 
    "ingredients": [
        "sugar substitute", 
        "vanilla", 
        "margarine", 
        "baking powder", 
        "skim milk", 
        "all-purpose flour", 
        "honey", 
        "salt", 
        "large eggs", 
        "blueberries"
    ], 
    "smallImageUrls": [
        "http://i.yummly.com/Diabetic-Blueberry-Muffins-Food_com-67359-217423.s.jpg"
    ], 
    "sourceDisplayName": "Food.com", 
    "recipeName": "Diabetic Blueberry Muffins", 
    "attributes": {
        "course": [
            "Breads", 
            "Breakfast and Brunch", 
            "Lunch and Snacks"
        ], 
        "cuisine": [
            "Southern & Soul Food"
        ]
    }, 
    "id": "Diabetic-Blueberry-Muffins-Food_com-67359"
}{
    "flavors": {
        "sweet": 0.5, 
        "sour": 0.16666666666666666, 
        "salty": 0.3333333333333333, 
        "piquant": 0.0, 
        "bitter": 0.16666666666666666, 
        "meaty": 0.6666666666666666
    }, 
    "rating": 5.0, 
    "totalTimeInSeconds": 1440.0, 
    "ingredients": [
        "sweet onion", 
        "baking mix", 
        "butter", 
        "butter", 
        "milk", 
        "sharp cheddar cheese", 
        "egg", 
        "sesame seed"
    ], 
    "smallImageUrls": [
        "http://i.yummly.com/Sesame_cheddar-Mini-Muffins-Recipezaar-171115.s.jpg"
    ], 
    "sourceDisplayName": "Food.com", 
    "recipeName": "Sesame-Cheddar Mini Muffins", 
    "attributes": {
        "course": [
            "Breads"
        ]
    }, 
    "id": "Sesame_cheddar-Mini-Muffins-Recipezaar"
}{
    "flavors": {
        "sweet": 1.0, 
        "sour": 0.5, 
        "salty": 0.6666666666666666, 
        "piquant": 0.0, 
        "bitter": 0.5, 
        "meaty": 0.6666666666666666
    }, 
    "rating": 5.0, 
    "totalTimeInSeconds": 3000.0, 
    "ingredients": [
        "cranberries", 
        "apples", 
        "sugar", 
        "pecans", 
        "eggs", 
        "carrot", 
        "cinnamon", 
        "salt", 
        "baking powder", 
        "vegetable oil", 
        "baking soda", 
        "flour"
    ], 
    "smallImageUrls": [
        "http://i2.yummly.com/Autumn-Muffins-Recipezaar_1.s.png"
    ], 
    "sourceDisplayName": "Food.com", 
    "recipeName": "Autumn Muffins", 
    "attributes": {
        "course": [
            "Breads", 
            "Breakfast and Brunch"
        ]
    }, 
    "id": "Autumn-Muffins-Recipezaar_1"
}{
    "flavors": {
        "sweet": 0.8333333333333334, 
        "sour": 0.6666666666666666, 
        "salty": 0.3333333333333333, 
        "piquant": 0.0, 
        "bitter": 0.8333333333333334, 
        "meaty": 0.6666666666666666
    }, 
    "rating": 4.5, 
    "totalTimeInSeconds": 1800.0, 
    "ingredients": [
        "milk", 
        "chunky", 
        "baking soda", 
        "sugar", 
        "apple", 
        "flour", 
        "vegetable oil", 
        "baking powder", 
        "egg", 
        "chopped pecans"
    ], 
    "smallImageUrls": [
        "http://i.yummly.com/Apple-Muffins-Food_com-96230-161747.s.jpg"
    ], 
    "sourceDisplayName": "Food.com", 
    "recipeName": "Apple Muffins", 
    "attributes": {
        "course": [
            "Breads", 
            "Breakfast and Brunch"
        ]
    }, 
    "id": "Apple-Muffins-Food_com-96230"
}{
    "flavors": null, 
    "rating": 4.5, 
    "totalTimeInSeconds": 2100.0, 
    "ingredients": [
        "ginger", 
        "peaches", 
        "salt", 
        "sugar", 
        "sugar", 
        "flour", 
        "margarine", 
        "baking powder", 
        "milk", 
        "cinnamon"
    ], 
    "smallImageUrls": [
        "http://i.yummly.com/Peach-Shortcake-Muffins-Food_com-178690-214180.s.jpg"
    ], 
    "sourceDisplayName": "Food.com", 
    "recipeName": "Peach Shortcake Muffins", 
    "attributes": {
        "course": [
            "Breads", 
            "Desserts"
        ]
    }, 
    "id": "Peach-Shortcake-Muffins-Food_com-178690"
}{
    "flavors": {
        "sweet": 0.8333333333333334, 
        "sour": 0.0, 
        "salty": 0.6666666666666666, 
        "piquant": 0.0, 
        "bitter": 1.0, 
        "meaty": 0.6666666666666666
    }, 
    "rating": 5.0, 
    "totalTimeInSeconds": 4200.0, 
    "ingredients": [
        "egg", 
        "flour", 
        "nutmeg", 
        "salt", 
        "brown sugar", 
        "baking powder", 
        "buttermilk", 
        "cinnamon", 
        "rolled oat", 
        "baking soda", 
        "melted butter"
    ], 
    "smallImageUrls": [
        "http://i.yummly.com/Oatmeal-Spice-Muffins-Recipezaar_2-243147.s.jpg"
    ], 
    "sourceDisplayName": "Food.com", 
    "recipeName": "Oatmeal Spice Muffins", 
    "attributes": {
        "course": [
            "Breads", 
            "Breakfast and Brunch", 
            "Lunch and Snacks"
        ]
    }, 
    "id": "Oatmeal-Spice-Muffins-Recipezaar_2"
}{
    "flavors": {
        "sweet": 0.3333333333333333, 
        "sour": 0.3333333333333333, 
        "salty": 0.5, 
        "piquant": 0.0, 
        "bitter": 1.0, 
        "meaty": 1.0
    }, 
    "rating": 4.38, 
    "totalTimeInSeconds": 0, 
    "ingredients": [
        "ground turkey", 
        "egg white", 
        "cheddar cheese", 
        "kidney beans", 
        "green leaf lettuce", 
        "salt", 
        "canola oil", 
        "salsa", 
        "onion", 
        "english muffins", 
        "fresh cilantro", 
        "breadcrumbs"
    ], 
    "smallImageUrls": [
        "http://i2.yummly.com/Southwestern-Turkey-Burger-Epicurious.s.jpg"
    ], 
    "sourceDisplayName": "Epicurious", 
    "recipeName": "Southwestern Turkey Burger", 
    "attributes": {
        "course": [
            "Main Dishes"
        ], 
        "cuisine": [
            "Southwestern"
        ]
    }, 
    "id": "Southwestern-Turkey-Burger-Epicurious"
}{
    "flavors": {
        "sweet": 1.0, 
        "sour": 0.6666666666666666, 
        "salty": 0.6666666666666666, 
        "piquant": 0.0, 
        "bitter": 1.0, 
        "meaty": 0.6666666666666666
    }, 
    "rating": 4.78, 
    "totalTimeInSeconds": 2100.0, 
    "ingredients": [
        "butter", 
        "milk", 
        "salt", 
        "sugar", 
        "large eggs", 
        "all-purpose flour", 
        "chopped walnuts", 
        "baking powder", 
        "bananas", 
        "vanilla extract"
    ], 
    "smallImageUrls": [
        "http://i.yummly.com/Banana_nut-Muffins-Recipezaar_2-258454.s.jpg"
    ], 
    "sourceDisplayName": "Food.com", 
    "recipeName": "Banana-nut Muffins", 
    "attributes": {
        "course": [
            "Breads"
        ]
    }, 
    "id": "Banana_nut-Muffins-Recipezaar_2"
}{
    "flavors": {
        "sweet": 0.8333333333333334, 
        "sour": 0.3333333333333333, 
        "salty": 0.5, 
        "piquant": 0.0, 
        "bitter": 0.16666666666666666, 
        "meaty": 0.5
    }, 
    "rating": 5.0, 
    "totalTimeInSeconds": 2700.0, 
    "ingredients": [
        "milk", 
        "apple", 
        "butter", 
        "baking powder", 
        "sugar", 
        "salt", 
        "all-purpose flour", 
        "egg", 
        "lavender flowers"
    ], 
    "smallImageUrls": [
        "http://i.yummly.com/Apple-Lavender-Muffins-Recipezaar-168504.s.jpg"
    ], 
    "sourceDisplayName": "Food.com", 
    "recipeName": "Apple Lavender Muffins", 
    "attributes": {
        "course": [
            "Breads", 
            "Breakfast and Brunch"
        ]
    }, 
    "id": "Apple-Lavender-Muffins-Recipezaar"
}{
    "flavors": {
        "sweet": 0.8333333333333334, 
        "sour": 0.5, 
        "salty": 0.8333333333333334, 
        "piquant": 0.0, 
        "bitter": 0.8333333333333334, 
        "meaty": 0.5
    }, 
    "rating": 4.63, 
    "totalTimeInSeconds": 1800.0, 
    "ingredients": [
        "baking powder", 
        "oil", 
        "baking soda", 
        "white flour", 
        "plain yogurt", 
        "whole wheat white flour", 
        "egg", 
        "salt", 
        "maple syrup", 
        "chopped walnuts"
    ], 
    "smallImageUrls": [
        "http://i.yummly.com/Maple-Walnut-Yogurt-Muffins-Recipezaar-156808.s.jpg"
    ], 
    "sourceDisplayName": "Food.com", 
    "recipeName": "Maple Walnut Yogurt Muffins", 
    "attributes": {
        "course": [
            "Breads"
        ]
    }, 
    "id": "Maple-Walnut-Yogurt-Muffins-Recipezaar"
}{
    "flavors": {
        "sweet": 1.0, 
        "sour": 0.6666666666666666, 
        "salty": 0.6666666666666666, 
        "piquant": 0.0, 
        "bitter": 1.0, 
        "meaty": 0.5
    }, 
    "rating": 4.73, 
    "totalTimeInSeconds": 1800.0, 
    "ingredients": [
        "white sugar", 
        "skim milk", 
        "salt", 
        "white flour", 
        "molasses", 
        "oatmeal", 
        "egg whites", 
        "baking powder", 
        "vegetable oil", 
        "chocolate chips"
    ], 
    "smallImageUrls": [
        "http://i.yummly.com/Molasses-Oatmeal-Chocolate-Chip-Muffins-Recipezaar-256736.s.jpg"
    ], 
    "sourceDisplayName": "Food.com", 
    "recipeName": "Molasses Oatmeal Chocolate Chip Muffins", 
    "attributes": {
        "course": [
            "Breads"
        ]
    }, 
    "id": "Molasses-Oatmeal-Chocolate-Chip-Muffins-Recipezaar"
}{
    "flavors": {
        "sweet": 0.8333333333333334, 
        "sour": 0.6666666666666666, 
        "salty": 1.0, 
        "piquant": 0.0, 
        "bitter": 0.8333333333333334, 
        "meaty": 1.0
    }, 
    "rating": 4.6, 
    "totalTimeInSeconds": 2700.0, 
    "ingredients": [
        "all-purpose flour", 
        "ground beef", 
        "finely chopped onion", 
        "baking powder", 
        "prepared mustard", 
        "sugar", 
        "eggs", 
        "butter", 
        "ketchup", 
        "shredded cheddar cheese", 
        "milk", 
        "salt"
    ], 
    "smallImageUrls": [
        "http://i.yummly.com/Cheeseburger-Mini-Muffins-Recipezaar-164282.s.jpg"
    ], 
    "sourceDisplayName": "Food.com", 
    "recipeName": "Cheeseburger Mini Muffins", 
    "attributes": {
        "course": [
            "Breads"
        ]
    }, 
    "id": "Cheeseburger-Mini-Muffins-Recipezaar"
}{
    "flavors": {
        "sweet": 0.8333333333333334, 
        "sour": 0.6666666666666666, 
        "salty": 0.3333333333333333, 
        "piquant": 0.0, 
        "bitter": 0.3333333333333333, 
        "meaty": 0.3333333333333333
    }, 
    "rating": 0.0, 
    "totalTimeInSeconds": 0, 
    "ingredients": [
        "all-purpose flour", 
        "fat free milk", 
        "vegetable oil", 
        "ground allspice", 
        "sugar", 
        "grated orange", 
        "salt", 
        "sweetener", 
        "cooking spray", 
        "blueberries", 
        "lemon rind", 
        "large egg", 
        "vanilla extract", 
        "baking powder"
    ], 
    "smallImageUrls": [
        "http://i.yummly.com/Blueberry-Muffins-My-Recipes-114760.s.png"
    ], 
    "sourceDisplayName": "MyRecipes", 
    "recipeName": "Blueberry Muffins", 
    "attributes": {
        "course": [
            "Breads", 
            "Breakfast and Brunch", 
            "Lunch and Snacks"
        ], 
        "cuisine": [
            "American"
        ]
    }, 
    "id": "Blueberry-Muffins-My-Recipes"
}{
    "flavors": {
        "sweet": 1.0, 
        "sour": 0.5, 
        "salty": 0.5, 
        "piquant": 0.0, 
        "bitter": 0.16666666666666666, 
        "meaty": 0.5
    }, 
    "rating": 4.36, 
    "totalTimeInSeconds": 4500.0, 
    "ingredients": [
        "cinnamon", 
        "baking soda", 
        "ground cloves", 
        "water", 
        "sugar", 
        "butter", 
        "apples", 
        "flour", 
        "nutmeg"
    ], 
    "smallImageUrls": [
        "http://i.yummly.com/Apple-Cupcakes_muffins-Recipezaar-18909.s.png", 
        "http://i.yummly.com/Apple-Cupcakes_muffins-Recipezaar-182047.s.jpg"
    ], 
    "sourceDisplayName": "Food.com", 
    "recipeName": "Apple Cupcakes/Muffins", 
    "attributes": {
        "course": [
            "Desserts"
        ]
    }, 
    "id": "Apple-Cupcakes_muffins-Recipezaar"
}{
    "flavors": {
        "sweet": 0.8333333333333334, 
        "sour": 0.6666666666666666, 
        "salty": 0.5, 
        "piquant": 0.0, 
        "bitter": 0.16666666666666666, 
        "meaty": 0.5
    }, 
    "rating": 4.62, 
    "totalTimeInSeconds": 2400.0, 
    "ingredients": [
        "baking powder", 
        "salt", 
        "blueberries", 
        "unsalted butter", 
        "baking soda", 
        "egg", 
        "sugar", 
        "vanilla extract", 
        "flour", 
        "lemon rind", 
        "lemon"
    ], 
    "smallImageUrls": [
        "http://i.yummly.com/Blueberry-Lemon-Muffins-Recipezaar_1-180167.s.jpg"
    ], 
    "sourceDisplayName": "Food.com", 
    "recipeName": "Blueberry Lemon Muffins", 
    "attributes": {
        "course": [
            "Breads", 
            "Breakfast and Brunch", 
            "Lunch and Snacks"
        ], 
        "cuisine": [
            "American"
        ]
    }, 
    "id": "Blueberry-Lemon-Muffins-Recipezaar_1"
}{
    "flavors": {
        "bitter": 0.5, 
        "sweet": 1.0, 
        "sour": 0.3333333333333333, 
        "salty": 0.3333333333333333, 
        "meaty": 0.5
    }, 
    "rating": 5.0, 
    "totalTimeInSeconds": 1500.0, 
    "ingredients": [
        "sugar", 
        "vanilla extract", 
        "egg", 
        "baking powder", 
        "miniature semisweet chocolate chips", 
        "flour", 
        "margarine", 
        "salt", 
        "skim milk", 
        "sugar"
    ], 
    "smallImageUrls": [
        "http://i.yummly.com/Light-Chocolate-Chip-Muffins-Recipezaar-187719.s.jpg"
    ], 
    "sourceDisplayName": "Food.com", 
    "recipeName": "Light Chocolate Chip Muffins", 
    "attributes": {
        "course": [
            "Breads"
        ]
    }, 
    "id": "Light-Chocolate-Chip-Muffins-Recipezaar"
}{
    "flavors": {
        "sweet": 1.0, 
        "sour": 0.3333333333333333, 
        "salty": 0.3333333333333333, 
        "piquant": 0.0, 
        "bitter": 0.16666666666666666, 
        "meaty": 0.5
    }, 
    "rating": 5.0, 
    "totalTimeInSeconds": 2700.0, 
    "ingredients": [
        "egg yolks", 
        "salt", 
        "sugar", 
        "milk", 
        "flour", 
        "egg whites", 
        "shortening", 
        "blueberries", 
        "white sugar", 
        "vanilla", 
        "baking powder"
    ], 
    "smallImageUrls": [
        "http://i.yummly.com/Melt-In-Your-Mouth-Blueberry-Muffins-Recipezaar-191458.s.jpg"
    ], 
    "sourceDisplayName": "Food.com", 
    "recipeName": "Melt in Your Mouth Blueberry Muffins", 
    "attributes": {
        "course": [
            "Breads", 
            "Breakfast and Brunch"
        ]
    }, 
    "id": "Melt-In-Your-Mouth-Blueberry-Muffins-Recipezaar"
}{
    "flavors": {
        "sweet": 0.8333333333333334, 
        "sour": 0.3333333333333333, 
        "salty": 0.6666666666666666, 
        "piquant": 0.0, 
        "bitter": 0.5, 
        "meaty": 0.6666666666666666
    }, 
    "rating": 5.0, 
    "totalTimeInSeconds": 1800.0, 
    "ingredients": [
        "molasses", 
        "baking soda", 
        "sour cream", 
        "light brown sugar", 
        "salt", 
        "margarine", 
        "raisins", 
        "egg", 
        "all-purpose flour", 
        "bran"
    ], 
    "smallImageUrls": [
        "http://i.yummly.com/Sour-Cream-Bran-Muffins-Recipezaar-168416.s.jpg"
    ], 
    "sourceDisplayName": "Food.com", 
    "recipeName": "Sour Cream Bran Muffins", 
    "attributes": {
        "course": [
            "Breads"
        ]
    }, 
    "id": "Sour-Cream-Bran-Muffins-Recipezaar"
}{
    "flavors": {
        "sweet": 0.8333333333333334, 
        "sour": 0.5, 
        "salty": 0.3333333333333333, 
        "piquant": 0.0, 
        "bitter": 0.16666666666666666, 
        "meaty": 0.6666666666666666
    }, 
    "rating": 4.75, 
    "totalTimeInSeconds": 2100.0, 
    "ingredients": [
        "half-and-half", 
        "raspberries", 
        "lemon extract", 
        "baking powder", 
        "sugar", 
        "salt", 
        "all-purpose flour", 
        "large eggs", 
        "vegetable oil"
    ], 
    "smallImageUrls": [
        "http://i.yummly.com/Lemon-Raspberry-Muffins-Recipezaar_1-187400.s.jpg"
    ], 
    "sourceDisplayName": "Food.com", 
    "recipeName": "Lemon Raspberry Muffins", 
    "attributes": {
        "course": [
            "Breads", 
            "Breakfast and Brunch"
        ]
    }, 
    "id": "Lemon-Raspberry-Muffins-Recipezaar_1"
}{
    "flavors": {
        "sweet": 0.6666666666666666, 
        "sour": 0.16666666666666666, 
        "salty": 0.16666666666666666, 
        "piquant": 0.0, 
        "bitter": 0.8333333333333334, 
        "meaty": 0.6666666666666666
    }, 
    "rating": 5.0, 
    "totalTimeInSeconds": 1500.0, 
    "ingredients": [
        "raisins", 
        "sugar", 
        "rolled oats", 
        "water", 
        "egg"
    ], 
    "smallImageUrls": [], 
    "sourceDisplayName": "Food.com", 
    "recipeName": "Oat Muffins", 
    "attributes": {
        "course": [
            "Breads", 
            "Breakfast and Brunch"
        ]
    }, 
    "id": "Oat-Muffins-Recipezaar"
}{
    "flavors": {
        "sweet": 0.8333333333333334, 
        "sour": 0.6666666666666666, 
        "salty": 0.5, 
        "piquant": 0.0, 
        "bitter": 0.8333333333333334, 
        "meaty": 0.5
    }, 
    "rating": 5.0, 
    "totalTimeInSeconds": 2400.0, 
    "ingredients": [
        "eggs", 
        "wild rice", 
        "salt", 
        "sugar", 
        "blueberries", 
        "all-purpose flour", 
        "buttermilk", 
        "baking powder", 
        "melted butter", 
        "cranberries"
    ], 
    "smallImageUrls": [
        "http://i.yummly.com/Northwoods-Muffins-Recipezaar-156840.s.jpg"
    ], 
    "sourceDisplayName": "Food.com", 
    "recipeName": "Northwoods Muffins", 
    "attributes": {
        "course": [
            "Breads"
        ]
    }, 
    "id": "Northwoods-Muffins-Recipezaar"
}{
    "flavors": {
        "sweet": 0.16666666666666666, 
        "sour": 0.16666666666666666, 
        "salty": 0.16666666666666666, 
        "piquant": 0.0, 
        "bitter": 0.16666666666666666, 
        "meaty": 0.3333333333333333
    }, 
    "rating": 0.0, 
    "totalTimeInSeconds": 2880.0, 
    "ingredients": [
        "ground cinnamon", 
        "sugar", 
        "eggs", 
        "milk", 
        "vegetable oil", 
        "baking mix", 
        "applesauce"
    ], 
    "smallImageUrls": [
        "http://i.yummly.com/Applesauce-Muffins-with-Cinnamon-Streusel-Topping-MyRecipes-237665-127912.s.png"
    ], 
    "sourceDisplayName": "MyRecipes", 
    "recipeName": "Applesauce Muffins with Cinnamon Streusel Topping", 
    "attributes": {
        "course": [
            "Breads", 
            "Breakfast and Brunch", 
            "Lunch and Snacks"
        ]
    }, 
    "id": "Applesauce-Muffins-with-Cinnamon-Streusel-Topping-MyRecipes-237665"
}{
    "flavors": {
        "sweet": 0.8333333333333334, 
        "sour": 0.5, 
        "salty": 0.6666666666666666, 
        "piquant": 0.0, 
        "bitter": 0.3333333333333333, 
        "meaty": 0.5
    }, 
    "rating": 4.29, 
    "totalTimeInSeconds": 1800.0, 
    "ingredients": [
        "flour", 
        "cereal", 
        "baking powder", 
        "milk", 
        "salad oil", 
        "honey", 
        "egg", 
        "salt", 
        "brown sugar"
    ], 
    "smallImageUrls": [
        "http://i.yummly.com/Breakfast-Cereal-Muffins-Recipezaar-193616.s.jpg"
    ], 
    "sourceDisplayName": "Food.com", 
    "recipeName": "Breakfast Cereal Muffins", 
    "attributes": {
        "course": [
            "Breads", 
            "Breakfast and Brunch"
        ]
    }, 
    "id": "Breakfast-Cereal-Muffins-Recipezaar"
}{
    "flavors": {
        "sweet": 0.8333333333333334, 
        "sour": 0.3333333333333333, 
        "salty": 0.5, 
        "piquant": 0.0, 
        "bitter": 0.3333333333333333, 
        "meaty": 0.6666666666666666
    }, 
    "rating": 5.0, 
    "totalTimeInSeconds": 2100.0, 
    "ingredients": [
        "graham cracker crumbs", 
        "cinnamon", 
        "liquid honey", 
        "milk", 
        "salt", 
        "egg", 
        "all-purpose flour", 
        "margarine", 
        "baking powder", 
        "apple"
    ], 
    "smallImageUrls": [
        "http://i.yummly.com/Applecrisp-Muffins-Recipezaar-184915.s.jpg"
    ], 
    "sourceDisplayName": "Food.com", 
    "recipeName": "Applecrisp Muffins", 
    "attributes": {
        "course": [
            "Breads"
        ]
    }, 
    "id": "Applecrisp-Muffins-Recipezaar"
}{
    "flavors": {
        "sweet": 0.8333333333333334, 
        "sour": 0.8333333333333334, 
        "salty": 0.5, 
        "piquant": 0.0, 
        "bitter": 0.16666666666666666, 
        "meaty": 0.3333333333333333
    }, 
    "rating": 4.67, 
    "totalTimeInSeconds": 2100.0, 
    "ingredients": [
        "canola oil", 
        "vanilla extract", 
        "salt", 
        "bananas", 
        "flour", 
        "low fat plain yogurt plain", 
        "baking soda", 
        "ground cinnamon", 
        "egg", 
        "baking powder", 
        "kiwi", 
        "sugar", 
        "skim milk"
    ], 
    "smallImageUrls": [
        "http://i.yummly.com/Banana-And-Kiwi-Muffins-Recipezaar-194240.s.jpg"
    ], 
    "sourceDisplayName": "Food.com", 
    "recipeName": "Banana and Kiwi Muffins", 
    "attributes": {
        "course": [
            "Breads", 
            "Breakfast and Brunch"
        ]
    }, 
    "id": "Banana-And-Kiwi-Muffins-Recipezaar"
}{
    "flavors": {
        "sweet": 0.8333333333333334, 
        "sour": 0.3333333333333333, 
        "salty": 0.6666666666666666, 
        "piquant": 0.0, 
        "bitter": 0.6666666666666666, 
        "meaty": 0.16666666666666666
    }, 
    "rating": 0.0, 
    "totalTimeInSeconds": 0, 
    "ingredients": [
        "fresh ginger", 
        "unsweetened applesauce", 
        "baking soda", 
        "honey", 
        "vanilla extract", 
        "ground allspice", 
        "ground flaxseed", 
        "salt", 
        "wheat bran", 
        "vegetable oil cooking spray", 
        "egg", 
        "all-purpose flour", 
        "dates", 
        "low-fat buttermilk", 
        "oats"
    ], 
    "smallImageUrls": [
        "http://i.yummly.com/Oat-Bran-Applesauce-Mini-Muffins-Martha-Stewart-193575-107391.s.png"
    ], 
    "sourceDisplayName": "Martha Stewart", 
    "recipeName": "Oat Bran-Applesauce Mini Muffins", 
    "attributes": {
        "course": [
            "Breads"
        ]
    }, 
    "id": "Oat-Bran-Applesauce-Mini-Muffins-Martha-Stewart-193575"
}{
    "flavors": {
        "bitter": 0.3333333333333333, 
        "sweet": 1.0, 
        "sour": 0.3333333333333333, 
        "salty": 0.6666666666666666, 
        "meaty": 0.6666666666666666
    }, 
    "rating": 4.83, 
    "totalTimeInSeconds": 2100.0, 
    "ingredients": [
        "lemon pudding", 
        "lemon cake mix", 
        "boiling water", 
        "poppy seeds", 
        "vegetable oil", 
        "eggs"
    ], 
    "smallImageUrls": [], 
    "sourceDisplayName": "Food.com", 
    "recipeName": "Lemon Poppy Seed Muffins", 
    "attributes": {
        "course": [
            "Breads", 
            "Breakfast and Brunch", 
            "Lunch and Snacks"
        ]
    }, 
    "id": "Lemon-Poppy-Seed-Muffins-Recipezaar_16"
}{
    "flavors": {
        "sweet": 0.6666666666666666, 
        "sour": 0.0, 
        "salty": 0.16666666666666666, 
        "piquant": 0.0, 
        "bitter": 0.16666666666666666, 
        "meaty": 0.0
    }, 
    "rating": 5.0, 
    "totalTimeInSeconds": 900.0, 
    "ingredients": [
        "brown sugar", 
        "milk", 
        "baking soda", 
        "salt", 
        "butter", 
        "vanilla", 
        "flour", 
        "eggs"
    ], 
    "smallImageUrls": [
        "http://i.yummly.com/Brown-Sugar-Muffins-Recipezaar-203934.s.jpg"
    ], 
    "sourceDisplayName": "Food.com", 
    "recipeName": "Brown Sugar Muffins", 
    "attributes": {
        "course": [
            "Breads", 
            "Breakfast and Brunch", 
            "Lunch and Snacks"
        ]
    }, 
    "id": "Brown-Sugar-Muffins-Recipezaar"
}{
    "flavors": {
        "sweet": 0.16666666666666666, 
        "sour": 0.6666666666666666, 
        "salty": 1.0, 
        "piquant": 0.0, 
        "bitter": 1.0, 
        "meaty": 0.5
    }, 
    "rating": 0.0, 
    "totalTimeInSeconds": 0, 
    "ingredients": [
        "low-fat buttermilk", 
        "unsalted butter", 
        "flaxseed", 
        "wheat germ", 
        "vegetable oil cooking spray", 
        "cornmeal", 
        "wheat flour", 
        "rolled oats", 
        "preserves", 
        "honey", 
        "coarse salt", 
        "all-purpose flour", 
        "active dry yeast", 
        "warm water", 
        "caraway seeds"
    ], 
    "smallImageUrls": [
        "http://i.yummly.com/Multigrain-English-Muffins-Martha-Stewart-191202-102718.s.png"
    ], 
    "sourceDisplayName": "Martha Stewart", 
    "recipeName": "Multigrain English Muffins", 
    "attributes": {
        "course": [
            "Breads"
        ], 
        "cuisine": [
            "American"
        ]
    }, 
    "id": "Multigrain-English-Muffins-Martha-Stewart-191202"
}{
    "flavors": {
        "sweet": 0.8333333333333334, 
        "sour": 0.6666666666666666, 
        "salty": 0.8333333333333334, 
        "piquant": 0.6666666666666666, 
        "bitter": 0.6666666666666666, 
        "meaty": 0.8333333333333334
    }, 
    "rating": 0.0, 
    "totalTimeInSeconds": 0, 
    "ingredients": [
        "dried oregano", 
        "prepared mustard", 
        "large eggs", 
        "cooking spray", 
        "ground beef", 
        "ketchup", 
        "finely chopped onion", 
        "saltine crackers", 
        "carrot", 
        "olive oil", 
        "worcestershire sauce", 
        "black pepper", 
        "garlic cloves"
    ], 
    "smallImageUrls": [
        "http://i.yummly.com/Diner-Meat-Loaf-_muffins_-My-Recipes-114894.s.png"
    ], 
    "sourceDisplayName": "MyRecipes", 
    "recipeName": "Diner Meat Loaf 'Muffins'", 
    "attributes": {
        "cuisine": [
            "American"
        ]
    }, 
    "id": "Diner-Meat-Loaf-_muffins_-My-Recipes"
}{
    "flavors": {
        "sweet": 1.0, 
        "sour": 0.5, 
        "salty": 0.5, 
        "piquant": 0.0, 
        "bitter": 0.3333333333333333, 
        "meaty": 0.5
    }, 
    "rating": 4.82, 
    "totalTimeInSeconds": 2400.0, 
    "ingredients": [
        "chopped pecans", 
        "brown sugar", 
        "apple", 
        "all-purpose flour", 
        "salt", 
        "cinnamon", 
        "buttermilk", 
        "baking soda", 
        "vanilla", 
        "canola oil", 
        "beaten eggs"
    ], 
    "smallImageUrls": [
        "http://i.yummly.com/Buttermilk-Apple-Muffins-Recipezaar-155922.s.jpg"
    ], 
    "sourceDisplayName": "Food.com", 
    "recipeName": "Buttermilk Apple Muffins", 
    "attributes": {
        "course": [
            "Breads", 
            "Breakfast and Brunch"
        ]
    }, 
    "id": "Buttermilk-Apple-Muffins-Recipezaar"
}{
    "flavors": {
        "sweet": 1.0, 
        "sour": 0.3333333333333333, 
        "salty": 0.16666666666666666, 
        "piquant": 0.0, 
        "bitter": 0.16666666666666666, 
        "meaty": 0.16666666666666666
    }, 
    "rating": 4.0, 
    "totalTimeInSeconds": 2100.0, 
    "ingredients": [
        "self raising flour", 
        "bananas", 
        "milk", 
        "eggs", 
        "butter", 
        "white sugar", 
        "milk chocolate chips"
    ], 
    "smallImageUrls": [
        "http://i.yummly.com/Chocolate-Chip-Banana-Muffins-Recipezaar_5-224425.s.jpg"
    ], 
    "sourceDisplayName": "Food.com", 
    "recipeName": "Chocolate Chip Banana Muffins", 
    "attributes": {
        "course": [
            "Breads", 
            "Breakfast and Brunch", 
            "Lunch and Snacks"
        ]
    }, 
    "id": "Chocolate-Chip-Banana-Muffins-Recipezaar_5"
}{
    "flavors": {
        "sweet": 0.5, 
        "sour": 0.6666666666666666, 
        "salty": 0.3333333333333333, 
        "piquant": 0.0, 
        "bitter": 0.3333333333333333, 
        "meaty": 0.8333333333333334
    }, 
    "rating": 4.75, 
    "totalTimeInSeconds": 9000.0, 
    "ingredients": [
        "dry yeast", 
        "cracked wheat", 
        "sugar", 
        "salt", 
        "vegetable oil", 
        "white flour", 
        "whole wheat flour", 
        "warm water", 
        "milk"
    ], 
    "smallImageUrls": [
        "http://i.yummly.com/Whole-Wheat-English-Muffins-Recipezaar-185223.s.jpg"
    ], 
    "sourceDisplayName": "Food.com", 
    "recipeName": "Whole Wheat English Muffins", 
    "attributes": {
        "course": [
            "Breads"
        ]
    }, 
    "id": "Whole-Wheat-English-Muffins-Recipezaar"
}{
    "flavors": {
        "sweet": 0.8333333333333334, 
        "sour": 1.0, 
        "salty": 0.5, 
        "piquant": 0.0, 
        "bitter": 0.5, 
        "meaty": 0.3333333333333333
    }, 
    "rating": 5.0, 
    "totalTimeInSeconds": 1920.0, 
    "ingredients": [
        "crisco shortening", 
        "salt", 
        "sugar", 
        "cream", 
        "baking powder", 
        "sugar", 
        "extract", 
        "strawberries", 
        "large egg", 
        "flour"
    ], 
    "smallImageUrls": [
        "http://i.yummly.com/Strawberry-Muffins-Recipezaar_4-254113.s.jpg"
    ], 
    "sourceDisplayName": "Food.com", 
    "recipeName": "Strawberry Muffins", 
    "attributes": {
        "course": [
            "Breads", 
            "Breakfast and Brunch", 
            "Lunch and Snacks"
        ]
    }, 
    "id": "Strawberry-Muffins-Recipezaar_4"
}{
    "flavors": {
        "sweet": 0.8333333333333334, 
        "sour": 0.16666666666666666, 
        "salty": 0.6666666666666666, 
        "piquant": 0.0, 
        "bitter": 0.6666666666666666, 
        "meaty": 0.8333333333333334
    }, 
    "rating": 5.0, 
    "totalTimeInSeconds": 300.0, 
    "ingredients": [
        "brown sugar", 
        "peanut butter", 
        "english muffins", 
        "cinnamon", 
        "apple", 
        "butter"
    ], 
    "smallImageUrls": [
        "http://i.yummly.com/Breakfast-Apple-English-Muffin-Rounds-Recipezaar-164540.s.jpg"
    ], 
    "sourceDisplayName": "Food.com", 
    "recipeName": "Breakfast Apple English Muffin Rounds", 
    "attributes": {
        "course": [
            "Breakfast and Brunch"
        ]
    }, 
    "id": "Breakfast-Apple-English-Muffin-Rounds-Recipezaar"
}{
    "flavors": {
        "sweet": 0.16666666666666666, 
        "sour": 0.16666666666666666, 
        "salty": 0.3333333333333333, 
        "piquant": 0.6666666666666666, 
        "bitter": 0.3333333333333333, 
        "meaty": 0.5
    }, 
    "rating": 4.58, 
    "totalTimeInSeconds": 0, 
    "ingredients": [
        "corn muffin", 
        "apple cider", 
        "olive oil", 
        "hen", 
        "butter", 
        "beaten eggs", 
        "sage", 
        "chopped celery", 
        "black pepper", 
        "kosher salt", 
        "black pepper", 
        "sharp cheddar cheese", 
        "kosher salt", 
        "sage", 
        "bacon", 
        "golden delicious apples", 
        "onion"
    ], 
    "smallImageUrls": [
        "http://i.yummly.com/Cornbread-Stuffed-Cornish-Game-Hens-with-Corn-Maque-Choux-Epicurious-53580-46708.s.png"
    ], 
    "sourceDisplayName": "Epicurious", 
    "recipeName": "Cornbread-Stuffed Cornish Game Hens with Corn Maque Choux", 
    "attributes": {
        "course": [
            "Side Dishes", 
            "Main Dishes"
        ], 
        "holiday": [
            "Thanksgiving"
        ], 
        "cuisine": [
            "American"
        ]
    }, 
    "id": "Cornbread-Stuffed-Cornish-Game-Hens-with-Corn-Maque-Choux-Epicurious-53580"
}{
    "flavors": {
        "sweet": 0.3333333333333333, 
        "sour": 0.16666666666666666, 
        "salty": 0.6666666666666666, 
        "piquant": 0.0, 
        "bitter": 0.3333333333333333, 
        "meaty": 0.6666666666666666
    }, 
    "rating": 4.2, 
    "totalTimeInSeconds": 2400.0, 
    "ingredients": [
        "melted butter", 
        "broccoli", 
        "cottage cheese", 
        "corn muffin", 
        "finely chopped onion", 
        "beaten eggs"
    ], 
    "smallImageUrls": [], 
    "sourceDisplayName": "AllRecipes", 
    "recipeName": "Gaga's Broccoli Bread", 
    "attributes": {
        "course": [
            "Breads"
        ]
    }, 
    "id": "Gaga_s-Broccoli-Bread-AllRecipes"
}{
    "flavors": {
        "sweet": 0.8333333333333334, 
        "sour": 0.3333333333333333, 
        "salty": 0.3333333333333333, 
        "piquant": 0.0, 
        "bitter": 0.16666666666666666, 
        "meaty": 0.5
    }, 
    "rating": 4.63, 
    "totalTimeInSeconds": 2400.0, 
    "ingredients": [
        "brown sugar", 
        "rhubarb", 
        "sour cream", 
        "eggs", 
        "baking soda", 
        "sugar", 
        "ground cinnamon", 
        "butter", 
        "flour"
    ], 
    "smallImageUrls": [
        "http://i.yummly.com/Sour-Cream-Rhubarb-Muffins-Recipezaar-195297.s.jpg"
    ], 
    "sourceDisplayName": "Food.com", 
    "recipeName": "Sour Cream Rhubarb Muffins", 
    "attributes": {
        "course": [
            "Breads", 
            "Breakfast and Brunch"
        ]
    }, 
    "id": "Sour-Cream-Rhubarb-Muffins-Recipezaar"
}{
    "flavors": {
        "sweet": 0.8333333333333334, 
        "sour": 0.5, 
        "salty": 0.6666666666666666, 
        "piquant": 0.0, 
        "bitter": 0.3333333333333333, 
        "meaty": 0.6666666666666666
    }, 
    "rating": 5.0, 
    "totalTimeInSeconds": 2700.0, 
    "ingredients": [
        "butter", 
        "cinnamon", 
        "baking powder", 
        "egg", 
        "sugar", 
        "salt", 
        "vanilla", 
        "granny smith apple", 
        "buttermilk", 
        "all-purpose flour"
    ], 
    "smallImageUrls": [
        "http://i.yummly.com/Cinnamon-Apple-Muffins-Recipezaar-164996.s.jpg"
    ], 
    "sourceDisplayName": "Food.com", 
    "recipeName": "Cinnamon Apple Muffins", 
    "attributes": {
        "course": [
            "Breads", 
            "Breakfast and Brunch"
        ]
    }, 
    "id": "Cinnamon-Apple-Muffins-Recipezaar"
}{
    "flavors": {
        "sweet": 0.8333333333333334, 
        "sour": 0.6666666666666666, 
        "salty": 0.3333333333333333, 
        "piquant": 0.0, 
        "bitter": 0.16666666666666666, 
        "meaty": 0.5
    }, 
    "rating": 0.0, 
    "totalTimeInSeconds": 2400.0, 
    "ingredients": [
        "all-purpose flour", 
        "egg", 
        "salt", 
        "white sugar", 
        "irish whiskey", 
        "melted butter", 
        "milk", 
        "baking powder", 
        "irish cream liqueur"
    ], 
    "smallImageUrls": [
        "http://i.yummly.com/Irish-Whiskey-Muffins-AllRecipes-202661-93311.s.png", 
        "http://i.yummly.com/Irish-Whiskey-Muffins-AllRecipes-202661-92654.s.png"
    ], 
    "sourceDisplayName": "AllRecipes", 
    "recipeName": "Irish Whiskey Muffins", 
    "attributes": {
        "course": [
            "Breads"
        ], 
        "cuisine": [
            "Irish"
        ]
    }, 
    "id": "Irish-Whiskey-Muffins-AllRecipes-202661"
}{
    "flavors": {
        "sweet": 0.8333333333333334, 
        "sour": 0.16666666666666666, 
        "salty": 0.3333333333333333, 
        "piquant": 0.0, 
        "bitter": 0.16666666666666666, 
        "meaty": 0.5
    }, 
    "rating": 4.67, 
    "totalTimeInSeconds": 1500.0, 
    "ingredients": [
        "vegetable oil", 
        "all-purpose flour", 
        "yogurt", 
        "cinnamon", 
        "egg white", 
        "peaches", 
        "whole wheat flour", 
        "honey", 
        "baking soda", 
        "wheat bran", 
        "baking powder"
    ], 
    "smallImageUrls": [
        "http://i.yummly.com/Honey-Peach-Bran-Muffins-Recipezaar-181228.s.jpg"
    ], 
    "sourceDisplayName": "Food.com", 
    "recipeName": "Honey Peach Bran Muffins", 
    "attributes": {
        "course": [
            "Breads", 
            "Lunch and Snacks"
        ]
    }, 
    "id": "Honey-Peach-Bran-Muffins-Recipezaar"
}{
    "flavors": {
        "sweet": 1.0, 
        "sour": 0.5, 
        "salty": 0.8333333333333334, 
        "piquant": 0.0, 
        "bitter": 0.6666666666666666, 
        "meaty": 0.5
    }, 
    "rating": 4.65, 
    "totalTimeInSeconds": 1800.0, 
    "ingredients": [
        "milk", 
        "cake mix", 
        "flour", 
        "baking powder", 
        "eggs", 
        "vegetable oil"
    ], 
    "smallImageUrls": [
        "http://i.yummly.com/Costco-Muffins-_-Copycat-Recipezaar-249478.s.jpg"
    ], 
    "sourceDisplayName": "Food.com", 
    "recipeName": "Costco Muffins - Copycat", 
    "attributes": {
        "course": [
            "Breads"
        ]
    }, 
    "id": "Costco-Muffins-_-Copycat-Recipezaar"
}{
    "flavors": {
        "sweet": 0.3333333333333333, 
        "sour": 0.16666666666666666, 
        "salty": 0.16666666666666666, 
        "piquant": 0.0, 
        "bitter": 0.16666666666666666, 
        "meaty": 0.16666666666666666
    }, 
    "rating": 4.52, 
    "totalTimeInSeconds": 2400.0, 
    "ingredients": [
        "flour", 
        "brown sugar", 
        "chopped walnuts", 
        "milk", 
        "flour", 
        "beaten eggs", 
        "melted butter", 
        "baking powder", 
        "shortening", 
        "sugar", 
        "salt", 
        "cinnamon"
    ], 
    "smallImageUrls": [
        "http://i.yummly.com/Coffee-Cake-Muffins-Food_com-120415-206056.s.jpg"
    ], 
    "sourceDisplayName": "Food.com", 
    "recipeName": "Coffee Cake Muffins", 
    "attributes": {
        "course": [
            "Breads", 
            "Breakfast and Brunch"
        ], 
        "holiday": [
            "Christmas"
        ], 
        "cuisine": [
            "American"
        ]
    }, 
    "id": "Coffee-Cake-Muffins-Food_com-120415"
}{
    "flavors": {
        "sweet": 0.16666666666666666, 
        "sour": 0.16666666666666666, 
        "salty": 0.0, 
        "piquant": 0.0, 
        "bitter": 0.16666666666666666, 
        "meaty": 0.3333333333333333
    }, 
    "rating": 4.4, 
    "totalTimeInSeconds": 1800.0, 
    "ingredients": [
        "vegetable oil", 
        "egg", 
        "baking mix", 
        "sugar", 
        "blueberries", 
        "milk", 
        "mashed banana", 
        "ground cinnamon"
    ], 
    "smallImageUrls": [
        "http://i.yummly.com/Bisquick-Blueberry_banana-Muffins-Recipezaar-231857.s.jpg"
    ], 
    "sourceDisplayName": "Food.com", 
    "recipeName": "Bisquick Blueberry-Banana Muffins", 
    "attributes": {
        "course": [
            "Breads", 
            "Breakfast and Brunch"
        ]
    }, 
    "id": "Bisquick-Blueberry_banana-Muffins-Recipezaar"
}{
    "flavors": null, 
    "rating": 5.0, 
    "totalTimeInSeconds": 2400.0, 
    "ingredients": [
        "buttermilk", 
        "eggs", 
        "whole wheat pastry", 
        "baking powder", 
        "shredded coconut", 
        "honey", 
        "butter", 
        "baking soda"
    ], 
    "smallImageUrls": [], 
    "sourceDisplayName": "Food.com", 
    "recipeName": "Coconut Muffins", 
    "attributes": {
        "course": [
            "Breads", 
            "Lunch and Snacks"
        ]
    }, 
    "id": "Coconut-Muffins-Recipezaar_2"
}{
    "flavors": {
        "sweet": 1.0, 
        "sour": 0.5, 
        "salty": 0.8333333333333334, 
        "piquant": 0.0, 
        "bitter": 0.8333333333333334, 
        "meaty": 0.6666666666666666
    }, 
    "rating": 5.0, 
    "totalTimeInSeconds": 2400.0, 
    "ingredients": [
        "eggs", 
        "wheat bran", 
        "applesauce", 
        "honey", 
        "vegetable oil", 
        "cake mix", 
        "ground cinnamon"
    ], 
    "smallImageUrls": [], 
    "sourceDisplayName": "Food.com", 
    "recipeName": "Abc Muffins", 
    "attributes": {
        "course": [
            "Breads", 
            "Breakfast and Brunch"
        ]
    }, 
    "id": "Abc-Muffins-Recipezaar_1"
}{
    "flavors": null, 
    "rating": 4.7, 
    "totalTimeInSeconds": 600.0, 
    "ingredients": [
        "american cheese", 
        "egg", 
        "english muffin", 
        "cooking spray", 
        "canadian bacon", 
        "butter"
    ], 
    "smallImageUrls": [
        "http://i.yummly.com/Egg-Mcmuffin-Recipezaar-191152.s.jpg"
    ], 
    "sourceDisplayName": "Food.com", 
    "recipeName": "Egg Mcmuffin", 
    "attributes": {
        "course": [
            "Breakfast and Brunch"
        ], 
        "cuisine": [
            "American"
        ]
    }, 
    "id": "Egg-Mcmuffin-Recipezaar"
}{
    "flavors": {
        "sweet": 1.0, 
        "sour": 0.6666666666666666, 
        "salty": 0.5, 
        "piquant": 0.0, 
        "bitter": 0.16666666666666666, 
        "meaty": 0.5
    }, 
    "rating": 4.78, 
    "totalTimeInSeconds": 2100.0, 
    "ingredients": [
        "sugar", 
        "large egg", 
        "salt", 
        "milk", 
        "sugar", 
        "baking soda", 
        "cranberries", 
        "sour cream", 
        "vegetable oil", 
        "all-purpose flour"
    ], 
    "smallImageUrls": [
        "http://i.yummly.com/Cranberry-Sour-Cream-Muffins-Recipezaar-203550.s.jpg"
    ], 
    "sourceDisplayName": "Food.com", 
    "recipeName": "Cranberry Sour Cream Muffins", 
    "attributes": {
        "course": [
            "Breads"
        ]
    }, 
    "id": "Cranberry-Sour-Cream-Muffins-Recipezaar"
}{
    "flavors": {
        "sweet": 0.8333333333333334, 
        "sour": 0.6666666666666666, 
        "salty": 0.3333333333333333, 
        "piquant": 0.0, 
        "bitter": 0.5, 
        "meaty": 0.3333333333333333
    }, 
    "rating": 5.0, 
    "totalTimeInSeconds": 1320.0, 
    "ingredients": [
        "beaten eggs", 
        "flour", 
        "flour", 
        "baking powder", 
        "melted butter", 
        "blueberries", 
        "salt", 
        "brown sugar", 
        "milk"
    ], 
    "smallImageUrls": [
        "http://i.yummly.com/Blueberry-Hill-Muffins-Recipezaar-232951.s.jpg"
    ], 
    "sourceDisplayName": "Food.com", 
    "recipeName": "Blueberry Hill Muffins", 
    "attributes": {
        "course": [
            "Breads", 
            "Breakfast and Brunch"
        ], 
        "cuisine": [
            "American"
        ]
    }, 
    "id": "Blueberry-Hill-Muffins-Recipezaar"
}{
    "flavors": {
        "sweet": 0.8333333333333334, 
        "sour": 0.5, 
        "salty": 0.6666666666666666, 
        "piquant": 0.6666666666666666, 
        "bitter": 0.6666666666666666, 
        "meaty": 0.6666666666666666
    }, 
    "rating": 4.83, 
    "totalTimeInSeconds": 1500.0, 
    "ingredients": [
        "green onion", 
        "egg", 
        "salt", 
        "baking powder", 
        "red onion", 
        "monterey jack cheese", 
        "blue cornmeal", 
        "white flour", 
        "fresh cilantro", 
        "brown sugar", 
        "baking soda", 
        "oil", 
        "sour cream", 
        "buttermilk", 
        "chili powder"
    ], 
    "smallImageUrls": [
        "http://i.yummly.com/Corn-Muffins-Recipezaar_2-249687.s.jpg"
    ], 
    "sourceDisplayName": "Food.com", 
    "recipeName": "Corn Muffins", 
    "attributes": {
        "course": [
            "Breads", 
            "Breakfast and Brunch"
        ], 
        "holiday": [
            "Thanksgiving"
        ]
    }, 
    "id": "Corn-Muffins-Recipezaar_2"
}{
    "flavors": {
        "sweet": 1.0, 
        "sour": 0.6666666666666666, 
        "salty": 0.8333333333333334, 
        "piquant": 0.0, 
        "bitter": 0.5, 
        "meaty": 0.3333333333333333
    }, 
    "rating": 0.0, 
    "totalTimeInSeconds": 0, 
    "ingredients": [
        "vanilla extract", 
        "ground ginger", 
        "canola oil", 
        "canned pumpkin", 
        "large eggs", 
        "cooking spray", 
        "golden raisins", 
        "brown sugar", 
        "granulated sugar", 
        "pumpkin pie spice", 
        "buttermilk", 
        "salt", 
        "baking soda", 
        "all-purpose flour", 
        "molasses"
    ], 
    "smallImageUrls": [
        "http://i.yummly.com/Pumpkin-Muffins-My-Recipes-118371.s.png"
    ], 
    "sourceDisplayName": "MyRecipes", 
    "recipeName": "Pumpkin Muffins", 
    "attributes": {
        "course": [
            "Breads", 
            "Breakfast and Brunch"
        ], 
        "holiday": [
            "Halloween", 
            "Christmas"
        ], 
        "cuisine": [
            "American"
        ]
    }, 
    "id": "Pumpkin-Muffins-My-Recipes"
}{
    "flavors": {
        "sweet": 0.8333333333333334, 
        "sour": 0.3333333333333333, 
        "salty": 0.3333333333333333, 
        "piquant": 0.0, 
        "bitter": 0.16666666666666666, 
        "meaty": 0.6666666666666666
    }, 
    "rating": 4.52, 
    "totalTimeInSeconds": 2100.0, 
    "ingredients": [
        "melted butter", 
        "vanilla extract", 
        "eggs", 
        "lemon juice", 
        "flour", 
        "cream cheese", 
        "blueberries", 
        "baking powder", 
        "salt", 
        "sugar", 
        "baking soda", 
        "milk"
    ], 
    "smallImageUrls": [
        "http://i.yummly.com/Cream-Cheese_blueberry-Muffins-Recipezaar-179934.s.jpg"
    ], 
    "sourceDisplayName": "Food.com", 
    "recipeName": "Cream Cheese-Blueberry Muffins", 
    "attributes": {
        "course": [
            "Breads", 
            "Breakfast and Brunch", 
            "Lunch and Snacks"
        ]
    }, 
    "id": "Cream-Cheese_blueberry-Muffins-Recipezaar"
}{
    "flavors": {
        "sweet": 0.16666666666666666, 
        "sour": 0.16666666666666666, 
        "salty": 0.3333333333333333, 
        "piquant": 0.0, 
        "bitter": 0.16666666666666666, 
        "meaty": 0.16666666666666666
    }, 
    "rating": 4.67, 
    "totalTimeInSeconds": 120.0, 
    "ingredients": [
        "salt", 
        "hummus", 
        "sliced tomato", 
        "pepper", 
        "english muffin"
    ], 
    "smallImageUrls": [
        "http://i.yummly.com/Nan_s-English-Muffin_-Hummus_-_-Tomato-Sandwich-_-Ww-_-Recipezaar-223992.s.jpg"
    ], 
    "sourceDisplayName": "Food.com", 
    "recipeName": "Nan's English Muffin, Hummus,  &amp; Tomato Sandwich ( Ww )", 
    "attributes": {
        "course": [
            "Lunch and Snacks"
        ]
    }, 
    "id": "Nan_s-English-Muffin_-Hummus_-_-Tomato-Sandwich-_-Ww-_-Recipezaar"
}{
    "flavors": {
        "sweet": 0.3333333333333333, 
        "sour": 0.3333333333333333, 
        "salty": 0.6666666666666666, 
        "piquant": 0.0, 
        "bitter": 0.3333333333333333, 
        "meaty": 0.5
    }, 
    "rating": 4.75, 
    "totalTimeInSeconds": 1200.0, 
    "ingredients": [
        "english muffins", 
        "green olives", 
        "pizza sauce", 
        "string cheese"
    ], 
    "smallImageUrls": [
        "http://i.yummly.com/Pizza-Mummies-Recipezaar-223340.s.jpg"
    ], 
    "sourceDisplayName": "Food.com", 
    "recipeName": "Pizza Mummies", 
    "attributes": {
        "course": [
            "Appetizers", 
            "Lunch and Snacks"
        ], 
        "holiday": [
            "Halloween"
        ]
    }, 
    "id": "Pizza-Mummies-Recipezaar"
}{
    "flavors": {
        "sweet": 0.16666666666666666, 
        "sour": 0.8333333333333334, 
        "salty": 0.8333333333333334, 
        "piquant": 0.0, 
        "bitter": 0.5, 
        "meaty": 0.5
    }, 
    "rating": 4.0, 
    "totalTimeInSeconds": 1620.0, 
    "ingredients": [
        "muffin mix", 
        "bacon", 
        "chives", 
        "black pepper"
    ], 
    "smallImageUrls": [], 
    "sourceDisplayName": "Food.com", 
    "recipeName": "Quick Chive and Bacon Corn Muffins", 
    "attributes": {
        "course": [
            "Breads"
        ]
    }, 
    "id": "Quick-Chive-And-Bacon-Corn-Muffins-Recipezaar"
}{
    "flavors": {
        "sweet": 0.6666666666666666, 
        "sour": 0.5, 
        "salty": 1.0, 
        "piquant": 0.5, 
        "bitter": 0.5, 
        "meaty": 0.8333333333333334
    }, 
    "rating": 5.0, 
    "totalTimeInSeconds": 2100.0, 
    "ingredients": [
        "buttermilk biscuits", 
        "chili powder", 
        "ketchup", 
        "brown sugar", 
        "lean ground beef", 
        "apple cider vinegar", 
        "shredded cheddar cheese"
    ], 
    "smallImageUrls": [], 
    "sourceDisplayName": "Food.com", 
    "recipeName": "Barbecue Muffins", 
    "attributes": {
        "course": [
            "Breads", 
            "Lunch and Snacks"
        ]
    }, 
    "id": "Barbecue-Muffins-Recipezaar_1"
}{
    "flavors": {
        "sweet": 0.16666666666666666, 
        "sour": 0.0, 
        "salty": 0.5, 
        "piquant": 0.0, 
        "bitter": 0.3333333333333333, 
        "meaty": 0.6666666666666666
    }, 
    "rating": 0.0, 
    "totalTimeInSeconds": 0, 
    "ingredients": [
        "cheese soup", 
        "shredded cheddar cheese", 
        "baking mix", 
        "water", 
        "pork sausage"
    ], 
    "smallImageUrls": [], 
    "sourceDisplayName": "MyRecipes", 
    "recipeName": "Sausage-Cheese Muffins", 
    "attributes": {
        "course": [
            "Breads", 
            "Breakfast and Brunch"
        ], 
        "cuisine": [
            "American"
        ]
    }, 
    "id": "Sausage_cheese-Muffins-My-Recipes"
}{
    "flavors": {
        "sweet": 0.3333333333333333, 
        "sour": 0.6666666666666666, 
        "salty": 0.16666666666666666, 
        "piquant": 0.0, 
        "bitter": 0.16666666666666666, 
        "meaty": 0.6666666666666666
    }, 
    "rating": 5.0, 
    "totalTimeInSeconds": 9000.0, 
    "ingredients": [
        "orange zest", 
        "whole milk", 
        "all-purpose flour", 
        "cornstarch", 
        "citron", 
        "orange flower water", 
        "salt", 
        "orange zest", 
        "confectioners sugar", 
        "large egg yolks", 
        "sugar", 
        "cold water", 
        "pure vanilla extract", 
        "sugar", 
        "large egg yolks", 
        "unsalted butter", 
        "muffin", 
        "large egg", 
        "ricotta"
    ], 
    "smallImageUrls": [
        "http://i.yummly.com/Sweet-Ricotta-Pastries-Epicurious-53686-46968.s.png"
    ], 
    "sourceDisplayName": "Epicurious", 
    "recipeName": "Sweet Ricotta Pastries", 
    "attributes": {
        "course": [
            "Desserts"
        ]
    }, 
    "id": "Sweet-Ricotta-Pastries-Epicurious-53686"
}{
    "flavors": {
        "sweet": 0.8333333333333334, 
        "sour": 0.3333333333333333, 
        "salty": 0.16666666666666666, 
        "piquant": 0.0, 
        "bitter": 0.16666666666666666, 
        "meaty": 0.3333333333333333
    }, 
    "rating": 5.0, 
    "totalTimeInSeconds": 2400.0, 
    "ingredients": [
        "all-purpose flour", 
        "sunflower oil", 
        "sugar", 
        "egg", 
        "baking powder", 
        "buttermilk", 
        "raspberries"
    ], 
    "smallImageUrls": [], 
    "sourceDisplayName": "Food.com", 
    "recipeName": "raspberry muffins", 
    "attributes": {
        "course": [
            "Breads"
        ]
    }, 
    "id": "Raspberry-Muffins-Recipezaar_2"
}{
    "flavors": {
        "sweet": 1.0, 
        "sour": 0.3333333333333333, 
        "salty": 0.6666666666666666, 
        "piquant": 0.0, 
        "bitter": 0.8333333333333334, 
        "meaty": 0.5
    }, 
    "rating": 4.67, 
    "totalTimeInSeconds": 1800.0, 
    "ingredients": [
        "flour", 
        "mashed bananas", 
        "baking powder", 
        "baking soda", 
        "white sugar", 
        "raisins", 
        "melted butter", 
        "rolled oat", 
        "egg"
    ], 
    "smallImageUrls": [
        "http://i.yummly.com/Oatmeal-Banana-Muffins-Recipezaar_1-250695.s.jpg"
    ], 
    "sourceDisplayName": "Food.com", 
    "recipeName": "Oatmeal Banana Muffins", 
    "attributes": {
        "course": [
            "Breads", 
            "Breakfast and Brunch", 
            "Lunch and Snacks"
        ]
    }, 
    "id": "Oatmeal-Banana-Muffins-Recipezaar_1"
}{
    "flavors": {
        "sweet": 0.6666666666666666, 
        "sour": 0.5, 
        "salty": 0.6666666666666666, 
        "piquant": 0.0, 
        "bitter": 0.3333333333333333, 
        "meaty": 0.5
    }, 
    "rating": 5.0, 
    "totalTimeInSeconds": 2100.0, 
    "ingredients": [
        "canola oil", 
        "whole wheat flour", 
        "oat bran", 
        "baking soda", 
        "apple juice concentrate", 
        "apples", 
        "nutmeg", 
        "white flour", 
        "cinnamon", 
        "water"
    ], 
    "smallImageUrls": [
        "http://i.yummly.com/Apple-Oat_bran-Muffins-Recipezaar-18929.s.png", 
        "http://i.yummly.com/Apple-Oat_bran-Muffins-Recipezaar-196808.s.jpg"
    ], 
    "sourceDisplayName": "Food.com", 
    "recipeName": "Apple Oat-Bran Muffins", 
    "attributes": {
        "course": [
            "Breads", 
            "Breakfast and Brunch"
        ]
    }, 
    "id": "Apple-Oat_bran-Muffins-Recipezaar"
}{
    "flavors": {
        "sweet": 1.0, 
        "sour": 0.6666666666666666, 
        "salty": 0.16666666666666666, 
        "piquant": 0.0, 
        "bitter": 0.16666666666666666, 
        "meaty": 0.5
    }, 
    "rating": 5.0, 
    "totalTimeInSeconds": 2400.0, 
    "ingredients": [
        "white chocolate chips", 
        "all-purpose flour", 
        "lemon zest", 
        "milk", 
        "butter", 
        "blueberries", 
        "granulated sugar", 
        "egg", 
        "salt", 
        "brown sugar", 
        "baking powder"
    ], 
    "smallImageUrls": [
        "http://i.yummly.com/Blueberry-White-Chip-Muffins-Recipezaar-228013.s.jpg"
    ], 
    "sourceDisplayName": "Food.com", 
    "recipeName": "Blueberry White Chip Muffins", 
    "attributes": {
        "course": [
            "Breads"
        ]
    }, 
    "id": "Blueberry-White-Chip-Muffins-Recipezaar"
}{
    "flavors": {
        "sweet": 0.5, 
        "sour": 0.6666666666666666, 
        "salty": 0.3333333333333333, 
        "piquant": 0.6666666666666666, 
        "bitter": 0.3333333333333333, 
        "meaty": 0.16666666666666666
    }, 
    "rating": 4.5, 
    "totalTimeInSeconds": 0, 
    "ingredients": [
        "all-purpose flour", 
        "green bell peppers", 
        "green onions", 
        "minced garlic", 
        "unsalted butter", 
        "salt", 
        "flat leaf parsley", 
        "bay leaves", 
        "corn muffin", 
        "plum tomatoes", 
        "hot pepper sauce", 
        "fish stock", 
        "vegetable oil", 
        "essence", 
        "chopped celery", 
        "yellow onions", 
        "catfish fillets", 
        "worcestershire sauce", 
        "red pepper flakes", 
        "cayenne"
    ], 
    "smallImageUrls": [], 
    "sourceDisplayName": "Food Network", 
    "recipeName": "Catfish Sauce Piquante served over Giant Jalapeno Corn Muffins", 
    "attributes": {}, 
    "id": "Catfish-Sauce-Piquante-Served-Over-Giant-Jalapeno-Corn-Muffins-Food-Network"
}{
    "flavors": null, 
    "rating": 4.0, 
    "totalTimeInSeconds": 0, 
    "ingredients": [
        "egg whites", 
        "whole wheat flour", 
        "shredded coconut", 
        "ground ginger", 
        "tart apple", 
        "carrots", 
        "wheat germ", 
        "stevia extract", 
        "raisins", 
        "sugar", 
        "sunflower seeds", 
        "nonfat buttermilk", 
        "baking soda", 
        "ground cinnamon", 
        "vegetable oil", 
        "egg", 
        "orange juice", 
        "vanilla extract", 
        "salt"
    ], 
    "smallImageUrls": [
        "http://i.yummly.com/Morning-Glory-Muffin-Tops-AllRecipes-69377.s.png"
    ], 
    "sourceDisplayName": "AllRecipes", 
    "recipeName": "Morning Glory Muffin Tops", 
    "attributes": {
        "course": [
            "Breads", 
            "Breakfast and Brunch"
        ]
    }, 
    "id": "Morning-Glory-Muffin-Tops-AllRecipes"
}{
    "flavors": {
        "sweet": 0.8333333333333334, 
        "sour": 0.3333333333333333, 
        "salty": 0.5, 
        "piquant": 0.0, 
        "bitter": 0.3333333333333333, 
        "meaty": 0.8333333333333334
    }, 
    "rating": 4.5, 
    "totalTimeInSeconds": 1500.0, 
    "ingredients": [
        "large eggs", 
        "salt", 
        "light coconut milk", 
        "baking soda", 
        "flour", 
        "orange rind", 
        "vanilla extract", 
        "sugar", 
        "baking powder", 
        "flaked coconut", 
        "chopped almonds", 
        "butter"
    ], 
    "smallImageUrls": [
        "http://i.yummly.com/Coconut-Muffins-Recipezaar_5-180979.s.jpg"
    ], 
    "sourceDisplayName": "Food.com", 
    "recipeName": "Coconut Muffins", 
    "attributes": {
        "course": [
            "Breads", 
            "Lunch and Snacks"
        ]
    }, 
    "id": "Coconut-Muffins-Recipezaar_5"
}{
    "flavors": {
        "sweet": 0.5, 
        "sour": 0.6666666666666666, 
        "salty": 0.16666666666666666, 
        "piquant": 0.0, 
        "bitter": 0.16666666666666666, 
        "meaty": 0.3333333333333333
    }, 
    "rating": 5.0, 
    "totalTimeInSeconds": 1800.0, 
    "ingredients": [
        "2% low-fat milk", 
        "warm water", 
        "sugar", 
        "all-purpose flour", 
        "active dry yeast", 
        "salt"
    ], 
    "smallImageUrls": [], 
    "sourceDisplayName": "Food.com", 
    "recipeName": "English Muffins", 
    "attributes": {
        "course": [
            "Breads", 
            "Breakfast and Brunch", 
            "Lunch and Snacks"
        ], 
        "cuisine": [
            "American"
        ]
    }, 
    "id": "English-Muffins-Recipezaar_1"
}{
    "flavors": {
        "sweet": 0.8333333333333334, 
        "sour": 0.16666666666666666, 
        "salty": 0.3333333333333333, 
        "piquant": 0.0, 
        "bitter": 0.5, 
        "meaty": 0.5
    }, 
    "rating": 4.67, 
    "totalTimeInSeconds": 2400.0, 
    "ingredients": [
        "beetroots", 
        "brown sugar", 
        "whole wheat flour", 
        "cocoa", 
        "low-fat yogurt", 
        "self raising flour", 
        "egg whites", 
        "granny smith apples", 
        "vegetable oil", 
        "bicarbonate of soda"
    ], 
    "smallImageUrls": [
        "http://i.yummly.com/Trick-And-Treat-Muffins-Recipezaar-195616.s.jpg"
    ], 
    "sourceDisplayName": "Food.com", 
    "recipeName": "Trick and Treat Muffins", 
    "attributes": {
        "course": [
            "Lunch and Snacks"
        ], 
        "holiday": [
            "Halloween"
        ]
    }, 
    "id": "Trick-And-Treat-Muffins-Recipezaar"
}{
    "flavors": {
        "sweet": 0.3333333333333333, 
        "sour": 0.16666666666666666, 
        "salty": 0.3333333333333333, 
        "piquant": 0.0, 
        "bitter": 0.16666666666666666, 
        "meaty": 0.16666666666666666
    }, 
    "rating": 4.0, 
    "totalTimeInSeconds": 600.0, 
    "ingredients": [
        "honey", 
        "banana", 
        "english muffin", 
        "whipped cream cheese"
    ], 
    "smallImageUrls": [], 
    "sourceDisplayName": "Food.com", 
    "recipeName": "Cinnamon Raisin Banana Cheese Muffins", 
    "attributes": {
        "course": [
            "Breads", 
            "Breakfast and Brunch"
        ]
    }, 
    "id": "Cinnamon-Raisin-Banana-Cheese-Muffins-Recipezaar"
}{
    "flavors": {
        "sweet": 1.0, 
        "sour": 0.3333333333333333, 
        "salty": 0.5, 
        "piquant": 0.0, 
        "bitter": 0.3333333333333333, 
        "meaty": 0.6666666666666666
    }, 
    "rating": 5.0, 
    "totalTimeInSeconds": 2100.0, 
    "ingredients": [
        "bananas", 
        "butter", 
        "eggs", 
        "sugar", 
        "chopped pecans", 
        "baking soda", 
        "flour", 
        "chocolate chip", 
        "maraschino cherry"
    ], 
    "smallImageUrls": [
        "http://i.yummly.com/Magnificent-Mini-Muffins-Recipezaar-198669.s.jpg"
    ], 
    "sourceDisplayName": "Food.com", 
    "recipeName": "Magnificent Mini Muffins", 
    "attributes": {
        "course": [
            "Breads"
        ]
    }, 
    "id": "Magnificent-Mini-Muffins-Recipezaar"
}{
    "flavors": {
        "sweet": 0.6666666666666666, 
        "sour": 0.6666666666666666, 
        "salty": 1.0, 
        "piquant": 0.0, 
        "bitter": 0.5, 
        "meaty": 0.5
    }, 
    "rating": 4.88, 
    "totalTimeInSeconds": 1200.0, 
    "ingredients": [
        "melted butter", 
        "bacon", 
        "eggs", 
        "white bread"
    ], 
    "smallImageUrls": [
        "http://i2.yummly.com/Eggs-In-Muffin-Cups-Recipezaar-2.s.png", 
        "http://i.yummly.com/Eggs-In-Muffin-Cups-Recipezaar-230085.s.jpg"
    ], 
    "sourceDisplayName": "Food.com", 
    "recipeName": "Eggs in Muffin Cups", 
    "attributes": {
        "course": [
            "Breakfast and Brunch"
        ]
    }, 
    "id": "Eggs-In-Muffin-Cups-Recipezaar"
}{
    "flavors": {
        "sweet": 0.3333333333333333, 
        "sour": 0.5, 
        "salty": 0.6666666666666666, 
        "piquant": 0.6666666666666666, 
        "bitter": 0.3333333333333333, 
        "meaty": 0.8333333333333334
    }, 
    "rating": 4.53, 
    "totalTimeInSeconds": 3000.0, 
    "ingredients": [
        "salt", 
        "eggs", 
        "pepper", 
        "garlic powder", 
        "sharp cheddar cheese", 
        "pork sausage", 
        "onion", 
        "green pepper"
    ], 
    "smallImageUrls": [], 
    "sourceDisplayName": "Food.com", 
    "recipeName": "Scrambled Egg Muffins", 
    "attributes": {
        "course": [
            "Breakfast and Brunch"
        ]
    }, 
    "id": "Scrambled-Egg-Muffins-Recipezaar"
}{
    "flavors": {
        "sweet": 0.8333333333333334, 
        "sour": 0.5, 
        "salty": 0.3333333333333333, 
        "piquant": 0.0, 
        "bitter": 1.0, 
        "meaty": 0.8333333333333334
    }, 
    "rating": 0.0, 
    "totalTimeInSeconds": 3600.0, 
    "ingredients": [
        "chopped walnuts", 
        "pumpkin pie spice", 
        "pumpkin puree", 
        "baking soda", 
        "all-purpose flour", 
        "vegetable oil", 
        "wheat flour", 
        "eggs", 
        "turbinado sugar", 
        "baking powder", 
        "plain low-fat yogurt"
    ], 
    "smallImageUrls": [], 
    "sourceDisplayName": "Martha Stewart", 
    "recipeName": "Pumpkin Muffins", 
    "attributes": {
        "course": [
            "Breads", 
            "Breakfast and Brunch", 
            "Lunch and Snacks"
        ], 
        "holiday": [
            "Thanksgiving", 
            "Halloween"
        ], 
        "cuisine": [
            "American"
        ]
    }, 
    "id": "Pumpkin-Muffins-Martha-Stewart-197291"
}{
    "flavors": {
        "sweet": 0.8333333333333334, 
        "sour": 0.3333333333333333, 
        "salty": 0.3333333333333333, 
        "piquant": 0.0, 
        "bitter": 0.6666666666666666, 
        "meaty": 1.0
    }, 
    "rating": 4.44, 
    "totalTimeInSeconds": 2100.0, 
    "ingredients": [
        "peanut butter", 
        "milk", 
        "brown sugar", 
        "salt", 
        "egg", 
        "all-purpose flour", 
        "vanilla extract", 
        "miniature semisweet chocolate chips", 
        "vegetable oil", 
        "baking powder"
    ], 
    "smallImageUrls": [
        "http://i.yummly.com/Peanut-Butter-Chocolate-Chip-Mini-Muffins-Recipezaar-195356.s.jpg"
    ], 
    "sourceDisplayName": "Food.com", 
    "recipeName": "Peanut Butter Chocolate Chip Mini Muffins", 
    "attributes": {
        "course": [
            "Breads", 
            "Breakfast and Brunch", 
            "Lunch and Snacks"
        ]
    }, 
    "id": "Peanut-Butter-Chocolate-Chip-Mini-Muffins-Recipezaar"
}{
    "flavors": {
        "sweet": 0.16666666666666666, 
        "sour": 0.6666666666666666, 
        "salty": 0.16666666666666666, 
        "piquant": 0.0, 
        "bitter": 0.16666666666666666, 
        "meaty": 0.5
    }, 
    "rating": 0.0, 
    "totalTimeInSeconds": 0, 
    "ingredients": [
        "salt", 
        "all-purpose flour", 
        "baking powder", 
        "sugar", 
        "beaten eggs", 
        "milk", 
        "crunchy peanut butter", 
        "unsalted butter", 
        "peanuts"
    ], 
    "smallImageUrls": [
        "http://i.yummly.com/Peanut-Butter-Muffins-My-Recipes-134245.s.png"
    ], 
    "sourceDisplayName": "MyRecipes", 
    "recipeName": "Peanut Butter Muffins", 
    "attributes": {
        "course": [
            "Breads", 
            "Desserts", 
            "Breakfast and Brunch"
        ], 
        "cuisine": [
            "American"
        ]
    }, 
    "id": "Peanut-Butter-Muffins-My-Recipes"
}{
    "flavors": {
        "sweet": 0.8333333333333334, 
        "sour": 0.5, 
        "salty": 0.5, 
        "piquant": 0.0, 
        "bitter": 1.0, 
        "meaty": 0.5
    }, 
    "rating": 0.0, 
    "totalTimeInSeconds": 1620.0, 
    "ingredients": [
        "all-purpose flour", 
        "brown sugar", 
        "unsweetened cocoa", 
        "salt", 
        "canola oil", 
        "baking soda", 
        "red wine vinegar", 
        "egg", 
        "warm water", 
        "baking powder", 
        "cooking spray", 
        "vanilla extract", 
        "semisweet chocolate"
    ], 
    "smallImageUrls": [
        "http://i.yummly.com/Chocolate-Chocolate-Chip-Muffins-MyRecipes-264441-132474.s.png"
    ], 
    "sourceDisplayName": "MyRecipes", 
    "recipeName": "Chocolate-Chocolate Chip Muffins", 
    "attributes": {
        "course": [
            "Breads", 
            "Breakfast and Brunch", 
            "Lunch and Snacks"
        ], 
        "cuisine": [
            "American"
        ]
    }, 
    "id": "Chocolate-Chocolate-Chip-Muffins-MyRecipes-264441"
}{
    "flavors": {
        "sweet": 0.6666666666666666, 
        "sour": 0.5, 
        "salty": 0.16666666666666666, 
        "piquant": 0.0, 
        "bitter": 0.16666666666666666, 
        "meaty": 0.3333333333333333
    }, 
    "rating": 1.58, 
    "totalTimeInSeconds": 0, 
    "ingredients": [
        "flaked coconut", 
        "honey", 
        "eggs", 
        "boiling water", 
        "margarine", 
        "all-purpose flour", 
        "almond extract"
    ], 
    "smallImageUrls": [], 
    "sourceDisplayName": "AllRecipes", 
    "recipeName": "Coconut Muffins", 
    "attributes": {
        "course": [
            "Breads", 
            "Lunch and Snacks"
        ]
    }, 
    "id": "Coconut-Muffins-Allrecipes"
}{
    "flavors": {
        "sweet": 1.0, 
        "sour": 0.8333333333333334, 
        "salty": 0.8333333333333334, 
        "piquant": 0.0, 
        "bitter": 0.6666666666666666, 
        "meaty": 0.6666666666666666
    }, 
    "rating": 5.0, 
    "totalTimeInSeconds": 2700.0, 
    "ingredients": [
        "blueberries", 
        "sugar", 
        "large eggs", 
        "milk", 
        "canola oil", 
        "flour", 
        "baking powder", 
        "salt"
    ], 
    "smallImageUrls": [
        "http://i.yummly.com/Old-Fashioned-Blueberry-Muffins-Recipezaar-253164.s.jpg"
    ], 
    "sourceDisplayName": "Food.com", 
    "recipeName": "Old Fashioned Blueberry Muffins", 
    "attributes": {
        "course": [
            "Breads"
        ]
    }, 
    "id": "Old-Fashioned-Blueberry-Muffins-Recipezaar"
}{
    "flavors": {
        "sweet": 0.3333333333333333, 
        "sour": 0.16666666666666666, 
        "salty": 0.5, 
        "piquant": 0.3333333333333333, 
        "bitter": 0.3333333333333333, 
        "meaty": 0.8333333333333334
    }, 
    "rating": 4.62, 
    "totalTimeInSeconds": 3000.0, 
    "ingredients": [
        "olive oil", 
        "butter", 
        "plain flour", 
        "cheese", 
        "eggs", 
        "skim milk", 
        "bacon", 
        "baking powder", 
        "salt", 
        "black pepper", 
        "chives", 
        "button mushrooms"
    ], 
    "smallImageUrls": [
        "http://i.yummly.com/Cheese-_-Bacon-Breakfast-Muffins-Recipezaar-18810.s.png", 
        "http://i.yummly.com/Cheese-_-Bacon-Breakfast-Muffins-Recipezaar-165152.s.jpg"
    ], 
    "sourceDisplayName": "Food.com", 
    "recipeName": "Cheese & Bacon Breakfast Muffins", 
    "attributes": {
        "course": [
            "Breakfast and Brunch", 
            "Lunch and Snacks"
        ]
    }, 
    "id": "Cheese-_-Bacon-Breakfast-Muffins-Recipezaar"
}{
    "flavors": {
        "sweet": 0.6666666666666666, 
        "sour": 0.5, 
        "salty": 0.3333333333333333, 
        "piquant": 0.0, 
        "bitter": 0.3333333333333333, 
        "meaty": 0.5
    }, 
    "rating": 5.0, 
    "totalTimeInSeconds": 1800.0, 
    "ingredients": [
        "sugar", 
        "miniature semisweet chocolate chips", 
        "salt", 
        "almond extract", 
        "sliced almonds", 
        "sugar", 
        "all-purpose flour", 
        "egg", 
        "light sour cream", 
        "melted butter", 
        "flaked coconut", 
        "baking powder"
    ], 
    "smallImageUrls": [
        "http://i.yummly.com/Coconut-Almond-Muffins-Recipezaar-220266.s.jpg"
    ], 
    "sourceDisplayName": "Food.com", 
    "recipeName": "Coconut Almond Muffins", 
    "attributes": {
        "course": [
            "Breads"
        ]
    }, 
    "id": "Coconut-Almond-Muffins-Recipezaar"
}{
    "flavors": {
        "sweet": 1.0, 
        "sour": 0.0, 
        "salty": 0.3333333333333333, 
        "piquant": 0.0, 
        "bitter": 0.3333333333333333, 
        "meaty": 0.5
    }, 
    "rating": 5.0, 
    "totalTimeInSeconds": 1800.0, 
    "ingredients": [
        "vanilla extract", 
        "granulated sugar", 
        "milk chocolate", 
        "light brown sugar", 
        "baking soda", 
        "plain flour", 
        "baking powder", 
        "unsalted butter", 
        "mashed bananas", 
        "salt", 
        "eggs"
    ], 
    "smallImageUrls": [
        "http://i.yummly.com/Banana-Muffins-Recipezaar_22-224674.s.jpg"
    ], 
    "sourceDisplayName": "Food.com", 
    "recipeName": "Banana Muffins", 
    "attributes": {
        "course": [
            "Breads", 
            "Breakfast and Brunch", 
            "Lunch and Snacks"
        ]
    }, 
    "id": "Banana-Muffins-Recipezaar_22"
}{
    "flavors": {
        "sweet": 0.8333333333333334, 
        "sour": 0.3333333333333333, 
        "salty": 0.5, 
        "piquant": 0.0, 
        "bitter": 0.16666666666666666, 
        "meaty": 0.3333333333333333
    }, 
    "rating": 4.59, 
    "totalTimeInSeconds": 2100.0, 
    "ingredients": [
        "blueberries", 
        "baking powder", 
        "lemon extract", 
        "oat bran", 
        "all-purpose flour", 
        "unsweetened applesauce", 
        "lemon zest", 
        "salt", 
        "splenda", 
        "sugar", 
        "flax seed meal", 
        "baking soda", 
        "low-fat buttermilk", 
        "egg"
    ], 
    "smallImageUrls": [
        "http://i.yummly.com/Blueberry-Flax-Muffins-Recipezaar-190717.s.jpg"
    ], 
    "sourceDisplayName": "Food.com", 
    "recipeName": "Blueberry Flax Muffins", 
    "attributes": {
        "course": [
            "Breads"
        ]
    }, 
    "id": "Blueberry-Flax-Muffins-Recipezaar"
}{
    "flavors": {
        "sweet": 0.8333333333333334, 
        "sour": 0.3333333333333333, 
        "salty": 0.16666666666666666, 
        "piquant": 0.0, 
        "bitter": 0.16666666666666666, 
        "meaty": 0.5
    }, 
    "rating": 5.0, 
    "totalTimeInSeconds": 2400.0, 
    "ingredients": [
        "egg", 
        "baking powder", 
        "whole milk", 
        "blueberries", 
        "brown sugar", 
        "all-purpose flour", 
        "sugar", 
        "unsalted butter"
    ], 
    "smallImageUrls": [
        "http://i.yummly.com/Paula-Deen_s-Blueberry-Muffins-Recipezaar-171069.s.jpg"
    ], 
    "sourceDisplayName": "Food.com", 
    "recipeName": "Paula Deen's Blueberry Muffins", 
    "attributes": {
        "course": [
            "Breads"
        ]
    }, 
    "id": "Paula-Deen_s-Blueberry-Muffins-Recipezaar"
}{
    "flavors": {
        "sweet": 0.6666666666666666, 
        "sour": 0.0, 
        "salty": 0.16666666666666666, 
        "piquant": 0.0, 
        "bitter": 0.16666666666666666, 
        "meaty": 0.0
    }, 
    "rating": 4.71, 
    "totalTimeInSeconds": 2100.0, 
    "ingredients": [
        "cinnamon", 
        "eggs", 
        "butter", 
        "brown sugar", 
        "low-fat peach yogurt", 
        "flour", 
        "flour", 
        "peach syrup", 
        "brown sugar", 
        "oiled", 
        "baking powder", 
        "nutmeg", 
        "cinnamon", 
        "salt", 
        "baking soda", 
        "peaches"
    ], 
    "smallImageUrls": [
        "http://i.yummly.com/Peach-Muffins-Food_com-146998-209673.s.jpg"
    ], 
    "sourceDisplayName": "Food.com", 
    "recipeName": "Peach Muffins", 
    "attributes": {
        "course": [
            "Breads", 
            "Breakfast and Brunch"
        ]
    }, 
    "id": "Peach-Muffins-Food_com-146998"
}{
    "flavors": {
        "sweet": 0.8333333333333334, 
        "sour": 0.5, 
        "salty": 1.0, 
        "piquant": 0.0, 
        "bitter": 0.3333333333333333, 
        "meaty": 0.6666666666666666
    }, 
    "rating": 5.0, 
    "totalTimeInSeconds": 1800.0, 
    "ingredients": [
        "brown sugar", 
        "bran flakes", 
        "flour", 
        "oatmeal", 
        "vegetable oil", 
        "salt", 
        "baking soda", 
        "buttermilk", 
        "molasses"
    ], 
    "smallImageUrls": [
        "http://i.yummly.com/Mary_s-Oat-Bran-Muffins-Recipezaar-198197.s.jpg"
    ], 
    "sourceDisplayName": "Food.com", 
    "recipeName": "Mary's Oat Bran Muffins", 
    "attributes": {
        "course": [
            "Breads"
        ]
    }, 
    "id": "Mary_s-Oat-Bran-Muffins-Recipezaar"
}{
    "flavors": {
        "sweet": 1.0, 
        "sour": 0.6666666666666666, 
        "salty": 0.6666666666666666, 
        "piquant": 0.0, 
        "bitter": 0.5, 
        "meaty": 0.6666666666666666
    }, 
    "rating": 0.0, 
    "totalTimeInSeconds": 0, 
    "ingredients": [
        "confectioners sugar", 
        "flour", 
        "unsalted butter", 
        "unsalted butter", 
        "brown sugar", 
        "granulated sugar", 
        "large eggs", 
        "baking soda", 
        "ground cinnamon", 
        "salt", 
        "flour", 
        "baking powder", 
        "sour cream", 
        "pure vanilla extract"
    ], 
    "smallImageUrls": [
        "http://i.yummly.com/John_s-Jumbo-Coffee_Cake-Muffins-Martha-Stewart-109996.s.png"
    ], 
    "sourceDisplayName": "Martha Stewart", 
    "recipeName": "John's Jumbo Coffee-Cake Muffins", 
    "attributes": {
        "course": [
            "Breads", 
            "Breakfast and Brunch"
        ]
    }, 
    "id": "John_s-Jumbo-Coffee_Cake-Muffins-Martha-Stewart"
}{
    "flavors": {
        "sweet": 1.0, 
        "sour": 0.5, 
        "salty": 0.6666666666666666, 
        "piquant": 0.0, 
        "bitter": 0.5, 
        "meaty": 0.5
    }, 
    "rating": 4.56, 
    "totalTimeInSeconds": 1500.0, 
    "ingredients": [
        "baking powder", 
        "melted butter", 
        "cinnamon", 
        "sugar", 
        "milk", 
        "butterscotch chips", 
        "flour", 
        "nutmeg", 
        "salt", 
        "bananas", 
        "eggs", 
        "baking soda"
    ], 
    "smallImageUrls": [
        "http://i.yummly.com/Ultimate-Banana-Muffins_-Recipezaar-252762.s.jpg"
    ], 
    "sourceDisplayName": "Food.com", 
    "recipeName": "Ultimate Banana Muffins!", 
    "attributes": {
        "course": [
            "Breads", 
            "Breakfast and Brunch"
        ]
    }, 
    "id": "Ultimate-Banana-Muffins_-Recipezaar"
}{
    "flavors": {
        "sweet": 0.8333333333333334, 
        "sour": 0.5, 
        "salty": 0.16666666666666666, 
        "piquant": 0.0, 
        "bitter": 0.16666666666666666, 
        "meaty": 0.6666666666666666
    }, 
    "rating": 5.0, 
    "totalTimeInSeconds": 2400.0, 
    "ingredients": [
        "sugar", 
        "egg", 
        "baking powder", 
        "cinnamon", 
        "milk", 
        "flour", 
        "white chocolate", 
        "cranberries", 
        "oil", 
        "nutmeg"
    ], 
    "smallImageUrls": [
        "http://i.yummly.com/White-Chocolate-Cranberry-Muffins-Recipezaar-171543.s.jpg"
    ], 
    "sourceDisplayName": "Food.com", 
    "recipeName": "White Chocolate Cranberry Muffins", 
    "attributes": {
        "course": [
            "Breads"
        ], 
        "holiday": [
            "Christmas"
        ]
    }, 
    "id": "White-Chocolate-Cranberry-Muffins-Recipezaar"
}{
    "flavors": {
        "sweet": 1.0, 
        "sour": 0.6666666666666666, 
        "salty": 1.0, 
        "piquant": 0.0, 
        "bitter": 0.6666666666666666, 
        "meaty": 0.3333333333333333
    }, 
    "rating": 0.0, 
    "totalTimeInSeconds": 0, 
    "ingredients": [
        "salt", 
        "eggs", 
        "self rising flour", 
        "melted butter", 
        "caster sugar", 
        "vanilla", 
        "milk"
    ], 
    "smallImageUrls": [], 
    "sourceDisplayName": "MyRecipes", 
    "recipeName": "tels muffins", 
    "attributes": {
        "course": [
            "Breads"
        ]
    }, 
    "id": "tels-muffins-MyRecipes-247650"
}{
    "flavors": {
        "sweet": 1.0, 
        "sour": 0.16666666666666666, 
        "salty": 0.6666666666666666, 
        "piquant": 0.0, 
        "bitter": 0.5, 
        "meaty": 0.6666666666666666
    }, 
    "rating": 4.83, 
    "totalTimeInSeconds": 2100.0, 
    "ingredients": [
        "plain flour", 
        "baking powder", 
        "bicarbonate of soda", 
        "lemon zest", 
        "egg", 
        "butter", 
        "lemon juice", 
        "sliced almonds", 
        "ricotta cheese", 
        "salt", 
        "sugar", 
        "almond extract", 
        "sugar"
    ], 
    "smallImageUrls": [
        "http://i.yummly.com/Lemon-Ricotta-Muffins-Recipezaar-17536.s.png", 
        "http://i.yummly.com/Lemon-Ricotta-Muffins-Recipezaar-234890.s.jpg"
    ], 
    "sourceDisplayName": "Food.com", 
    "recipeName": "Lemon Ricotta Muffins", 
    "attributes": {
        "course": [
            "Breads"
        ]
    }, 
    "id": "Lemon-Ricotta-Muffins-Recipezaar"
}{
    "flavors": {
        "sweet": 0.8333333333333334, 
        "sour": 0.3333333333333333, 
        "salty": 0.5, 
        "piquant": 0.0, 
        "bitter": 0.3333333333333333, 
        "meaty": 0.5
    }, 
    "rating": 5.0, 
    "totalTimeInSeconds": 3000.0, 
    "ingredients": [
        "baking powder", 
        "all-purpose flour", 
        "rolled oat", 
        "white sugar", 
        "bananas", 
        "egg", 
        "salt", 
        "butter", 
        "blueberries"
    ], 
    "smallImageUrls": [
        "http://i.yummly.com/Blueberry-Banana-Muffins-Recipezaar_1-194422.s.jpg"
    ], 
    "sourceDisplayName": "Food.com", 
    "recipeName": "Blueberry Banana Muffins", 
    "attributes": {
        "course": [
            "Breads", 
            "Breakfast and Brunch", 
            "Lunch and Snacks"
        ]
    }, 
    "id": "Blueberry-Banana-Muffins-Recipezaar_1"
}{
    "flavors": {
        "sweet": 0.16666666666666666, 
        "sour": 0.16666666666666666, 
        "salty": 0.3333333333333333, 
        "piquant": 0.0, 
        "bitter": 0.16666666666666666, 
        "meaty": 0.16666666666666666
    }, 
    "rating": 5.0, 
    "totalTimeInSeconds": 1200.0, 
    "ingredients": [
        "english muffin", 
        "ham", 
        "eggs", 
        "hollandaise sauce"
    ], 
    "smallImageUrls": [
        "http://i.yummly.com/Eggs-Benedict-For-2-Recipezaar-222643.s.jpg"
    ], 
    "sourceDisplayName": "Food.com", 
    "recipeName": "Eggs Benedict for 2", 
    "attributes": {
        "course": [
            "Breakfast and Brunch", 
            "Lunch and Snacks"
        ]
    }, 
    "id": "Eggs-Benedict-For-2-Recipezaar"
}{
    "flavors": {
        "sweet": 0.6666666666666666, 
        "sour": 0.3333333333333333, 
        "salty": 0.6666666666666666, 
        "piquant": 0.0, 
        "bitter": 0.3333333333333333, 
        "meaty": 0.8333333333333334
    }, 
    "rating": 5.0, 
    "totalTimeInSeconds": 1920.0, 
    "ingredients": [
        "lemon juice", 
        "eggs", 
        "milk", 
        "ground nutmeg", 
        "sharp cheddar cheese", 
        "corn muffin", 
        "corn", 
        "vegetable oil"
    ], 
    "smallImageUrls": [], 
    "sourceDisplayName": "Food.com", 
    "recipeName": "Mexican Corn Muffins", 
    "attributes": {
        "course": [
            "Breads"
        ]
    }, 
    "id": "Mexican-Corn-Muffins-Recipezaar"
}{
    "flavors": {
        "sweet": 0.8333333333333334, 
        "sour": 0.5, 
        "salty": 0.3333333333333333, 
        "piquant": 0.0, 
        "bitter": 0.5, 
        "meaty": 0.6666666666666666
    }, 
    "rating": 5.0, 
    "totalTimeInSeconds": 2100.0, 
    "ingredients": [
        "vanilla", 
        "milk", 
        "vegetable oil", 
        "eggs", 
        "baking powder", 
        "bananas", 
        "baking soda", 
        "chocolate chip", 
        "flour", 
        "brown sugar"
    ], 
    "smallImageUrls": [
        "http://i.yummly.com/Banana-Choco-Chip-Muffins-Recipezaar-178731.s.jpg"
    ], 
    "sourceDisplayName": "Food.com", 
    "recipeName": "Banana Choco Chip Muffins", 
    "attributes": {
        "course": [
            "Breads"
        ]
    }, 
    "id": "Banana-Choco-Chip-Muffins-Recipezaar"
}{
    "flavors": {
        "sweet": 0.16666666666666666, 
        "sour": 0.16666666666666666, 
        "salty": 0.3333333333333333, 
        "piquant": 0.0, 
        "bitter": 0.16666666666666666, 
        "meaty": 0.5
    }, 
    "rating": 5.0, 
    "totalTimeInSeconds": 420.0, 
    "ingredients": [
        "ketchup", 
        "bacon", 
        "cheddar cheese", 
        "salt", 
        "pepper", 
        "egg", 
        "english muffin", 
        "mayonnaise"
    ], 
    "smallImageUrls": [], 
    "sourceDisplayName": "Food.com", 
    "recipeName": "A Starving Students Bacon & Egg Muffin", 
    "attributes": {
        "course": [
            "Breakfast and Brunch"
        ]
    }, 
    "id": "A-Starving-Students-Bacon-_-Egg-Muffin-Recipezaar"
}{
    "flavors": {
        "sweet": 0.6666666666666666, 
        "sour": 0.3333333333333333, 
        "salty": 0.6666666666666666, 
        "piquant": 0.0, 
        "bitter": 0.16666666666666666, 
        "meaty": 0.8333333333333334
    }, 
    "rating": 4.75, 
    "totalTimeInSeconds": 420.0, 
    "ingredients": [
        "oil", 
        "sweet onion", 
        "corn muffin", 
        "eggs"
    ], 
    "smallImageUrls": [
        "http://i.yummly.com/Hush-Puppies-_made-Easy_-Recipezaar-181263.s.jpg"
    ], 
    "sourceDisplayName": "Food.com", 
    "recipeName": "Hush Puppies (Made Easy)", 
    "attributes": {
        "course": [
            "Side Dishes", 
            "Breads"
        ]
    }, 
    "id": "Hush-Puppies-_made-Easy_-Recipezaar"
}{
    "flavors": {
        "sweet": 1.0, 
        "sour": 0.6666666666666666, 
        "salty": 0.8333333333333334, 
        "piquant": 0.0, 
        "bitter": 0.5, 
        "meaty": 0.5
    }, 
    "rating": 5.0, 
    "totalTimeInSeconds": 1980.0, 
    "ingredients": [
        "lemon peel", 
        "eggs", 
        "sugar", 
        "bisquick", 
        "vegetable oil", 
        "water", 
        "lemon juice", 
        "dried rosemary", 
        "coarse sugar"
    ], 
    "smallImageUrls": [
        "http://i.yummly.com/Lemon_rosemary-Muffins-Recipezaar-253083.s.jpg"
    ], 
    "sourceDisplayName": "Food.com", 
    "recipeName": "Lemon-Rosemary Muffins", 
    "attributes": {
        "course": [
            "Breads"
        ]
    }, 
    "id": "Lemon_rosemary-Muffins-Recipezaar"
}{
    "flavors": {
        "sweet": 1.0, 
        "sour": 0.5, 
        "salty": 0.5, 
        "piquant": 0.0, 
        "bitter": 0.16666666666666666, 
        "meaty": 0.5
    }, 
    "rating": 5.0, 
    "totalTimeInSeconds": 2700.0, 
    "ingredients": [
        "pumpkin", 
        "eggs", 
        "oil", 
        "sugar", 
        "baking soda", 
        "pumpkin pie spice", 
        "flour", 
        "salt", 
        "cranberries"
    ], 
    "smallImageUrls": [
        "http://i.yummly.com/Cranberry-Pumpkin-Muffins-Recipezaar-198668.s.jpg"
    ], 
    "sourceDisplayName": "Food.com", 
    "recipeName": "Cranberry Pumpkin Muffins", 
    "attributes": {
        "course": [
            "Breads"
        ], 
        "holiday": [
            "Thanksgiving"
        ]
    }, 
    "id": "Cranberry-Pumpkin-Muffins-Recipezaar"
}{
    "flavors": {
        "sweet": 0.8333333333333334, 
        "sour": 0.6666666666666666, 
        "salty": 0.3333333333333333, 
        "piquant": 0.0, 
        "bitter": 0.5, 
        "meaty": 0.3333333333333333
    }, 
    "rating": 0.0, 
    "totalTimeInSeconds": 0, 
    "ingredients": [
        "cooking spray", 
        "salt", 
        "shredded zucchini", 
        "ground nutmeg", 
        "baking powder", 
        "all-purpose flour", 
        "sugar", 
        "vegetable oil", 
        "large egg", 
        "lemon rind", 
        "skim milk"
    ], 
    "smallImageUrls": [
        "http://i.yummly.com/Zucchini_lemon-Muffins-My-Recipes-122471.s.png"
    ], 
    "sourceDisplayName": "MyRecipes", 
    "recipeName": "Zucchini-Lemon Muffins", 
    "attributes": {
        "course": [
            "Breads", 
            "Breakfast and Brunch"
        ], 
        "cuisine": [
            "American"
        ]
    }, 
    "id": "Zucchini_lemon-Muffins-My-Recipes"
}{
    "flavors": {
        "sweet": 1.0, 
        "sour": 0.6666666666666666, 
        "salty": 0.5, 
        "piquant": 0.0, 
        "bitter": 0.16666666666666666, 
        "meaty": 0.6666666666666666
    }, 
    "rating": 0.0, 
    "totalTimeInSeconds": 3600.0, 
    "ingredients": [
        "melted butter", 
        "pumpkin", 
        "light corn syrup", 
        "baking soda", 
        "canola oil", 
        "eggs", 
        "pecan halves", 
        "all-purpose flour", 
        "granulated sugar", 
        "pumpkin pie spice", 
        "salt", 
        "light brown sugar"
    ], 
    "smallImageUrls": [
        "http://i.yummly.com/Sticky-Bun-Pumpkin-Muffins-MyRecipes-240991-128670.s.png"
    ], 
    "sourceDisplayName": "MyRecipes", 
    "recipeName": "Sticky-Bun Pumpkin Muffins", 
    "attributes": {
        "course": [
            "Breads", 
            "Breakfast and Brunch"
        ]
    }, 
    "id": "Sticky-Bun-Pumpkin-Muffins-MyRecipes-240991"
}{
    "flavors": {
        "sweet": 0.8333333333333334, 
        "sour": 0.6666666666666666, 
        "salty": 0.3333333333333333, 
        "piquant": 0.0, 
        "bitter": 0.6666666666666666, 
        "meaty": 0.8333333333333334
    }, 
    "rating": 5.0, 
    "totalTimeInSeconds": 2700.0, 
    "ingredients": [
        "sugar", 
        "slivered almond", 
        "eggs", 
        "heavy whipping cream", 
        "sliced almonds", 
        "sweetened condensed milk", 
        "stick butter", 
        "all-purpose flour", 
        "baking powder", 
        "sweetened condensed milk", 
        "milk", 
        "almond extract"
    ], 
    "smallImageUrls": [
        "http://i.yummly.com/Almond-Tres-Leches-Muffins-Recipezaar-223008.s.jpg"
    ], 
    "sourceDisplayName": "Food.com", 
    "recipeName": "Almond Tres Leches Muffins", 
    "attributes": {
        "course": [
            "Breads"
        ]
    }, 
    "id": "Almond-Tres-Leches-Muffins-Recipezaar"
}{
    "flavors": {
        "sweet": 1.0, 
        "sour": 0.3333333333333333, 
        "salty": 0.3333333333333333, 
        "piquant": 0.0, 
        "bitter": 1.0, 
        "meaty": 0.6666666666666666
    }, 
    "rating": 5.0, 
    "totalTimeInSeconds": 3000.0, 
    "ingredients": [
        "salt", 
        "milk", 
        "flour", 
        "vinegar", 
        "vanilla sugar", 
        "butter", 
        "sugar", 
        "unsweetened cocoa powder", 
        "chocolate", 
        "egg", 
        "baking powder"
    ], 
    "smallImageUrls": [
        "http://i.yummly.com/Gorgeous-Chocolate-Muffins-Recipezaar-168024.s.jpg"
    ], 
    "sourceDisplayName": "Food.com", 
    "recipeName": "Gorgeous Chocolate Muffins", 
    "attributes": {
        "course": [
            "Breads"
        ]
    }, 
    "id": "Gorgeous-Chocolate-Muffins-Recipezaar"
}{
    "flavors": {
        "sweet": 0.8333333333333334, 
        "sour": 0.3333333333333333, 
        "salty": 0.6666666666666666, 
        "piquant": 0.3333333333333333, 
        "bitter": 0.5, 
        "meaty": 0.6666666666666666
    }, 
    "rating": 5.0, 
    "totalTimeInSeconds": 2100.0, 
    "ingredients": [
        "golden raisin", 
        "nonfat milk", 
        "olive oil", 
        "applesauce", 
        "onions", 
        "chopped walnuts", 
        "sugar", 
        "black pepper", 
        "italian herb", 
        "tart", 
        "baking powder", 
        "salt", 
        "all-purpose flour"
    ], 
    "smallImageUrls": [
        "http://i.yummly.com/Stuffing-Muffins-Recipezaar_2-182595.s.jpg"
    ], 
    "sourceDisplayName": "Food.com", 
    "recipeName": "stuffing muffins", 
    "attributes": {
        "course": [
            "Breads"
        ]
    }, 
    "id": "Stuffing-Muffins-Recipezaar_2"
}{
    "flavors": {
        "sweet": 0.8333333333333334, 
        "sour": 0.16666666666666666, 
        "salty": 0.6666666666666666, 
        "piquant": 0.0, 
        "bitter": 0.6666666666666666, 
        "meaty": 0.8333333333333334
    }, 
    "rating": 5.0, 
    "totalTimeInSeconds": 1500.0, 
    "ingredients": [
        "flax seed meal", 
        "brown sugar", 
        "cinnamon", 
        "baking soda", 
        "milk", 
        "baking powder", 
        "carrots", 
        "whole wheat flour", 
        "raisins", 
        "vanilla", 
        "eggs", 
        "nuts", 
        "salt", 
        "apples", 
        "oat bran"
    ], 
    "smallImageUrls": [
        "http://i.yummly.com/Flax-Seed-Muffins-Recipezaar_1-19079.s.png"
    ], 
    "sourceDisplayName": "Food.com", 
    "recipeName": "Flax Seed Muffins", 
    "attributes": {
        "course": [
            "Breads", 
            "Breakfast and Brunch"
        ]
    }, 
    "id": "Flax-Seed-Muffins-Recipezaar_1"
}{
    "flavors": {
        "sweet": 1.0, 
        "sour": 0.3333333333333333, 
        "salty": 0.6666666666666666, 
        "piquant": 0.0, 
        "bitter": 0.3333333333333333, 
        "meaty": 0.3333333333333333
    }, 
    "rating": 5.0, 
    "totalTimeInSeconds": 2400.0, 
    "ingredients": [
        "walnut", 
        "buttermilk", 
        "cinnamon", 
        "oil", 
        "eggs", 
        "baking soda", 
        "nutmeg", 
        "all-purpose flour", 
        "white sugar", 
        "applesauce", 
        "almond extract", 
        "mashed banana", 
        "whole wheat flour", 
        "salt"
    ], 
    "smallImageUrls": [
        "http://i.yummly.com/Banana-Walnut-Muffins-Recipezaar-224322.s.jpg"
    ], 
    "sourceDisplayName": "Food.com", 
    "recipeName": "Banana Walnut Muffins", 
    "attributes": {
        "course": [
            "Breads", 
            "Breakfast and Brunch"
        ]
    }, 
    "id": "Banana-Walnut-Muffins-Recipezaar"
}{
    "flavors": {
        "sweet": 1.0, 
        "sour": 0.8333333333333334, 
        "salty": 0.3333333333333333, 
        "piquant": 0.0, 
        "bitter": 0.16666666666666666, 
        "meaty": 0.5
    }, 
    "rating": 5.0, 
    "totalTimeInSeconds": 2400.0, 
    "ingredients": [
        "egg", 
        "flour", 
        "shortening", 
        "sugar", 
        "pineapple", 
        "butter", 
        "brown sugar", 
        "baking powder", 
        "salt", 
        "maraschino cherry", 
        "milk"
    ], 
    "smallImageUrls": [
        "http://i.yummly.com/Pineapple-Muffins-Recipezaar-154237.s.jpg"
    ], 
    "sourceDisplayName": "Food.com", 
    "recipeName": "Pineapple Muffins", 
    "attributes": {
        "course": [
            "Breads", 
            "Breakfast and Brunch"
        ]
    }, 
    "id": "Pineapple-Muffins-Recipezaar"
}{
    "flavors": {
        "sweet": 0.8333333333333334, 
        "sour": 0.5, 
        "salty": 0.3333333333333333, 
        "piquant": 0.0, 
        "bitter": 0.16666666666666666, 
        "meaty": 0.6666666666666666
    }, 
    "rating": 5.0, 
    "totalTimeInSeconds": 1500.0, 
    "ingredients": [
        "caster sugar", 
        "flour", 
        "salt", 
        "baking powder", 
        "butter", 
        "milk", 
        "egg", 
        "ground cinnamon", 
        "light brown sugar"
    ], 
    "smallImageUrls": [
        "http://i.yummly.com/Cinnamon-Swirl-Muffins-Recipezaar-167374.s.jpg"
    ], 
    "sourceDisplayName": "Food.com", 
    "recipeName": "Cinnamon Swirl Muffins", 
    "attributes": {
        "course": [
            "Breads"
        ]
    }, 
    "id": "Cinnamon-Swirl-Muffins-Recipezaar"
}{
    "flavors": null, 
    "rating": 5.0, 
    "totalTimeInSeconds": 3000.0, 
    "ingredients": [
        "old bay seasoning", 
        "crabmeat", 
        "english muffins", 
        "butter", 
        "parsley", 
        "mayonnaise", 
        "cheese"
    ], 
    "smallImageUrls": [], 
    "sourceDisplayName": "Food.com", 
    "recipeName": "Crab on a Muffin Appetizers", 
    "attributes": {
        "course": [
            "Appetizers", 
            "Lunch and Snacks"
        ]
    }, 
    "id": "Crab-On-A-Muffin-Appetizers-Recipezaar"
}{
    "flavors": {
        "sweet": 0.16666666666666666, 
        "sour": 0.16666666666666666, 
        "salty": 0.5, 
        "piquant": 0.0, 
        "bitter": 0.3333333333333333, 
        "meaty": 0.3333333333333333
    }, 
    "rating": 5.0, 
    "totalTimeInSeconds": 600.0, 
    "ingredients": [
        "cheddar cheese", 
        "salt", 
        "chili garlic sauce", 
        "large egg", 
        "pepper", 
        "english muffin"
    ], 
    "smallImageUrls": [], 
    "sourceDisplayName": "Food.com", 
    "recipeName": "Spicy Egg Muffin Sandwiches", 
    "attributes": {
        "course": [
            "Breakfast and Brunch"
        ]
    }, 
    "id": "Spicy-Egg-Muffin-Sandwiches-Recipezaar"
}{
    "flavors": {
        "sweet": 0.8333333333333334, 
        "sour": 0.5, 
        "salty": 0.8333333333333334, 
        "piquant": 0.0, 
        "bitter": 0.6666666666666666, 
        "meaty": 0.5
    }, 
    "rating": 5.0, 
    "totalTimeInSeconds": 1620.0, 
    "ingredients": [
        "salt", 
        "all-purpose flour", 
        "confectioners sugar", 
        "vanilla extract", 
        "whole wheat flour", 
        "plain low-fat yogurt", 
        "vegetable oil", 
        "sugar", 
        "baking powder", 
        "egg", 
        "baking soda", 
        "raspberry jam"
    ], 
    "smallImageUrls": [
        "http://i.yummly.com/Jam-Muffins-Recipezaar-261447.s.jpg"
    ], 
    "sourceDisplayName": "Food.com", 
    "recipeName": "Jam Muffins", 
    "attributes": {
        "course": [
            "Breads", 
            "Breakfast and Brunch", 
            "Lunch and Snacks"
        ]
    }, 
    "id": "Jam-Muffins-Recipezaar"
}{
    "flavors": {
        "sweet": 1.0, 
        "sour": 0.6666666666666666, 
        "salty": 1.0, 
        "piquant": 0.0, 
        "bitter": 0.5, 
        "meaty": 0.5
    }, 
    "rating": 4.63, 
    "totalTimeInSeconds": 1500.0, 
    "ingredients": [
        "vegetable oil", 
        "cinnamon", 
        "egg", 
        "white sugar", 
        "milk", 
        "biscuit mix"
    ], 
    "smallImageUrls": [], 
    "sourceDisplayName": "Food.com", 
    "recipeName": "Cinnamon Chip Muffins", 
    "attributes": {
        "course": [
            "Breads", 
            "Breakfast and Brunch"
        ]
    }, 
    "id": "Cinnamon-Chip-Muffins-Recipezaar_2"
}{
    "flavors": {
        "sweet": 0.8333333333333334, 
        "sour": 0.3333333333333333, 
        "salty": 0.6666666666666666, 
        "piquant": 0.0, 
        "bitter": 0.5, 
        "meaty": 0.5
    }, 
    "rating": 5.0, 
    "totalTimeInSeconds": 1800.0, 
    "ingredients": [
        "baking powder", 
        "vegetable oil", 
        "egg", 
        "buttermilk", 
        "raisins", 
        "salt", 
        "baking soda", 
        "vanilla", 
        "brown sugar", 
        "wheat bran", 
        "flour"
    ], 
    "smallImageUrls": [
        "http://i.yummly.com/Classic-Bran-Muffins-Recipezaar_1-191101.s.jpg"
    ], 
    "sourceDisplayName": "Food.com", 
    "recipeName": "Classic Bran Muffins", 
    "attributes": {
        "course": [
            "Breads"
        ]
    }, 
    "id": "Classic-Bran-Muffins-Recipezaar_1"
}{
    "flavors": {
        "sweet": 0.8333333333333334, 
        "sour": 0.3333333333333333, 
        "salty": 0.6666666666666666, 
        "piquant": 0.0, 
        "bitter": 0.6666666666666666, 
        "meaty": 0.5
    }, 
    "rating": 0.0, 
    "totalTimeInSeconds": 1080.0, 
    "ingredients": [
        "melted butter", 
        "sliced almonds", 
        "apple pie filling", 
        "brie cheese", 
        "brown sugar", 
        "english muffins"
    ], 
    "smallImageUrls": [
        "http://i.yummly.com/Baked-English-Muffins-With-Apples-And-Cheese-Recipezaar-23012.s.png"
    ], 
    "sourceDisplayName": "Food.com", 
    "recipeName": "Baked English Muffins With Apples and Cheese", 
    "attributes": {
        "course": [
            "Breakfast and Brunch", 
            "Lunch and Snacks"
        ]
    }, 
    "id": "Baked-English-Muffins-With-Apples-And-Cheese-Recipezaar"
}{
    "flavors": {
        "sweet": 0.8333333333333334, 
        "sour": 0.5, 
        "salty": 0.16666666666666666, 
        "piquant": 0.0, 
        "bitter": 0.5, 
        "meaty": 0.5
    }, 
    "rating": 1.8, 
    "totalTimeInSeconds": 0, 
    "ingredients": [
        "all-purpose flour", 
        "wheat flour", 
        "unsweetened cocoa powder", 
        "dried cranberries", 
        "muffin", 
        "baking powder", 
        "eggs", 
        "sour cream", 
        "zucchini", 
        "light brown sugar", 
        "kosher salt", 
        "vegetable oil", 
        "ground cinnamon"
    ], 
    "smallImageUrls": [
        "http://i.yummly.com/Zucchini-And-Cranberry-Mini_muffins-Epicurious-48763.s.png"
    ], 
    "sourceDisplayName": "Epicurious", 
    "recipeName": "Zucchini and Cranberry Mini-Muffins", 
    "attributes": {
        "course": [
            "Breads"
        ], 
        "cuisine": [
            "American"
        ]
    }, 
    "id": "Zucchini-And-Cranberry-Mini_muffins-Epicurious"
}{
    "flavors": {
        "sweet": 0.5, 
        "sour": 0.16666666666666666, 
        "salty": 0.5, 
        "piquant": 0.0, 
        "bitter": 0.3333333333333333, 
        "meaty": 0.5
    }, 
    "rating": 4.5, 
    "totalTimeInSeconds": 1020.0, 
    "ingredients": [
        "english muffins", 
        "butter", 
        "egg", 
        "flour", 
        "pepper", 
        "salt", 
        "whole milk"
    ], 
    "smallImageUrls": [
        "http://i.yummly.com/Goldenrod-Eggs-Food_com-85028-252494.s.jpg"
    ], 
    "sourceDisplayName": "Food.com", 
    "recipeName": "Goldenrod Eggs", 
    "attributes": {
        "course": [
            "Breakfast and Brunch"
        ]
    }, 
    "id": "Goldenrod-Eggs-Food_com-85028"
}{
    "flavors": {
        "sweet": 0.8333333333333334, 
        "sour": 0.16666666666666666, 
        "salty": 0.6666666666666666, 
        "piquant": 0.0, 
        "bitter": 0.6666666666666666, 
        "meaty": 0.8333333333333334
    }, 
    "rating": 5.0, 
    "totalTimeInSeconds": 2100.0, 
    "ingredients": [
        "baking soda", 
        "egg", 
        "vanilla", 
        "melted butter", 
        "chopped pecans", 
        "salt", 
        "baking powder", 
        "whole wheat flour", 
        "grated orange", 
        "mashed bananas", 
        "granulated sugar"
    ], 
    "smallImageUrls": [
        "http://i.yummly.com/Banana_-Orange-_-Pecan-Muffins-Recipezaar-170162.s.jpg"
    ], 
    "sourceDisplayName": "Food.com", 
    "recipeName": "Banana, Orange & Pecan Muffins", 
    "attributes": {
        "course": [
            "Breads", 
            "Breakfast and Brunch"
        ]
    }, 
    "id": "Banana_-Orange-_-Pecan-Muffins-Recipezaar"
}{
    "flavors": {
        "sweet": 1.0, 
        "sour": 0.6666666666666666, 
        "salty": 0.3333333333333333, 
        "piquant": 0.0, 
        "bitter": 0.3333333333333333, 
        "meaty": 0.3333333333333333
    }, 
    "rating": 0.0, 
    "totalTimeInSeconds": 0, 
    "ingredients": [
        "sugar", 
        "yellow cornmeal", 
        "egg", 
        "cranberries", 
        "orange juice", 
        "buttermilk", 
        "baking powder", 
        "all-purpose flour", 
        "melted butter"
    ], 
    "smallImageUrls": [
        "http://i.yummly.com/Cornmeal_cranberry-Muffins-My-Recipes-115168.s.png"
    ], 
    "sourceDisplayName": "MyRecipes", 
    "recipeName": "Cornmeal-Cranberry Muffins", 
    "attributes": {
        "course": [
            "Breads", 
            "Breakfast and Brunch"
        ], 
        "cuisine": [
            "American"
        ]
    }, 
    "id": "Cornmeal_cranberry-Muffins-My-Recipes"
}{
    "flavors": {
        "sweet": 0.16666666666666666, 
        "sour": 0.3333333333333333, 
        "salty": 0.16666666666666666, 
        "piquant": 0.8333333333333334, 
        "bitter": 0.5, 
        "meaty": 0.3333333333333333
    }, 
    "rating": 0.0, 
    "totalTimeInSeconds": 0, 
    "ingredients": [
        "extra-virgin olive oil", 
        "cilantro leaves", 
        "water", 
        "ground cumin", 
        "cooking liquid", 
        "black pepper", 
        "black beans", 
        "shallot", 
        "jalapeno pepper", 
        "corn muffin", 
        "sea salt", 
        "poblano chile", 
        "clove garlic", 
        "eggs", 
        "crushed tomatoes"
    ], 
    "smallImageUrls": [
        "http://i.yummly.com/Benedict-Rancheros-Serious-Eats-42255-136200.s.png"
    ], 
    "sourceDisplayName": "Serious Eats", 
    "recipeName": "Benedict Rancheros", 
    "attributes": {
        "cuisine": [
            "American"
        ]
    }, 
    "id": "Benedict-Rancheros-Serious-Eats-42255"
}{
    "flavors": {
        "sweet": 1.0, 
        "sour": 0.5, 
        "salty": 0.8333333333333334, 
        "piquant": 0.0, 
        "bitter": 1.0, 
        "meaty": 0.5
    }, 
    "rating": 4.27, 
    "totalTimeInSeconds": 3120.0, 
    "ingredients": [
        "semisweet mini chocolate chips", 
        "salt", 
        "vanilla extract", 
        "milk", 
        "cocoa powder", 
        "all-purpose flour", 
        "sugar", 
        "baking soda", 
        "eggs", 
        "vegetable oil"
    ], 
    "smallImageUrls": [
        "http://i.yummly.com/Devil_s-Food-Chocolate-Chip-Muffins-Recipezaar-261179.s.jpg"
    ], 
    "sourceDisplayName": "Food.com", 
    "recipeName": "Devil's Food Chocolate Chip Muffins", 
    "attributes": {
        "course": [
            "Breads"
        ]
    }, 
    "id": "Devil_s-Food-Chocolate-Chip-Muffins-Recipezaar"
}{
    "flavors": {
        "sweet": 1.0, 
        "sour": 0.5, 
        "salty": 0.5, 
        "piquant": 0.0, 
        "bitter": 0.6666666666666666, 
        "meaty": 0.5
    }, 
    "rating": 5.0, 
    "totalTimeInSeconds": 1800.0, 
    "ingredients": [
        "honey", 
        "baking powder", 
        "flour", 
        "milk", 
        "salt", 
        "melted butter", 
        "sugar", 
        "egg"
    ], 
    "smallImageUrls": [
        "http://i.yummly.com/Grandma_s-Honey-Muffins-Recipezaar-216075.s.jpg"
    ], 
    "sourceDisplayName": "Food.com", 
    "recipeName": "Grandma's Honey Muffins", 
    "attributes": {
        "course": [
            "Breads"
        ]
    }, 
    "id": "Grandma_s-Honey-Muffins-Recipezaar"
}{
    "flavors": {
        "sweet": 1.0, 
        "sour": 0.5, 
        "salty": 0.6666666666666666, 
        "piquant": 0.0, 
        "bitter": 0.8333333333333334, 
        "meaty": 0.6666666666666666
    }, 
    "rating": 0.0, 
    "totalTimeInSeconds": 0, 
    "ingredients": [
        "all-purpose flour", 
        "whole wheat flour", 
        "granulated sugar", 
        "cooking spray", 
        "strawberry jam", 
        "dark brown sugar", 
        "creamy peanut butter", 
        "melted butter", 
        "fat free milk", 
        "egg substitute", 
        "baking powder", 
        "vanilla extract", 
        "salt"
    ], 
    "smallImageUrls": [
        "http://i.yummly.com/Peanut-Butter-And-Jelly-Muffins-My-Recipes-115440.s.png"
    ], 
    "sourceDisplayName": "MyRecipes", 
    "recipeName": "Peanut Butter and Jelly Muffins", 
    "attributes": {
        "course": [
            "Breads", 
            "Lunch and Snacks"
        ], 
        "cuisine": [
            "American"
        ]
    }, 
    "id": "Peanut-Butter-And-Jelly-Muffins-My-Recipes"
}{
    "flavors": {
        "sweet": 1.0, 
        "sour": 0.3333333333333333, 
        "salty": 0.8333333333333334, 
        "piquant": 0.0, 
        "bitter": 0.3333333333333333, 
        "meaty": 0.8333333333333334
    }, 
    "rating": 4.67, 
    "totalTimeInSeconds": 1800.0, 
    "ingredients": [
        "milk", 
        "butter", 
        "eggs", 
        "yellow cake mix", 
        "water", 
        "corn muffin"
    ], 
    "smallImageUrls": [
        "http://i2.yummly.com/Marie-Callender_s-Cake_like-Cornbread-Recipezaar.s.png", 
        "http://i.yummly.com/Marie-Callender_s-Cake_like-Cornbread-Recipezaar-189971.s.jpg"
    ], 
    "sourceDisplayName": "Food.com", 
    "recipeName": "Marie Callender's Cake-like Cornbread", 
    "attributes": {
        "course": [
            "Breads"
        ]
    }, 
    "id": "Marie-Callender_s-Cake_like-Cornbread-Recipezaar"
}{
    "flavors": {
        "sweet": 1.0, 
        "sour": 0.6666666666666666, 
        "salty": 0.16666666666666666, 
        "piquant": 0.0, 
        "bitter": 1.0, 
        "meaty": 0.5
    }, 
    "rating": 4.0, 
    "totalTimeInSeconds": 3000.0, 
    "ingredients": [
        "unsweetened cocoa powder", 
        "milk", 
        "ground cinnamon", 
        "baking powder", 
        "vegetable oil", 
        "powdered milk", 
        "flaked coconut", 
        "butter", 
        "egg", 
        "salt", 
        "all-purpose flour", 
        "almond extract", 
        "white sugar", 
        "hot water"
    ], 
    "smallImageUrls": [], 
    "sourceDisplayName": "AllRecipes", 
    "recipeName": "Chocolate Filled Muffins", 
    "attributes": {
        "course": [
            "Breads"
        ]
    }, 
    "id": "Chocolate-Filled-Muffins-Allrecipes"
}{
    "flavors": {
        "sweet": 0.8333333333333334, 
        "sour": 0.3333333333333333, 
        "salty": 0.3333333333333333, 
        "piquant": 0.0, 
        "bitter": 0.16666666666666666, 
        "meaty": 0.5
    }, 
    "rating": 4.53, 
    "totalTimeInSeconds": 2400.0, 
    "ingredients": [
        "maraschino cherry", 
        "brown sugar", 
        "granulated sugar", 
        "milk chocolate chips", 
        "egg", 
        "vegetable oil", 
        "milk", 
        "baking soda", 
        "baking powder", 
        "all-purpose flour", 
        "salt"
    ], 
    "smallImageUrls": [
        "http://i.yummly.com/Chocolate-Cherry-Cordial-Muffins-Recipezaar-177717.s.jpg"
    ], 
    "sourceDisplayName": "Food.com", 
    "recipeName": "Chocolate Cherry Cordial Muffins", 
    "attributes": {
        "course": [
            "Breads", 
            "Breakfast and Brunch"
        ]
    }, 
    "id": "Chocolate-Cherry-Cordial-Muffins-Recipezaar"
}{
    "flavors": {
        "sweet": 0.8333333333333334, 
        "sour": 0.3333333333333333, 
        "salty": 0.3333333333333333, 
        "piquant": 0.0, 
        "bitter": 0.5, 
        "meaty": 0.5
    }, 
    "rating": 4.67, 
    "totalTimeInSeconds": 1800.0, 
    "ingredients": [
        "molasses", 
        "white flour", 
        "sultana", 
        "walnuts", 
        "cinnamon", 
        "apple juice", 
        "apple cider vinegar", 
        "baking powder", 
        "baking soda", 
        "zucchini", 
        "bananas", 
        "whole wheat flour"
    ], 
    "smallImageUrls": [
        "http://i.yummly.com/Ultimate-Lunchbox-Muffins-Recipezaar-171134.s.jpg"
    ], 
    "sourceDisplayName": "Food.com", 
    "recipeName": "Ultimate Lunchbox Muffins", 
    "attributes": {
        "course": [
            "Breads", 
            "Lunch and Snacks"
        ]
    }, 
    "id": "Ultimate-Lunchbox-Muffins-Recipezaar"
}{
    "flavors": {
        "sweet": 0.16666666666666666, 
        "sour": 0.16666666666666666, 
        "salty": 0.16666666666666666, 
        "piquant": 0.0, 
        "bitter": 0.16666666666666666, 
        "meaty": 0.16666666666666666
    }, 
    "rating": 5.0, 
    "totalTimeInSeconds": 2100.0, 
    "ingredients": [
        "honey", 
        "baking powder", 
        "lime zest", 
        "milk", 
        "baking soda", 
        "salt", 
        "lime zest", 
        "powdered sugar", 
        "all-purpose flour", 
        "melted butter", 
        "rolled oats", 
        "juices", 
        "plain yogurt", 
        "egg white"
    ], 
    "smallImageUrls": [
        "http://i.yummly.com/Honey-Lime-Oat-Muffins-Food_com-185800-215197.s.jpg"
    ], 
    "sourceDisplayName": "Food.com", 
    "recipeName": "Honey Lime Oat Muffins", 
    "attributes": {
        "course": [
            "Breads"
        ]
    }, 
    "id": "Honey-Lime-Oat-Muffins-Food_com-185800"
}{
    "flavors": {
        "sweet": 0.8333333333333334, 
        "sour": 0.6666666666666666, 
        "salty": 0.8333333333333334, 
        "piquant": 0.0, 
        "bitter": 0.5, 
        "meaty": 0.3333333333333333
    }, 
    "rating": 4.4, 
    "totalTimeInSeconds": 2400.0, 
    "ingredients": [
        "oatmeal", 
        "blueberries", 
        "buttermilk", 
        "egg", 
        "baking powder", 
        "flour", 
        "baking soda", 
        "salt", 
        "brown sugar", 
        "butter"
    ], 
    "smallImageUrls": [
        "http://i.yummly.com/Blueberry-Muffins-Recipezaar_22-250023.s.jpg"
    ], 
    "sourceDisplayName": "Food.com", 
    "recipeName": "Blueberry Muffins", 
    "attributes": {
        "course": [
            "Breads", 
            "Breakfast and Brunch", 
            "Lunch and Snacks"
        ]
    }, 
    "id": "Blueberry-Muffins-Recipezaar_22"
}{
    "flavors": {
        "sweet": 0.3333333333333333, 
        "sour": 0.3333333333333333, 
        "salty": 0.5, 
        "piquant": 0.0, 
        "bitter": 0.16666666666666666, 
        "meaty": 0.8333333333333334
    }, 
    "rating": 4.72, 
    "totalTimeInSeconds": 1800.0, 
    "ingredients": [
        "egg", 
        "cheddar cheese", 
        "oil", 
        "onions", 
        "cream", 
        "corn muffin"
    ], 
    "smallImageUrls": [
        "http://i.yummly.com/Cornbread-Recipezaar_33-185511.s.jpg"
    ], 
    "sourceDisplayName": "Food.com", 
    "recipeName": "Cornbread", 
    "attributes": {
        "course": [
            "Side Dishes", 
            "Breads"
        ], 
        "holiday": [
            "Thanksgiving"
        ], 
        "cuisine": [
            "Southern & Soul Food"
        ]
    }, 
    "id": "Cornbread-Recipezaar_33"
}{
    "flavors": {
        "sweet": 0.8333333333333334, 
        "sour": 0.16666666666666666, 
        "salty": 0.5, 
        "piquant": 0.0, 
        "bitter": 1.0, 
        "meaty": 0.6666666666666666
    }, 
    "rating": 4.86, 
    "totalTimeInSeconds": 2100.0, 
    "ingredients": [
        "baking powder", 
        "milk", 
        "vanilla", 
        "oil", 
        "chocolate chips", 
        "semi-sweet chocolate", 
        "salt", 
        "sugar", 
        "plain flour", 
        "eggs", 
        "cocoa"
    ], 
    "smallImageUrls": [
        "http://i.yummly.com/Double-Choc_chip-Muffins-Recipezaar-234278.s.jpg"
    ], 
    "sourceDisplayName": "Food.com", 
    "recipeName": "Double Choc-Chip Muffins", 
    "attributes": {
        "course": [
            "Desserts"
        ]
    }, 
    "id": "Double-Choc_chip-Muffins-Recipezaar"
}{
    "flavors": {
        "sweet": 1.0, 
        "sour": 0.3333333333333333, 
        "salty": 0.3333333333333333, 
        "piquant": 0.0, 
        "bitter": 0.8333333333333334, 
        "meaty": 0.6666666666666666
    }, 
    "rating": 0.0, 
    "totalTimeInSeconds": 0, 
    "ingredients": [
        "large eggs", 
        "all-purpose flour", 
        "butter", 
        "chopped pecans", 
        "brown sugar"
    ], 
    "smallImageUrls": [], 
    "sourceDisplayName": "MyRecipes", 
    "recipeName": "Pecan-Pie Muffins", 
    "attributes": {
        "course": [
            "Breads", 
            "Desserts", 
            "Breakfast and Brunch"
        ], 
        "holiday": [
            "Christmas"
        ], 
        "cuisine": [
            "American", 
            "Southern & Soul Food"
        ]
    }, 
    "id": "Pecan_pie-Muffins-My-Recipes"
}{
    "flavors": {
        "sweet": 0.16666666666666666, 
        "sour": 0.16666666666666666, 
        "salty": 0.16666666666666666, 
        "piquant": 0.0, 
        "bitter": 0.3333333333333333, 
        "meaty": 0.3333333333333333
    }, 
    "rating": 2.67, 
    "totalTimeInSeconds": 0, 
    "ingredients": [
        "baking powder", 
        "soy milk", 
        "vegetable oil", 
        "egg substitute", 
        "vanilla", 
        "dried cherries", 
        "salt", 
        "white rice flour", 
        "applesauce", 
        "banana", 
        "sucanat"
    ], 
    "smallImageUrls": [
        "http://i.yummly.com/Cherry-Vanilla-Chip-Muffins-Allrecipes-55857.s.png"
    ], 
    "sourceDisplayName": "AllRecipes", 
    "recipeName": "Cherry Vanilla Chip Muffins", 
    "attributes": {
        "course": [
            "Breads"
        ]
    }, 
    "id": "Cherry-Vanilla-Chip-Muffins-Allrecipes"
}{
    "flavors": {
        "sweet": 0.8333333333333334, 
        "sour": 0.3333333333333333, 
        "salty": 0.5, 
        "piquant": 0.0, 
        "bitter": 0.8333333333333334, 
        "meaty": 0.5
    }, 
    "rating": 5.0, 
    "totalTimeInSeconds": 1500.0, 
    "ingredients": [
        "whole wheat flour", 
        "oatmeal", 
        "baking powder", 
        "bananas", 
        "vanilla", 
        "baking soda", 
        "sugar", 
        "egg substitute", 
        "nutmeg", 
        "unsweetened applesauce", 
        "ground cinnamon", 
        "buttermilk", 
        "clove"
    ], 
    "smallImageUrls": [
        "http://i.yummly.com/Low_fat-Banana-Buttermilk-Muffins-Recipezaar-250080.s.jpg"
    ], 
    "sourceDisplayName": "Food.com", 
    "recipeName": "Low-Fat Banana Buttermilk Muffins", 
    "attributes": {
        "course": [
            "Breads"
        ]
    }, 
    "id": "Low_fat-Banana-Buttermilk-Muffins-Recipezaar"
}{
    "flavors": {
        "sweet": 0.8333333333333334, 
        "sour": 0.5, 
        "salty": 0.3333333333333333, 
        "piquant": 0.0, 
        "bitter": 0.3333333333333333, 
        "meaty": 0.3333333333333333
    }, 
    "rating": 4.59, 
    "totalTimeInSeconds": 2100.0, 
    "ingredients": [
        "raisins", 
        "egg", 
        "baking powder", 
        "brown sugar", 
        "skim milk", 
        "lemon juice", 
        "orange rind", 
        "unsweetened applesauce", 
        "baking soda", 
        "cinnamon", 
        "whole wheat flour", 
        "carrot", 
        "bran", 
        "margarine"
    ], 
    "smallImageUrls": [
        "http://i.yummly.com/Low-Fat-Carrot-Bran-Muffins-Recipezaar-2.s.jpg", 
        "http://i.yummly.com/Low-Fat-Carrot-Bran-Muffins-Recipezaar-199060.s.jpg"
    ], 
    "sourceDisplayName": "Food.com", 
    "recipeName": "Low Fat Carrot Bran Muffins", 
    "attributes": {
        "course": [
            "Breads", 
            "Breakfast and Brunch"
        ]
    }, 
    "id": "Low-Fat-Carrot-Bran-Muffins-Recipezaar"
}{
    "flavors": {
        "sweet": 1.0, 
        "sour": 0.5, 
        "salty": 0.6666666666666666, 
        "piquant": 0.0, 
        "bitter": 0.6666666666666666, 
        "meaty": 0.8333333333333334
    }, 
    "rating": 4.75, 
    "totalTimeInSeconds": 1800.0, 
    "ingredients": [
        "whole wheat flour", 
        "all-purpose flour", 
        "baking powder", 
        "canola oil", 
        "strawberry preserves", 
        "baking soda", 
        "honey", 
        "zucchini", 
        "1% low-fat milk", 
        "carrot", 
        "salt", 
        "beaten eggs", 
        "creamy peanut butter"
    ], 
    "smallImageUrls": [
        "http://i2.yummly.com/Pb-_-J-Muffins-Recipezaar_1.s.png", 
        "http://i.yummly.com/Pb-_-J-Muffins-Recipezaar_1-203813.s.jpg"
    ], 
    "sourceDisplayName": "Food.com", 
    "recipeName": "Pb &amp; J Muffins", 
    "attributes": {
        "course": [
            "Breads"
        ]
    }, 
    "id": "Pb-_-J-Muffins-Recipezaar_1"
}{
    "flavors": {
        "sweet": 1.0, 
        "sour": 0.5, 
        "salty": 0.5, 
        "piquant": 0.0, 
        "bitter": 0.6666666666666666, 
        "meaty": 0.3333333333333333
    }, 
    "rating": 5.0, 
    "totalTimeInSeconds": 2700.0, 
    "ingredients": [
        "shortening", 
        "cinnamon", 
        "egg substitute", 
        "baking powder", 
        "chopped pecans", 
        "brown sugar", 
        "soymilk", 
        "sugar", 
        "apple", 
        "unbleached flour", 
        "salt"
    ], 
    "smallImageUrls": [
        "http://i.yummly.com/Apple-Crunch-Muffins-Recipezaar_2-260572.s.jpg"
    ], 
    "sourceDisplayName": "Food.com", 
    "recipeName": "Apple Crunch Muffins", 
    "attributes": {
        "course": [
            "Breads"
        ]
    }, 
    "id": "Apple-Crunch-Muffins-Recipezaar_2"
}{
    "flavors": {
        "sweet": 0.8333333333333334, 
        "sour": 0.5, 
        "salty": 0.6666666666666666, 
        "piquant": 0.0, 
        "bitter": 0.8333333333333334, 
        "meaty": 0.5
    }, 
    "rating": 5.0, 
    "totalTimeInSeconds": 2100.0, 
    "ingredients": [
        "vegetable oil", 
        "baking soda", 
        "chopped walnuts", 
        "cranberries", 
        "cinnamon", 
        "sour cream", 
        "vanilla", 
        "salt", 
        "eggs", 
        "apple", 
        "brown sugar", 
        "flour"
    ], 
    "smallImageUrls": [
        "http://i.yummly.com/Apple-Cranberry-Muffins-Recipezaar-233945.s.jpg"
    ], 
    "sourceDisplayName": "Food.com", 
    "recipeName": "Apple Cranberry Muffins", 
    "attributes": {
        "course": [
            "Breads"
        ]
    }, 
    "id": "Apple-Cranberry-Muffins-Recipezaar"
}{
    "flavors": {
        "sweet": 1.0, 
        "sour": 0.16666666666666666, 
        "salty": 0.6666666666666666, 
        "piquant": 0.0, 
        "bitter": 1.0, 
        "meaty": 0.5
    }, 
    "rating": 4.73, 
    "totalTimeInSeconds": 2400.0, 
    "ingredients": [
        "brown sugar", 
        "wheat flour", 
        "chopped walnuts", 
        "cranberries", 
        "baking soda", 
        "oil", 
        "vanilla", 
        "cinnamon", 
        "salt", 
        "tart apple", 
        "eggs", 
        "flour"
    ], 
    "smallImageUrls": [
        "http://i.yummly.com/Cranberry-Apple-Muffins-Recipezaar-231753.s.jpg"
    ], 
    "sourceDisplayName": "Food.com", 
    "recipeName": "Cranberry Apple Muffins", 
    "attributes": {
        "course": [
            "Breads"
        ]
    }, 
    "id": "Cranberry-Apple-Muffins-Recipezaar"
}{
    "flavors": {
        "sweet": 0.8333333333333334, 
        "sour": 0.16666666666666666, 
        "salty": 0.3333333333333333, 
        "piquant": 0.0, 
        "bitter": 0.6666666666666666, 
        "meaty": 0.3333333333333333
    }, 
    "rating": 5.0, 
    "totalTimeInSeconds": 2400.0, 
    "ingredients": [
        "boiling water", 
        "baking powder", 
        "raisins", 
        "egg", 
        "pumpkin pie spice", 
        "brown sugar", 
        "skim milk", 
        "baking soda", 
        "salt", 
        "oil", 
        "bran cereal", 
        "whole wheat flour"
    ], 
    "smallImageUrls": [
        "http://i.yummly.com/Bran-Buds-Muffins-Recipezaar-257059.s.jpg"
    ], 
    "sourceDisplayName": "Food.com", 
    "recipeName": "Bran Buds Muffins", 
    "attributes": {
        "course": [
            "Breads"
        ]
    }, 
    "id": "Bran-Buds-Muffins-Recipezaar"
}{
    "flavors": {
        "sweet": 0.6666666666666666, 
        "sour": 0.3333333333333333, 
        "salty": 0.6666666666666666, 
        "piquant": 0.0, 
        "bitter": 0.5, 
        "meaty": 0.3333333333333333
    }, 
    "rating": 0.0, 
    "totalTimeInSeconds": 30000.0, 
    "ingredients": [
        "nonfat buttermilk", 
        "orange zest", 
        "maple syrup", 
        "strawberries", 
        "cooking spray", 
        "english muffins", 
        "vanilla extract", 
        "eggs", 
        "greek yogurt"
    ], 
    "smallImageUrls": [
        "http://i.yummly.com/English-Muffin-French-Toast-MyRecipes-264361-132430.s.png"
    ], 
    "sourceDisplayName": "MyRecipes", 
    "recipeName": "English Muffin French Toast", 
    "attributes": {
        "course": [
            "Breakfast and Brunch"
        ], 
        "cuisine": [
            "American"
        ]
    }, 
    "id": "English-Muffin-French-Toast-MyRecipes-264361"
}{
    "flavors": {
        "sweet": 0.8333333333333334, 
        "sour": 0.3333333333333333, 
        "salty": 0.6666666666666666, 
        "piquant": 0.0, 
        "bitter": 1.0, 
        "meaty": 0.8333333333333334
    }, 
    "rating": 4.38, 
    "totalTimeInSeconds": 1800.0, 
    "ingredients": [
        "oatmeal", 
        "baking soda", 
        "coconut", 
        "raisins", 
        "melted butter", 
        "mashed banana", 
        "beaten eggs", 
        "baking powder", 
        "whole wheat flour", 
        "vanilla essence", 
        "yoghurt", 
        "carrots", 
        "cinnamon", 
        "apple", 
        "chopped walnuts"
    ], 
    "smallImageUrls": [
        "http://i.yummly.com/Healthy-Good-Morning-Muffins-Recipezaar-252641.s.jpg"
    ], 
    "sourceDisplayName": "Food.com", 
    "recipeName": "Healthy Good Morning Muffins", 
    "attributes": {
        "course": [
            "Breads", 
            "Breakfast and Brunch"
        ]
    }, 
    "id": "Healthy-Good-Morning-Muffins-Recipezaar"
}{
    "flavors": {
        "sweet": 1.0, 
        "sour": 0.5, 
        "salty": 0.16666666666666666, 
        "piquant": 0.0, 
        "bitter": 0.6666666666666666, 
        "meaty": 0.8333333333333334
    }, 
    "rating": 5.0, 
    "totalTimeInSeconds": 1500.0, 
    "ingredients": [
        "caster sugar", 
        "bananas", 
        "chocolate chips", 
        "icing sugar", 
        "flour", 
        "vanilla extract", 
        "eggs", 
        "unsalted butter", 
        "coconut"
    ], 
    "smallImageUrls": [
        "http://i.yummly.com/Coconut_-Chocolate-_-Banana-Mini-Muffins-Recipezaar-164000.s.jpg"
    ], 
    "sourceDisplayName": "Food.com", 
    "recipeName": "Coconut, Chocolate & Banana Mini Muffins", 
    "attributes": {
        "course": [
            "Breads"
        ]
    }, 
    "id": "Coconut_-Chocolate-_-Banana-Mini-Muffins-Recipezaar"
}{
    "flavors": {
        "sweet": 0.3333333333333333, 
        "sour": 0.3333333333333333, 
        "salty": 0.5, 
        "piquant": 0.0, 
        "bitter": 0.5, 
        "meaty": 0.3333333333333333
    }, 
    "rating": 0.0, 
    "totalTimeInSeconds": 0, 
    "ingredients": [
        "eggs", 
        "mango chutney", 
        "english muffins", 
        "ham", 
        "reduced fat sharp cheddar cheese", 
        "cooking spray"
    ], 
    "smallImageUrls": [
        "http://i.yummly.com/Ham-And-Cheese-Breakfast-Sandwich-With-Mango-Chutney-My-Recipes-123396.s.png"
    ], 
    "sourceDisplayName": "MyRecipes", 
    "recipeName": "Ham and Cheese Breakfast Sandwich with Mango Chutney", 
    "attributes": {
        "course": [
            "Breakfast and Brunch"
        ], 
        "cuisine": [
            "American"
        ]
    }, 
    "id": "Ham-And-Cheese-Breakfast-Sandwich-With-Mango-Chutney-My-Recipes"
}{
    "flavors": {
        "sweet": 0.6666666666666666, 
        "sour": 0.16666666666666666, 
        "salty": 0.16666666666666666, 
        "piquant": 0.0, 
        "bitter": 0.16666666666666666, 
        "meaty": 0.5
    }, 
    "rating": 0.0, 
    "totalTimeInSeconds": 0, 
    "ingredients": [
        "eggs", 
        "canola oil", 
        "sour cream", 
        "sugar", 
        "blackberries", 
        "white cornmeal"
    ], 
    "smallImageUrls": [], 
    "sourceDisplayName": "MyRecipes", 
    "recipeName": "Blackberry Cornbread Muffins", 
    "attributes": {
        "course": [
            "Breads"
        ], 
        "cuisine": [
            "American"
        ]
    }, 
    "id": "Blackberry-Cornbread-Muffins-My-Recipes"
}{
    "flavors": {
        "sweet": 0.8333333333333334, 
        "sour": 0.5, 
        "salty": 0.8333333333333334, 
        "piquant": 0.0, 
        "bitter": 0.6666666666666666, 
        "meaty": 0.8333333333333334
    }, 
    "rating": 4.67, 
    "totalTimeInSeconds": 2400.0, 
    "ingredients": [
        "shredded cheddar cheese", 
        "beaten eggs", 
        "bacon", 
        "sugar", 
        "milk", 
        "baking powder", 
        "vegetable oil", 
        "all-purpose flour"
    ], 
    "smallImageUrls": [
        "http://i.yummly.com/Bacon-Cheese-Muffins-Recipezaar-258510.s.jpg"
    ], 
    "sourceDisplayName": "Food.com", 
    "recipeName": "Bacon Cheese Muffins", 
    "attributes": {
        "course": [
            "Breads", 
            "Breakfast and Brunch"
        ]
    }, 
    "id": "Bacon-Cheese-Muffins-Recipezaar"
}{
    "flavors": {
        "sweet": 0.8333333333333334, 
        "sour": 0.5, 
        "salty": 0.16666666666666666, 
        "piquant": 0.0, 
        "bitter": 0.5, 
        "meaty": 0.5
    }, 
    "rating": 4.89, 
    "totalTimeInSeconds": 2100.0, 
    "ingredients": [
        "nonfat yogurt", 
        "sugar", 
        "wheat germ", 
        "all-purpose flour", 
        "blueberries", 
        "large egg whites", 
        "large egg", 
        "evaporated milk", 
        "baking powder", 
        "yellow cornmeal", 
        "vegetable oil"
    ], 
    "smallImageUrls": [
        "http://i.yummly.com/Cornmeal-Blueberry-Wheat-Germ-Muffins-Recipezaar_1-260263.s.jpg"
    ], 
    "sourceDisplayName": "Food.com", 
    "recipeName": "Cornmeal Blueberry Wheat Germ Muffins", 
    "attributes": {
        "course": [
            "Breads", 
            "Breakfast and Brunch"
        ]
    }, 
    "id": "Cornmeal-Blueberry-Wheat-Germ-Muffins-Recipezaar_1"
}{
    "flavors": {
        "sweet": 0.6666666666666666, 
        "sour": 0.3333333333333333, 
        "salty": 1.0, 
        "piquant": 0.0, 
        "bitter": 0.6666666666666666, 
        "meaty": 0.8333333333333334
    }, 
    "rating": 0.0, 
    "totalTimeInSeconds": 0, 
    "ingredients": [
        "poppy seeds", 
        "baking mix", 
        "butter", 
        "large egg", 
        "shredded cheddar cheese", 
        "ham", 
        "sweet onion", 
        "milk"
    ], 
    "smallImageUrls": [
        "http://i.yummly.com/Ham_and_cheddar-Muffins-My-Recipes-123689.s.png"
    ], 
    "sourceDisplayName": "MyRecipes", 
    "recipeName": "Ham-and-Cheddar Muffins", 
    "attributes": {
        "course": [
            "Breads", 
            "Breakfast and Brunch"
        ], 
        "cuisine": [
            "American"
        ]
    }, 
    "id": "Ham_and_cheddar-Muffins-My-Recipes"
}{
    "flavors": {
        "sweet": 1.0, 
        "sour": 0.3333333333333333, 
        "salty": 0.3333333333333333, 
        "piquant": 0.0, 
        "bitter": 1.0, 
        "meaty": 0.5
    }, 
    "rating": 4.5, 
    "totalTimeInSeconds": 1800.0, 
    "ingredients": [
        "milk", 
        "cinnamon", 
        "salt", 
        "chocolate chips", 
        "toasted walnuts", 
        "granulated sugar", 
        "mashed bananas", 
        "unsalted butter", 
        "all-purpose flour", 
        "egg", 
        "baking powder", 
        "baking soda", 
        "vanilla", 
        "whole wheat white flour"
    ], 
    "smallImageUrls": [
        "http://i.yummly.com/Banana-Chocolate-Chip-Muffins-Recipezaar_4-221809.s.jpg"
    ], 
    "sourceDisplayName": "Food.com", 
    "recipeName": "Banana Chocolate Chip Muffins", 
    "attributes": {
        "course": [
            "Breads", 
            "Breakfast and Brunch", 
            "Lunch and Snacks"
        ]
    }, 
    "id": "Banana-Chocolate-Chip-Muffins-Recipezaar_4"
}{
    "flavors": {
        "sweet": 0.8333333333333334, 
        "sour": 0.3333333333333333, 
        "salty": 0.5, 
        "piquant": 0.0, 
        "bitter": 0.3333333333333333, 
        "meaty": 0.6666666666666666
    }, 
    "rating": 4.43, 
    "totalTimeInSeconds": 1500.0, 
    "ingredients": [
        "flour", 
        "baking powder", 
        "nutmeg", 
        "water", 
        "egg", 
        "butter", 
        "eggnog", 
        "vanilla extract", 
        "salt", 
        "raisins", 
        "sugar"
    ], 
    "smallImageUrls": [
        "http://i.yummly.com/Eggnog-Muffins-Recipezaar_2-187602.s.jpg"
    ], 
    "sourceDisplayName": "Food.com", 
    "recipeName": "Eggnog Muffins", 
    "attributes": {
        "course": [
            "Breads", 
            "Breakfast and Brunch"
        ], 
        "holiday": [
            "Christmas"
        ]
    }, 
    "id": "Eggnog-Muffins-Recipezaar_2"
}{
    "flavors": {
        "sweet": 0.16666666666666666, 
        "sour": 0.5, 
        "salty": 0.8333333333333334, 
        "piquant": 0.0, 
        "bitter": 0.8333333333333334, 
        "meaty": 0.6666666666666666
    }, 
    "rating": 0.0, 
    "totalTimeInSeconds": 0, 
    "ingredients": [
        "chopped pecans", 
        "eggs", 
        "vegetable oil", 
        "sugar", 
        "self rising flour", 
        "allspice", 
        "plum baby food"
    ], 
    "smallImageUrls": [], 
    "sourceDisplayName": "MyRecipes", 
    "recipeName": "Spiced Plum Muffins", 
    "attributes": {
        "course": [
            "Breads", 
            "Lunch and Snacks"
        ], 
        "cuisine": [
            "American"
        ]
    }, 
    "id": "Spiced-Plum-Muffins-My-Recipes"
}{
    "flavors": {
        "sweet": 0.3333333333333333, 
        "sour": 0.5, 
        "salty": 1.0, 
        "piquant": 0.0, 
        "bitter": 0.8333333333333334, 
        "meaty": 1.0
    }, 
    "rating": 0.0, 
    "totalTimeInSeconds": 0, 
    "ingredients": [
        "sharp cheddar cheese", 
        "sour cream", 
        "butter", 
        "chives", 
        "self rising flour"
    ], 
    "smallImageUrls": [], 
    "sourceDisplayName": "MyRecipes", 
    "recipeName": "Cheesy Cocktail Muffins", 
    "attributes": {
        "course": [
            "Breads"
        ]
    }, 
    "id": "Cheesy-Cocktail-Muffins-My-Recipes"
}{
    "flavors": {
        "sweet": 0.8333333333333334, 
        "sour": 0.3333333333333333, 
        "salty": 0.5, 
        "piquant": 0.0, 
        "bitter": 0.6666666666666666, 
        "meaty": 0.6666666666666666
    }, 
    "rating": 4.38, 
    "totalTimeInSeconds": 2100.0, 
    "ingredients": [
        "rolled oat", 
        "plain yogurt", 
        "walnuts", 
        "all-purpose flour", 
        "baking soda", 
        "baking powder", 
        "canola oil", 
        "salt", 
        "egg", 
        "maple syrup", 
        "apple"
    ], 
    "smallImageUrls": [
        "http://i.yummly.com/Oatmeal-Apple-Nut-Muffins-Recipezaar-188407.s.jpg"
    ], 
    "sourceDisplayName": "Food.com", 
    "recipeName": "Oatmeal Apple Nut Muffins", 
    "attributes": {
        "course": [
            "Breads", 
            "Breakfast and Brunch", 
            "Lunch and Snacks"
        ]
    }, 
    "id": "Oatmeal-Apple-Nut-Muffins-Recipezaar"
}{
    "flavors": {
        "sweet": 0.6666666666666666, 
        "sour": 0.6666666666666666, 
        "salty": 0.8333333333333334, 
        "piquant": 0.8333333333333334, 
        "bitter": 0.8333333333333334, 
        "meaty": 0.8333333333333334
    }, 
    "rating": 5.0, 
    "totalTimeInSeconds": 1500.0, 
    "ingredients": [
        "flour", 
        "baking soda", 
        "eggs", 
        "cheddar cheese", 
        "yoghurt", 
        "minced onion", 
        "salt", 
        "melted butter", 
        "white sugar", 
        "jalapeno peppers", 
        "baking powder"
    ], 
    "smallImageUrls": [
        "http://i.yummly.com/Jalapeno-Cheese-Muffins-Recipezaar-232559.s.jpg"
    ], 
    "sourceDisplayName": "Food.com", 
    "recipeName": "Bea's Jalapeno Cheese Muffins", 
    "attributes": {
        "course": [
            "Breads"
        ]
    }, 
    "id": "Jalapeno-Cheese-Muffins-Recipezaar"
}{
    "flavors": {
        "sweet": 1.0, 
        "sour": 0.6666666666666666, 
        "salty": 0.6666666666666666, 
        "piquant": 0.0, 
        "bitter": 0.8333333333333334, 
        "meaty": 0.5
    }, 
    "rating": 5.0, 
    "totalTimeInSeconds": 1800.0, 
    "ingredients": [
        "vanilla extract", 
        "slivered almond", 
        "canola oil", 
        "granulated sugar", 
        "brown sugar", 
        "whole wheat flour", 
        "salt", 
        "blueberries", 
        "all-purpose flour", 
        "baking soda", 
        "1% low-fat milk", 
        "cooking spray", 
        "egg substitute", 
        "butter", 
        "quick-cooking oatmeal", 
        "plain low-fat yogurt", 
        "whole wheat flour", 
        "baking powder"
    ], 
    "smallImageUrls": [
        "http://i.yummly.com/Blueberry--Muffins-With-Almond-Streusel-Food_com-105632-260850.s.jpg"
    ], 
    "sourceDisplayName": "Food.com", 
    "recipeName": "Blueberry  Muffins With Almond Streusel", 
    "attributes": {
        "course": [
            "Breads"
        ]
    }, 
    "id": "Blueberry--Muffins-With-Almond-Streusel-Food_com-105632"
}{
    "flavors": {
        "sweet": 0.5, 
        "sour": 0.0, 
        "salty": 0.8333333333333334, 
        "piquant": 0.0, 
        "bitter": 0.5, 
        "meaty": 0.3333333333333333
    }, 
    "rating": 0.0, 
    "totalTimeInSeconds": 0, 
    "ingredients": [
        "canola oil", 
        "white cornmeal", 
        "egg", 
        "cooking spray", 
        "nonfat yogurt plain", 
        "corn kernels"
    ], 
    "smallImageUrls": [], 
    "sourceDisplayName": "MyRecipes", 
    "recipeName": "Corn Muffins", 
    "attributes": {
        "course": [
            "Breads", 
            "Breakfast and Brunch"
        ], 
        "cuisine": [
            "American"
        ]
    }, 
    "id": "Corn-Muffins-MyRecipes-246629"
}{
    "flavors": {
        "sweet": 0.6666666666666666, 
        "sour": 0.5, 
        "salty": 1.0, 
        "piquant": 0.0, 
        "bitter": 0.6666666666666666, 
        "meaty": 0.5
    }, 
    "rating": 0.0, 
    "totalTimeInSeconds": 0, 
    "ingredients": [
        "lemon", 
        "biscuit mix", 
        "melted butter", 
        "sour cream"
    ], 
    "smallImageUrls": [], 
    "sourceDisplayName": "MyRecipes", 
    "recipeName": "Biscuit Muffins", 
    "attributes": {
        "course": [
            "Breads"
        ]
    }, 
    "id": "Biscuit-Muffins-MyRecipes-241246"
}{
    "flavors": {
        "sweet": 0.8333333333333334, 
        "sour": 0.3333333333333333, 
        "salty": 0.5, 
        "piquant": 0.0, 
        "bitter": 0.16666666666666666, 
        "meaty": 0.6666666666666666
    }, 
    "rating": 4.33, 
    "totalTimeInSeconds": 1800.0, 
    "ingredients": [
        "plain yogurt", 
        "all-purpose flour", 
        "canola oil", 
        "baking soda", 
        "blueberries", 
        "grated orange", 
        "baking powder", 
        "honey", 
        "ground cinnamon", 
        "whole wheat flour", 
        "large eggs", 
        "salt"
    ], 
    "smallImageUrls": [
        "http://i.yummly.com/Anna_s-Blueberry-Mini-Muffins-Recipezaar-19216.s.png", 
        "http://i.yummly.com/Anna_s-Blueberry-Mini-Muffins-Recipezaar-168016.s.jpg"
    ], 
    "sourceDisplayName": "Food.com", 
    "recipeName": "Anna's Blueberry Mini Muffins", 
    "attributes": {
        "course": [
            "Breads", 
            "Breakfast and Brunch"
        ]
    }, 
    "id": "Anna_s-Blueberry-Mini-Muffins-Recipezaar"
}{
    "flavors": {
        "sweet": 0.16666666666666666, 
        "sour": 0.16666666666666666, 
        "salty": 1.0, 
        "piquant": 0.0, 
        "bitter": 1.0, 
        "meaty": 1.0
    }, 
    "rating": 0.0, 
    "totalTimeInSeconds": 900.0, 
    "ingredients": [
        "cr\u00e8mes", 
        "juice", 
        "english muffins", 
        "eggs", 
        "chives", 
        "unsalted butter", 
        "black pepper", 
        "tarragon", 
        "kosher salt", 
        "smoked salmon", 
        "lemon"
    ], 
    "smallImageUrls": [
        "http://i.yummly.com/Egg-and-Smoked-Salmon-Open-Faced-Breakfast-Sandwich-Recipe-Chow-56762-39354.s.png"
    ], 
    "sourceDisplayName": "Chow", 
    "recipeName": "Egg and Smoked Salmon Open-Faced Breakfast Sandwich Recipe", 
    "attributes": {
        "course": [
            "Breakfast and Brunch"
        ]
    }, 
    "id": "Egg-and-Smoked-Salmon-Open-Faced-Breakfast-Sandwich-Recipe-Chow-56762"
}{
    "flavors": null, 
    "rating": 0.0, 
    "totalTimeInSeconds": 0, 
    "ingredients": [
        "ground cinnamon", 
        "butter", 
        "sweetened condensed milk", 
        "sugar", 
        "bread dough"
    ], 
    "smallImageUrls": [
        "http://i.yummly.com/Monkey-Muffins-The-Pioneer-Woman-Cooks-_-Ree-Drummond-41294-1581.s.jpg", 
        "http://i.yummly.com/Monkey-Muffins-The-Pioneer-Woman-Cooks-_-Ree-Drummond-41294-1268.s.jpg", 
        "http://i.yummly.com/Monkey-Muffins-The-Pioneer-Woman-Cooks-_-Ree-Drummond-41294-151.s.jpg"
    ], 
    "sourceDisplayName": "The Pioneer Woman", 
    "recipeName": "Monkey Muffins", 
    "attributes": {
        "course": [
            "Breads"
        ]
    }, 
    "id": "Monkey-Muffins-The-Pioneer-Woman-Cooks-_-Ree-Drummond-41294"
}{
    "flavors": {
        "sweet": 0.0, 
        "sour": 0.0, 
        "salty": 0.0, 
        "piquant": 0.0, 
        "bitter": 0.0, 
        "meaty": 0.16666666666666666
    }, 
    "rating": 0.0, 
    "totalTimeInSeconds": 2100.0, 
    "ingredients": [
        "eggs", 
        "sugar", 
        "coarse sugar", 
        "cooking spray", 
        "flour", 
        "vanilla", 
        "vegetable oil", 
        "salt", 
        "buttermilk", 
        "blueberry", 
        "baking powder"
    ], 
    "smallImageUrls": [
        "http://i.yummly.com/Buttermilk-Blueberry-Muffins-The-Shiksa-in-the-Kitchen-57964-25856.s.png"
    ], 
    "sourceDisplayName": "The Shiksa in the Kitchen", 
    "recipeName": "Buttermilk Blueberry Muffins", 
    "attributes": {
        "course": [
            "Breads", 
            "Breakfast and Brunch"
        ], 
        "cuisine": [
            "American"
        ]
    }, 
    "id": "Buttermilk-Blueberry-Muffins-The-Shiksa-in-the-Kitchen-57964"
}{
    "flavors": {
        "sweet": 0.16666666666666666, 
        "sour": 0.3333333333333333, 
        "salty": 0.5, 
        "piquant": 0.0, 
        "bitter": 0.3333333333333333, 
        "meaty": 0.3333333333333333
    }, 
    "rating": 0.0, 
    "totalTimeInSeconds": 0, 
    "ingredients": [
        "manchego cheese", 
        "egg", 
        "muffin", 
        "kimchi"
    ], 
    "smallImageUrls": [], 
    "sourceDisplayName": "Food52", 
    "recipeName": "Egg KimMuffins", 
    "attributes": {}, 
    "id": "Egg-kimmuffins-328045"
}{
    "flavors": {
        "sweet": 0.6666666666666666, 
        "sour": 1.0, 
        "salty": 0.5, 
        "piquant": 0.0, 
        "bitter": 0.3333333333333333, 
        "meaty": 0.16666666666666666
    }, 
    "rating": 0.0, 
    "totalTimeInSeconds": 0, 
    "ingredients": [
        "american cheese", 
        "pineapple", 
        "english muffin", 
        "canadian bacon"
    ], 
    "smallImageUrls": [
        "http://i.yummly.com/English-muffin-breakfast-sandwiches-324028-284863.s.jpg"
    ], 
    "sourceDisplayName": "Food52", 
    "recipeName": "English Muffin Breakfast Sandwiches", 
    "attributes": {}, 
    "id": "English-muffin-breakfast-sandwiches-324028"
}{
    "flavors": {
        "sweet": 1.0, 
        "sour": 0.6666666666666666, 
        "salty": 0.16666666666666666, 
        "piquant": 0.0, 
        "bitter": 0.16666666666666666, 
        "meaty": 0.5
    }, 
    "rating": 0.0, 
    "totalTimeInSeconds": 0, 
    "ingredients": [
        "vanilla extract", 
        "batter", 
        "lemon juice", 
        "granulated sugar", 
        "unsalted butter", 
        "milk", 
        "baking powder", 
        "baking soda", 
        "large eggs", 
        "grated nutmeg", 
        "all-purpose flour", 
        "salt"
    ], 
    "smallImageUrls": [
        "http://i.yummly.com/Doughnut-Muffins-Once-Upon-A-Chef-199945-39786.s.png"
    ], 
    "sourceDisplayName": "Once Upon A Chef", 
    "recipeName": "Doughnut Muffins", 
    "attributes": {
        "course": [
            "Breads", 
            "Breakfast and Brunch", 
            "Lunch and Snacks"
        ], 
        "cuisine": [
            "American"
        ]
    }, 
    "id": "Doughnut-Muffins-Once-Upon-A-Chef-199945"
}{
    "flavors": {
        "sweet": 1.0, 
        "sour": 0.5, 
        "salty": 0.5, 
        "piquant": 0.0, 
        "bitter": 1.0, 
        "meaty": 0.5
    }, 
    "rating": 0.0, 
    "totalTimeInSeconds": 0, 
    "ingredients": [
        "unsweetened cocoa powder", 
        "low fat buttermilk", 
        "salt", 
        "chocolate chips", 
        "large eggs", 
        "baking soda", 
        "baking powder", 
        "all-purpose flour", 
        "light brown sugar", 
        "unsalted butter", 
        "pure vanilla extract"
    ], 
    "smallImageUrls": [
        "http://i.yummly.com/Chocoholic-Muffins-Once-Upon-A-Chef-200021-39764.s.png"
    ], 
    "sourceDisplayName": "Once Upon A Chef", 
    "recipeName": "Chocoholic Muffins", 
    "attributes": {
        "course": [
            "Breads"
        ]
    }, 
    "id": "Chocoholic-Muffins-Once-Upon-A-Chef-200021"
}{
    "flavors": {
        "sweet": 0.16666666666666666, 
        "sour": 0.16666666666666666, 
        "salty": 0.16666666666666666, 
        "piquant": 0.0, 
        "bitter": 0.16666666666666666, 
        "meaty": 0.16666666666666666
    }, 
    "rating": 0.0, 
    "totalTimeInSeconds": 1800.0, 
    "ingredients": [
        "wheat germ", 
        "eggs", 
        "salt", 
        "all purpose flour", 
        "pineapples", 
        "baking powder", 
        "sunflower oil", 
        "coconut milk", 
        "muffin", 
        "whole wheat flour"
    ], 
    "smallImageUrls": [
        "http://i.yummly.com/Coconut-Pineapple-Muffins-Naturally-Ella-46511-10273.s.png"
    ], 
    "sourceDisplayName": "Naturally Ella", 
    "recipeName": "Coconut Pineapple Muffins", 
    "attributes": {
        "course": [
            "Breads"
        ]
    }, 
    "id": "Coconut-Pineapple-Muffins-Naturally-Ella-46511"
}{
    "flavors": {
        "sweet": 0.16666666666666666, 
        "sour": 0.16666666666666666, 
        "salty": 0.16666666666666666, 
        "piquant": 0.0, 
        "bitter": 0.16666666666666666, 
        "meaty": 0.16666666666666666
    }, 
    "rating": 0.0, 
    "totalTimeInSeconds": 0, 
    "ingredients": [
        "unsalted butter", 
        "melted butter", 
        "wheat flour", 
        "sour cream", 
        "brown sugar", 
        "muffin batter", 
        "honey", 
        "salt", 
        "peach", 
        "whole milk", 
        "ginger", 
        "ginger", 
        "sugar", 
        "baking soda", 
        "oat flour", 
        "eggs", 
        "flour", 
        "baking powder"
    ], 
    "smallImageUrls": [
        "http://i.yummly.com/Peach-Ginger-Muffins-I-Adore-Food-55313-11355.s.png"
    ], 
    "sourceDisplayName": "I Adore Food!", 
    "recipeName": "Peach Ginger Muffins", 
    "attributes": {
        "course": [
            "Breads"
        ]
    }, 
    "id": "Peach-Ginger-Muffins-I-Adore-Food-55313"
}{
    "flavors": {
        "sweet": 0.16666666666666666, 
        "sour": 0.16666666666666666, 
        "salty": 0.16666666666666666, 
        "piquant": 0.0, 
        "bitter": 0.16666666666666666, 
        "meaty": 0.16666666666666666
    }, 
    "rating": 0.0, 
    "totalTimeInSeconds": 0, 
    "ingredients": [
        "dried fig", 
        "brown sugar", 
        "barley flour", 
        "salt", 
        "turbinado sugar", 
        "nonstick cooking spray", 
        "all purpose flour", 
        "dates", 
        "olive oil", 
        "cinnamon", 
        "ice cream", 
        "vanilla", 
        "applesauce", 
        "eggs", 
        "almond milk", 
        "cinnamon", 
        "sugar", 
        "pomegranate juice", 
        "golden raisins", 
        "chopped walnuts", 
        "baking soda", 
        "baking powder"
    ], 
    "smallImageUrls": [
        "http://i.yummly.com/Seven-Species-Muffins-The-Shiksa-Blog-48875-10810.s.png", 
        "http://i.yummly.com/Seven-Species-Muffins-The-Shiksa-Blog-48875-10793.s.png", 
        "http://i.yummly.com/Seven-Species-Muffins-The-Shiksa-Blog-48875-10699.s.png", 
        "http://i.yummly.com/Seven-Species-Muffins-The-Shiksa-Blog-48875-10635.s.png"
    ], 
    "sourceDisplayName": "The Shiksa in the Kitchen", 
    "recipeName": "Seven Species Muffins", 
    "attributes": {
        "course": [
            "Breads"
        ]
    }, 
    "id": "Seven-Species-Muffins-The-Shiksa-Blog-48875"
}{
    "flavors": null, 
    "rating": 0.0, 
    "totalTimeInSeconds": 0, 
    "ingredients": [
        "baking powder", 
        "melted butter", 
        "eggs"
    ], 
    "smallImageUrls": [
        "http://i.yummly.com/Cornbread-Muffins-Once-Upon-A-Chef-200009-39845.s.png"
    ], 
    "sourceDisplayName": "Once Upon A Chef", 
    "recipeName": "Cornbread Muffins", 
    "attributes": {
        "course": [
            "Breads"
        ], 
        "cuisine": [
            "American"
        ]
    }, 
    "id": "Cornbread-Muffins-Once-Upon-A-Chef-200009"
}{
    "flavors": {
        "sweet": 1.0, 
        "sour": 0.6666666666666666, 
        "salty": 0.6666666666666666, 
        "piquant": 0.0, 
        "bitter": 0.6666666666666666, 
        "meaty": 0.5
    }, 
    "rating": 0.0, 
    "totalTimeInSeconds": 0, 
    "ingredients": [
        "ground cloves", 
        "ground cinnamon", 
        "demerara sugar", 
        "baking soda", 
        "unsalted butter", 
        "ground nutmeg", 
        "cinnamon", 
        "pumpkin", 
        "salt", 
        "unsalted butter", 
        "granulated sugar", 
        "flour", 
        "large eggs", 
        "chopped pecans", 
        "flour", 
        "baking powder"
    ], 
    "smallImageUrls": [
        "http://i.yummly.com/Pumpkin-Pecan-Crunch-Muffins-Once-Upon-A-Chef-200048-271880.s.jpg", 
        "http://i.yummly.com/Pumpkin-Pecan-Crunch-Muffins-Once-Upon-A-Chef-200048-39876.s.png"
    ], 
    "sourceDisplayName": "Once Upon A Chef", 
    "recipeName": "Pumpkin Pecan Crunch Muffins", 
    "attributes": {
        "course": [
            "Breads"
        ]
    }, 
    "id": "Pumpkin-Pecan-Crunch-Muffins-Once-Upon-A-Chef-200048"
}{
    "flavors": {
        "sweet": 1.0, 
        "sour": 0.5, 
        "salty": 0.16666666666666666, 
        "piquant": 0.0, 
        "bitter": 0.8333333333333334, 
        "meaty": 0.6666666666666666
    }, 
    "rating": 0.0, 
    "totalTimeInSeconds": 0, 
    "ingredients": [
        "unsalted butter", 
        "chopped walnuts", 
        "cinnamon", 
        "baking powder", 
        "all-purpose flour", 
        "honey", 
        "large eggs", 
        "mashed bananas", 
        "salt", 
        "milk", 
        "granulated sugar", 
        "pure vanilla extract"
    ], 
    "smallImageUrls": [
        "http://i.yummly.com/Banana-Honey-Walnut-Muffins-Once-Upon-A-Chef-199995-39831.s.png"
    ], 
    "sourceDisplayName": "Once Upon A Chef", 
    "recipeName": "Banana Honey-Walnut Muffins", 
    "attributes": {
        "course": [
            "Breads", 
            "Breakfast and Brunch"
        ]
    }, 
    "id": "Banana-Honey-Walnut-Muffins-Once-Upon-A-Chef-199995"
}{
    "flavors": {
        "sweet": 0.0, 
        "sour": 0.3333333333333333, 
        "salty": 0.8333333333333334, 
        "piquant": 0.0, 
        "bitter": 0.3333333333333333, 
        "meaty": 0.5
    }, 
    "rating": 0.0, 
    "totalTimeInSeconds": 0, 
    "ingredients": [
        "vanilla bean", 
        "muffins", 
        "all-purpose flour", 
        "milk", 
        "softened butter", 
        "baking soda", 
        "sugar", 
        "shortening", 
        "buttermilk", 
        "salt", 
        "egg", 
        "baking powder", 
        "sugar", 
        "butter", 
        "dried blueberries", 
        "vanilla", 
        "meal"
    ], 
    "smallImageUrls": [
        "http://i.yummly.com/Blueberry-Corn-Mini-Muffins-The-Pioneer-Woman-200141-39928.s.png"
    ], 
    "sourceDisplayName": "The Pioneer Woman", 
    "recipeName": "Blueberry Corn Mini-Muffins", 
    "attributes": {
        "course": [
            "Breads"
        ], 
        "cuisine": [
            "American"
        ]
    }, 
    "id": "Blueberry-Corn-Mini-Muffins-The-Pioneer-Woman-200141"
}{
    "flavors": {
        "sweet": 0.3333333333333333, 
        "sour": 0.3333333333333333, 
        "salty": 0.5, 
        "piquant": 0.0, 
        "bitter": 0.3333333333333333, 
        "meaty": 0.3333333333333333
    }, 
    "rating": 4.77, 
    "totalTimeInSeconds": 1200.0, 
    "ingredients": [
        "pepperoni", 
        "shredded mozzarella cheese", 
        "english muffins", 
        "pizza sauce"
    ], 
    "smallImageUrls": [
        "http://i.yummly.com/Fast-English-Muffin-Pizzas-Allrecipes-78195.s.png"
    ], 
    "sourceDisplayName": "AllRecipes", 
    "recipeName": "Fast English Muffin Pizzas", 
    "attributes": {
        "course": [
            "Lunch and Snacks"
        ]
    }, 
    "id": "Fast-English-Muffin-Pizzas-Allrecipes"
}{
    "flavors": {
        "sweet": 0.16666666666666666, 
        "sour": 0.16666666666666666, 
        "salty": 0.16666666666666666, 
        "piquant": 0.3333333333333333, 
        "bitter": 0.16666666666666666, 
        "meaty": 0.16666666666666666
    }, 
    "rating": 0.0, 
    "totalTimeInSeconds": 0, 
    "ingredients": [
        "mayonnaise", 
        "dijon mustard", 
        "worcestershire sauce", 
        "garlic powder", 
        "hard-boiled eggs", 
        "english muffins", 
        "cheddar cheese", 
        "bacon"
    ], 
    "smallImageUrls": [
        "http://i.yummly.com/Make-Ahead-Muffin-Melts-The-Pioneer-Woman-Cooks-_-Ree-Drummond-41242-1631.s.jpg", 
        "http://i.yummly.com/Make-Ahead-Muffin-Melts-The-Pioneer-Woman-Cooks-_-Ree-Drummond-41242-1318.s.jpg", 
        "http://i.yummly.com/Make-Ahead-Muffin-Melts-The-Pioneer-Woman-Cooks-_-Ree-Drummond-41242-101.s.jpg"
    ], 
    "sourceDisplayName": "The Pioneer Woman", 
    "recipeName": "Make-Ahead Muffin Melts", 
    "attributes": {
        "course": [
            "Breakfast and Brunch", 
            "Lunch and Snacks"
        ]
    }, 
    "id": "Make-Ahead-Muffin-Melts-The-Pioneer-Woman-Cooks-_-Ree-Drummond-41242"
}{
    "flavors": {
        "sweet": 0.16666666666666666, 
        "sour": 0.0, 
        "salty": 0.16666666666666666, 
        "piquant": 0.0, 
        "bitter": 0.16666666666666666, 
        "meaty": 0.16666666666666666
    }, 
    "rating": 0.0, 
    "totalTimeInSeconds": 0, 
    "ingredients": [
        "large eggs", 
        "brown sugar", 
        "cooking oil", 
        "chocolate chip", 
        "wheat flour", 
        "vanilla extract", 
        "peanut butter", 
        "salt", 
        "banana", 
        "flour", 
        "baking powder"
    ], 
    "smallImageUrls": [
        "http://i.yummly.com/Banana_-Peanut-Butter-and-Chocolate-Chip-Muffins-I-Adore-Food-55296-11338.s.png"
    ], 
    "sourceDisplayName": "I Adore Food!", 
    "recipeName": "Banana, Peanut Butter and Chocolate Chip Muffins", 
    "attributes": {}, 
    "id": "Banana_-Peanut-Butter-and-Chocolate-Chip-Muffins-I-Adore-Food-55296"
}{
    "flavors": {
        "sweet": 1.0, 
        "sour": 0.6666666666666666, 
        "salty": 0.16666666666666666, 
        "piquant": 0.0, 
        "bitter": 0.16666666666666666, 
        "meaty": 0.5
    }, 
    "rating": 4.58, 
    "totalTimeInSeconds": 2100.0, 
    "ingredients": [
        "milk", 
        "baking powder", 
        "white sugar", 
        "egg", 
        "salt", 
        "vegetable oil", 
        "all-purpose flour"
    ], 
    "smallImageUrls": [
        "http://i.yummly.com/Best-Ever-Muffins-Allrecipes-49608.s.png"
    ], 
    "sourceDisplayName": "AllRecipes", 
    "recipeName": "Best Ever Muffins", 
    "attributes": {
        "course": [
            "Breads", 
            "Breakfast and Brunch"
        ]
    }, 
    "id": "Best-Ever-Muffins-Allrecipes"
}{
    "flavors": {
        "sweet": 0.6666666666666666, 
        "sour": 0.8333333333333334, 
        "salty": 0.6666666666666666, 
        "piquant": 0.0, 
        "bitter": 0.3333333333333333, 
        "meaty": 0.6666666666666666
    }, 
    "rating": 4.46, 
    "totalTimeInSeconds": 8100.0, 
    "ingredients": [
        "all-purpose flour", 
        "white sugar", 
        "warm water", 
        "shortening", 
        "active dry yeast", 
        "salt", 
        "milk"
    ], 
    "smallImageUrls": [
        "http://i.yummly.com/English-Muffins-Allrecipes-1.s.jpg", 
        "http://i.yummly.com/English-Muffins-Allrecipes-61993.s.png"
    ], 
    "sourceDisplayName": "AllRecipes", 
    "recipeName": "English Muffins", 
    "attributes": {
        "course": [
            "Breads", 
            "Breakfast and Brunch", 
            "Lunch and Snacks"
        ]
    }, 
    "id": "English-Muffins-Allrecipes"
}{
    "flavors": {
        "sweet": 0.3333333333333333, 
        "sour": 0.16666666666666666, 
        "salty": 0.0, 
        "piquant": 0.0, 
        "bitter": 0.16666666666666666, 
        "meaty": 0.16666666666666666
    }, 
    "rating": 0.0, 
    "totalTimeInSeconds": 0, 
    "ingredients": [
        "brown sugar", 
        "large eggs", 
        "apples", 
        "baking powder", 
        "water", 
        "white sugar", 
        "cinnamon", 
        "oiled", 
        "ground walnuts", 
        "all purpose flour", 
        "honey", 
        "coconut", 
        "oats", 
        "vanilla extract", 
        "butter"
    ], 
    "smallImageUrls": [
        "http://i.yummly.com/Apple-and-Coconut-Muffins-I-Adore-Food_-57936-11479.s.png"
    ], 
    "sourceDisplayName": "I Adore Food!", 
    "recipeName": "Apple and Coconut Muffins", 
    "attributes": {}, 
    "id": "Apple-and-Coconut-Muffins-I-Adore-Food_-57936"
}{
    "flavors": {
        "sweet": 0.0, 
        "sour": 0.0, 
        "salty": 0.0, 
        "piquant": 0.0, 
        "bitter": 0.0, 
        "meaty": 0.16666666666666666
    }, 
    "rating": 0.0, 
    "totalTimeInSeconds": 0, 
    "ingredients": [
        "salt", 
        "olive oil", 
        "tapioca flour", 
        "grating cheese", 
        "milk", 
        "muffin", 
        "eggs"
    ], 
    "smallImageUrls": [
        "http://i.yummly.com/Easy-Brazilian-Cheese-Bread-Simply-Recipes-42588-3853.s.jpg"
    ], 
    "sourceDisplayName": "Simply Recipes", 
    "recipeName": "Easy Brazilian Cheese Bread", 
    "attributes": {}, 
    "id": "Easy-Brazilian-Cheese-Bread-Simply-Recipes-42588"
}{
    "flavors": {
        "sweet": 0.5, 
        "sour": 0.6666666666666666, 
        "salty": 0.3333333333333333, 
        "piquant": 0.0, 
        "bitter": 0.3333333333333333, 
        "meaty": 0.3333333333333333
    }, 
    "rating": 0.0, 
    "totalTimeInSeconds": 0, 
    "ingredients": [
        "parsley", 
        "flavored", 
        "cheddar cheese", 
        "eggs", 
        "zucchini", 
        "onion"
    ], 
    "smallImageUrls": [
        "http://i.yummly.com/Zucchini-muffins-315206-276273.s.jpg"
    ], 
    "sourceDisplayName": "Food52", 
    "recipeName": "Zucchini Muffins", 
    "attributes": {}, 
    "id": "Zucchini-muffins-315206"
}{
    "flavors": {
        "sweet": 0.3333333333333333, 
        "sour": 0.8333333333333334, 
        "salty": 0.8333333333333334, 
        "piquant": 0.0, 
        "bitter": 0.5, 
        "meaty": 0.5
    }, 
    "rating": 4.74, 
    "totalTimeInSeconds": 1560.0, 
    "ingredients": [
        "muffin mix", 
        "brown sugar", 
        "eggs", 
        "cream style corn"
    ], 
    "smallImageUrls": [
        "http://i.yummly.com/Easy_-Speedy-Corn-Muffins-Allrecipes-63934.s.png"
    ], 
    "sourceDisplayName": "AllRecipes", 
    "recipeName": "Easy, Speedy Corn Muffins", 
    "attributes": {
        "course": [
            "Breads"
        ]
    }, 
    "id": "Easy_-Speedy-Corn-Muffins-Allrecipes"
}{
    "flavors": {
        "sweet": 1.0, 
        "sour": 0.16666666666666666, 
        "salty": 0.6666666666666666, 
        "piquant": 0.0, 
        "bitter": 1.0, 
        "meaty": 0.5
    }, 
    "rating": 0.0, 
    "totalTimeInSeconds": 0, 
    "ingredients": [
        "chocolate chips", 
        "banana puree", 
        "butter", 
        "melted butter", 
        "salt", 
        "white sugar", 
        "egg", 
        "flour", 
        "cinnamon", 
        "baking soda", 
        "ground pecans", 
        "brown sugar", 
        "baking powder", 
        "flour"
    ], 
    "smallImageUrls": [
        "http://i.yummly.com/Banana_-Chocolate-Chips-and-Pecan-Muffins-I-Adore-Food_-200470-40260.s.png"
    ], 
    "sourceDisplayName": "I Adore Food!", 
    "recipeName": "Banana, Chocolate Chips and Pecan Muffins", 
    "attributes": {
        "course": [
            "Breads"
        ]
    }, 
    "id": "Banana_-Chocolate-Chips-and-Pecan-Muffins-I-Adore-Food_-200470"
}{
    "flavors": {
        "sweet": 0.0, 
        "sour": 0.16666666666666666, 
        "salty": 0.0, 
        "piquant": 0.0, 
        "bitter": 0.16666666666666666, 
        "meaty": 0.16666666666666666
    }, 
    "rating": 0.0, 
    "totalTimeInSeconds": 1800.0, 
    "ingredients": [
        "white flour", 
        "eggs", 
        "crystallized ginger", 
        "salt", 
        "sunflower oil", 
        "zucchini", 
        "baking powder", 
        "milk", 
        "whole wheat flour"
    ], 
    "smallImageUrls": [
        "http://i.yummly.com/Candied-Ginger-Zucchini-Muffins-Naturally-Ella-46361-10075.s.png", 
        "http://i.yummly.com/Candied-Ginger-Zucchini-Muffins-Naturally-Ella-46361-7222.s.jpg"
    ], 
    "sourceDisplayName": "Naturally Ella", 
    "recipeName": "Candied Ginger Zucchini Muffins", 
    "attributes": {
        "course": [
            "Breads"
        ]
    }, 
    "id": "Candied-Ginger-Zucchini-Muffins-Naturally-Ella-46361"
}{
    "flavors": {
        "sweet": 0.6666666666666666, 
        "sour": 0.3333333333333333, 
        "salty": 1.0, 
        "piquant": 0.0, 
        "bitter": 1.0, 
        "meaty": 1.0
    }, 
    "rating": 4.48, 
    "totalTimeInSeconds": 1440.0, 
    "ingredients": [
        "hot dogs", 
        "milk", 
        "eggs", 
        "brown sugar", 
        "cornbread mix", 
        "cheddar cheese"
    ], 
    "smallImageUrls": [
        "http://i.yummly.com/Corn-Dog-Muffins-Allrecipes-63715.s.png"
    ], 
    "sourceDisplayName": "AllRecipes", 
    "recipeName": "Corn Dog Muffins", 
    "attributes": {
        "course": [
            "Breads", 
            "Lunch and Snacks"
        ]
    }, 
    "id": "Corn-Dog-Muffins-Allrecipes"
}{
    "flavors": {
        "sweet": 0.0, 
        "sour": 0.16666666666666666, 
        "salty": 0.16666666666666666, 
        "piquant": 0.0, 
        "bitter": 0.16666666666666666, 
        "meaty": 0.16666666666666666
    }, 
    "rating": 0.0, 
    "totalTimeInSeconds": 0, 
    "ingredients": [
        "salt", 
        "zucchini", 
        "sugar", 
        "vanilla", 
        "beaten eggs", 
        "unsalted butter", 
        "cinnamon", 
        "nutmeg", 
        "baking soda", 
        "raisins", 
        "all-purpose flour", 
        "walnut"
    ], 
    "smallImageUrls": [
        "http://i.yummly.com/Zucchini-Muffins-Simply-Recipes-42816-4137.s.jpg"
    ], 
    "sourceDisplayName": "Simply Recipes", 
    "recipeName": "Zucchini Muffins", 
    "attributes": {
        "course": [
            "Breads", 
            "Breakfast and Brunch"
        ]
    }, 
    "id": "Zucchini-Muffins-Simply-Recipes-42816"
}{
    "flavors": {
        "sweet": 1.0, 
        "sour": 0.6666666666666666, 
        "salty": 1.0, 
        "piquant": 0.0, 
        "bitter": 0.6666666666666666, 
        "meaty": 0.3333333333333333
    }, 
    "rating": 4.45, 
    "totalTimeInSeconds": 1800.0, 
    "ingredients": [
        "ground nutmeg", 
        "pumpkin puree", 
        "ground cloves", 
        "ground cinnamon", 
        "cake mix"
    ], 
    "smallImageUrls": [
        "http://i.yummly.com/Easy-Pumpkin-Muffins-Allrecipes-74715.s.png"
    ], 
    "sourceDisplayName": "AllRecipes", 
    "recipeName": "Easy Pumpkin Muffins", 
    "attributes": {
        "course": [
            "Breads", 
            "Breakfast and Brunch"
        ]
    }, 
    "id": "Easy-Pumpkin-Muffins-Allrecipes"
}{
    "flavors": {
        "sweet": 1.0, 
        "sour": 0.0, 
        "salty": 0.3333333333333333, 
        "piquant": 0.0, 
        "bitter": 0.16666666666666666, 
        "meaty": 0.3333333333333333
    }, 
    "rating": 4.57, 
    "totalTimeInSeconds": 2280.0, 
    "ingredients": [
        "yellow cornmeal", 
        "white sugar", 
        "vanilla extract", 
        "biscuit baking mix", 
        "eggs", 
        "milk", 
        "softened butter"
    ], 
    "smallImageUrls": [
        "http://i.yummly.com/Best-Ever-Corn-Muffins-Allrecipes-68219.s.png"
    ], 
    "sourceDisplayName": "AllRecipes", 
    "recipeName": "Best Ever Corn Muffins", 
    "attributes": {
        "course": [
            "Breads"
        ], 
        "holiday": [
            "Thanksgiving"
        ]
    }, 
    "id": "Best-Ever-Corn-Muffins-Allrecipes"
}{
    "flavors": {
        "sweet": 1.0, 
        "sour": 0.5, 
        "salty": 0.6666666666666666, 
        "piquant": 0.0, 
        "bitter": 0.16666666666666666, 
        "meaty": 0.3333333333333333
    }, 
    "rating": 4.74, 
    "totalTimeInSeconds": 2100.0, 
    "ingredients": [
        "baking soda", 
        "mashed bananas", 
        "egg", 
        "white sugar", 
        "all-purpose flour", 
        "melted butter", 
        "baking powder", 
        "salt"
    ], 
    "smallImageUrls": [
        "http://i.yummly.com/Banana-Muffins-Ii-Allrecipes-61673.s.png"
    ], 
    "sourceDisplayName": "AllRecipes", 
    "recipeName": "Banana Muffins II", 
    "attributes": {
        "course": [
            "Breads"
        ]
    }, 
    "id": "Banana-Muffins-Ii-Allrecipes"
}{
    "flavors": {
        "sweet": 0.16666666666666666, 
        "sour": 0.16666666666666666, 
        "salty": 0.6666666666666666, 
        "piquant": 0.5, 
        "bitter": 0.5, 
        "meaty": 0.5
    }, 
    "rating": 4.62, 
    "totalTimeInSeconds": 900.0, 
    "ingredients": [
        "shredded cheddar cheese", 
        "english muffins", 
        "prepared mustard", 
        "mayonnaise", 
        "eggs", 
        "canadian bacon"
    ], 
    "smallImageUrls": [
        "http://i.yummly.com/Egg-Salad-English-Muffins-Allrecipes-82554.s.png", 
        "http://i.yummly.com/Egg-Salad-English-Muffins-Allrecipes-82425.s.png"
    ], 
    "sourceDisplayName": "Taste of Home", 
    "recipeName": "Egg Salad English Muffins", 
    "attributes": {
        "course": [
            "Lunch and Snacks"
        ]
    }, 
    "id": "Egg-Salad-English-Muffins-TasteOfHome"
}{
    "flavors": {
        "sweet": 0.16666666666666666, 
        "sour": 0.16666666666666666, 
        "salty": 0.16666666666666666, 
        "piquant": 0.0, 
        "bitter": 0.16666666666666666, 
        "meaty": 0.16666666666666666
    }, 
    "rating": 0.0, 
    "totalTimeInSeconds": 0, 
    "ingredients": [
        "sugar", 
        "salt", 
        "vanilla", 
        "melted butter", 
        "chopped walnuts", 
        "espresso", 
        "baking soda", 
        "flour", 
        "beaten eggs", 
        "banana"
    ], 
    "smallImageUrls": [
        "http://i.yummly.com/Banana-Nut-Muffins-Simply-Recipes-43045-4382.s.jpg"
    ], 
    "sourceDisplayName": "Simply Recipes", 
    "recipeName": "Banana Nut Muffins", 
    "attributes": {
        "course": [
            "Breads", 
            "Breakfast and Brunch", 
            "Lunch and Snacks"
        ], 
        "cuisine": [
            "American"
        ]
    }, 
    "id": "Banana-Nut-Muffins-Simply-Recipes-43045"
}{
    "flavors": {
        "sweet": 1.0, 
        "sour": 0.5, 
        "salty": 0.3333333333333333, 
        "piquant": 0.0, 
        "bitter": 0.16666666666666666, 
        "meaty": 0.3333333333333333
    }, 
    "rating": 4.81, 
    "totalTimeInSeconds": 1500.0, 
    "ingredients": [
        "baking powder", 
        "melted butter", 
        "salt", 
        "all-purpose flour", 
        "muffin", 
        "milk", 
        "eggs", 
        "honey", 
        "granulated sugar", 
        "yellow cornmeal"
    ], 
    "smallImageUrls": [
        "http://i2.yummly.com/Honey-Cornbread-Muffins-Food-Network.s.jpg"
    ], 
    "sourceDisplayName": "Food Network", 
    "recipeName": "Honey Cornbread Muffins", 
    "attributes": {
        "course": [
            "Breads"
        ], 
        "cuisine": [
            "American"
        ]
    }, 
    "id": "Honey-Cornbread-Muffins-Food-Network"
}{
    "flavors": {
        "sweet": 0.0, 
        "sour": 0.16666666666666666, 
        "salty": 0.0, 
        "piquant": 0.0, 
        "bitter": 0.16666666666666666, 
        "meaty": 0.16666666666666666
    }, 
    "rating": 0.0, 
    "totalTimeInSeconds": 2400.0, 
    "ingredients": [
        "baking powder", 
        "wheat germ", 
        "granola", 
        "strawberry", 
        "white flour", 
        "milk", 
        "eggs", 
        "salt", 
        "vegetable oil", 
        "whole wheat flour", 
        "sucanat"
    ], 
    "smallImageUrls": [
        "http://i.yummly.com/strawberry-granola-muffins-Naturally-Ella-46383-10172.s.png", 
        "http://i.yummly.com/strawberry-granola-muffins-Naturally-Ella-46383-7245.s.jpg"
    ], 
    "sourceDisplayName": "Naturally Ella", 
    "recipeName": "strawberry granola muffins", 
    "attributes": {
        "course": [
            "Breads", 
            "Breakfast and Brunch"
        ]
    }, 
    "id": "strawberry-granola-muffins-Naturally-Ella-46383"
}{
    "flavors": null, 
    "rating": 0.0, 
    "totalTimeInSeconds": 0, 
    "ingredients": [
        "salt", 
        "bacon", 
        "cheese", 
        "pepper", 
        "eggs", 
        "butter", 
        "english muffins"
    ], 
    "smallImageUrls": [
        "http://i.yummly.com/Special-eggs-318721-279703.s.jpg"
    ], 
    "sourceDisplayName": "Food52", 
    "recipeName": "Special Eggs", 
    "attributes": {}, 
    "id": "Special-eggs-318721"
}{
    "flavors": {
        "sweet": 1.0, 
        "sour": 0.5, 
        "salty": 0.16666666666666666, 
        "piquant": 0.0, 
        "bitter": 0.16666666666666666, 
        "meaty": 0.16666666666666666
    }, 
    "rating": 4.58, 
    "totalTimeInSeconds": 2400.0, 
    "ingredients": [
        "white sugar", 
        "baking powder", 
        "ground cinnamon", 
        "ground nutmeg", 
        "margarine", 
        "white sugar", 
        "milk", 
        "all-purpose flour", 
        "margarine"
    ], 
    "smallImageUrls": [
        "http://i.yummly.com/Donut-Muffins-AllRecipes-2.s.jpg", 
        "http://i2.yummly.com/B603346B-FB18-1E03-29E8B75CE2E093DB.s.png", 
        "http://i.yummly.com/Donut-Muffins-AllRecipes-58309.s.png"
    ], 
    "sourceDisplayName": "AllRecipes", 
    "recipeName": "Donut Muffins", 
    "attributes": {
        "course": [
            "Breads"
        ]
    }, 
    "id": "Donut-Muffins-AllRecipes"
}{
    "flavors": {
        "sweet": 1.0, 
        "sour": 0.6666666666666666, 
        "salty": 0.5, 
        "piquant": 0.0, 
        "bitter": 0.16666666666666666, 
        "meaty": 0.3333333333333333
    }, 
    "rating": 4.27, 
    "totalTimeInSeconds": 2400.0, 
    "ingredients": [
        "baking soda", 
        "salt", 
        "all-purpose flour", 
        "mashed bananas", 
        "beaten eggs", 
        "white sugar"
    ], 
    "smallImageUrls": [
        "http://i.yummly.com/Lighter-Banana-Muffins-Allrecipes-56323.s.png"
    ], 
    "sourceDisplayName": "AllRecipes", 
    "recipeName": "Lighter Banana Muffins", 
    "attributes": {
        "course": [
            "Breads"
        ]
    }, 
    "id": "Lighter-Banana-Muffins-Allrecipes"
}{
    "flavors": {
        "sweet": 1.0, 
        "sour": 0.5, 
        "salty": 0.3333333333333333, 
        "piquant": 0.0, 
        "bitter": 1.0, 
        "meaty": 0.5
    }, 
    "rating": 0.0, 
    "totalTimeInSeconds": 1800.0, 
    "ingredients": [
        "baking powder", 
        "coconut milk", 
        "coconut oil", 
        "whole wheat pastry flour", 
        "coconut flakes", 
        "egg", 
        "maple syrup", 
        "blackberries", 
        "salt", 
        "oats"
    ], 
    "smallImageUrls": [
        "http://i.yummly.com/Blackberry-coconut-muffins-302268-142184.s.png"
    ], 
    "sourceDisplayName": "Naturally Ella", 
    "recipeName": "Blackberry Coconut Muffins", 
    "attributes": {
        "course": [
            "Breads"
        ]
    }, 
    "id": "Blackberry-coconut-muffins-302268"
}{
    "flavors": {
        "sweet": 0.0, 
        "sour": 0.0, 
        "salty": 1.0, 
        "piquant": 0.0, 
        "bitter": 0.3333333333333333, 
        "meaty": 0.3333333333333333
    }, 
    "rating": 4.2, 
    "totalTimeInSeconds": 2400.0, 
    "ingredients": [
        "unsalted butter", 
        "baking soda", 
        "buttermilk", 
        "eggs", 
        "fine sea salt", 
        "muffin", 
        "white cornmeal"
    ], 
    "smallImageUrls": [
        "http://i.yummly.com/Spoon_bread-Muffins-Epicurious_1-48961.s.png"
    ], 
    "sourceDisplayName": "Epicurious", 
    "recipeName": "Spoon-Bread Muffins", 
    "attributes": {
        "course": [
            "Breads", 
            "Breakfast and Brunch"
        ], 
        "cuisine": [
            "American", 
            "Southern & Soul Food"
        ]
    }, 
    "id": "Spoon_bread-Muffins-Epicurious_1"
}{
    "flavors": {
        "sweet": 1.0, 
        "sour": 0.3333333333333333, 
        "salty": 0.5, 
        "piquant": 0.0, 
        "bitter": 0.8333333333333334, 
        "meaty": 0.6666666666666666
    }, 
    "rating": 4.51, 
    "totalTimeInSeconds": 2400.0, 
    "ingredients": [
        "softened butter", 
        "all-purpose flour", 
        "beaten eggs", 
        "chopped pecans", 
        "light brown sugar"
    ], 
    "smallImageUrls": [
        "http://i.yummly.com/Pecan-Pie-Muffins-Allrecipes-62517.s.png"
    ], 
    "sourceDisplayName": "AllRecipes", 
    "recipeName": "Pecan Pie Muffins", 
    "attributes": {
        "course": [
            "Breads", 
            "Desserts", 
            "Breakfast and Brunch"
        ], 
        "holiday": [
            "Thanksgiving", 
            "Game Day", 
            "Christmas"
        ], 
        "cuisine": [
            "American"
        ]
    }, 
    "id": "Pecan-Pie-Muffins-Allrecipes"
}{
    "flavors": {
        "sweet": 0.16666666666666666, 
        "sour": 0.3333333333333333, 
        "salty": 0.6666666666666666, 
        "piquant": 0.0, 
        "bitter": 0.3333333333333333, 
        "meaty": 0.6666666666666666
    }, 
    "rating": 0.0, 
    "totalTimeInSeconds": 0, 
    "ingredients": [
        "cayenne pepper", 
        "stick butter", 
        "eggs", 
        "canadian bacon", 
        "english muffins", 
        "lemons juice"
    ], 
    "smallImageUrls": [
        "http://i.yummly.com/Eggs-Benedict-The-Pioneer-Woman-287104-136408.s.png"
    ], 
    "sourceDisplayName": "The Pioneer Woman", 
    "recipeName": "Eggs Benedict", 
    "attributes": {
        "course": [
            "Breakfast and Brunch", 
            "Lunch and Snacks"
        ]
    }, 
    "id": "Eggs-Benedict-The-Pioneer-Woman-287104"
}{
    "flavors": {
        "sweet": 0.8333333333333334, 
        "sour": 0.16666666666666666, 
        "salty": 0.6666666666666666, 
        "piquant": 0.0, 
        "bitter": 0.6666666666666666, 
        "meaty": 0.5
    }, 
    "rating": 0.0, 
    "totalTimeInSeconds": 1800.0, 
    "ingredients": [
        "cardamon", 
        "baking powder", 
        "egg", 
        "orange", 
        "baking soda", 
        "milk", 
        "maple syrup", 
        "fruit", 
        "whole wheat pastry flour", 
        "rye flour", 
        "melted butter"
    ], 
    "smallImageUrls": [
        "http://i.yummly.com/Rye-Maple-Muffins-Naturally-Ella-288943-136554.s.png"
    ], 
    "sourceDisplayName": "Naturally Ella", 
    "recipeName": "Rye Maple Muffins", 
    "attributes": {
        "course": [
            "Breads"
        ]
    }, 
    "id": "Rye-Maple-Muffins-Naturally-Ella-288943"
}{
    "flavors": {
        "sweet": 1.0, 
        "sour": 0.16666666666666666, 
        "salty": 0.5, 
        "piquant": 0.0, 
        "bitter": 0.5, 
        "meaty": 0.3333333333333333
    }, 
    "rating": 0.0, 
    "totalTimeInSeconds": 1800.0, 
    "ingredients": [
        "salt", 
        "plain yogurt", 
        "maple syrup", 
        "baking powder", 
        "ginger", 
        "sunflower oil", 
        "cinnamon", 
        "nutmeg", 
        "baking soda", 
        "egg", 
        "millet", 
        "shredded carrots", 
        "pastry flour"
    ], 
    "smallImageUrls": [
        "http://i.yummly.com/Spiced-Carrot-Millet-Muffins-Naturally-Ella-200092-39901.s.png"
    ], 
    "sourceDisplayName": "Naturally Ella", 
    "recipeName": "Spiced Carrot Millet Muffins", 
    "attributes": {
        "course": [
            "Breads", 
            "Breakfast and Brunch"
        ]
    }, 
    "id": "Spiced-Carrot-Millet-Muffins-Naturally-Ella-200092"
}{
    "flavors": null, 
    "rating": 0.0, 
    "totalTimeInSeconds": 0, 
    "ingredients": [
        "butter", 
        "bacon", 
        "avocado", 
        "havarti cheese", 
        "english muffins", 
        "eggs"
    ], 
    "smallImageUrls": [
        "http://i.yummly.com/Bacon-bombshelter-318878-279856.s.jpg"
    ], 
    "sourceDisplayName": "Food52", 
    "recipeName": "Bacon Bombshelter", 
    "attributes": {}, 
    "id": "Bacon-bombshelter-318878"
}{
    "flavors": null, 
    "rating": 3.58, 
    "totalTimeInSeconds": 1800.0, 
    "ingredients": [
        "jack", 
        "large eggs", 
        "corn muffin", 
        "corn", 
        "buttermilk"
    ], 
    "smallImageUrls": [], 
    "sourceDisplayName": "Food Network", 
    "recipeName": "Canned Corn Bread Muffins", 
    "attributes": {
        "course": [
            "Breads"
        ]
    }, 
    "id": "Canned-Corn-Bread-Muffins-Food-Network"
}{
    "flavors": {
        "sweet": 0.8333333333333334, 
        "sour": 0.5, 
        "salty": 0.5, 
        "piquant": 0.0, 
        "bitter": 0.6666666666666666, 
        "meaty": 0.5
    }, 
    "rating": 0.0, 
    "totalTimeInSeconds": 0, 
    "ingredients": [
        "canola oil", 
        "baking powder", 
        "egg", 
        "blueberries", 
        "sugar", 
        "salt", 
        "milk", 
        "coarse sugar", 
        "whole wheat flour", 
        "all purpose flour", 
        "banana"
    ], 
    "smallImageUrls": [
        "http://i.yummly.com/Maine-blueberry-muffins-324459-285286.s.jpg"
    ], 
    "sourceDisplayName": "Food52", 
    "recipeName": "Maine Blueberry Muffins", 
    "attributes": {}, 
    "id": "Maine-blueberry-muffins-324459"
}{
    "flavors": {
        "sweet": 1.0, 
        "sour": 0.6666666666666666, 
        "salty": 0.5, 
        "piquant": 0.0, 
        "bitter": 0.16666666666666666, 
        "meaty": 0.6666666666666666
    }, 
    "rating": 4.57, 
    "totalTimeInSeconds": 1800.0, 
    "ingredients": [
        "salt", 
        "eggs", 
        "vanilla extract", 
        "white sugar", 
        "vegetable oil", 
        "sour cream", 
        "all-purpose flour", 
        "baking soda", 
        "blueberries"
    ], 
    "smallImageUrls": [
        "http://i2.yummly.com/Blueberry-Cream-Muffins-Allrecipes.s.png", 
        "http://i.yummly.com/Blueberry-Cream-Muffins-Allrecipes-68414.s.png"
    ], 
    "sourceDisplayName": "AllRecipes", 
    "recipeName": "Blueberry Cream Muffins", 
    "attributes": {
        "course": [
            "Breads", 
            "Breakfast and Brunch", 
            "Lunch and Snacks"
        ]
    }, 
    "id": "Blueberry-Cream-Muffins-Allrecipes"
}{
    "flavors": {
        "sweet": 0.8333333333333334, 
        "sour": 0.5, 
        "salty": 0.5, 
        "piquant": 0.0, 
        "bitter": 1.0, 
        "meaty": 0.6666666666666666
    }, 
    "rating": 4.87, 
    "totalTimeInSeconds": 2100.0, 
    "ingredients": [
        "vanilla extract", 
        "baking soda", 
        "egg", 
        "bananas", 
        "baking powder", 
        "salt", 
        "plain yogurt", 
        "semisweet chocolate chips", 
        "sugar", 
        "all-purpose flour", 
        "vegetable oil"
    ], 
    "smallImageUrls": [
        "http://i2.yummly.com/Chocolate-Chip-Banana-Muffins-Allrecipes.s.png", 
        "http://i.yummly.com/Chocolate-Chip-Banana-Muffins-Allrecipes-75444.s.png"
    ], 
    "sourceDisplayName": "Taste of Home", 
    "recipeName": "Chocolate Chip Banana Muffins", 
    "attributes": {
        "course": [
            "Breads", 
            "Breakfast and Brunch", 
            "Lunch and Snacks"
        ]
    }, 
    "id": "Chocolate-Chip-Banana-Muffins-TasteOfHome"
}{
    "flavors": {
        "sweet": 1.0, 
        "sour": 0.5, 
        "salty": 0.16666666666666666, 
        "piquant": 0.0, 
        "bitter": 0.16666666666666666, 
        "meaty": 0.3333333333333333
    }, 
    "rating": 4.36, 
    "totalTimeInSeconds": 3600.0, 
    "ingredients": [
        "salt", 
        "whole milk", 
        "baking powder", 
        "all-purpose flour", 
        "light brown sugar", 
        "cinnamon", 
        "muffin", 
        "unsalted butter", 
        "large egg", 
        "blueberries"
    ], 
    "smallImageUrls": [
        "http://i.yummly.com/Cinnamon-Blueberry-Muffins-Epicurious-46806.s.png"
    ], 
    "sourceDisplayName": "Epicurious", 
    "recipeName": "Cinnamon Blueberry Muffins", 
    "attributes": {
        "course": [
            "Breads"
        ], 
        "cuisine": [
            "American"
        ]
    }, 
    "id": "Cinnamon-Blueberry-Muffins-Epicurious"
}{
    "flavors": {
        "sweet": 0.6666666666666666, 
        "sour": 0.3333333333333333, 
        "salty": 0.3333333333333333, 
        "piquant": 0.0, 
        "bitter": 0.5, 
        "meaty": 0.5
    }, 
    "rating": 0.0, 
    "totalTimeInSeconds": 0, 
    "ingredients": [
        "flour", 
        "confectioner's sugar", 
        "fresh lemon juice", 
        "sugar", 
        "unsalted butter", 
        "poppy seeds", 
        "plain yogurt", 
        "salt", 
        "lemon zest", 
        "eggs", 
        "baking powder", 
        "baking soda"
    ], 
    "smallImageUrls": [
        "http://i.yummly.com/Lemon-Poppy-Seed-Muffins-Simply-Recipes-200455-40245.s.png"
    ], 
    "sourceDisplayName": "Simply Recipes", 
    "recipeName": "Lemon Poppy Seed Muffins", 
    "attributes": {
        "course": [
            "Breads", 
            "Breakfast and Brunch", 
            "Lunch and Snacks"
        ]
    }, 
    "id": "Lemon-Poppy-Seed-Muffins-Simply-Recipes-200455"
}{
    "flavors": {
        "sweet": 0.6666666666666666, 
        "sour": 0.3333333333333333, 
        "salty": 0.3333333333333333, 
        "piquant": 0.0, 
        "bitter": 0.16666666666666666, 
        "meaty": 0.5
    }, 
    "rating": 0.0, 
    "totalTimeInSeconds": 0, 
    "ingredients": [
        "flour", 
        "confectioner's sugar", 
        "fresh lemon juice", 
        "sugar", 
        "lemon", 
        "fresh ginger", 
        "eggs", 
        "salt", 
        "plain yogurt", 
        "unsalted butter", 
        "baking powder", 
        "baking soda"
    ], 
    "smallImageUrls": [
        "http://i.yummly.com/Lemon-Ginger-Muffins-Simply-Recipes-200450-40240.s.png"
    ], 
    "sourceDisplayName": "Simply Recipes", 
    "recipeName": "Lemon Ginger Muffins", 
    "attributes": {
        "course": [
            "Breads", 
            "Breakfast and Brunch"
        ]
    }, 
    "id": "Lemon-Ginger-Muffins-Simply-Recipes-200450"
}{
    "flavors": {
        "sweet": 1.0, 
        "sour": 0.6666666666666666, 
        "salty": 0.8333333333333334, 
        "piquant": 0.0, 
        "bitter": 0.6666666666666666, 
        "meaty": 0.6666666666666666
    }, 
    "rating": 4.67, 
    "totalTimeInSeconds": 2700.0, 
    "ingredients": [
        "all-purpose flour", 
        "vegetable oil", 
        "salt", 
        "mashed bananas", 
        "white sugar", 
        "chopped walnuts", 
        "baking soda", 
        "egg"
    ], 
    "smallImageUrls": [
        "http://i2.yummly.com/Sarah_s-Banana-Bread-Muffins-Allrecipes.s.png", 
        "http://i.yummly.com/Sarah_s-Banana-Bread-Muffins-Allrecipes-62039.s.png"
    ], 
    "sourceDisplayName": "AllRecipes", 
    "recipeName": "Sarah's Banana Bread Muffins", 
    "attributes": {
        "course": [
            "Breads"
        ]
    }, 
    "id": "Sarah_s-Banana-Bread-Muffins-Allrecipes"
}{
    "flavors": {
        "sweet": 0.16666666666666666, 
        "sour": 0.16666666666666666, 
        "salty": 0.16666666666666666, 
        "piquant": 0.0, 
        "bitter": 0.16666666666666666, 
        "meaty": 0.16666666666666666
    }, 
    "rating": 0.0, 
    "totalTimeInSeconds": 0, 
    "ingredients": [
        "large eggs", 
        "milk", 
        "peanut butter", 
        "muffin mix"
    ], 
    "smallImageUrls": [
        "http://i.yummly.com/Super-Easy-PB_amp_J-Muffins-Serious-Eats-41547-3428.s.jpg", 
        "http://i.yummly.com/Super-Easy-PB_amp_J-Muffins-Serious-Eats-41547-2687.s.jpg", 
        "http://i.yummly.com/Super-Easy-PB_amp_J-Muffins-Serious-Eats-41547-1985.s.jpg", 
        "http://i.yummly.com/Super-Easy-PB_amp_J-Muffins-Serious-Eats-41547-380.s.jpg"
    ], 
    "sourceDisplayName": "Serious Eats", 
    "recipeName": "Super Easy PB&amp;J Muffins", 
    "attributes": {
        "course": [
            "Breads", 
            "Breakfast and Brunch"
        ]
    }, 
    "id": "Super-Easy-PB_J-Muffins-Serious-Eats-45651"
}{
    "flavors": {
        "sweet": 0.6666666666666666, 
        "sour": 0.16666666666666666, 
        "salty": 0.8333333333333334, 
        "piquant": 0.0, 
        "bitter": 0.5, 
        "meaty": 0.3333333333333333
    }, 
    "rating": 0.0, 
    "totalTimeInSeconds": 0, 
    "ingredients": [
        "celery hearts", 
        "poultry seasoning", 
        "yellow onions", 
        "unsalted butter", 
        "bread", 
        "salt", 
        "ground black pepper", 
        "chicken stock"
    ], 
    "smallImageUrls": [
        "http://i.yummly.com/Stuffing-muffins-316689-277717.s.jpg"
    ], 
    "sourceDisplayName": "Food52", 
    "recipeName": "Stuffing Muffins", 
    "attributes": {}, 
    "id": "Stuffing-muffins-316689"
}{
    "flavors": {
        "sweet": 0.6666666666666666, 
        "sour": 0.6666666666666666, 
        "salty": 0.6666666666666666, 
        "piquant": 0.0, 
        "bitter": 0.6666666666666666, 
        "meaty": 0.5
    }, 
    "rating": 0.0, 
    "totalTimeInSeconds": 0, 
    "ingredients": [
        "salt", 
        "blackberries", 
        "sugar", 
        "egg", 
        "flour", 
        "milk", 
        "shortening", 
        "baking powder"
    ], 
    "smallImageUrls": [
        "http://i.yummly.com/Blackberry-muffins-321882-282774.s.jpg"
    ], 
    "sourceDisplayName": "Food52", 
    "recipeName": "Blackberry Muffins", 
    "attributes": {}, 
    "id": "Blackberry-muffins-321882"
}{
    "flavors": {
        "sweet": 1.0, 
        "sour": 0.6666666666666666, 
        "salty": 0.16666666666666666, 
        "piquant": 0.0, 
        "bitter": 0.16666666666666666, 
        "meaty": 0.3333333333333333
    }, 
    "rating": 4.7, 
    "totalTimeInSeconds": 1800.0, 
    "ingredients": [
        "milk", 
        "white sugar", 
        "baking powder", 
        "salt", 
        "vegetable oil", 
        "egg", 
        "all-purpose flour"
    ], 
    "smallImageUrls": [
        "http://i.yummly.com/Sweeter-Muffins-Allrecipes-49590.s.png"
    ], 
    "sourceDisplayName": "AllRecipes", 
    "recipeName": "Sweeter Muffins", 
    "attributes": {
        "course": [
            "Breads", 
            "Breakfast and Brunch"
        ]
    }, 
    "id": "Sweeter-Muffins-Allrecipes"
}{
    "flavors": {
        "sweet": 0.5, 
        "sour": 0.5, 
        "salty": 1.0, 
        "piquant": 0.0, 
        "bitter": 0.6666666666666666, 
        "meaty": 0.5
    }, 
    "rating": 5.0, 
    "totalTimeInSeconds": 2700.0, 
    "ingredients": [
        "muffin mix", 
        "corn kernels", 
        "cheddar cheese", 
        "oil", 
        "pickled jalapenos"
    ], 
    "smallImageUrls": [
        "http://i.yummly.com/Cheddar-Jalapeno-Corn-Muffins-Food-Network-2.s.jpg"
    ], 
    "sourceDisplayName": "Food Network", 
    "recipeName": "Cheddar Jalapeno Corn Muffins", 
    "attributes": {
        "course": [
            "Breads"
        ]
    }, 
    "id": "Cheddar-Jalapeno-Corn-Muffins-Food-Network"
}{
    "flavors": {
        "sweet": 1.0, 
        "sour": 0.0, 
        "salty": 0.16666666666666666, 
        "piquant": 0.0, 
        "bitter": 0.0, 
        "meaty": 0.0
    }, 
    "rating": 4.74, 
    "totalTimeInSeconds": 1500.0, 
    "ingredients": [
        "water", 
        "brown sugar", 
        "white sugar", 
        "butter", 
        "apple pie spice", 
        "biscuit dough"
    ], 
    "smallImageUrls": [
        "http://i.yummly.com/Monkey-Bread-Muffins-AllRecipes-54619.s.png"
    ], 
    "sourceDisplayName": "AllRecipes", 
    "recipeName": "Monkey Bread Muffins", 
    "attributes": {
        "course": [
            "Breads"
        ]
    }, 
    "id": "Monkey-Bread-Muffins-AllRecipes"
}{
    "flavors": {
        "sweet": 0.16666666666666666, 
        "sour": 0.16666666666666666, 
        "salty": 0.16666666666666666, 
        "piquant": 0.0, 
        "bitter": 0.16666666666666666, 
        "meaty": 0.16666666666666666
    }, 
    "rating": 0.0, 
    "totalTimeInSeconds": 0, 
    "ingredients": [
        "flour", 
        "ground ginger", 
        "candied ginger", 
        "toasted walnuts", 
        "baking soda", 
        "cinnamon", 
        "nutmeg", 
        "sugar", 
        "pumpkin puree", 
        "water", 
        "beaten eggs", 
        "salt", 
        "melted butter", 
        "allspice"
    ], 
    "smallImageUrls": [
        "http://i.yummly.com/Pumpkin-Ginger-Nut-Muffins-Simply-Recipes-42923-4252.s.jpg"
    ], 
    "sourceDisplayName": "Simply Recipes", 
    "recipeName": "Pumpkin Ginger Nut Muffins", 
    "attributes": {
        "course": [
            "Breads"
        ]
    }, 
    "id": "Pumpkin-Ginger-Nut-Muffins-Simply-Recipes-42923"
}{
    "flavors": {
        "sweet": 0.8333333333333334, 
        "sour": 0.8333333333333334, 
        "salty": 0.5, 
        "piquant": 0.0, 
        "bitter": 0.5, 
        "meaty": 0.5
    }, 
    "rating": 0.0, 
    "totalTimeInSeconds": 0, 
    "ingredients": [
        "white sugar", 
        "brown sugar", 
        "baking powder", 
        "eggs", 
        "black pepper", 
        "salt", 
        "strawberries", 
        "old fashioned oats", 
        "plain yogurt", 
        "unsalted butter", 
        "all purpose flour", 
        "balsamic vinegar", 
        "baking soda", 
        "cinnamon", 
        "vanilla extract"
    ], 
    "smallImageUrls": [
        "http://i.yummly.com/Strawberry-Oatmeal-Muffins-Simply-Recipes-287095-136399.s.png"
    ], 
    "sourceDisplayName": "Simply Recipes", 
    "recipeName": "Strawberry Oatmeal Muffins", 
    "attributes": {
        "course": [
            "Breads"
        ]
    }, 
    "id": "Strawberry-Oatmeal-Muffins-Simply-Recipes-287095"
}{
    "flavors": {
        "sweet": 0.8333333333333334, 
        "sour": 0.5, 
        "salty": 0.6666666666666666, 
        "piquant": 0.0, 
        "bitter": 0.8333333333333334, 
        "meaty": 0.5
    }, 
    "rating": 4.82, 
    "totalTimeInSeconds": 2400.0, 
    "ingredients": [
        "baking powder", 
        "egg", 
        "vanilla extract", 
        "salt", 
        "vegetable oil", 
        "brown sugar", 
        "baking soda", 
        "raisins", 
        "buttermilk", 
        "wheat bran", 
        "all-purpose flour"
    ], 
    "smallImageUrls": [
        "http://i.yummly.com/Classic-Bran-Muffins-Allrecipes-65166.s.png"
    ], 
    "sourceDisplayName": "AllRecipes", 
    "recipeName": "Classic Bran Muffins", 
    "attributes": {
        "course": [
            "Breads"
        ]
    }, 
    "id": "Classic-Bran-Muffins-Allrecipes"
}{
    "flavors": {
        "sweet": 0.6666666666666666, 
        "sour": 0.3333333333333333, 
        "salty": 1.0, 
        "piquant": 0.0, 
        "bitter": 0.8333333333333334, 
        "meaty": 0.8333333333333334
    }, 
    "rating": 4.71, 
    "totalTimeInSeconds": 4080.0, 
    "ingredients": [
        "shredded cheddar", 
        "sour cream", 
        "cream style corn", 
        "melted butter", 
        "corn kernels", 
        "muffin mix"
    ], 
    "smallImageUrls": [
        "http://i2.yummly.com/Corn-Casserole-Food-Network-2.s.png"
    ], 
    "sourceDisplayName": "Food Network", 
    "recipeName": "Corn Casserole", 
    "attributes": {
        "course": [
            "Side Dishes"
        ], 
        "holiday": [
            "Thanksgiving", 
            "Christmas"
        ], 
        "cuisine": [
            "American", 
            "Southern & Soul Food"
        ]
    }, 
    "id": "Corn-Casserole-Food-Network"
}{
    "flavors": {
        "sweet": 0.6666666666666666, 
        "sour": 0.5, 
        "salty": 0.16666666666666666, 
        "piquant": 0.0, 
        "bitter": 0.16666666666666666, 
        "meaty": 0.5
    }, 
    "rating": 4.41, 
    "totalTimeInSeconds": 0, 
    "ingredients": [
        "vanilla", 
        "salt", 
        "sugar", 
        "unsalted butter", 
        "baking powder", 
        "egg", 
        "muffin", 
        "all-purpose flour", 
        "mashed bananas", 
        "flaked coconut"
    ], 
    "smallImageUrls": [
        "http://i.yummly.com/Banana-Coconut-Muffins-Epicurious-43666.s.png"
    ], 
    "sourceDisplayName": "Epicurious", 
    "recipeName": "Banana Coconut Muffins", 
    "attributes": {
        "course": [
            "Breads", 
            "Breakfast and Brunch", 
            "Lunch and Snacks"
        ], 
        "cuisine": [
            "American"
        ]
    }, 
    "id": "Banana-Coconut-Muffins-Epicurious"
}{
    "flavors": {
        "sweet": 0.16666666666666666, 
        "sour": 0.16666666666666666, 
        "salty": 0.8333333333333334, 
        "piquant": 0.0, 
        "bitter": 0.5, 
        "meaty": 0.3333333333333333
    }, 
    "rating": 4.5, 
    "totalTimeInSeconds": 900.0, 
    "ingredients": [
        "eggs", 
        "english muffin", 
        "cream cheese", 
        "canadian bacon", 
        "american cheese"
    ], 
    "smallImageUrls": [
        "http://i.yummly.com/Bacon_egg-English-Muffin-Allrecipes-2.s.jpg", 
        "http://i.yummly.com/Bacon_egg-English-Muffin-Allrecipes-96955.s.png", 
        "http://i.yummly.com/Bacon_egg-English-Muffin-Allrecipes-96042.s.png"
    ], 
    "sourceDisplayName": "Taste of Home", 
    "recipeName": "Bacon-Egg English Muffin", 
    "attributes": {
        "course": [
            "Breakfast and Brunch"
        ]
    }, 
    "id": "Bacon_egg-English-Muffin-TasteOfHome"
}{
    "flavors": {
        "sweet": 1.0, 
        "sour": 0.0, 
        "salty": 0.6666666666666666, 
        "piquant": 0.0, 
        "bitter": 1.0, 
        "meaty": 0.16666666666666666
    }, 
    "rating": 4.62, 
    "totalTimeInSeconds": 1800.0, 
    "ingredients": [
        "baking soda", 
        "mashed bananas", 
        "mayonnaise", 
        "chocolate chips", 
        "baking powder", 
        "flour", 
        "white sugar"
    ], 
    "smallImageUrls": [
        "http://i.yummly.com/Moist-Banana-Muffins-Allrecipes-78908.s.png"
    ], 
    "sourceDisplayName": "AllRecipes", 
    "recipeName": "Moist Banana Muffins", 
    "attributes": {
        "course": [
            "Breads"
        ]
    }, 
    "id": "Moist-Banana-Muffins-Allrecipes"
}{
    "flavors": {
        "sweet": 1.0, 
        "sour": 0.6666666666666666, 
        "salty": 0.5, 
        "piquant": 0.0, 
        "bitter": 0.16666666666666666, 
        "meaty": 0.6666666666666666
    }, 
    "rating": 4.36, 
    "totalTimeInSeconds": 3000.0, 
    "ingredients": [
        "baking soda", 
        "vegetable oil", 
        "salt", 
        "eggs", 
        "all-purpose flour", 
        "white sugar", 
        "peaches", 
        "ground cinnamon"
    ], 
    "smallImageUrls": [
        "http://i.yummly.com/Peach-Muffins-Allrecipes_1-59640.s.png"
    ], 
    "sourceDisplayName": "AllRecipes", 
    "recipeName": "Peach Muffins", 
    "attributes": {
        "course": [
            "Breads", 
            "Breakfast and Brunch"
        ]
    }, 
    "id": "Peach-Muffins-Allrecipes_1"
}{
    "flavors": {
        "sweet": 1.0, 
        "sour": 0.6666666666666666, 
        "salty": 0.16666666666666666, 
        "piquant": 0.0, 
        "bitter": 0.16666666666666666, 
        "meaty": 0.5
    }, 
    "rating": 4.17, 
    "totalTimeInSeconds": 0, 
    "ingredients": [
        "egg", 
        "baking powder", 
        "salt", 
        "white sugar", 
        "canola oil", 
        "all-purpose flour", 
        "strawberries", 
        "milk"
    ], 
    "smallImageUrls": [
        "http://i.yummly.com/Strawberry-Muffins-Allrecipes-73012.s.png"
    ], 
    "sourceDisplayName": "AllRecipes", 
    "recipeName": "Strawberry Muffins", 
    "attributes": {
        "course": [
            "Breads", 
            "Breakfast and Brunch", 
            "Lunch and Snacks"
        ]
    }, 
    "id": "Strawberry-Muffins-Allrecipes"
}{
    "flavors": {
        "sweet": 0.16666666666666666, 
        "sour": 0.16666666666666666, 
        "salty": 0.16666666666666666, 
        "piquant": 0.0, 
        "bitter": 0.16666666666666666, 
        "meaty": 0.16666666666666666
    }, 
    "rating": 0.0, 
    "totalTimeInSeconds": 0, 
    "ingredients": [
        "butter", 
        "ham", 
        "onions", 
        "sage", 
        "english muffin", 
        "mustard", 
        "fresh tomato", 
        "mozzarella cheese"
    ], 
    "smallImageUrls": [
        "http://i.yummly.com/Dad_s-English-Muffin-Pizzas-Simply-Recipes-43024-4359.s.jpg"
    ], 
    "sourceDisplayName": "Simply Recipes", 
    "recipeName": "Dad's English Muffin Pizzas", 
    "attributes": {
        "course": [
            "Lunch and Snacks"
        ]
    }, 
    "id": "Dad_s-English-Muffin-Pizzas-Simply-Recipes-43024"
}{
    "flavors": {
        "sweet": 0.16666666666666666, 
        "sour": 0.8333333333333334, 
        "salty": 0.8333333333333334, 
        "piquant": 0.0, 
        "bitter": 0.5, 
        "meaty": 0.5
    }, 
    "rating": 4.71, 
    "totalTimeInSeconds": 1500.0, 
    "ingredients": [
        "muffin mix", 
        "dried rosemary", 
        "grated parmesan cheese", 
        "milk", 
        "beaten eggs"
    ], 
    "smallImageUrls": [
        "http://i.yummly.com/Parmesan-Corn-Muffins-Allrecipes-93883.s.png", 
        "http://i.yummly.com/Parmesan-Corn-Muffins-Allrecipes-93130.s.png"
    ], 
    "sourceDisplayName": "Taste of Home", 
    "recipeName": "Parmesan Corn Muffins", 
    "attributes": {
        "course": [
            "Breads"
        ], 
        "cuisine": [
            "Southern & Soul Food"
        ]
    }, 
    "id": "Parmesan-Corn-Muffins-TasteOfHome"
}{
    "flavors": {
        "sweet": 0.16666666666666666, 
        "sour": 0.16666666666666666, 
        "salty": 0.3333333333333333, 
        "piquant": 0.8333333333333334, 
        "bitter": 0.16666666666666666, 
        "meaty": 0.5
    }, 
    "rating": 4.66, 
    "totalTimeInSeconds": 2400.0, 
    "ingredients": [
        "beaten eggs", 
        "garlic powder", 
        "salt", 
        "pepper", 
        "chile peppers", 
        "pork sausage", 
        "onion"
    ], 
    "smallImageUrls": [
        "http://i.yummly.com/Sausage-Egg-Muffins-Allrecipes-98208.s.png"
    ], 
    "sourceDisplayName": "AllRecipes", 
    "recipeName": "Sausage Egg Muffins", 
    "attributes": {
        "course": [
            "Breakfast and Brunch"
        ]
    }, 
    "id": "Sausage-Egg-Muffins-Allrecipes"
}{
    "flavors": {
        "sweet": 1.0, 
        "sour": 0.3333333333333333, 
        "salty": 0.5, 
        "piquant": 0.0, 
        "bitter": 1.0, 
        "meaty": 0.6666666666666666
    }, 
    "rating": 4.67, 
    "totalTimeInSeconds": 1800.0, 
    "ingredients": [
        "wheat flour", 
        "egg", 
        "vegetable oil", 
        "quick cooking oats", 
        "blueberries", 
        "baking powder", 
        "wheat germ", 
        "chopped walnuts", 
        "baking soda", 
        "vanilla extract", 
        "buttermilk", 
        "oat bran", 
        "salt", 
        "mashed banana", 
        "all-purpose flour", 
        "white sugar"
    ], 
    "smallImageUrls": [
        "http://i2.yummly.com/Health-Nut-Blueberry-Muffins-Allrecipes.s.png", 
        "http://i.yummly.com/Health-Nut-Blueberry-Muffins-Allrecipes-78253.s.png"
    ], 
    "sourceDisplayName": "AllRecipes", 
    "recipeName": "Health Nut Blueberry Muffins", 
    "attributes": {
        "course": [
            "Breads", 
            "Breakfast and Brunch"
        ]
    }, 
    "id": "Health-Nut-Blueberry-Muffins-Allrecipes"
}{
    "flavors": {
        "sweet": 1.0, 
        "sour": 0.5, 
        "salty": 0.8333333333333334, 
        "piquant": 0.0, 
        "bitter": 1.0, 
        "meaty": 0.6666666666666666
    }, 
    "rating": 4.65, 
    "totalTimeInSeconds": 2100.0, 
    "ingredients": [
        "margarine", 
        "semisweet chocolate chips", 
        "baking soda", 
        "vanilla extract", 
        "water", 
        "coffee granules", 
        "salt", 
        "bananas", 
        "baking powder", 
        "all-purpose flour", 
        "white sugar", 
        "egg"
    ], 
    "smallImageUrls": [
        "http://i2.yummly.com/Mocha-Chocolate-Chip-Banana-Muffins-Allrecipes-2.s.png", 
        "http://i.yummly.com/Mocha-Chocolate-Chip-Banana-Muffins-Allrecipes-62052.s.png"
    ], 
    "sourceDisplayName": "AllRecipes", 
    "recipeName": "Mocha Chocolate Chip Banana Muffins", 
    "attributes": {
        "course": [
            "Breads", 
            "Breakfast and Brunch"
        ]
    }, 
    "id": "Mocha-Chocolate-Chip-Banana-Muffins-Allrecipes"
}{
    "flavors": {
        "sweet": 1.0, 
        "sour": 0.16666666666666666, 
        "salty": 1.0, 
        "piquant": 0.0, 
        "bitter": 1.0, 
        "meaty": 0.5
    }, 
    "rating": 0.0, 
    "totalTimeInSeconds": 0, 
    "ingredients": [
        "almond milk", 
        "seeds", 
        "brown sugar", 
        "cinnamon", 
        "whole wheat flour", 
        "bananas", 
        "dried cranberries", 
        "wheat bran", 
        "baking soda", 
        "vanilla extract"
    ], 
    "smallImageUrls": [
        "http://i.yummly.com/Banana-bran-cran-muffins-315553-276608.s.jpg"
    ], 
    "sourceDisplayName": "Food52", 
    "recipeName": "Banana Bran Cran Muffins", 
    "attributes": {}, 
    "id": "Banana-bran-cran-muffins-315553"
}{
    "flavors": null, 
    "rating": 0.0, 
    "totalTimeInSeconds": 0, 
    "ingredients": [
        "sugar", 
        "salt", 
        "shortening", 
        "milk", 
        "baking powder", 
        "flour", 
        "egg"
    ], 
    "smallImageUrls": [], 
    "sourceDisplayName": "Food52", 
    "recipeName": "Mommy Muffins", 
    "attributes": {}, 
    "id": "Mommy-muffins-325809"
}{
    "flavors": {
        "sweet": 1.0, 
        "sour": 0.6666666666666666, 
        "salty": 0.3333333333333333, 
        "piquant": 0.0, 
        "bitter": 0.16666666666666666, 
        "meaty": 0.3333333333333333
    }, 
    "rating": 4.54, 
    "totalTimeInSeconds": 3600.0, 
    "ingredients": [
        "vanilla", 
        "brown sugar", 
        "apples", 
        "white sugar", 
        "butter", 
        "all-purpose flour", 
        "baking soda", 
        "salt", 
        "eggs", 
        "ground cinnamon", 
        "baking powder", 
        "butter", 
        "all-purpose flour"
    ], 
    "smallImageUrls": [
        "http://i.yummly.com/Apple-Strudel-Muffins-Allrecipes-3.s.jpg", 
        "http://i.yummly.com/Apple-Strudel-Muffins-Allrecipes-51894.s.png"
    ], 
    "sourceDisplayName": "AllRecipes", 
    "recipeName": "Apple Strudel Muffins", 
    "attributes": {
        "course": [
            "Breads"
        ]
    }, 
    "id": "Apple-Strudel-Muffins-Allrecipes"
}{
    "flavors": {
        "sweet": 1.0, 
        "sour": 0.5, 
        "salty": 0.6666666666666666, 
        "piquant": 0.0, 
        "bitter": 1.0, 
        "meaty": 0.5
    }, 
    "rating": 0.0, 
    "totalTimeInSeconds": 0, 
    "ingredients": [
        "soy milk", 
        "bananas", 
        "chocolate chips", 
        "vanilla extract", 
        "whole wheat flour", 
        "sugar", 
        "butter", 
        "all purpose flour", 
        "quick oats", 
        "cinnamon", 
        "salt", 
        "lemon juice", 
        "baking powder", 
        "light brown sugar"
    ], 
    "smallImageUrls": [
        "http://i.yummly.com/Vegan-banana-chocolate-chip-muffins-326519-287300.s.jpg"
    ], 
    "sourceDisplayName": "Food52", 
    "recipeName": "Vegan Banana Chocolate Chip Muffins", 
    "attributes": {}, 
    "id": "Vegan-banana-chocolate-chip-muffins-326519"
}{
    "flavors": {
        "sweet": 0.16666666666666666, 
        "sour": 0.6666666666666666, 
        "salty": 0.3333333333333333, 
        "piquant": 0.6666666666666666, 
        "bitter": 0.16666666666666666, 
        "meaty": 0.5
    }, 
    "rating": 4.49, 
    "totalTimeInSeconds": 1800.0, 
    "ingredients": [
        "onion", 
        "salt", 
        "green pepper", 
        "pepper", 
        "pork sausage", 
        "garlic powder", 
        "shredded cheddar cheese", 
        "eggs"
    ], 
    "smallImageUrls": [
        "http://i.yummly.com/Scrambled-Egg-Muffins-Allrecipes-72042.s.png"
    ], 
    "sourceDisplayName": "AllRecipes", 
    "recipeName": "Scrambled Egg Muffins", 
    "attributes": {
        "course": [
            "Breakfast and Brunch"
        ]
    }, 
    "id": "Scrambled-Egg-Muffins-Allrecipes"
}{
    "flavors": {
        "sweet": 0.8333333333333334, 
        "sour": 0.5, 
        "salty": 0.5, 
        "piquant": 0.0, 
        "bitter": 0.8333333333333334, 
        "meaty": 0.6666666666666666
    }, 
    "rating": 4.52, 
    "totalTimeInSeconds": 2100.0, 
    "ingredients": [
        "vegetable oil", 
        "baking powder", 
        "salt", 
        "vanilla extract", 
        "white sugar", 
        "baking soda", 
        "milk", 
        "mashed bananas", 
        "rolled oats", 
        "all-purpose flour", 
        "egg"
    ], 
    "smallImageUrls": [
        "http://i.yummly.com/Banana-Oat-Muffins-Allrecipes_1-55695.s.png"
    ], 
    "sourceDisplayName": "AllRecipes", 
    "recipeName": "Banana Oat Muffins", 
    "attributes": {
        "course": [
            "Breads", 
            "Breakfast and Brunch", 
            "Lunch and Snacks"
        ]
    }, 
    "id": "Banana-Oat-Muffins-Allrecipes_1"
}{
    "flavors": {
        "sweet": 1.0, 
        "sour": 0.3333333333333333, 
        "salty": 0.8333333333333334, 
        "piquant": 0.0, 
        "bitter": 0.6666666666666666, 
        "meaty": 0.5
    }, 
    "rating": 0.0, 
    "totalTimeInSeconds": 0, 
    "ingredients": [
        "buttermilk", 
        "all purpose flour", 
        "baking soda", 
        "vanilla extract", 
        "banana", 
        "blueberries fresh", 
        "canola", 
        "unsalted butter", 
        "sugar", 
        "sea salt", 
        "baking powder", 
        "large eggs", 
        "ground cinnamon", 
        "turbinado sugar", 
        "whole wheat flour"
    ], 
    "smallImageUrls": [
        "http://i.yummly.com/Blueberry-banana-buttermilk-breakfast-buffins---er_-muffins-318922-279898.s.jpg"
    ], 
    "sourceDisplayName": "Food52", 
    "recipeName": "Blueberry Banana Buttermilk Breakfast Buffins-- er, Muffins", 
    "attributes": {}, 
    "id": "Blueberry-banana-buttermilk-breakfast-buffins---er_-muffins-318922"
}{
    "flavors": {
        "sweet": 0.8333333333333334, 
        "sour": 0.5, 
        "salty": 0.16666666666666666, 
        "piquant": 0.0, 
        "bitter": 0.16666666666666666, 
        "meaty": 0.3333333333333333
    }, 
    "rating": 4.48, 
    "totalTimeInSeconds": 1800.0, 
    "ingredients": [
        "white sugar", 
        "salt", 
        "baking powder", 
        "beaten eggs", 
        "cornmeal", 
        "canola oil", 
        "milk", 
        "all-purpose flour"
    ], 
    "smallImageUrls": [
        "http://i.yummly.com/Basic-Corn-Muffins-Allrecipes-89356.s.png", 
        "http://i.yummly.com/Basic-Corn-Muffins-Allrecipes-88996.s.png"
    ], 
    "sourceDisplayName": "AllRecipes", 
    "recipeName": "Basic Corn Muffins", 
    "attributes": {
        "course": [
            "Breads"
        ], 
        "holiday": [
            "Thanksgiving"
        ]
    }, 
    "id": "Basic-Corn-Muffins-Allrecipes"
}{
    "flavors": {
        "sweet": 0.16666666666666666, 
        "sour": 0.16666666666666666, 
        "salty": 0.5, 
        "piquant": 0.0, 
        "bitter": 0.3333333333333333, 
        "meaty": 0.3333333333333333
    }, 
    "rating": 3.71, 
    "totalTimeInSeconds": 1200.0, 
    "ingredients": [
        "yogurt", 
        "strawberries", 
        "crushed pineapple", 
        "english muffins"
    ], 
    "smallImageUrls": [
        "http://i.yummly.com/Fruit-Stacked-English-Muffins-Allrecipes-76859.s.png"
    ], 
    "sourceDisplayName": "AllRecipes", 
    "recipeName": "Fruit Stacked English Muffins", 
    "attributes": {
        "course": [
            "Breakfast and Brunch"
        ]
    }, 
    "id": "Fruit-Stacked-English-Muffins-Allrecipes"
}{
    "flavors": {
        "sweet": 1.0, 
        "sour": 0.6666666666666666, 
        "salty": 0.5, 
        "piquant": 0.0, 
        "bitter": 0.16666666666666666, 
        "meaty": 0.5
    }, 
    "rating": 4.66, 
    "totalTimeInSeconds": 3600.0, 
    "ingredients": [
        "apple", 
        "ground cinnamon", 
        "baking soda", 
        "pumpkin pie spice", 
        "pumpkin puree", 
        "all-purpose flour", 
        "vegetable oil", 
        "salt", 
        "eggs", 
        "white sugar", 
        "all-purpose flour", 
        "butter", 
        "white sugar"
    ], 
    "smallImageUrls": [
        "http://i.yummly.com/Pumpkin-Apple-Streusel-Muffins-Allrecipes-74293.s.png"
    ], 
    "sourceDisplayName": "AllRecipes", 
    "recipeName": "Pumpkin Apple Streusel Muffins", 
    "attributes": {
        "course": [
            "Breads", 
            "Lunch and Snacks"
        ], 
        "holiday": [
            "Thanksgiving"
        ]
    }, 
    "id": "Pumpkin-Apple-Streusel-Muffins-Allrecipes"
}{
    "flavors": {
        "sweet": 1.0, 
        "sour": 0.5, 
        "salty": 0.6666666666666666, 
        "piquant": 0.0, 
        "bitter": 0.8333333333333334, 
        "meaty": 0.6666666666666666
    }, 
    "rating": 4.81, 
    "totalTimeInSeconds": 2700.0, 
    "ingredients": [
        "flaked coconut", 
        "vegetable oil", 
        "ground cinnamon", 
        "baking soda", 
        "raisins", 
        "all-purpose flour", 
        "chopped walnuts", 
        "salt", 
        "shredded carrots", 
        "eggs", 
        "apple", 
        "vanilla extract", 
        "white sugar"
    ], 
    "smallImageUrls": [
        "http://i2.yummly.com/Easy-Morning-Glory-Muffins-Allrecipes.s.png", 
        "http://i.yummly.com/Easy-Morning-Glory-Muffins-Allrecipes-67370.s.png"
    ], 
    "sourceDisplayName": "AllRecipes", 
    "recipeName": "Easy Morning Glory Muffins", 
    "attributes": {
        "course": [
            "Breads", 
            "Breakfast and Brunch"
        ]
    }, 
    "id": "Easy-Morning-Glory-Muffins-Allrecipes"
}{
    "flavors": {
        "sweet": 1.0, 
        "sour": 0.5, 
        "salty": 0.16666666666666666, 
        "piquant": 0.0, 
        "bitter": 0.3333333333333333, 
        "meaty": 0.5
    }, 
    "rating": 0.0, 
    "totalTimeInSeconds": 0, 
    "ingredients": [
        "light brown sugar", 
        "unbleached flour", 
        "eggs", 
        "buttermilk", 
        "sugar", 
        "unsalted butter", 
        "blueberry", 
        "sugar", 
        "baking powder", 
        "kosher salt", 
        "orange zest", 
        "whole wheat flour", 
        "vanilla extract", 
        "sliced almond"
    ], 
    "smallImageUrls": [
        "http://i.yummly.com/Blueberry-whole-wheat-muffin-324843-285662.s.jpg"
    ], 
    "sourceDisplayName": "Food52", 
    "recipeName": "Blueberry Whole Wheat Muffin", 
    "attributes": {}, 
    "id": "Blueberry-whole-wheat-muffin-324843"
}{
    "flavors": {
        "sweet": 0.5, 
        "sour": 0.16666666666666666, 
        "salty": 0.16666666666666666, 
        "piquant": 0.0, 
        "bitter": 0.16666666666666666, 
        "meaty": 0.3333333333333333
    }, 
    "rating": 4.6, 
    "totalTimeInSeconds": 2100.0, 
    "ingredients": [
        "sour cream", 
        "blueberries", 
        "eggs", 
        "sugar"
    ], 
    "smallImageUrls": [
        "http://i.yummly.com/Sour-Cream-Blueberry-Muffins-Allrecipes-57198.s.png"
    ], 
    "sourceDisplayName": "Taste of Home", 
    "recipeName": "Sour Cream Blueberry Muffins", 
    "attributes": {
        "course": [
            "Breads", 
            "Breakfast and Brunch"
        ]
    }, 
    "id": "Sour-Cream-Blueberry-Muffins-TasteOfHome"
}{
    "flavors": {
        "sweet": 1.0, 
        "sour": 0.6666666666666666, 
        "salty": 0.3333333333333333, 
        "piquant": 0.0, 
        "bitter": 0.3333333333333333, 
        "meaty": 0.5
    }, 
    "rating": 0.0, 
    "totalTimeInSeconds": 0, 
    "ingredients": [
        "sour cream", 
        "baking powder", 
        "eggs", 
        "vanilla", 
        "baking soda", 
        "kosher salt", 
        "turbinado sugar", 
        "flour", 
        "sugar", 
        "fresh blueberries", 
        "butter", 
        "heavy cream"
    ], 
    "smallImageUrls": [
        "http://i.yummly.com/Blueberry-muffins-325054-285866.s.jpg"
    ], 
    "sourceDisplayName": "Food52", 
    "recipeName": "Blueberry Muffins", 
    "attributes": {}, 
    "id": "Blueberry-muffins-325054"
}{
    "flavors": {
        "sweet": 0.16666666666666666, 
        "sour": 0.16666666666666666, 
        "salty": 0.16666666666666666, 
        "piquant": 0.0, 
        "bitter": 0.16666666666666666, 
        "meaty": 0.16666666666666666
    }, 
    "rating": 0.0, 
    "totalTimeInSeconds": 0, 
    "ingredients": [
        "brown sugar", 
        "chopped walnuts", 
        "baking powder", 
        "butter", 
        "all-purpose flour", 
        "rolled oats", 
        "buttermilk", 
        "vanilla extract", 
        "dates", 
        "raisins", 
        "salt", 
        "cinnamon", 
        "baking soda", 
        "large eggs"
    ], 
    "smallImageUrls": [
        "http://i.yummly.com/Oatmeal-Muffins-with-Raisins_-Dates_-and-Walnuts-Simply-Recipes-42473-3738.s.jpg"
    ], 
    "sourceDisplayName": "Simply Recipes", 
    "recipeName": "Oatmeal Muffins with Raisins, Dates, and Walnuts", 
    "attributes": {
        "course": [
            "Breads", 
            "Breakfast and Brunch"
        ]
    }, 
    "id": "Oatmeal-Muffins-with-Raisins_-Dates_-and-Walnuts-Simply-Recipes-42473"
}{
    "flavors": {
        "sweet": 1.0, 
        "sour": 0.5, 
        "salty": 0.3333333333333333, 
        "piquant": 0.0, 
        "bitter": 1.0, 
        "meaty": 0.5
    }, 
    "rating": 4.72, 
    "totalTimeInSeconds": 1800.0, 
    "ingredients": [
        "salt", 
        "semisweet chocolate chips", 
        "applesauce", 
        "brown sugar", 
        "baking soda", 
        "egg", 
        "baking powder", 
        "vanilla extract", 
        "all-purpose flour", 
        "quick cooking oats", 
        "ground cinnamon", 
        "chopped walnuts", 
        "banana"
    ], 
    "smallImageUrls": [
        "http://i.yummly.com/Seminary-Muffins-Allrecipes-74182.s.png"
    ], 
    "sourceDisplayName": "AllRecipes", 
    "recipeName": "Seminary Muffins", 
    "attributes": {
        "course": [
            "Breads"
        ]
    }, 
    "id": "Seminary-Muffins-Allrecipes"
}{
    "flavors": {
        "sweet": 1.0, 
        "sour": 0.5, 
        "salty": 0.3333333333333333, 
        "piquant": 0.0, 
        "bitter": 0.3333333333333333, 
        "meaty": 0.5
    }, 
    "rating": 4.84, 
    "totalTimeInSeconds": 2100.0, 
    "ingredients": [
        "wheat flour", 
        "vanilla extract", 
        "apple butter", 
        "salt", 
        "toasted wheat germ", 
        "baking powder", 
        "ground cinnamon", 
        "baking soda", 
        "all-purpose flour", 
        "chopped walnuts", 
        "vegetable oil", 
        "white sugar", 
        "apple", 
        "egg whites", 
        "raisins", 
        "egg", 
        "carrots"
    ], 
    "smallImageUrls": [
        "http://i.yummly.com/Morning-Glory-Muffins-I-Allrecipes-1.s.jpg", 
        "http://i.yummly.com/Morning-Glory-Muffins-I-Allrecipes-55863.s.png"
    ], 
    "sourceDisplayName": "AllRecipes", 
    "recipeName": "Morning Glory Muffins I", 
    "attributes": {
        "course": [
            "Breads"
        ]
    }, 
    "id": "Morning-Glory-Muffins-I-Allrecipes"
}{
    "flavors": {
        "sweet": 0.8333333333333334, 
        "sour": 0.5, 
        "salty": 0.5, 
        "piquant": 0.0, 
        "bitter": 0.8333333333333334, 
        "meaty": 0.6666666666666666
    }, 
    "rating": 0.0, 
    "totalTimeInSeconds": 0, 
    "ingredients": [
        "wheat germ", 
        "banana", 
        "all purpose flour", 
        "wheat bran", 
        "old-fashioned oats", 
        "eggs", 
        "cinnamon", 
        "berry", 
        "salted butter", 
        "baking powder", 
        "brown sugar", 
        "baking soda"
    ], 
    "smallImageUrls": [
        "http://i.yummly.com/Berry-muffins-323466-284311.s.jpg"
    ], 
    "sourceDisplayName": "Food52", 
    "recipeName": "Berry muffins", 
    "attributes": {}, 
    "id": "Berry-muffins-323466"
}{
    "flavors": {
        "sweet": 1.0, 
        "sour": 0.8333333333333334, 
        "salty": 0.6666666666666666, 
        "piquant": 0.0, 
        "bitter": 0.5, 
        "meaty": 0.5
    }, 
    "rating": 0.0, 
    "totalTimeInSeconds": 0, 
    "ingredients": [
        "baking powder", 
        "all purpose flour", 
        "sugar", 
        "salt", 
        "flour", 
        "sugar", 
        "strawberries", 
        "baking soda", 
        "butter", 
        "vanilla yogurt", 
        "eggs"
    ], 
    "smallImageUrls": [
        "http://i.yummly.com/Strawberry-muffins-318832-279814.s.jpg"
    ], 
    "sourceDisplayName": "Food52", 
    "recipeName": "Strawberry Muffins", 
    "attributes": {}, 
    "id": "Strawberry-muffins-318832"
}{
    "flavors": {
        "sweet": 1.0, 
        "sour": 0.5, 
        "salty": 0.6666666666666666, 
        "piquant": 0.0, 
        "bitter": 0.5, 
        "meaty": 0.3333333333333333
    }, 
    "rating": 0.0, 
    "totalTimeInSeconds": 0, 
    "ingredients": [
        "sugar", 
        "baking powder", 
        "salt", 
        "egg", 
        "milk", 
        "fresh blueberries", 
        "melted butter", 
        "flour"
    ], 
    "smallImageUrls": [
        "http://i.yummly.com/Memories-of-maine-blueberry-muffins-318846-279827.s.jpg"
    ], 
    "sourceDisplayName": "Food52", 
    "recipeName": "Memories of Maine Blueberry Muffins", 
    "attributes": {}, 
    "id": "Memories-of-maine-blueberry-muffins-318846"
}{
    "flavors": {
        "sweet": 1.0, 
        "sour": 0.6666666666666666, 
        "salty": 0.3333333333333333, 
        "piquant": 0.0, 
        "bitter": 0.3333333333333333, 
        "meaty": 0.5
    }, 
    "rating": 4.29, 
    "totalTimeInSeconds": 2700.0, 
    "ingredients": [
        "all-purpose flour", 
        "pure vanilla extract", 
        "buttermilk", 
        "ground allspice", 
        "muffin", 
        "ground cinnamon", 
        "baking soda", 
        "ground ginger", 
        "golden raisins", 
        "pumpkin seeds", 
        "large eggs", 
        "baking powder", 
        "salt", 
        "pumpkin puree", 
        "unsalted butter", 
        "light brown sugar", 
        "ground cloves"
    ], 
    "smallImageUrls": [
        "http://i2.yummly.com/Pumpkin-Muffins-Epicurious.s.png"
    ], 
    "sourceDisplayName": "Epicurious", 
    "recipeName": "Pumpkin Muffins", 
    "attributes": {
        "course": [
            "Breads", 
            "Breakfast and Brunch", 
            "Lunch and Snacks"
        ], 
        "holiday": [
            "Thanksgiving", 
            "Halloween", 
            "Christmas"
        ], 
        "cuisine": [
            "American"
        ]
    }, 
    "id": "Pumpkin-Muffins-Epicurious"
}{
    "flavors": {
        "sweet": 0.16666666666666666, 
        "sour": 0.16666666666666666, 
        "salty": 0.5, 
        "piquant": 0.0, 
        "bitter": 0.3333333333333333, 
        "meaty": 0.6666666666666666
    }, 
    "rating": 4.67, 
    "totalTimeInSeconds": 1200.0, 
    "ingredients": [
        "beaten eggs", 
        "bacon", 
        "salt", 
        "chives", 
        "pepper", 
        "shredded cheddar cheese", 
        "english muffins"
    ], 
    "smallImageUrls": [
        "http://i2.yummly.com/Hearty-English-Muffins-Allrecipes.s.png", 
        "http://i.yummly.com/Hearty-English-Muffins-Allrecipes-68651.s.png"
    ], 
    "sourceDisplayName": "Taste of Home", 
    "recipeName": "Hearty English Muffins", 
    "attributes": {
        "course": [
            "Breakfast and Brunch"
        ]
    }, 
    "id": "Hearty-English-Muffins-TasteOfHome"
}{
    "flavors": {
        "sweet": 0.0, 
        "sour": 0.6666666666666666, 
        "salty": 0.16666666666666666, 
        "piquant": 0.0, 
        "bitter": 0.16666666666666666, 
        "meaty": 0.3333333333333333
    }, 
    "rating": 4.71, 
    "totalTimeInSeconds": 2100.0, 
    "ingredients": [
        "baking powder", 
        "sugar", 
        "cornmeal", 
        "eggs", 
        "shortening", 
        "milk", 
        "salt", 
        "all-purpose flour"
    ], 
    "smallImageUrls": [
        "http://i.yummly.com/Sweet-Corn-Muffins-Allrecipes-72317.s.png"
    ], 
    "sourceDisplayName": "AllRecipes", 
    "recipeName": "Sweet Corn Muffins", 
    "attributes": {
        "course": [
            "Breads", 
            "Breakfast and Brunch"
        ], 
        "cuisine": [
            "American"
        ]
    }, 
    "id": "Sweet-Corn-Muffins-Allrecipes"
}{
    "flavors": {
        "sweet": 0.8333333333333334, 
        "sour": 0.6666666666666666, 
        "salty": 0.16666666666666666, 
        "piquant": 0.0, 
        "bitter": 0.16666666666666666, 
        "meaty": 0.5
    }, 
    "rating": 3.55, 
    "totalTimeInSeconds": 1800.0, 
    "ingredients": [
        "milk", 
        "white sugar", 
        "all-purpose flour", 
        "vegetable oil", 
        "baking powder", 
        "egg", 
        "blueberries"
    ], 
    "smallImageUrls": [
        "http://i.yummly.com/Blueberry-Muffins-I-Allrecipes_1-49553.s.png"
    ], 
    "sourceDisplayName": "AllRecipes", 
    "recipeName": "Blueberry Muffins I", 
    "attributes": {
        "course": [
            "Breads"
        ]
    }, 
    "id": "Blueberry-Muffins-I-Allrecipes_1"
}{
    "flavors": {
        "sweet": 1.0, 
        "sour": 0.6666666666666666, 
        "salty": 0.16666666666666666, 
        "piquant": 0.0, 
        "bitter": 0.16666666666666666, 
        "meaty": 0.5
    }, 
    "rating": 4.63, 
    "totalTimeInSeconds": 2700.0, 
    "ingredients": [
        "all-purpose flour", 
        "white sugar", 
        "buttermilk", 
        "salt", 
        "white sugar", 
        "blueberries", 
        "unsalted butter", 
        "baking powder", 
        "eggs"
    ], 
    "smallImageUrls": [
        "http://i.yummly.com/Best-Of-The-Best-Blueberry-Muffins-Allrecipes-67891.s.png"
    ], 
    "sourceDisplayName": "AllRecipes", 
    "recipeName": "Best of the Best Blueberry Muffins", 
    "attributes": {
        "course": [
            "Breads"
        ]
    }, 
    "id": "Best-Of-The-Best-Blueberry-Muffins-Allrecipes"
}{
    "flavors": {
        "sweet": 1.0, 
        "sour": 0.5, 
        "salty": 0.3333333333333333, 
        "piquant": 0.0, 
        "bitter": 0.3333333333333333, 
        "meaty": 0.3333333333333333
    }, 
    "rating": 0.0, 
    "totalTimeInSeconds": 0, 
    "ingredients": [
        "vanilla", 
        "sugar", 
        "yogurt", 
        "canola oil", 
        "baking powder", 
        "baking soda", 
        "brown sugar", 
        "flour", 
        "canned pumpkin", 
        "sugar", 
        "cinnamon", 
        "egg"
    ], 
    "smallImageUrls": [
        "http://i.yummly.com/Pumpkin-muffins-326909-287684.s.jpg"
    ], 
    "sourceDisplayName": "Food52", 
    "recipeName": "Pumpkin Muffins", 
    "attributes": {}, 
    "id": "Pumpkin-muffins-326909"
}{
    "flavors": {
        "sweet": 1.0, 
        "sour": 0.5, 
        "salty": 0.3333333333333333, 
        "piquant": 0.0, 
        "bitter": 1.0, 
        "meaty": 0.5
    }, 
    "rating": 4.52, 
    "totalTimeInSeconds": 0, 
    "ingredients": [
        "ground cloves", 
        "ground nutmeg", 
        "canned pumpkin", 
        "eggs", 
        "baking powder", 
        "white sugar", 
        "baking soda", 
        "water", 
        "all-purpose flour", 
        "salt", 
        "ground cinnamon", 
        "semisweet chocolate chips", 
        "vegetable oil"
    ], 
    "smallImageUrls": [
        "http://i2.yummly.com/Pumpkin-Chocolate-Chip-Muffins-Allrecipes_1.s.jpg", 
        "http://i.yummly.com/Pumpkin-Chocolate-Chip-Muffins-Allrecipes_1-49955.s.png"
    ], 
    "sourceDisplayName": "AllRecipes", 
    "recipeName": "Pumpkin Chocolate Chip Muffins", 
    "attributes": {
        "course": [
            "Breads", 
            "Breakfast and Brunch", 
            "Lunch and Snacks"
        ], 
        "holiday": [
            "Thanksgiving"
        ]
    }, 
    "id": "Pumpkin-Chocolate-Chip-Muffins-Allrecipes_1"
}{
    "flavors": {
        "sweet": 0.8333333333333334, 
        "sour": 0.6666666666666666, 
        "salty": 0.16666666666666666, 
        "piquant": 0.0, 
        "bitter": 0.16666666666666666, 
        "meaty": 0.3333333333333333
    }, 
    "rating": 4.27, 
    "totalTimeInSeconds": 5400.0, 
    "ingredients": [
        "apple juice", 
        "white sugar", 
        "egg", 
        "baking powder", 
        "apples", 
        "ground cinnamon", 
        "all-purpose flour", 
        "vegetable oil", 
        "salt"
    ], 
    "smallImageUrls": [
        "http://i.yummly.com/Apple-Muffins-Allrecipes_2-49930.s.png"
    ], 
    "sourceDisplayName": "AllRecipes", 
    "recipeName": "Apple Muffins", 
    "attributes": {
        "course": [
            "Breads", 
            "Breakfast and Brunch"
        ]
    }, 
    "id": "Apple-Muffins-Allrecipes_2"
}{
    "flavors": {
        "sweet": 1.0, 
        "sour": 0.5, 
        "salty": 0.8333333333333334, 
        "piquant": 0.0, 
        "bitter": 0.8333333333333334, 
        "meaty": 0.6666666666666666
    }, 
    "rating": 0.0, 
    "totalTimeInSeconds": 0, 
    "ingredients": [
        "ginger", 
        "salt", 
        "carrots", 
        "almonds", 
        "vanilla", 
        "butter", 
        "sugar", 
        "egg", 
        "heavy cream", 
        "baking soda", 
        "baking powder", 
        "cinnamon", 
        "all purpose flour"
    ], 
    "smallImageUrls": [
        "http://i.yummly.com/Carrot-muffins-323269-284118.s.jpg"
    ], 
    "sourceDisplayName": "Food52", 
    "recipeName": "Carrot Muffins", 
    "attributes": {}, 
    "id": "Carrot-muffins-323269"
}{
    "flavors": {
        "sweet": 0.6666666666666666, 
        "sour": 0.16666666666666666, 
        "salty": 0.3333333333333333, 
        "piquant": 0.0, 
        "bitter": 0.6666666666666666, 
        "meaty": 0.3333333333333333
    }, 
    "rating": 0.0, 
    "totalTimeInSeconds": 0, 
    "ingredients": [
        "ground cinnamon", 
        "pecans", 
        "baking powder", 
        "egg", 
        "maple syrup", 
        "shredded coconut", 
        "salt", 
        "flax seed"
    ], 
    "smallImageUrls": [
        "http://i.yummly.com/Uber-fast-flax-seed-muffins-326071-286857.s.jpg"
    ], 
    "sourceDisplayName": "Food52", 
    "recipeName": "Uber Fast Flax Seed Muffins", 
    "attributes": {}, 
    "id": "Uber-fast-flax-seed-muffins-326071"
}{
    "flavors": {
        "sweet": 0.0, 
        "sour": 0.8333333333333334, 
        "salty": 0.16666666666666666, 
        "piquant": 0.0, 
        "bitter": 0.16666666666666666, 
        "meaty": 0.5
    }, 
    "rating": 0.0, 
    "totalTimeInSeconds": 0, 
    "ingredients": [
        "granulated sugar", 
        "fennel seeds", 
        "kosher salt", 
        "baking soda", 
        "walnuts", 
        "pastry flour", 
        "creme fraiche", 
        "baking powder", 
        "plain yogurt", 
        "vegetable oil", 
        "ricotta cheese"
    ], 
    "smallImageUrls": [
        "http://i.yummly.com/Ricotta-muffins-305529-268977.s.jpg"
    ], 
    "sourceDisplayName": "Smitten Kitchen", 
    "recipeName": "Ricotta Muffins", 
    "attributes": {}, 
    "id": "Ricotta-muffins-305529"
}{
    "flavors": {
        "sweet": 1.0, 
        "sour": 0.6666666666666666, 
        "salty": 0.16666666666666666, 
        "piquant": 0.0, 
        "bitter": 0.16666666666666666, 
        "meaty": 0.3333333333333333
    }, 
    "rating": 4.64, 
    "totalTimeInSeconds": 2400.0, 
    "ingredients": [
        "white sugar", 
        "white sugar", 
        "milk", 
        "blueberries", 
        "salt", 
        "baking powder", 
        "ground cinnamon", 
        "all-purpose flour", 
        "egg", 
        "butter", 
        "vegetable oil", 
        "all-purpose flour"
    ], 
    "smallImageUrls": [
        "http://i2.yummly.com/To-Die-For-Blueberry-Muffins-Allrecipes-2.s.png", 
        "http://i.yummly.com/To-Die-For-Blueberry-Muffins-Allrecipes-49601.s.png"
    ], 
    "sourceDisplayName": "AllRecipes", 
    "recipeName": "To Die For Blueberry Muffins", 
    "attributes": {
        "course": [
            "Breads"
        ]
    }, 
    "id": "To-Die-For-Blueberry-Muffins-Allrecipes"
}{
    "flavors": {
        "sweet": 0.8333333333333334, 
        "sour": 0.3333333333333333, 
        "salty": 0.5, 
        "piquant": 0.0, 
        "bitter": 0.8333333333333334, 
        "meaty": 0.3333333333333333
    }, 
    "rating": 4.63, 
    "totalTimeInSeconds": 2100.0, 
    "ingredients": [
        "baking soda", 
        "nonfat milk", 
        "all-purpose flour", 
        "wheat flour", 
        "unsweetened applesauce", 
        "egg", 
        "blueberries", 
        "wheat bran", 
        "vanilla extract", 
        "salt", 
        "brown sugar", 
        "baking powder"
    ], 
    "smallImageUrls": [
        "http://i.yummly.com/Low_fat-Blueberry-Bran-Muffins-Allrecipes-4.s.jpg", 
        "http://i.yummly.com/Low_fat-Blueberry-Bran-Muffins-Allrecipes-71705.s.png"
    ], 
    "sourceDisplayName": "AllRecipes", 
    "recipeName": "Low-Fat Blueberry Bran Muffins", 
    "attributes": {
        "course": [
            "Breads"
        ]
    }, 
    "id": "Low_fat-Blueberry-Bran-Muffins-Allrecipes"
}{
    "flavors": {
        "sweet": 0.16666666666666666, 
        "sour": 0.6666666666666666, 
        "salty": 0.6666666666666666, 
        "piquant": 0.0, 
        "bitter": 0.6666666666666666, 
        "meaty": 0.6666666666666666
    }, 
    "rating": 4.8, 
    "totalTimeInSeconds": 2100.0, 
    "ingredients": [
        "lemon juice", 
        "miniature semisweet chocolate chips", 
        "ground cinnamon", 
        "baking soda", 
        "vegetable oil", 
        "all-purpose flour", 
        "milk", 
        "salt", 
        "egg", 
        "shredded zucchini", 
        "vanilla extract", 
        "chopped walnuts", 
        "sugar"
    ], 
    "smallImageUrls": [
        "http://i.yummly.com/Zucchini_chocolate-Chip-Muffins-Allrecipes-60187.s.png"
    ], 
    "sourceDisplayName": "AllRecipes", 
    "recipeName": "Zucchini-Chocolate Chip Muffins", 
    "attributes": {
        "course": [
            "Breads"
        ]
    }, 
    "id": "Zucchini_chocolate-Chip-Muffins-Allrecipes"
}{
    "flavors": {
        "sweet": 1.0, 
        "sour": 0.6666666666666666, 
        "salty": 0.16666666666666666, 
        "piquant": 0.0, 
        "bitter": 0.16666666666666666, 
        "meaty": 0.3333333333333333
    }, 
    "rating": 4.51, 
    "totalTimeInSeconds": 0, 
    "ingredients": [
        "eggs", 
        "all-purpose flour", 
        "white sugar", 
        "baking powder", 
        "salt", 
        "blueberries", 
        "milk", 
        "butter"
    ], 
    "smallImageUrls": [
        "http://i.yummly.com/Aunt-Blanche_s-Blueberry-Muffins-Allrecipes-73003.s.png"
    ], 
    "sourceDisplayName": "AllRecipes", 
    "recipeName": "Aunt Blanche's Blueberry Muffins", 
    "attributes": {
        "course": [
            "Breads"
        ]
    }, 
    "id": "Aunt-Blanche_s-Blueberry-Muffins-Allrecipes"
}{
    "flavors": {
        "sweet": 0.3333333333333333, 
        "sour": 0.3333333333333333, 
        "salty": 0.6666666666666666, 
        "piquant": 0.0, 
        "bitter": 0.3333333333333333, 
        "meaty": 1.0
    }, 
    "rating": 4.24, 
    "totalTimeInSeconds": 4500.0, 
    "ingredients": [
        "bread crumbs", 
        "vegetable soup", 
        "onion", 
        "salt", 
        "black pepper", 
        "ketchup", 
        "eggs", 
        "lean ground beef"
    ], 
    "smallImageUrls": [
        "http://i.yummly.com/Meatloaf-Muffins-Allrecipes-92602.s.png", 
        "http://i.yummly.com/Meatloaf-Muffins-Allrecipes-91939.s.png"
    ], 
    "sourceDisplayName": "AllRecipes", 
    "recipeName": "Meatloaf Muffins", 
    "attributes": {
        "course": [
            "Main Dishes", 
            "Lunch and Snacks"
        ]
    }, 
    "id": "Meatloaf-Muffins-Allrecipes"
}{
    "flavors": {
        "sweet": 1.0, 
        "sour": 0.5, 
        "salty": 0.6666666666666666, 
        "piquant": 0.0, 
        "bitter": 0.5, 
        "meaty": 0.5
    }, 
    "rating": 4.46, 
    "totalTimeInSeconds": 2100.0, 
    "ingredients": [
        "cornmeal", 
        "milk", 
        "softened butter", 
        "all-purpose flour", 
        "corn kernels", 
        "honey", 
        "salt", 
        "eggs", 
        "baking powder", 
        "white sugar"
    ], 
    "smallImageUrls": [
        "http://i.yummly.com/Cornbread-Muffins-I-Allrecipes-62781.s.png"
    ], 
    "sourceDisplayName": "AllRecipes", 
    "recipeName": "Cornbread Muffins I", 
    "attributes": {
        "course": [
            "Breads"
        ], 
        "holiday": [
            "Thanksgiving"
        ]
    }, 
    "id": "Cornbread-Muffins-I-Allrecipes"
}{
    "flavors": {
        "sweet": 0.8333333333333334, 
        "sour": 0.3333333333333333, 
        "salty": 0.16666666666666666, 
        "piquant": 0.0, 
        "bitter": 1.0, 
        "meaty": 1.0
    }, 
    "rating": 0.0, 
    "totalTimeInSeconds": 0, 
    "ingredients": [
        "lemons", 
        "oil", 
        "baking powder", 
        "chickpeas", 
        "poppyseeds", 
        "xanthan gum", 
        "large eggs", 
        "vanilla", 
        "palm sugar"
    ], 
    "smallImageUrls": [
        "http://i.yummly.com/Lemon-poppyseed-chickpea-muffins-317842-278849.s.jpg"
    ], 
    "sourceDisplayName": "Food52", 
    "recipeName": "Lemon Poppyseed Chickpea Muffins", 
    "attributes": {}, 
    "id": "Lemon-poppyseed-chickpea-muffins-317842"
}{
    "flavors": {
        "sweet": 0.8333333333333334, 
        "sour": 0.16666666666666666, 
        "salty": 0.16666666666666666, 
        "piquant": 0.0, 
        "bitter": 0.0, 
        "meaty": 0.0
    }, 
    "rating": 0.0, 
    "totalTimeInSeconds": 0, 
    "ingredients": [
        "baking soda", 
        "sugar", 
        "plain whole milk yogurt", 
        "vanilla extract", 
        "raspberry jam", 
        "raspberries", 
        "unsalted butter", 
        "large egg", 
        "all purpose flour"
    ], 
    "smallImageUrls": [
        "http://i.yummly.com/Raspberry-yogurt-muffins-recipe-306963-270714.s.jpg"
    ], 
    "sourceDisplayName": "Food Republic", 
    "recipeName": "Raspberry Yogurt Muffins Recipe", 
    "attributes": {}, 
    "id": "Raspberry-yogurt-muffins-recipe-306963"
}{
    "flavors": {
        "sweet": 1.0, 
        "sour": 0.3333333333333333, 
        "salty": 0.6666666666666666, 
        "piquant": 0.0, 
        "bitter": 1.0, 
        "meaty": 0.5
    }, 
    "rating": 0.0, 
    "totalTimeInSeconds": 0, 
    "ingredients": [
        "baking soda", 
        "white flour", 
        "milk", 
        "salt", 
        "raisins", 
        "chopped walnuts", 
        "bran", 
        "honey", 
        "baking powder"
    ], 
    "smallImageUrls": [
        "http://i.yummly.com/Walnut-bran-muffins-315148-276216.s.jpg"
    ], 
    "sourceDisplayName": "Food52", 
    "recipeName": "Walnut Bran Muffins", 
    "attributes": {}, 
    "id": "Walnut-bran-muffins-315148"
}{
    "flavors": {
        "sweet": 1.0, 
        "sour": 0.6666666666666666, 
        "salty": 0.6666666666666666, 
        "piquant": 0.0, 
        "bitter": 0.3333333333333333, 
        "meaty": 0.8333333333333334
    }, 
    "rating": 0.0, 
    "totalTimeInSeconds": 0, 
    "ingredients": [
        "cinnamon", 
        "baking soda", 
        "eggs", 
        "salt", 
        "peaches", 
        "sugar", 
        "all purpose flour", 
        "olive oil", 
        "lemon zest"
    ], 
    "smallImageUrls": [
        "http://i.yummly.com/Peach-muffins-sul-lago-315289-276354.s.jpg"
    ], 
    "sourceDisplayName": "Food52", 
    "recipeName": "Peach Muffins Sul Lago", 
    "attributes": {}, 
    "id": "Peach-muffins-sul-lago-315289"
}{
    "flavors": {
        "sweet": 0.8333333333333334, 
        "sour": 0.5, 
        "salty": 0.5, 
        "piquant": 0.0, 
        "bitter": 1.0, 
        "meaty": 0.5
    }, 
    "rating": 0.0, 
    "totalTimeInSeconds": 0, 
    "ingredients": [
        "egg", 
        "oat flour", 
        "sugar", 
        "milk", 
        "salt", 
        "baking powder", 
        "red currants", 
        "olive oil", 
        "rolled oats"
    ], 
    "smallImageUrls": [
        "http://i.yummly.com/Red-currant-muffin-327192-287964.s.jpg"
    ], 
    "sourceDisplayName": "Food52", 
    "recipeName": "Red Currant Muffin", 
    "attributes": {}, 
    "id": "Red-currant-muffin-327192"
}{
    "flavors": {
        "sweet": 0.8333333333333334, 
        "sour": 0.5, 
        "salty": 0.16666666666666666, 
        "piquant": 0.0, 
        "bitter": 0.3333333333333333, 
        "meaty": 0.5
    }, 
    "rating": 4.28, 
    "totalTimeInSeconds": 2400.0, 
    "ingredients": [
        "vegetable oil", 
        "quick cooking oats", 
        "egg", 
        "white sugar", 
        "baking powder", 
        "salt", 
        "all-purpose flour", 
        "milk"
    ], 
    "smallImageUrls": [
        "http://i.yummly.com/Easy-Oatmeal-Muffins-Allrecipes-80837.s.png", 
        "http://i.yummly.com/Easy-Oatmeal-Muffins-Allrecipes-80748.s.png"
    ], 
    "sourceDisplayName": "AllRecipes", 
    "recipeName": "Easy Oatmeal Muffins", 
    "attributes": {
        "course": [
            "Breads", 
            "Breakfast and Brunch", 
            "Lunch and Snacks"
        ]
    }, 
    "id": "Easy-Oatmeal-Muffins-Allrecipes"
}{
    "flavors": {
        "sweet": 0.3333333333333333, 
        "sour": 0.16666666666666666, 
        "salty": 0.6666666666666666, 
        "piquant": 0.0, 
        "bitter": 0.5, 
        "meaty": 0.6666666666666666
    }, 
    "rating": 5.0, 
    "totalTimeInSeconds": 420.0, 
    "ingredients": [
        "cheddar", 
        "english muffins", 
        "pepper", 
        "canadian bacon", 
        "egg whites", 
        "salt"
    ], 
    "smallImageUrls": [], 
    "sourceDisplayName": "Food Network", 
    "recipeName": "Mock Muffin", 
    "attributes": {
        "course": [
            "Breakfast and Brunch"
        ], 
        "cuisine": [
            "American"
        ]
    }, 
    "id": "Mock-Muffin-Food-Network"
}{
    "flavors": {
        "sweet": 1.0, 
        "sour": 0.6666666666666666, 
        "salty": 0.16666666666666666, 
        "piquant": 0.0, 
        "bitter": 0.16666666666666666, 
        "meaty": 0.3333333333333333
    }, 
    "rating": 4.54, 
    "totalTimeInSeconds": 2700.0, 
    "ingredients": [
        "lemon zest", 
        "white sugar", 
        "baking powder", 
        "vanilla extract", 
        "butter", 
        "salt", 
        "milk", 
        "blueberries", 
        "all-purpose flour", 
        "butter", 
        "all-purpose flour", 
        "ground cinnamon", 
        "eggs", 
        "all-purpose flour", 
        "white sugar"
    ], 
    "smallImageUrls": [
        "http://i.yummly.com/Streusel-Topped-Blueberry-Muffins-Allrecipes-49593.s.png"
    ], 
    "sourceDisplayName": "AllRecipes", 
    "recipeName": "Streusel Topped Blueberry Muffins", 
    "attributes": {
        "course": [
            "Breads"
        ]
    }, 
    "id": "Streusel-Topped-Blueberry-Muffins-Allrecipes"
}{
    "flavors": {
        "sweet": 0.6666666666666666, 
        "sour": 0.0, 
        "salty": 0.16666666666666666, 
        "piquant": 0.0, 
        "bitter": 0.16666666666666666, 
        "meaty": 0.16666666666666666
    }, 
    "rating": 0.0, 
    "totalTimeInSeconds": 0, 
    "ingredients": [
        "granulated sugar", 
        "vanilla extract", 
        "coconut oil", 
        "greek style yogurt", 
        "shredded coconut", 
        "whole wheat flour", 
        "table salt", 
        "baking powder", 
        "large egg", 
        "all-purpose flour"
    ], 
    "smallImageUrls": [
        "http://i.yummly.com/Double-coconut-muffins-305353-268812.s.jpg"
    ], 
    "sourceDisplayName": "Smitten Kitchen", 
    "recipeName": "Double Coconut Muffins", 
    "attributes": {}, 
    "id": "Double-coconut-muffins-305353"
}{
    "flavors": {
        "sweet": 1.0, 
        "sour": 0.6666666666666666, 
        "salty": 0.5, 
        "piquant": 0.0, 
        "bitter": 0.3333333333333333, 
        "meaty": 0.5
    }, 
    "rating": 0.0, 
    "totalTimeInSeconds": 0, 
    "ingredients": [
        "cinnamon", 
        "sugar", 
        "miniature chocolate chips", 
        "instant coffee", 
        "all purpose flour", 
        "baking powder", 
        "vanilla", 
        "salt", 
        "fat free milk", 
        "canola oil", 
        "egg"
    ], 
    "smallImageUrls": [
        "http://i.yummly.com/Coffee-chip-muffins-325468-286269.s.jpg"
    ], 
    "sourceDisplayName": "Food52", 
    "recipeName": "Coffee Chip Muffins", 
    "attributes": {}, 
    "id": "Coffee-chip-muffins-325468"
}{
    "flavors": {
        "sweet": 0.8333333333333334, 
        "sour": 0.3333333333333333, 
        "salty": 0.6666666666666666, 
        "piquant": 0.0, 
        "bitter": 0.5, 
        "meaty": 0.3333333333333333
    }, 
    "rating": 0.0, 
    "totalTimeInSeconds": 0, 
    "ingredients": [
        "cinnamon", 
        "all purpose flour", 
        "crushed pineapple", 
        "baking soda", 
        "whole wheat flour", 
        "brown sugar", 
        "carrots", 
        "baking powder", 
        "eggs", 
        "applesauce", 
        "vanilla extract"
    ], 
    "smallImageUrls": [
        "http://i.yummly.com/Healthy-carrot-muffins-324293-285125.s.jpg"
    ], 
    "sourceDisplayName": "Food52", 
    "recipeName": "Healthy Carrot Muffins", 
    "attributes": {}, 
    "id": "Healthy-carrot-muffins-324293"
}{
    "flavors": {
        "sweet": 0.8333333333333334, 
        "sour": 0.5, 
        "salty": 0.5, 
        "piquant": 0.0, 
        "bitter": 0.3333333333333333, 
        "meaty": 0.5
    }, 
    "rating": 0.0, 
    "totalTimeInSeconds": 0, 
    "ingredients": [
        "baking powder", 
        "salt", 
        "unsalted butter", 
        "all purpose flour", 
        "blueberries fresh", 
        "large egg", 
        "grated lemon zest", 
        "sour cream", 
        "baking soda", 
        "sugar"
    ], 
    "smallImageUrls": [
        "http://i.yummly.com/Perfect-blueberry-muffins-305491-268940.s.jpg"
    ], 
    "sourceDisplayName": "Smitten Kitchen", 
    "recipeName": "Perfect Blueberry Muffins", 
    "attributes": {}, 
    "id": "Perfect-blueberry-muffins-305491"
}{
    "flavors": {
        "sweet": 0.8333333333333334, 
        "sour": 0.5, 
        "salty": 0.5, 
        "piquant": 0.0, 
        "bitter": 0.3333333333333333, 
        "meaty": 0.5
    }, 
    "rating": 0.0, 
    "totalTimeInSeconds": 0, 
    "ingredients": [
        "sugar", 
        "all purpose flour", 
        "sour cream", 
        "baking soda", 
        "grated lemon zest", 
        "baking powder", 
        "unsalted butter", 
        "salt", 
        "blueberries fresh", 
        "large egg"
    ], 
    "smallImageUrls": [
        "http://i.yummly.com/Perfect-blueberry-muffins-305491-268940.s.jpg"
    ], 
    "sourceDisplayName": "Smitten Kitchen", 
    "recipeName": "Perfect Blueberry Muffins", 
    "attributes": {}, 
    "id": "Perfect-blueberry-muffins-305491"
}{
    "flavors": {
        "sweet": 1.0, 
        "sour": 0.8333333333333334, 
        "salty": 0.5, 
        "piquant": 0.0, 
        "bitter": 0.5, 
        "meaty": 0.5
    }, 
    "rating": 4.55, 
    "totalTimeInSeconds": 2700.0, 
    "ingredients": [
        "ground cinnamon", 
        "baking soda", 
        "ground nutmeg", 
        "vegetable oil", 
        "all-purpose flour", 
        "salt", 
        "white sugar", 
        "ground allspice", 
        "eggs", 
        "ground cloves", 
        "baking powder", 
        "sugar pumpkin"
    ], 
    "smallImageUrls": [
        "http://i.yummly.com/Pumpkin-Muffins-Ii-Allrecipes-92647.s.png", 
        "http://i.yummly.com/Pumpkin-Muffins-Ii-Allrecipes-91985.s.png"
    ], 
    "sourceDisplayName": "AllRecipes", 
    "recipeName": "Pumpkin Muffins II", 
    "attributes": {
        "course": [
            "Breads"
        ], 
        "holiday": [
            "Thanksgiving"
        ]
    }, 
    "id": "Pumpkin-Muffins-Ii-Allrecipes"
}{
    "flavors": {
        "sweet": 1.0, 
        "sour": 0.5, 
        "salty": 0.8333333333333334, 
        "piquant": 0.0, 
        "bitter": 0.8333333333333334, 
        "meaty": 0.6666666666666666
    }, 
    "rating": 4.76, 
    "totalTimeInSeconds": 2100.0, 
    "ingredients": [
        "baking soda", 
        "vegetable oil", 
        "beaten eggs", 
        "ground cinnamon", 
        "mixed nuts", 
        "oat bran", 
        "salt", 
        "vanilla extract", 
        "raisins", 
        "apples", 
        "brown sugar", 
        "all-purpose flour", 
        "baking powder", 
        "flax seed", 
        "skim milk", 
        "shredded carrots"
    ], 
    "smallImageUrls": [
        "http://i.yummly.com/Bran-Flax-Muffins-Allrecipes-17799.s.png", 
        "http://i.yummly.com/Bran-Flax-Muffins-Allrecipes-93683.s.png", 
        "http://i.yummly.com/Bran-Flax-Muffins-Allrecipes-92977.s.png"
    ], 
    "sourceDisplayName": "AllRecipes", 
    "recipeName": "Bran Flax Muffins", 
    "attributes": {
        "course": [
            "Breads", 
            "Breakfast and Brunch"
        ]
    }, 
    "id": "Bran-Flax-Muffins-Allrecipes"
}{
    "flavors": {
        "sweet": 0.6666666666666666, 
        "sour": 0.16666666666666666, 
        "salty": 0.3333333333333333, 
        "piquant": 0.0, 
        "bitter": 0.8333333333333334, 
        "meaty": 0.5
    }, 
    "rating": 0.0, 
    "totalTimeInSeconds": 900.0, 
    "ingredients": [
        "banana", 
        "english muffin", 
        "natural peanut butter", 
        "dark brown sugar"
    ], 
    "smallImageUrls": [
        "http://i.yummly.com/English-Muffin-with-Bruleed-Banana-and-Peanut-Butter-Recipe-Chow-57833-100492.s.png"
    ], 
    "sourceDisplayName": "Chow", 
    "recipeName": "English Muffin with Brul&eacute;ed Banana and Peanut Butter Recipe", 
    "attributes": {
        "course": [
            "Breakfast and Brunch"
        ]
    }, 
    "id": "English-Muffin-with-Bruleed-Banana-and-Peanut-Butter-Recipe-Chow-57833"
}{
    "flavors": {
        "sweet": 1.0, 
        "sour": 0.3333333333333333, 
        "salty": 0.6666666666666666, 
        "piquant": 0.0, 
        "bitter": 1.0, 
        "meaty": 0.6666666666666666
    }, 
    "rating": 0.0, 
    "totalTimeInSeconds": 0, 
    "ingredients": [
        "milk", 
        "eggs", 
        "sugar", 
        "baking powder", 
        "semisweet chocolate chips", 
        "whole wheat flour", 
        "vanilla extract", 
        "cocoa powder", 
        "melted butter", 
        "salt", 
        "ricotta cheese", 
        "whole wheat pastry flour", 
        "milk", 
        "white flour"
    ], 
    "smallImageUrls": [
        "http://i.yummly.com/Chocolate-ricotta-muffins-_and-pancakes_-322101-282985.s.jpg"
    ], 
    "sourceDisplayName": "Food52", 
    "recipeName": "Chocolate Ricotta Muffins (and pancakes)", 
    "attributes": {}, 
    "id": "Chocolate-ricotta-muffins-_and-pancakes_-322101"
}{
    "flavors": {
        "sweet": 0.8333333333333334, 
        "sour": 0.0, 
        "salty": 0.3333333333333333, 
        "piquant": 0.0, 
        "bitter": 1.0, 
        "meaty": 0.6666666666666666
    }, 
    "rating": 4.23, 
    "totalTimeInSeconds": 2400.0, 
    "ingredients": [
        "baking powder", 
        "wheat flour", 
        "brown sugar", 
        "baking soda", 
        "egg", 
        "buttermilk", 
        "rolled oats", 
        "applesauce"
    ], 
    "smallImageUrls": [
        "http://i2.yummly.com/Oat-Applesauce-Muffins-Allrecipes.s.jpg", 
        "http://i.yummly.com/Oat-Applesauce-Muffins-Allrecipes-65163.s.png"
    ], 
    "sourceDisplayName": "AllRecipes", 
    "recipeName": "Oat Applesauce Muffins", 
    "attributes": {
        "course": [
            "Breads"
        ]
    }, 
    "id": "Oat-Applesauce-Muffins-Allrecipes"
}{
    "flavors": {
        "sweet": 1.0, 
        "sour": 0.6666666666666666, 
        "salty": 0.16666666666666666, 
        "piquant": 0.0, 
        "bitter": 0.16666666666666666, 
        "meaty": 0.3333333333333333
    }, 
    "rating": 4.63, 
    "totalTimeInSeconds": 0, 
    "ingredients": [
        "salt", 
        "milk", 
        "all-purpose flour", 
        "baking powder", 
        "blueberries", 
        "white sugar", 
        "white sugar", 
        "eggs", 
        "butter"
    ], 
    "smallImageUrls": [
        "http://i.yummly.com/Blueberry-Muffins-Ii-Allrecipes-72985.s.png"
    ], 
    "sourceDisplayName": "AllRecipes", 
    "recipeName": "Blueberry Muffins II", 
    "attributes": {
        "course": [
            "Breads"
        ]
    }, 
    "id": "Blueberry-Muffins-Ii-Allrecipes"
}{
    "flavors": {
        "sweet": 0.3333333333333333, 
        "sour": 0.6666666666666666, 
        "salty": 0.6666666666666666, 
        "piquant": 0.0, 
        "bitter": 0.3333333333333333, 
        "meaty": 0.3333333333333333
    }, 
    "rating": 0.0, 
    "totalTimeInSeconds": 0, 
    "ingredients": [
        "tapioca flour", 
        "eggs", 
        "baking soda", 
        "coconut oil", 
        "cinnamon", 
        "agave nectar", 
        "flour", 
        "zucchini", 
        "chips", 
        "sea salt"
    ], 
    "smallImageUrls": [
        "http://i.yummly.com/Zucchini-chocolate-muffins-319877-280824.s.jpg"
    ], 
    "sourceDisplayName": "Food52", 
    "recipeName": "Zucchini Chocolate Muffins", 
    "attributes": {}, 
    "id": "Zucchini-chocolate-muffins-319877"
}{
    "flavors": {
        "sweet": 0.6666666666666666, 
        "sour": 0.16666666666666666, 
        "salty": 1.0, 
        "piquant": 0.0, 
        "bitter": 1.0, 
        "meaty": 1.0
    }, 
    "rating": 0.0, 
    "totalTimeInSeconds": 0, 
    "ingredients": [
        "all purpose flour", 
        "butter", 
        "salt", 
        "buttermilk", 
        "sugar", 
        "egg", 
        "meal", 
        "hot dogs", 
        "shredded cheddar cheese", 
        "baking powder"
    ], 
    "smallImageUrls": [
        "http://i.yummly.com/Corn-dog-muffins-327007-287782.s.jpg"
    ], 
    "sourceDisplayName": "Food52", 
    "recipeName": "Corn Dog Muffins", 
    "attributes": {}, 
    "id": "Corn-dog-muffins-327007"
}{
    "flavors": {
        "sweet": 1.0, 
        "sour": 0.16666666666666666, 
        "salty": 0.8333333333333334, 
        "piquant": 0.0, 
        "bitter": 0.5, 
        "meaty": 0.5
    }, 
    "rating": 0.0, 
    "totalTimeInSeconds": 0, 
    "ingredients": [
        "ricotta", 
        "sugar", 
        "vanilla extract", 
        "baking powder", 
        "butter", 
        "almond flour", 
        "pears", 
        "baking soda", 
        "salt", 
        "eggs"
    ], 
    "smallImageUrls": [
        "http://i.yummly.com/Pear-almond-muffins-326267-287051.s.jpg"
    ], 
    "sourceDisplayName": "Food52", 
    "recipeName": "Pear Almond Muffins", 
    "attributes": {}, 
    "id": "Pear-almond-muffins-326267"
}{
    "flavors": null, 
    "rating": 0.0, 
    "totalTimeInSeconds": 0, 
    "ingredients": [
        "bittersweet chocolate", 
        "persimmon", 
        "light brown sugar", 
        "baking soda", 
        "buckwheat flour", 
        "flour", 
        "unsalted butter", 
        "baking powder", 
        "cocoa powder", 
        "large eggs", 
        "buttermilk"
    ], 
    "smallImageUrls": [
        "http://i.yummly.com/Chocolate-persimmon-muffins-306317-269668.s.jpg"
    ], 
    "sourceDisplayName": "Food Republic", 
    "recipeName": "Chocolate Persimmon Muffins", 
    "attributes": {}, 
    "id": "Chocolate-persimmon-muffins-306317"
}{
    "flavors": {
        "sweet": 1.0, 
        "sour": 1.0, 
        "salty": 0.3333333333333333, 
        "piquant": 0.0, 
        "bitter": 1.0, 
        "meaty": 0.5
    }, 
    "rating": 0.0, 
    "totalTimeInSeconds": 0, 
    "ingredients": [
        "bittersweet chocolate", 
        "persimmon", 
        "light brown sugar", 
        "baking soda", 
        "buckwheat flour", 
        "flour", 
        "unsalted butter", 
        "baking powder", 
        "cocoa powder", 
        "large eggs", 
        "buttermilk"
    ], 
    "smallImageUrls": [
        "http://i.yummly.com/Chocolate-persimmon-muffins-307461-271238.s.jpg"
    ], 
    "sourceDisplayName": "Food52", 
    "recipeName": "Chocolate Persimmon Muffins", 
    "attributes": {}, 
    "id": "Chocolate-persimmon-muffins-307461"
}{
    "flavors": {
        "sweet": 0.8333333333333334, 
        "sour": 0.5, 
        "salty": 0.5, 
        "piquant": 0.0, 
        "bitter": 0.16666666666666666, 
        "meaty": 0.3333333333333333
    }, 
    "rating": 4.38, 
    "totalTimeInSeconds": 1800.0, 
    "ingredients": [
        "white sugar", 
        "sour cream", 
        "salt", 
        "banana", 
        "egg", 
        "vanilla extract", 
        "baking powder", 
        "baking soda", 
        "all-purpose flour"
    ], 
    "smallImageUrls": [
        "http://i.yummly.com/Banana-Muffins-I-Allrecipes-67341.s.png"
    ], 
    "sourceDisplayName": "AllRecipes", 
    "recipeName": "Banana Muffins I", 
    "attributes": {
        "course": [
            "Breads"
        ]
    }, 
    "id": "Banana-Muffins-I-Allrecipes"
}{
    "flavors": {
        "sweet": 1.0, 
        "sour": 0.16666666666666666, 
        "salty": 0.5, 
        "piquant": 0.0, 
        "bitter": 0.8333333333333334, 
        "meaty": 0.5
    }, 
    "rating": 0.0, 
    "totalTimeInSeconds": 0, 
    "ingredients": [
        "sugar", 
        "sea salt", 
        "whole wheat flour", 
        "vanilla extract", 
        "baking powder", 
        "large egg", 
        "fresh cranberries", 
        "unsalted butter", 
        "nonfat milk", 
        "grated nutmeg"
    ], 
    "smallImageUrls": [
        "http://i.yummly.com/Lovely-cranberry-upside-down-muffins-323255-284104.s.jpg"
    ], 
    "sourceDisplayName": "Food52", 
    "recipeName": "Lovely Cranberry Upside Down Muffins", 
    "attributes": {}, 
    "id": "Lovely-cranberry-upside-down-muffins-323255"
}{
    "flavors": {
        "sweet": 0.8333333333333334, 
        "sour": 0.5, 
        "salty": 0.6666666666666666, 
        "piquant": 0.0, 
        "bitter": 0.5, 
        "meaty": 0.5
    }, 
    "rating": 0.0, 
    "totalTimeInSeconds": 0, 
    "ingredients": [
        "agave nectar", 
        "baking soda", 
        "eggs", 
        "cinnamon", 
        "whole wheat flour", 
        "sea salt", 
        "cane sugar", 
        "fresh ginger", 
        "butternut squash", 
        "canola oil"
    ], 
    "smallImageUrls": [
        "http://i.yummly.com/Butternut-squash-muffins-_dairy-free_-328443-289192.s.jpg"
    ], 
    "sourceDisplayName": "Food52", 
    "recipeName": "Butternut Squash Muffins (dairy free)", 
    "attributes": {}, 
    "id": "Butternut-squash-muffins-_dairy-free_-328443"
}{
    "flavors": {
        "sweet": 1.0, 
        "sour": 0.3333333333333333, 
        "salty": 0.6666666666666666, 
        "piquant": 0.0, 
        "bitter": 0.5, 
        "meaty": 0.5
    }, 
    "rating": 0.0, 
    "totalTimeInSeconds": 0, 
    "ingredients": [
        "unsalted butter", 
        "baking soda", 
        "granulated sugar", 
        "buttermilk", 
        "all-purpose flour", 
        "large egg", 
        "baking powder", 
        "dark brown sugar", 
        "apples", 
        "cinnamon", 
        "salt", 
        "whole wheat flour"
    ], 
    "smallImageUrls": [
        "http://i.yummly.com/Whole-wheat-apple-muffins-307213-270990.s.jpg"
    ], 
    "sourceDisplayName": "Smitten Kitchen", 
    "recipeName": "Whole Wheat Apple Muffins", 
    "attributes": {}, 
    "id": "Whole-wheat-apple-muffins-307213"
}{
    "flavors": null, 
    "rating": 0.0, 
    "totalTimeInSeconds": 0, 
    "ingredients": [
        "walnuts", 
        "oatmeal", 
        "salt", 
        "nutmeg", 
        "vanilla", 
        "butter", 
        "milk", 
        "cinnamon", 
        "honey", 
        "banana", 
        "brown sugar"
    ], 
    "smallImageUrls": [
        "http://i.yummly.com/A-muffin-in-disguise-317507-278523.s.jpg"
    ], 
    "sourceDisplayName": "Food52", 
    "recipeName": "A muffin in disguise", 
    "attributes": {}, 
    "id": "A-muffin-in-disguise-317507"
}{
    "flavors": {
        "sweet": 1.0, 
        "sour": 0.6666666666666666, 
        "salty": 0.8333333333333334, 
        "piquant": 0.0, 
        "bitter": 0.5, 
        "meaty": 0.3333333333333333
    }, 
    "rating": 0.0, 
    "totalTimeInSeconds": 0, 
    "ingredients": [
        "raspberries", 
        "butter", 
        "egg", 
        "salt", 
        "bananas", 
        "milk", 
        "sugar", 
        "baking powder", 
        "flour", 
        "vanilla", 
        "baking soda"
    ], 
    "smallImageUrls": [
        "http://i.yummly.com/Banana-muffins-with-raspberries-325877-286670.s.jpg"
    ], 
    "sourceDisplayName": "Food52", 
    "recipeName": "Banana Muffins with Raspberries", 
    "attributes": {}, 
    "id": "Banana-muffins-with-raspberries-325877"
}{
    "flavors": {
        "sweet": 0.8333333333333334, 
        "sour": 0.3333333333333333, 
        "salty": 0.6666666666666666, 
        "piquant": 0.0, 
        "bitter": 0.5, 
        "meaty": 0.3333333333333333
    }, 
    "rating": 0.0, 
    "totalTimeInSeconds": 0, 
    "ingredients": [
        "baking spray", 
        "flour", 
        "unsalted butter", 
        "bananas", 
        "honey", 
        "baking powder", 
        "cornmeal", 
        "salt", 
        "baking soda", 
        "buttermilk", 
        "large egg"
    ], 
    "smallImageUrls": [
        "http://i.yummly.com/Banana-corn-muffins-328158-288913.s.jpg"
    ], 
    "sourceDisplayName": "Food52", 
    "recipeName": "Banana Corn Muffins", 
    "attributes": {}, 
    "id": "Banana-corn-muffins-328158"
}{
    "flavors": {
        "sweet": 0.6666666666666666, 
        "sour": 0.3333333333333333, 
        "salty": 0.8333333333333334, 
        "piquant": 0.5, 
        "bitter": 0.5, 
        "meaty": 1.0
    }, 
    "rating": 4.43, 
    "totalTimeInSeconds": 2400.0, 
    "ingredients": [
        "ketchup", 
        "ground beef", 
        "cider vinegar", 
        "brown sugar", 
        "shredded cheddar cheese", 
        "chili powder", 
        "buttermilk biscuits"
    ], 
    "smallImageUrls": [
        "http://i.yummly.com/Farmhouse-Barbecue-Muffins-Allrecipes-60515.s.png"
    ], 
    "sourceDisplayName": "Taste of Home", 
    "recipeName": "Farmhouse Barbecue Muffins", 
    "attributes": {}, 
    "id": "Farmhouse-Barbecue-Muffins-TasteOfHome"
}{
    "flavors": {
        "sweet": 1.0, 
        "sour": 0.6666666666666666, 
        "salty": 0.16666666666666666, 
        "piquant": 0.0, 
        "bitter": 0.16666666666666666, 
        "meaty": 0.3333333333333333
    }, 
    "rating": 4.46, 
    "totalTimeInSeconds": 1800.0, 
    "ingredients": [
        "salt", 
        "baking powder", 
        "shortening", 
        "white sugar", 
        "apple", 
        "milk", 
        "all-purpose flour"
    ], 
    "smallImageUrls": [
        "http://i.yummly.com/Fruit-Muffins-Allrecipes-74242.s.png"
    ], 
    "sourceDisplayName": "AllRecipes", 
    "recipeName": "Fruit Muffins", 
    "attributes": {
        "course": [
            "Breads"
        ]
    }, 
    "id": "Fruit-Muffins-Allrecipes"
}{
    "flavors": {
        "sweet": 0.8333333333333334, 
        "sour": 0.0, 
        "salty": 0.16666666666666666, 
        "piquant": 0.0, 
        "bitter": 0.0, 
        "meaty": 0.0
    }, 
    "rating": 4.44, 
    "totalTimeInSeconds": 1500.0, 
    "ingredients": [
        "white sugar", 
        "baking mix", 
        "raisins", 
        "beer"
    ], 
    "smallImageUrls": [
        "http://i2.yummly.com/Beer-Muffins-Allrecipes-2.s.png", 
        "http://i.yummly.com/Beer-Muffins-Allrecipes-62917.s.png"
    ], 
    "sourceDisplayName": "AllRecipes", 
    "recipeName": "Beer Muffins", 
    "attributes": {
        "course": [
            "Breads"
        ]
    }, 
    "id": "Beer-Muffins-Allrecipes"
}{
    "flavors": null, 
    "rating": 0.0, 
    "totalTimeInSeconds": 0, 
    "ingredients": [
        "salt", 
        "eggs", 
        "english muffins", 
        "lime juice", 
        "english muffin", 
        "sauce", 
        "white vinegar", 
        "butter", 
        "egg yolks", 
        "leftover steak", 
        "spinach"
    ], 
    "smallImageUrls": [
        "http://i.yummly.com/Steak-and-chipotle-eggs-benedict-recipe-306615-269916.s.jpg"
    ], 
    "sourceDisplayName": "Food Republic", 
    "recipeName": "Steak and Chipotle Eggs Benedict Recipe", 
    "attributes": {}, 
    "id": "Steak-and-chipotle-eggs-benedict-recipe-306615"
}{
    "flavors": {
        "sweet": 0.3333333333333333, 
        "sour": 0.8333333333333334, 
        "salty": 0.16666666666666666, 
        "piquant": 1.0, 
        "bitter": 0.6666666666666666, 
        "meaty": 0.3333333333333333
    }, 
    "rating": 0.0, 
    "totalTimeInSeconds": 0, 
    "ingredients": [
        "brie cheese", 
        "garlic cloves", 
        "fresh parsley", 
        "cayenne pepper", 
        "lime", 
        "olive oil", 
        "english muffins", 
        "avocados"
    ], 
    "smallImageUrls": [
        "http://i.yummly.com/Roasted-garlic-and-brie-toasts-326553-287332.s.jpg"
    ], 
    "sourceDisplayName": "Food52", 
    "recipeName": "Roasted Garlic and Brie Toasts", 
    "attributes": {}, 
    "id": "Roasted-garlic-and-brie-toasts-326553"
}{
    "flavors": {
        "sweet": 1.0, 
        "sour": 0.8333333333333334, 
        "salty": 0.5, 
        "piquant": 0.0, 
        "bitter": 0.8333333333333334, 
        "meaty": 0.5
    }, 
    "rating": 4.57, 
    "totalTimeInSeconds": 3600.0, 
    "ingredients": [
        "all-purpose flour", 
        "baking powder", 
        "nutmeg", 
        "cinnamon", 
        "ground cloves", 
        "white sugar", 
        "chopped walnuts", 
        "baking soda", 
        "eggs", 
        "raisins", 
        "salt", 
        "unsweetened applesauce", 
        "pumpkin"
    ], 
    "smallImageUrls": [
        "http://i.yummly.com/Addictive-Pumpkin-Muffins-Allrecipes.s.jpg", 
        "http://i.yummly.com/Addictive-Pumpkin-Muffins-Allrecipes-87469.s.png", 
        "http://i.yummly.com/Addictive-Pumpkin-Muffins-Allrecipes-87152.s.png"
    ], 
    "sourceDisplayName": "AllRecipes", 
    "recipeName": "Addictive Pumpkin Muffins", 
    "attributes": {
        "course": [
            "Breads"
        ]
    }, 
    "id": "Addictive-Pumpkin-Muffins-Allrecipes"
}{
    "flavors": {
        "sweet": 1.0, 
        "sour": 0.5, 
        "salty": 0.8333333333333334, 
        "piquant": 0.0, 
        "bitter": 1.0, 
        "meaty": 0.3333333333333333
    }, 
    "rating": 0.0, 
    "totalTimeInSeconds": 0, 
    "ingredients": [
        "chocolate chips", 
        "whole wheat pastry flour", 
        "baking powder", 
        "raspberries", 
        "eggs", 
        "maple syrup", 
        "salt", 
        "nonfat greek yogurt", 
        "low fat milk", 
        "baking soda", 
        "brown sugar"
    ], 
    "smallImageUrls": [
        "http://i.yummly.com/Whole-wheat-raspberry-muffins-326289-287071.s.jpg"
    ], 
    "sourceDisplayName": "Food52", 
    "recipeName": "Whole Wheat Raspberry Muffins", 
    "attributes": {}, 
    "id": "Whole-wheat-raspberry-muffins-326289"
}{
    "flavors": {
        "sweet": 1.0, 
        "sour": 0.3333333333333333, 
        "salty": 0.3333333333333333, 
        "piquant": 0.0, 
        "bitter": 1.0, 
        "meaty": 0.6666666666666666
    }, 
    "rating": 0.0, 
    "totalTimeInSeconds": 0, 
    "ingredients": [
        "bittersweet chocolate", 
        "apples", 
        "flour", 
        "vanilla extract", 
        "cinnamon", 
        "eggs", 
        "oats", 
        "canola oil", 
        "sugar", 
        "baking powder", 
        "salt"
    ], 
    "smallImageUrls": [
        "http://i.yummly.com/Apple-oat-muffins-327969-288728.s.jpg"
    ], 
    "sourceDisplayName": "Food52", 
    "recipeName": "Apple Oat Muffins", 
    "attributes": {}, 
    "id": "Apple-oat-muffins-327969"
}{
    "flavors": {
        "sweet": 0.5, 
        "sour": 0.5, 
        "salty": 0.5, 
        "piquant": 0.0, 
        "bitter": 0.3333333333333333, 
        "meaty": 0.3333333333333333
    }, 
    "rating": 0.0, 
    "totalTimeInSeconds": 0, 
    "ingredients": [
        "jelly", 
        "baby spinach", 
        "butter", 
        "cr\u00e8me fraiche", 
        "heirloom tomato", 
        "bacon", 
        "buns", 
        "english muffins", 
        "fillet"
    ], 
    "smallImageUrls": [
        "http://i.yummly.com/Smoked-trout_-bacon-and-tomato-sandwich-with-creme-fraiche-pepper-jelly-topping-319856-280804.s.jpg"
    ], 
    "sourceDisplayName": "Food52", 
    "recipeName": "Smoked Trout, Bacon and Tomato Sandwich with Cr&egrave;me Fraiche-Pepper Jelly topping", 
    "attributes": {}, 
    "id": "Smoked-trout_-bacon-and-tomato-sandwich-with-creme-fraiche-pepper-jelly-topping-319856"
}{
    "flavors": {
        "sweet": 0.0, 
        "sour": 0.0, 
        "salty": 0.5, 
        "piquant": 0.0, 
        "bitter": 0.3333333333333333, 
        "meaty": 0.8333333333333334
    }, 
    "rating": 4.5, 
    "totalTimeInSeconds": 1320.0, 
    "ingredients": [
        "salt", 
        "ragu old world style pasta sauce", 
        "ground beef", 
        "shredded mozzarella cheese", 
        "english muffins, split and toasted"
    ], 
    "smallImageUrls": [
        "http://i.yummly.com/Ragu\u00ae-Pizza-Burgers-Allrecipes-268323.s.jpg"
    ], 
    "sourceDisplayName": "AllRecipes", 
    "recipeName": "Ragu&reg; Pizza Burgers", 
    "attributes": {
        "course": [
            "Main Dishes"
        ]
    }, 
    "id": "Ragu_-Pizza-Burgers-Allrecipes-312996"
}{
    "flavors": {
        "sweet": 0.3333333333333333, 
        "sour": 0.3333333333333333, 
        "salty": 0.5, 
        "piquant": 0.0, 
        "bitter": 0.3333333333333333, 
        "meaty": 0.3333333333333333
    }, 
    "rating": 0.0, 
    "totalTimeInSeconds": 1200.0, 
    "ingredients": [
        "ragu pizza quick sauce", 
        "onion", 
        "shredded mozzarella cheese", 
        "english muffins"
    ], 
    "smallImageUrls": [], 
    "sourceDisplayName": "Rag\u00fa", 
    "recipeName": "'pizza' Quick Score Muffins", 
    "attributes": {
        "course": [
            "Lunch and Snacks"
        ]
    }, 
    "id": "_pizza_-quick-score-muffins-297670"
}{
    "flavors": {
        "sweet": 0.5, 
        "sour": 0.3333333333333333, 
        "salty": 0.5, 
        "piquant": 0.6666666666666666, 
        "bitter": 0.3333333333333333, 
        "meaty": 0.8333333333333334
    }, 
    "rating": 5.0, 
    "totalTimeInSeconds": 2100.0, 
    "ingredients": [
        "all-purpose flour", 
        "gruyere cheese", 
        "salt", 
        "scallion", 
        "baking powder", 
        "dijon mustard", 
        "egg", 
        "milk", 
        "bacon", 
        "sugar"
    ], 
    "smallImageUrls": [
        "http://i.yummly.com/Bacon_-Gruyere_-and-Scallion-Muffins-RecipeZaar-172769.s.jpg"
    ], 
    "sourceDisplayName": "Food.com", 
    "recipeName": "Bacon, Gruy\u00e8re, and Scallion Muffins", 
    "attributes": {
        "course": [
            "Breads"
        ]
    }, 
    "id": "Bacon_-Gruyere_-and-Scallion-Muffins-RecipeZaar"
}{
    "flavors": {
        "sweet": 0.3333333333333333, 
        "sour": 0.3333333333333333, 
        "salty": 0.6666666666666666, 
        "piquant": 0.0, 
        "bitter": 0.5, 
        "meaty": 0.5
    }, 
    "rating": 0.0, 
    "totalTimeInSeconds": 1320.0, 
    "ingredients": [
        "shredded mozzarella cheese", 
        "english muffins", 
        "hamburger", 
        "ragu old world style pasta sauce"
    ], 
    "smallImageUrls": [
        "http://i.yummly.com/Pizza-burgers-296540-265854.s.jpg"
    ], 
    "sourceDisplayName": "Rag\u00fa", 
    "recipeName": "Pizza Burgers", 
    "attributes": {
        "course": [
            "Main Dishes", 
            "Lunch and Snacks"
        ]
    }, 
    "id": "Pizza-burgers-296540"
}{
    "flavors": {
        "sweet": 0.0, 
        "sour": 0.0, 
        "salty": 0.16666666666666666, 
        "piquant": 0.0, 
        "bitter": 0.16666666666666666, 
        "meaty": 0.8333333333333334
    }, 
    "rating": 0.0, 
    "totalTimeInSeconds": 1320.0, 
    "ingredients": [
        "ragu old world style pasta sauce", 
        "english muffins, split and toasted", 
        "ground beef", 
        "shredded mozzarella cheese"
    ], 
    "smallImageUrls": [
        "http://i.yummly.com/Ragu-pizza-burgers-297420-266452.s.jpg"
    ], 
    "sourceDisplayName": "Rag\u00fa", 
    "recipeName": "Ragu Pizza Burgers", 
    "attributes": {
        "course": [
            "Main Dishes", 
            "Lunch and Snacks"
        ]
    }, 
    "id": "Ragu-pizza-burgers-297420"
}{
    "flavors": {
        "sweet": 0.6666666666666666, 
        "sour": 0.5, 
        "salty": 0.6666666666666666, 
        "piquant": 0.8333333333333334, 
        "bitter": 0.6666666666666666, 
        "meaty": 0.6666666666666666
    }, 
    "rating": 0.0, 
    "totalTimeInSeconds": 1320.0, 
    "ingredients": [
        "red kidney beans", 
        "shredded monterey jack cheese", 
        "jalapeno pepper", 
        "ragu pizza quick sauce", 
        "onion", 
        "english muffins", 
        "chili powder"
    ], 
    "smallImageUrls": [
        "http://i.yummly.com/Mexicali-pizzas-299686-268001.s.jpg"
    ], 
    "sourceDisplayName": "Rag\u00fa", 
    "recipeName": "Mexicali Pizzas", 
    "attributes": {
        "course": [
            "Main Dishes", 
            "Appetizers", 
            "Lunch and Snacks"
        ]
    }, 
    "id": "Mexicali-pizzas-299686"
}{
    "flavors": {
        "sweet": 1.0, 
        "sour": 0.6666666666666666, 
        "salty": 0.5, 
        "piquant": 0.0, 
        "bitter": 0.8333333333333334, 
        "meaty": 0.5
    }, 
    "rating": 0.0, 
    "totalTimeInSeconds": 0, 
    "ingredients": [
        "eggs", 
        "baking powder", 
        "vanilla extract", 
        "all-purpose flour", 
        "fine salt", 
        "ground ginger", 
        "plain whole-milk yogurt", 
        "zucchini", 
        "pine nuts", 
        "vegetable oil", 
        "granulated sugar"
    ], 
    "smallImageUrls": [
        "http://i.yummly.com/Zucchini\u2013pine-Nut-Muffins-Chow-100010.s.png"
    ], 
    "sourceDisplayName": "Chow", 
    "recipeName": "Zucchini&ndash;Pine Nut Muffins Recipe", 
    "attributes": {
        "course": [
            "Breads"
        ]
    }, 
    "id": "Zucchini_pine-Nut-Muffins-Chow-313183"
}{
    "flavors": {
        "sweet": 0.16666666666666666, 
        "sour": 0.3333333333333333, 
        "salty": 1.0, 
        "piquant": 0.0, 
        "bitter": 1.0, 
        "meaty": 1.0
    }, 
    "rating": 0.0, 
    "totalTimeInSeconds": 420.0, 
    "ingredients": [
        "parsley", 
        "shredded mozzarella cheese", 
        "ragu old world style pasta sauce", 
        "english muffins", 
        "pepperoni"
    ], 
    "smallImageUrls": [], 
    "sourceDisplayName": "Rag\u00fa", 
    "recipeName": "Halloween Pizzas", 
    "attributes": {
        "course": [
            "Main Dishes", 
            "Lunch and Snacks"
        ], 
        "holiday": [
            "Halloween"
        ]
    }, 
    "id": "Halloween-pizzas-298279"
}{
    "flavors": null, 
    "rating": 0.0, 
    "totalTimeInSeconds": 1020.0, 
    "ingredients": [
        "ragu organic pasta sauce", 
        "english muffins, split and toasted", 
        "part skim mozzarella chees", 
        "assorted fresh vegetables"
    ], 
    "smallImageUrls": [], 
    "sourceDisplayName": "Rag\u00fa", 
    "recipeName": "Mini Pizza Snacks", 
    "attributes": {
        "course": [
            "Appetizers", 
            "Lunch and Snacks"
        ], 
        "holiday": [
            "Game Day"
        ]
    }, 
    "id": "Mini-pizza-snacks-303290"
}{
    "flavors": {
        "sweet": 0.3333333333333333, 
        "sour": 0.3333333333333333, 
        "salty": 0.6666666666666666, 
        "piquant": 0.0, 
        "bitter": 0.5, 
        "meaty": 0.5
    }, 
    "rating": 0.0, 
    "totalTimeInSeconds": 1500.0, 
    "ingredients": [
        "vegetable oil", 
        "grated parmesan cheese", 
        "muenster cheese", 
        "zucchini", 
        "sliced green onions", 
        "english muffins", 
        "ragu pizza quick sauce"
    ], 
    "smallImageUrls": [], 
    "sourceDisplayName": "Rag\u00fa", 
    "recipeName": "Mini Zucchini Pizzas", 
    "attributes": {
        "course": [
            "Appetizers", 
            "Lunch and Snacks"
        ]
    }, 
    "id": "Mini-zucchini-pizzas-297404"
}{
    "flavors": {
        "sweet": 0.5, 
        "sour": 0.5, 
        "salty": 0.6666666666666666, 
        "piquant": 0.0, 
        "bitter": 0.5, 
        "meaty": 0.6666666666666666
    }, 
    "rating": 0.0, 
    "totalTimeInSeconds": 0, 
    "ingredients": [
        "hot smoked paprika", 
        "english muffins", 
        "zucchini", 
        "cheese", 
        "extra-virgin olive oil", 
        "salt", 
        "basil leaves", 
        "large garlic cloves"
    ], 
    "smallImageUrls": [
        "http://i.yummly.com/Grilled-Gruycre-and-Zucchini-Sandwiches-with-Smoky-Pesto-MyRecipes-213277-125955.s.png"
    ], 
    "sourceDisplayName": "MyRecipes", 
    "recipeName": "Grilled Gruy\u010dre-and-Zucchini Sandwiches with Smoky Pesto", 
    "attributes": {}, 
    "id": "Grilled-Gruycre-and-Zucchini-Sandwiches-with-Smoky-Pesto-MyRecipes-213277"
}{
    "flavors": {
        "sweet": 0.3333333333333333, 
        "sour": 0.3333333333333333, 
        "salty": 0.8333333333333334, 
        "piquant": 0.0, 
        "bitter": 0.6666666666666666, 
        "meaty": 0.6666666666666666
    }, 
    "rating": 0.0, 
    "totalTimeInSeconds": 1200.0, 
    "ingredients": [
        "bacon, crisp-cooked and crumbled", 
        "ragu pizza quick sauce", 
        "shredded cheddar cheese", 
        "onion", 
        "english muffins"
    ], 
    "smallImageUrls": [], 
    "sourceDisplayName": "Rag\u00fa", 
    "recipeName": "English Cheddar Pizzas", 
    "attributes": {
        "course": [
            "Main Dishes", 
            "Appetizers", 
            "Lunch and Snacks"
        ], 
        "cuisine": [
            "English"
        ]
    }, 
    "id": "English-cheddar-pizzas-296919"
}{
    "flavors": {
        "sweet": 0.16666666666666666, 
        "sour": 0.3333333333333333, 
        "salty": 0.16666666666666666, 
        "piquant": 0.5, 
        "bitter": 0.16666666666666666, 
        "meaty": 0.16666666666666666
    }, 
    "rating": 0.0, 
    "totalTimeInSeconds": 2100.0, 
    "ingredients": [
        "sliced green onions", 
        "grated parmesan cheese", 
        "provolone cheese", 
        "country crock spread", 
        "ragu pizza quick sauce", 
        "shredded mozzarella cheese", 
        "sliced mushrooms", 
        "red bell pepper", 
        "english muffins, split and toasted"
    ], 
    "smallImageUrls": [], 
    "sourceDisplayName": "Rag\u00fa", 
    "recipeName": "Three Cheese Pizzas", 
    "attributes": {
        "course": [
            "Main Dishes", 
            "Appetizers", 
            "Lunch and Snacks"
        ], 
        "cuisine": [
            "Italian"
        ]
    }, 
    "id": "Three-cheese-pizzas-299665"
}{
    "flavors": {
        "sweet": 0.0, 
        "sour": 0.0, 
        "salty": 0.5, 
        "piquant": 0.0, 
        "bitter": 0.3333333333333333, 
        "meaty": 0.8333333333333334
    }, 
    "rating": 4.5, 
    "totalTimeInSeconds": 1320.0, 
    "ingredients": [
        "salt", 
        "ragu old world style pasta sauce", 
        "ground beef", 
        "shredded mozzarella cheese", 
        "english muffins, split and toasted"
    ], 
    "smallImageUrls": [
        "http://i.yummly.com/Ragu\u00ae-Pizza-Burgers-Allrecipes-268323.s.jpg"
    ], 
    "sourceDisplayName": "AllRecipes", 
    "recipeName": "Ragu&reg; Pizza Burgers", 
    "attributes": {
        "course": [
            "Main Dishes"
        ]
    }, 
    "id": "Ragu_-Pizza-Burgers-Allrecipes-312996"
}{
    "flavors": {
        "sweet": 0.3333333333333333, 
        "sour": 0.3333333333333333, 
        "salty": 0.5, 
        "piquant": 0.0, 
        "bitter": 0.3333333333333333, 
        "meaty": 0.3333333333333333
    }, 
    "rating": 0.0, 
    "totalTimeInSeconds": 1200.0, 
    "ingredients": [
        "ragu pizza quick sauce", 
        "onion", 
        "shredded mozzarella cheese", 
        "english muffins"
    ], 
    "smallImageUrls": [], 
    "sourceDisplayName": "Rag\u00fa", 
    "recipeName": "'pizza' Quick Score Muffins", 
    "attributes": {
        "course": [
            "Lunch and Snacks"
        ]
    }, 
    "id": "_pizza_-quick-score-muffins-297670"
}{
    "flavors": {
        "sweet": 0.5, 
        "sour": 0.3333333333333333, 
        "salty": 0.5, 
        "piquant": 0.6666666666666666, 
        "bitter": 0.3333333333333333, 
        "meaty": 0.8333333333333334
    }, 
    "rating": 5.0, 
    "totalTimeInSeconds": 2100.0, 
    "ingredients": [
        "all-purpose flour", 
        "gruyere cheese", 
        "salt", 
        "scallion", 
        "baking powder", 
        "dijon mustard", 
        "egg", 
        "milk", 
        "bacon", 
        "sugar"
    ], 
    "smallImageUrls": [
        "http://i.yummly.com/Bacon_-Gruyere_-and-Scallion-Muffins-RecipeZaar-172769.s.jpg"
    ], 
    "sourceDisplayName": "Food.com", 
    "recipeName": "Bacon, Gruy\u00e8re, and Scallion Muffins", 
    "attributes": {
        "course": [
            "Breads"
        ]
    }, 
    "id": "Bacon_-Gruyere_-and-Scallion-Muffins-RecipeZaar"
}{
    "flavors": {
        "sweet": 0.3333333333333333, 
        "sour": 0.3333333333333333, 
        "salty": 0.6666666666666666, 
        "piquant": 0.0, 
        "bitter": 0.5, 
        "meaty": 0.5
    }, 
    "rating": 0.0, 
    "totalTimeInSeconds": 1320.0, 
    "ingredients": [
        "shredded mozzarella cheese", 
        "english muffins", 
        "hamburger", 
        "ragu old world style pasta sauce"
    ], 
    "smallImageUrls": [
        "http://i.yummly.com/Pizza-burgers-296540-265854.s.jpg"
    ], 
    "sourceDisplayName": "Rag\u00fa", 
    "recipeName": "Pizza Burgers", 
    "attributes": {
        "course": [
            "Main Dishes", 
            "Lunch and Snacks"
        ]
    }, 
    "id": "Pizza-burgers-296540"
}{
    "flavors": {
        "sweet": 0.0, 
        "sour": 0.0, 
        "salty": 0.16666666666666666, 
        "piquant": 0.0, 
        "bitter": 0.16666666666666666, 
        "meaty": 0.8333333333333334
    }, 
    "rating": 0.0, 
    "totalTimeInSeconds": 1320.0, 
    "ingredients": [
        "ragu old world style pasta sauce", 
        "english muffins, split and toasted", 
        "ground beef", 
        "shredded mozzarella cheese"
    ], 
    "smallImageUrls": [
        "http://i.yummly.com/Ragu-pizza-burgers-297420-266452.s.jpg"
    ], 
    "sourceDisplayName": "Rag\u00fa", 
    "recipeName": "Ragu Pizza Burgers", 
    "attributes": {
        "course": [
            "Main Dishes", 
            "Lunch and Snacks"
        ]
    }, 
    "id": "Ragu-pizza-burgers-297420"
}{
    "flavors": {
        "sweet": 0.6666666666666666, 
        "sour": 0.5, 
        "salty": 0.6666666666666666, 
        "piquant": 0.8333333333333334, 
        "bitter": 0.6666666666666666, 
        "meaty": 0.6666666666666666
    }, 
    "rating": 0.0, 
    "totalTimeInSeconds": 1320.0, 
    "ingredients": [
        "red kidney beans", 
        "shredded monterey jack cheese", 
        "jalapeno pepper", 
        "ragu pizza quick sauce", 
        "onion", 
        "english muffins", 
        "chili powder"
    ], 
    "smallImageUrls": [
        "http://i.yummly.com/Mexicali-pizzas-299686-268001.s.jpg"
    ], 
    "sourceDisplayName": "Rag\u00fa", 
    "recipeName": "Mexicali Pizzas", 
    "attributes": {
        "course": [
            "Main Dishes", 
            "Appetizers", 
            "Lunch and Snacks"
        ]
    }, 
    "id": "Mexicali-pizzas-299686"
}{
    "flavors": {
        "sweet": 1.0, 
        "sour": 0.6666666666666666, 
        "salty": 0.5, 
        "piquant": 0.0, 
        "bitter": 0.8333333333333334, 
        "meaty": 0.5
    }, 
    "rating": 0.0, 
    "totalTimeInSeconds": 0, 
    "ingredients": [
        "eggs", 
        "baking powder", 
        "vanilla extract", 
        "all-purpose flour", 
        "fine salt", 
        "ground ginger", 
        "plain whole-milk yogurt", 
        "zucchini", 
        "pine nuts", 
        "vegetable oil", 
        "granulated sugar"
    ], 
    "smallImageUrls": [
        "http://i.yummly.com/Zucchini\u2013pine-Nut-Muffins-Chow-100010.s.png"
    ], 
    "sourceDisplayName": "Chow", 
    "recipeName": "Zucchini&ndash;Pine Nut Muffins Recipe", 
    "attributes": {
        "course": [
            "Breads"
        ]
    }, 
    "id": "Zucchini_pine-Nut-Muffins-Chow-313183"
}{
    "flavors": {
        "sweet": 0.16666666666666666, 
        "sour": 0.3333333333333333, 
        "salty": 1.0, 
        "piquant": 0.0, 
        "bitter": 1.0, 
        "meaty": 1.0
    }, 
    "rating": 0.0, 
    "totalTimeInSeconds": 420.0, 
    "ingredients": [
        "parsley", 
        "shredded mozzarella cheese", 
        "ragu old world style pasta sauce", 
        "english muffins", 
        "pepperoni"
    ], 
    "smallImageUrls": [], 
    "sourceDisplayName": "Rag\u00fa", 
    "recipeName": "Halloween Pizzas", 
    "attributes": {
        "course": [
            "Main Dishes", 
            "Lunch and Snacks"
        ], 
        "holiday": [
            "Halloween"
        ]
    }, 
    "id": "Halloween-pizzas-298279"
}{
    "flavors": null, 
    "rating": 0.0, 
    "totalTimeInSeconds": 1020.0, 
    "ingredients": [
        "ragu organic pasta sauce", 
        "english muffins, split and toasted", 
        "part skim mozzarella chees", 
        "assorted fresh vegetables"
    ], 
    "smallImageUrls": [], 
    "sourceDisplayName": "Rag\u00fa", 
    "recipeName": "Mini Pizza Snacks", 
    "attributes": {
        "course": [
            "Appetizers", 
            "Lunch and Snacks"
        ], 
        "holiday": [
            "Game Day"
        ]
    }, 
    "id": "Mini-pizza-snacks-303290"
}{
    "flavors": {
        "sweet": 0.3333333333333333, 
        "sour": 0.3333333333333333, 
        "salty": 0.6666666666666666, 
        "piquant": 0.0, 
        "bitter": 0.5, 
        "meaty": 0.5
    }, 
    "rating": 0.0, 
    "totalTimeInSeconds": 1500.0, 
    "ingredients": [
        "vegetable oil", 
        "grated parmesan cheese", 
        "muenster cheese", 
        "zucchini", 
        "sliced green onions", 
        "english muffins", 
        "ragu pizza quick sauce"
    ], 
    "smallImageUrls": [], 
    "sourceDisplayName": "Rag\u00fa", 
    "recipeName": "Mini Zucchini Pizzas", 
    "attributes": {
        "course": [
            "Appetizers", 
            "Lunch and Snacks"
        ]
    }, 
    "id": "Mini-zucchini-pizzas-297404"
}{
    "flavors": {
        "sweet": 0.5, 
        "sour": 0.5, 
        "salty": 0.6666666666666666, 
        "piquant": 0.0, 
        "bitter": 0.5, 
        "meaty": 0.6666666666666666
    }, 
    "rating": 0.0, 
    "totalTimeInSeconds": 0, 
    "ingredients": [
        "hot smoked paprika", 
        "english muffins", 
        "zucchini", 
        "cheese", 
        "extra-virgin olive oil", 
        "salt", 
        "basil leaves", 
        "large garlic cloves"
    ], 
    "smallImageUrls": [
        "http://i.yummly.com/Grilled-Gruycre-and-Zucchini-Sandwiches-with-Smoky-Pesto-MyRecipes-213277-125955.s.png"
    ], 
    "sourceDisplayName": "MyRecipes", 
    "recipeName": "Grilled Gruy\u010dre-and-Zucchini Sandwiches with Smoky Pesto", 
    "attributes": {}, 
    "id": "Grilled-Gruycre-and-Zucchini-Sandwiches-with-Smoky-Pesto-MyRecipes-213277"
}{
    "flavors": {
        "sweet": 0.3333333333333333, 
        "sour": 0.3333333333333333, 
        "salty": 0.8333333333333334, 
        "piquant": 0.0, 
        "bitter": 0.6666666666666666, 
        "meaty": 0.6666666666666666
    }, 
    "rating": 0.0, 
    "totalTimeInSeconds": 1200.0, 
    "ingredients": [
        "bacon, crisp-cooked and crumbled", 
        "ragu pizza quick sauce", 
        "shredded cheddar cheese", 
        "onion", 
        "english muffins"
    ], 
    "smallImageUrls": [], 
    "sourceDisplayName": "Rag\u00fa", 
    "recipeName": "English Cheddar Pizzas", 
    "attributes": {
        "course": [
            "Main Dishes", 
            "Appetizers", 
            "Lunch and Snacks"
        ], 
        "cuisine": [
            "English"
        ]
    }, 
    "id": "English-cheddar-pizzas-296919"
}{
    "flavors": {
        "sweet": 0.16666666666666666, 
        "sour": 0.3333333333333333, 
        "salty": 0.16666666666666666, 
        "piquant": 0.5, 
        "bitter": 0.16666666666666666, 
        "meaty": 0.16666666666666666
    }, 
    "rating": 0.0, 
    "totalTimeInSeconds": 2100.0, 
    "ingredients": [
        "sliced green onions", 
        "grated parmesan cheese", 
        "provolone cheese", 
        "country crock spread", 
        "ragu pizza quick sauce", 
        "shredded mozzarella cheese", 
        "sliced mushrooms", 
        "red bell pepper", 
        "english muffins, split and toasted"
    ], 
    "smallImageUrls": [], 
    "sourceDisplayName": "Rag\u00fa", 
    "recipeName": "Three Cheese Pizzas", 
    "attributes": {
        "course": [
            "Main Dishes", 
            "Appetizers", 
            "Lunch and Snacks"
        ], 
        "cuisine": [
            "Italian"
        ]
    }, 
    "id": "Three-cheese-pizzas-299665"
}{
    "flavors": {
        "sweet": 0.0, 
        "sour": 0.0, 
        "salty": 0.5, 
        "piquant": 0.0, 
        "bitter": 0.3333333333333333, 
        "meaty": 0.8333333333333334
    }, 
    "rating": 4.5, 
    "totalTimeInSeconds": 1320.0, 
    "ingredients": [
        "salt", 
        "ragu old world style pasta sauce", 
        "ground beef", 
        "shredded mozzarella cheese", 
        "english muffins, split and toasted"
    ], 
    "smallImageUrls": [
        "http://i.yummly.com/Ragu\u00ae-Pizza-Burgers-Allrecipes-268323.s.jpg"
    ], 
    "sourceDisplayName": "AllRecipes", 
    "recipeName": "Ragu&reg; Pizza Burgers", 
    "attributes": {
        "course": [
            "Main Dishes"
        ]
    }, 
    "id": "Ragu_-Pizza-Burgers-Allrecipes-312996"
}{
    "flavors": {
        "sweet": 0.3333333333333333, 
        "sour": 0.3333333333333333, 
        "salty": 0.5, 
        "piquant": 0.0, 
        "bitter": 0.3333333333333333, 
        "meaty": 0.3333333333333333
    }, 
    "rating": 0.0, 
    "totalTimeInSeconds": 1200.0, 
    "ingredients": [
        "ragu pizza quick sauce", 
        "onion", 
        "shredded mozzarella cheese", 
        "english muffins"
    ], 
    "smallImageUrls": [], 
    "sourceDisplayName": "Rag\u00fa", 
    "recipeName": "'pizza' Quick Score Muffins", 
    "attributes": {
        "course": [
            "Lunch and Snacks"
        ]
    }, 
    "id": "_pizza_-quick-score-muffins-297670"
}{
    "flavors": {
        "sweet": 0.5, 
        "sour": 0.3333333333333333, 
        "salty": 0.5, 
        "piquant": 0.6666666666666666, 
        "bitter": 0.3333333333333333, 
        "meaty": 0.8333333333333334
    }, 
    "rating": 5.0, 
    "totalTimeInSeconds": 2100.0, 
    "ingredients": [
        "all-purpose flour", 
        "gruyere cheese", 
        "salt", 
        "scallion", 
        "baking powder", 
        "dijon mustard", 
        "egg", 
        "milk", 
        "bacon", 
        "sugar"
    ], 
    "smallImageUrls": [
        "http://i.yummly.com/Bacon_-Gruyere_-and-Scallion-Muffins-RecipeZaar-172769.s.jpg"
    ], 
    "sourceDisplayName": "Food.com", 
    "recipeName": "Bacon, Gruy\u00e8re, and Scallion Muffins", 
    "attributes": {
        "course": [
            "Breads"
        ]
    }, 
    "id": "Bacon_-Gruyere_-and-Scallion-Muffins-RecipeZaar"
}{
    "flavors": {
        "sweet": 0.3333333333333333, 
        "sour": 0.3333333333333333, 
        "salty": 0.6666666666666666, 
        "piquant": 0.0, 
        "bitter": 0.5, 
        "meaty": 0.5
    }, 
    "rating": 0.0, 
    "totalTimeInSeconds": 1320.0, 
    "ingredients": [
        "shredded mozzarella cheese", 
        "english muffins", 
        "hamburger", 
        "ragu old world style pasta sauce"
    ], 
    "smallImageUrls": [
        "http://i.yummly.com/Pizza-burgers-296540-265854.s.jpg"
    ], 
    "sourceDisplayName": "Rag\u00fa", 
    "recipeName": "Pizza Burgers", 
    "attributes": {
        "course": [
            "Main Dishes", 
            "Lunch and Snacks"
        ]
    }, 
    "id": "Pizza-burgers-296540"
}{
    "flavors": {
        "sweet": 0.0, 
        "sour": 0.0, 
        "salty": 0.16666666666666666, 
        "piquant": 0.0, 
        "bitter": 0.16666666666666666, 
        "meaty": 0.8333333333333334
    }, 
    "rating": 0.0, 
    "totalTimeInSeconds": 1320.0, 
    "ingredients": [
        "ragu old world style pasta sauce", 
        "english muffins, split and toasted", 
        "ground beef", 
        "shredded mozzarella cheese"
    ], 
    "smallImageUrls": [
        "http://i.yummly.com/Ragu-pizza-burgers-297420-266452.s.jpg"
    ], 
    "sourceDisplayName": "Rag\u00fa", 
    "recipeName": "Ragu Pizza Burgers", 
    "attributes": {
        "course": [
            "Main Dishes", 
            "Lunch and Snacks"
        ]
    }, 
    "id": "Ragu-pizza-burgers-297420"
}{
    "flavors": {
        "sweet": 0.6666666666666666, 
        "sour": 0.5, 
        "salty": 0.6666666666666666, 
        "piquant": 0.8333333333333334, 
        "bitter": 0.6666666666666666, 
        "meaty": 0.6666666666666666
    }, 
    "rating": 0.0, 
    "totalTimeInSeconds": 1320.0, 
    "ingredients": [
        "red kidney beans", 
        "shredded monterey jack cheese", 
        "jalapeno pepper", 
        "ragu pizza quick sauce", 
        "onion", 
        "english muffins", 
        "chili powder"
    ], 
    "smallImageUrls": [
        "http://i.yummly.com/Mexicali-pizzas-299686-268001.s.jpg"
    ], 
    "sourceDisplayName": "Rag\u00fa", 
    "recipeName": "Mexicali Pizzas", 
    "attributes": {
        "course": [
            "Main Dishes", 
            "Appetizers", 
            "Lunch and Snacks"
        ]
    }, 
    "id": "Mexicali-pizzas-299686"
}{
    "flavors": {
        "sweet": 1.0, 
        "sour": 0.6666666666666666, 
        "salty": 0.5, 
        "piquant": 0.0, 
        "bitter": 0.8333333333333334, 
        "meaty": 0.5
    }, 
    "rating": 0.0, 
    "totalTimeInSeconds": 0, 
    "ingredients": [
        "eggs", 
        "baking powder", 
        "vanilla extract", 
        "all-purpose flour", 
        "fine salt", 
        "ground ginger", 
        "plain whole-milk yogurt", 
        "zucchini", 
        "pine nuts", 
        "vegetable oil", 
        "granulated sugar"
    ], 
    "smallImageUrls": [
        "http://i.yummly.com/Zucchini\u2013pine-Nut-Muffins-Chow-100010.s.png"
    ], 
    "sourceDisplayName": "Chow", 
    "recipeName": "Zucchini&ndash;Pine Nut Muffins Recipe", 
    "attributes": {
        "course": [
            "Breads"
        ]
    }, 
    "id": "Zucchini_pine-Nut-Muffins-Chow-313183"
}{
    "flavors": {
        "sweet": 0.16666666666666666, 
        "sour": 0.3333333333333333, 
        "salty": 1.0, 
        "piquant": 0.0, 
        "bitter": 1.0, 
        "meaty": 1.0
    }, 
    "rating": 0.0, 
    "totalTimeInSeconds": 420.0, 
    "ingredients": [
        "parsley", 
        "shredded mozzarella cheese", 
        "ragu old world style pasta sauce", 
        "english muffins", 
        "pepperoni"
    ], 
    "smallImageUrls": [], 
    "sourceDisplayName": "Rag\u00fa", 
    "recipeName": "Halloween Pizzas", 
    "attributes": {
        "course": [
            "Main Dishes", 
            "Lunch and Snacks"
        ], 
        "holiday": [
            "Halloween"
        ]
    }, 
    "id": "Halloween-pizzas-298279"
}{
    "flavors": null, 
    "rating": 0.0, 
    "totalTimeInSeconds": 1020.0, 
    "ingredients": [
        "ragu organic pasta sauce", 
        "english muffins, split and toasted", 
        "part skim mozzarella chees", 
        "assorted fresh vegetables"
    ], 
    "smallImageUrls": [], 
    "sourceDisplayName": "Rag\u00fa", 
    "recipeName": "Mini Pizza Snacks", 
    "attributes": {
        "course": [
            "Appetizers", 
            "Lunch and Snacks"
        ], 
        "holiday": [
            "Game Day"
        ]
    }, 
    "id": "Mini-pizza-snacks-303290"
}{
    "flavors": {
        "sweet": 0.3333333333333333, 
        "sour": 0.3333333333333333, 
        "salty": 0.6666666666666666, 
        "piquant": 0.0, 
        "bitter": 0.5, 
        "meaty": 0.5
    }, 
    "rating": 0.0, 
    "totalTimeInSeconds": 1500.0, 
    "ingredients": [
        "vegetable oil", 
        "grated parmesan cheese", 
        "muenster cheese", 
        "zucchini", 
        "sliced green onions", 
        "english muffins", 
        "ragu pizza quick sauce"
    ], 
    "smallImageUrls": [], 
    "sourceDisplayName": "Rag\u00fa", 
    "recipeName": "Mini Zucchini Pizzas", 
    "attributes": {
        "course": [
            "Appetizers", 
            "Lunch and Snacks"
        ]
    }, 
    "id": "Mini-zucchini-pizzas-297404"
}{
    "flavors": {
        "sweet": 0.5, 
        "sour": 0.5, 
        "salty": 0.6666666666666666, 
        "piquant": 0.0, 
        "bitter": 0.5, 
        "meaty": 0.6666666666666666
    }, 
    "rating": 0.0, 
    "totalTimeInSeconds": 0, 
    "ingredients": [
        "hot smoked paprika", 
        "english muffins", 
        "zucchini", 
        "cheese", 
        "extra-virgin olive oil", 
        "salt", 
        "basil leaves", 
        "large garlic cloves"
    ], 
    "smallImageUrls": [
        "http://i.yummly.com/Grilled-Gruycre-and-Zucchini-Sandwiches-with-Smoky-Pesto-MyRecipes-213277-125955.s.png"
    ], 
    "sourceDisplayName": "MyRecipes", 
    "recipeName": "Grilled Gruy\u010dre-and-Zucchini Sandwiches with Smoky Pesto", 
    "attributes": {}, 
    "id": "Grilled-Gruycre-and-Zucchini-Sandwiches-with-Smoky-Pesto-MyRecipes-213277"
}{
    "flavors": {
        "sweet": 0.3333333333333333, 
        "sour": 0.3333333333333333, 
        "salty": 0.8333333333333334, 
        "piquant": 0.0, 
        "bitter": 0.6666666666666666, 
        "meaty": 0.6666666666666666
    }, 
    "rating": 0.0, 
    "totalTimeInSeconds": 1200.0, 
    "ingredients": [
        "bacon, crisp-cooked and crumbled", 
        "ragu pizza quick sauce", 
        "shredded cheddar cheese", 
        "onion", 
        "english muffins"
    ], 
    "smallImageUrls": [], 
    "sourceDisplayName": "Rag\u00fa", 
    "recipeName": "English Cheddar Pizzas", 
    "attributes": {
        "course": [
            "Main Dishes", 
            "Appetizers", 
            "Lunch and Snacks"
        ], 
        "cuisine": [
            "English"
        ]
    }, 
    "id": "English-cheddar-pizzas-296919"
}{
    "flavors": {
        "sweet": 0.16666666666666666, 
        "sour": 0.3333333333333333, 
        "salty": 0.16666666666666666, 
        "piquant": 0.5, 
        "bitter": 0.16666666666666666, 
        "meaty": 0.16666666666666666
    }, 
    "rating": 0.0, 
    "totalTimeInSeconds": 2100.0, 
    "ingredients": [
        "sliced green onions", 
        "grated parmesan cheese", 
        "provolone cheese", 
        "country crock spread", 
        "ragu pizza quick sauce", 
        "shredded mozzarella cheese", 
        "sliced mushrooms", 
        "red bell pepper", 
        "english muffins, split and toasted"
    ], 
    "smallImageUrls": [], 
    "sourceDisplayName": "Rag\u00fa", 
    "recipeName": "Three Cheese Pizzas", 
    "attributes": {
        "course": [
            "Main Dishes", 
            "Appetizers", 
            "Lunch and Snacks"
        ], 
        "cuisine": [
            "Italian"
        ]
    }, 
    "id": "Three-cheese-pizzas-299665"
}{
    "flavors": {
        "sweet": 0.0, 
        "sour": 0.0, 
        "salty": 0.5, 
        "piquant": 0.0, 
        "bitter": 0.3333333333333333, 
        "meaty": 0.8333333333333334
    }, 
    "rating": 4.5, 
    "totalTimeInSeconds": 1320.0, 
    "ingredients": [
        "salt", 
        "ragu old world style pasta sauce", 
        "ground beef", 
        "shredded mozzarella cheese", 
        "english muffins, split and toasted"
    ], 
    "smallImageUrls": [
        "http://i.yummly.com/Ragu\u00ae-Pizza-Burgers-Allrecipes-268323.s.jpg"
    ], 
    "sourceDisplayName": "AllRecipes", 
    "recipeName": "Ragu&reg; Pizza Burgers", 
    "attributes": {
        "course": [
            "Main Dishes"
        ]
    }, 
    "id": "Ragu_-Pizza-Burgers-Allrecipes-312996"
}{
    "flavors": {
        "sweet": 0.3333333333333333, 
        "sour": 0.3333333333333333, 
        "salty": 0.5, 
        "piquant": 0.0, 
        "bitter": 0.3333333333333333, 
        "meaty": 0.3333333333333333
    }, 
    "rating": 0.0, 
    "totalTimeInSeconds": 1200.0, 
    "ingredients": [
        "ragu pizza quick sauce", 
        "onion", 
        "shredded mozzarella cheese", 
        "english muffins"
    ], 
    "smallImageUrls": [], 
    "sourceDisplayName": "Rag\u00fa", 
    "recipeName": "'pizza' Quick Score Muffins", 
    "attributes": {
        "course": [
            "Lunch and Snacks"
        ]
    }, 
    "id": "_pizza_-quick-score-muffins-297670"
}{
    "flavors": {
        "sweet": 0.5, 
        "sour": 0.3333333333333333, 
        "salty": 0.5, 
        "piquant": 0.6666666666666666, 
        "bitter": 0.3333333333333333, 
        "meaty": 0.8333333333333334
    }, 
    "rating": 5.0, 
    "totalTimeInSeconds": 2100.0, 
    "ingredients": [
        "all-purpose flour", 
        "gruyere cheese", 
        "salt", 
        "scallion", 
        "baking powder", 
        "dijon mustard", 
        "egg", 
        "milk", 
        "bacon", 
        "sugar"
    ], 
    "smallImageUrls": [
        "http://i.yummly.com/Bacon_-Gruyere_-and-Scallion-Muffins-RecipeZaar-172769.s.jpg"
    ], 
    "sourceDisplayName": "Food.com", 
    "recipeName": "Bacon, Gruy\u00e8re, and Scallion Muffins", 
    "attributes": {
        "course": [
            "Breads"
        ]
    }, 
    "id": "Bacon_-Gruyere_-and-Scallion-Muffins-RecipeZaar"
}{
    "flavors": {
        "sweet": 0.3333333333333333, 
        "sour": 0.3333333333333333, 
        "salty": 0.6666666666666666, 
        "piquant": 0.0, 
        "bitter": 0.5, 
        "meaty": 0.5
    }, 
    "rating": 0.0, 
    "totalTimeInSeconds": 1320.0, 
    "ingredients": [
        "shredded mozzarella cheese", 
        "english muffins", 
        "hamburger", 
        "ragu old world style pasta sauce"
    ], 
    "smallImageUrls": [
        "http://i.yummly.com/Pizza-burgers-296540-265854.s.jpg"
    ], 
    "sourceDisplayName": "Rag\u00fa", 
    "recipeName": "Pizza Burgers", 
    "attributes": {
        "course": [
            "Main Dishes", 
            "Lunch and Snacks"
        ]
    }, 
    "id": "Pizza-burgers-296540"
}{
    "flavors": {
        "sweet": 0.0, 
        "sour": 0.0, 
        "salty": 0.16666666666666666, 
        "piquant": 0.0, 
        "bitter": 0.16666666666666666, 
        "meaty": 0.8333333333333334
    }, 
    "rating": 0.0, 
    "totalTimeInSeconds": 1320.0, 
    "ingredients": [
        "ragu old world style pasta sauce", 
        "english muffins, split and toasted", 
        "ground beef", 
        "shredded mozzarella cheese"
    ], 
    "smallImageUrls": [
        "http://i.yummly.com/Ragu-pizza-burgers-297420-266452.s.jpg"
    ], 
    "sourceDisplayName": "Rag\u00fa", 
    "recipeName": "Ragu Pizza Burgers", 
    "attributes": {
        "course": [
            "Main Dishes", 
            "Lunch and Snacks"
        ]
    }, 
    "id": "Ragu-pizza-burgers-297420"
}{
    "flavors": {
        "sweet": 0.6666666666666666, 
        "sour": 0.5, 
        "salty": 0.6666666666666666, 
        "piquant": 0.8333333333333334, 
        "bitter": 0.6666666666666666, 
        "meaty": 0.6666666666666666
    }, 
    "rating": 0.0, 
    "totalTimeInSeconds": 1320.0, 
    "ingredients": [
        "red kidney beans", 
        "shredded monterey jack cheese", 
        "jalapeno pepper", 
        "ragu pizza quick sauce", 
        "onion", 
        "english muffins", 
        "chili powder"
    ], 
    "smallImageUrls": [
        "http://i.yummly.com/Mexicali-pizzas-299686-268001.s.jpg"
    ], 
    "sourceDisplayName": "Rag\u00fa", 
    "recipeName": "Mexicali Pizzas", 
    "attributes": {
        "course": [
            "Main Dishes", 
            "Appetizers", 
            "Lunch and Snacks"
        ]
    }, 
    "id": "Mexicali-pizzas-299686"
}{
    "flavors": {
        "sweet": 1.0, 
        "sour": 0.6666666666666666, 
        "salty": 0.5, 
        "piquant": 0.0, 
        "bitter": 0.8333333333333334, 
        "meaty": 0.5
    }, 
    "rating": 0.0, 
    "totalTimeInSeconds": 0, 
    "ingredients": [
        "eggs", 
        "baking powder", 
        "vanilla extract", 
        "all-purpose flour", 
        "fine salt", 
        "ground ginger", 
        "plain whole-milk yogurt", 
        "zucchini", 
        "pine nuts", 
        "vegetable oil", 
        "granulated sugar"
    ], 
    "smallImageUrls": [
        "http://i.yummly.com/Zucchini\u2013pine-Nut-Muffins-Chow-100010.s.png"
    ], 
    "sourceDisplayName": "Chow", 
    "recipeName": "Zucchini&ndash;Pine Nut Muffins Recipe", 
    "attributes": {
        "course": [
            "Breads"
        ]
    }, 
    "id": "Zucchini_pine-Nut-Muffins-Chow-313183"
}{
    "flavors": {
        "sweet": 0.16666666666666666, 
        "sour": 0.3333333333333333, 
        "salty": 1.0, 
        "piquant": 0.0, 
        "bitter": 1.0, 
        "meaty": 1.0
    }, 
    "rating": 0.0, 
    "totalTimeInSeconds": 420.0, 
    "ingredients": [
        "parsley", 
        "shredded mozzarella cheese", 
        "ragu old world style pasta sauce", 
        "english muffins", 
        "pepperoni"
    ], 
    "smallImageUrls": [], 
    "sourceDisplayName": "Rag\u00fa", 
    "recipeName": "Halloween Pizzas", 
    "attributes": {
        "course": [
            "Main Dishes", 
            "Lunch and Snacks"
        ], 
        "holiday": [
            "Halloween"
        ]
    }, 
    "id": "Halloween-pizzas-298279"
}{
    "flavors": null, 
    "rating": 0.0, 
    "totalTimeInSeconds": 1020.0, 
    "ingredients": [
        "ragu organic pasta sauce", 
        "english muffins, split and toasted", 
        "part skim mozzarella chees", 
        "assorted fresh vegetables"
    ], 
    "smallImageUrls": [], 
    "sourceDisplayName": "Rag\u00fa", 
    "recipeName": "Mini Pizza Snacks", 
    "attributes": {
        "course": [
            "Appetizers", 
            "Lunch and Snacks"
        ], 
        "holiday": [
            "Game Day"
        ]
    }, 
    "id": "Mini-pizza-snacks-303290"
}{
    "flavors": {
        "sweet": 0.3333333333333333, 
        "sour": 0.3333333333333333, 
        "salty": 0.6666666666666666, 
        "piquant": 0.0, 
        "bitter": 0.5, 
        "meaty": 0.5
    }, 
    "rating": 0.0, 
    "totalTimeInSeconds": 1500.0, 
    "ingredients": [
        "vegetable oil", 
        "grated parmesan cheese", 
        "muenster cheese", 
        "zucchini", 
        "sliced green onions", 
        "english muffins", 
        "ragu pizza quick sauce"
    ], 
    "smallImageUrls": [], 
    "sourceDisplayName": "Rag\u00fa", 
    "recipeName": "Mini Zucchini Pizzas", 
    "attributes": {
        "course": [
            "Appetizers", 
            "Lunch and Snacks"
        ]
    }, 
    "id": "Mini-zucchini-pizzas-297404"
}{
    "flavors": {
        "sweet": 0.5, 
        "sour": 0.5, 
        "salty": 0.6666666666666666, 
        "piquant": 0.0, 
        "bitter": 0.5, 
        "meaty": 0.6666666666666666
    }, 
    "rating": 0.0, 
    "totalTimeInSeconds": 0, 
    "ingredients": [
        "hot smoked paprika", 
        "english muffins", 
        "zucchini", 
        "cheese", 
        "extra-virgin olive oil", 
        "salt", 
        "basil leaves", 
        "large garlic cloves"
    ], 
    "smallImageUrls": [
        "http://i.yummly.com/Grilled-Gruycre-and-Zucchini-Sandwiches-with-Smoky-Pesto-MyRecipes-213277-125955.s.png"
    ], 
    "sourceDisplayName": "MyRecipes", 
    "recipeName": "Grilled Gruy\u010dre-and-Zucchini Sandwiches with Smoky Pesto", 
    "attributes": {}, 
    "id": "Grilled-Gruycre-and-Zucchini-Sandwiches-with-Smoky-Pesto-MyRecipes-213277"
}{
    "flavors": {
        "sweet": 0.3333333333333333, 
        "sour": 0.3333333333333333, 
        "salty": 0.8333333333333334, 
        "piquant": 0.0, 
        "bitter": 0.6666666666666666, 
        "meaty": 0.6666666666666666
    }, 
    "rating": 0.0, 
    "totalTimeInSeconds": 1200.0, 
    "ingredients": [
        "bacon, crisp-cooked and crumbled", 
        "ragu pizza quick sauce", 
        "shredded cheddar cheese", 
        "onion", 
        "english muffins"
    ], 
    "smallImageUrls": [], 
    "sourceDisplayName": "Rag\u00fa", 
    "recipeName": "English Cheddar Pizzas", 
    "attributes": {
        "course": [
            "Main Dishes", 
            "Appetizers", 
            "Lunch and Snacks"
        ], 
        "cuisine": [
            "English"
        ]
    }, 
    "id": "English-cheddar-pizzas-296919"
}{
    "flavors": {
        "sweet": 0.16666666666666666, 
        "sour": 0.3333333333333333, 
        "salty": 0.16666666666666666, 
        "piquant": 0.5, 
        "bitter": 0.16666666666666666, 
        "meaty": 0.16666666666666666
    }, 
    "rating": 0.0, 
    "totalTimeInSeconds": 2100.0, 
    "ingredients": [
        "sliced green onions", 
        "grated parmesan cheese", 
        "provolone cheese", 
        "country crock spread", 
        "ragu pizza quick sauce", 
        "shredded mozzarella cheese", 
        "sliced mushrooms", 
        "red bell pepper", 
        "english muffins, split and toasted"
    ], 
    "smallImageUrls": [], 
    "sourceDisplayName": "Rag\u00fa", 
    "recipeName": "Three Cheese Pizzas", 
    "attributes": {
        "course": [
            "Main Dishes", 
            "Appetizers", 
            "Lunch and Snacks"
        ], 
        "cuisine": [
            "Italian"
        ]
    }, 
    "id": "Three-cheese-pizzas-299665"
}